[1/1000] action=cross-tenant-access context=tenant-2-user@kubernetes operation=list resource=configmap namespace=tenant-1
[2/1000] action=cross-tenant-access context=tenant-1-user@kubernetes operation=patch resource=configmap namespace=tenant-2
[3/1000] action=delete-rb ns=tenant-1 name=tenant-binding
[4/1000] action=create-rb ns=tenant-1 name=tenant-binding group=tenant-1 role=admin
[5/1000] action=cross-tenant-access context=tenant-2-user@kubernetes operation=get resource=configmap namespace=tenant-1
[6/1000] action=create-clusterrole name=dev resources=configmaps,pods,services verbs=get,update,deletecollection
[7/1000] action=create-rb ns=tenant-1 name=tenant-binding group=tenant-1 role=edit
[8/1000] action=cross-tenant-access context=tenant-1-user@kubernetes operation=get resource=configmap namespace=tenant-2
[9/1000] action=delete-rb ns=tenant-1 name=tenant-binding
[10/1000] action=delete-rb ns=tenant-2 name=tenant-binding
[11/1000] action=cross-tenant-access context=tenant-1-user@kubernetes operation=get resource=configmap namespace=tenant-2
[12/1000] action=delete-rb ns=tenant-2 name=tenant-binding
[13/1000] action=create-clusterrole name=dev resources=configmaps verbs=patch
[14/1000] action=create-rb ns=tenant-2 name=tenant-binding group=tenant-2 role=dev
[15/1000] action=cross-tenant-access context=tenant-2-user@kubernetes operation=list resource=configmap namespace=tenant-1
[16/1000] action=create-crb name=foo-global-binding group=tenant-1 role=cluster-admin
[17/1000] action=delete-rb ns=tenant-2 name=tenant-binding
[18/1000] action=create-clusterrole name=dev resources=services verbs=update,delete
[19/1000] action=delete-clusterrole name=dev
[20/1000] action=delete-crb name=foo-global-binding
[21/1000] action=create-clusterrole name=dev resources=configmaps verbs=list,update
[22/1000] action=create-rb ns=tenant-1 name=tenant-binding group=tenant-1 role=view
[23/1000] action=create-crb name=foo-global-binding group=tenant-1 role=admin
[24/1000] action=create-clusterrole name=dev resources=pods,secrets,services verbs=watch,deletecollection,delete
[25/1000] action=cross-tenant-access context=tenant-2-user@kubernetes operation=list resource=configmap namespace=tenant-1
[26/1000] action=create-rb ns=tenant-2 name=tenant-binding group=tenant-2 role=edit
[27/1000] action=create-clusterrole name=dev resources=services verbs=list,deletecollection,delete,patch,update
[28/1000] action=delete-rb ns=tenant-2 name=tenant-binding
[29/1000] action=delete-rb ns=tenant-1 name=tenant-binding
[30/1000] action=cross-tenant-access context=tenant-1-user@kubernetes operation=list resource=configmap namespace=tenant-2
[31/1000] action=create-rb ns=tenant-2 name=tenant-binding group=tenant-2 role=dev
[32/1000] action=create-rb ns=tenant-2 name=tenant-binding group=tenant-2 role=admin
[33/1000] action=delete-crb name=foo-global-binding
[34/1000] action=delete-clusterrole name=dev
[35/1000] action=cross-tenant-access context=tenant-2-user@kubernetes operation=list resource=configmap namespace=tenant-1
[36/1000] action=create-clusterrole name=dev resources=services,secrets verbs=update,patch,create
[37/1000] action=delete-rb ns=tenant-2 name=tenant-binding
[38/1000] action=cross-tenant-access context=tenant-1-user@kubernetes operation=watch resource=configmap namespace=tenant-2
[39/1000] action=cross-tenant-access context=tenant-1-user@kubernetes operation=list resource=configmap namespace=tenant-2
[40/1000] action=delete-rb ns=tenant-1 name=tenant-binding
[41/1000] action=cross-tenant-access context=tenant-1-user@kubernetes operation=delete resource=configmap namespace=tenant-2
[42/1000] action=delete-rb ns=tenant-1 name=tenant-binding
[43/1000] action=delete-clusterrole name=dev
[44/1000] action=create-crb name=foo-global-binding group=tenant-2 role=cluster-admin
[45/1000] action=cross-tenant-access context=tenant-1-user@kubernetes operation=watch resource=configmap namespace=tenant-2
[46/1000] action=cross-tenant-access context=tenant-1-user@kubernetes operation=delete resource=configmap namespace=tenant-2
[47/1000] action=create-rb ns=tenant-1 name=tenant-binding group=tenant-1 role=cluster-admin
[48/1000] action=cross-tenant-access context=tenant-1-user@kubernetes operation=list resource=configmap namespace=tenant-2
[49/1000] action=delete-rb ns=tenant-2 name=tenant-binding
[50/1000] action=cross-tenant-access context=tenant-2-user@kubernetes operation=patch resource=configmap namespace=tenant-1
[51/1000] action=cross-tenant-access context=tenant-1-user@kubernetes operation=list resource=configmap namespace=tenant-2
[52/1000] action=cross-tenant-access context=tenant-2-user@kubernetes operation=get resource=configmap namespace=tenant-1
[53/1000] action=delete-rb ns=tenant-1 name=tenant-binding
[54/1000] action=cross-tenant-access context=tenant-2-user@kubernetes operation=get resource=configmap namespace=tenant-1
[55/1000] action=delete-clusterrole name=dev
[56/1000] action=cross-tenant-access context=tenant-2-user@kubernetes operation=delete resource=configmap namespace=tenant-1
[57/1000] action=delete-rb ns=tenant-2 name=tenant-binding
[58/1000] action=cross-tenant-access context=tenant-2-user@kubernetes operation=watch resource=configmap namespace=tenant-1
[59/1000] action=cross-tenant-access context=tenant-2-user@kubernetes operation=delete resource=configmap namespace=tenant-1
[60/1000] action=create-clusterrole name=dev resources=secrets,configmaps verbs=list,deletecollection
[61/1000] action=cross-tenant-access context=tenant-1-user@kubernetes operation=delete resource=configmap namespace=tenant-2
[62/1000] action=delete-clusterrole name=dev
[63/1000] action=create-rb ns=tenant-2 name=tenant-binding group=tenant-2 role=edit
[64/1000] action=create-rb ns=tenant-1 name=tenant-binding group=tenant-1 role=view
[65/1000] action=cross-tenant-access context=tenant-1-user@kubernetes operation=list resource=configmap namespace=tenant-2
[66/1000] action=cross-tenant-access context=tenant-2-user@kubernetes operation=get resource=configmap namespace=tenant-1
[67/1000] action=delete-clusterrole name=dev
[68/1000] action=delete-rb ns=tenant-2 name=tenant-binding
[69/1000] action=delete-rb ns=tenant-1 name=tenant-binding
[70/1000] action=create-crb name=foo-global-binding group=tenant-1 role=view
[71/1000] action=cross-tenant-access context=tenant-1-user@kubernetes operation=patch resource=configmap namespace=tenant-2
[72/1000] action=create-rb ns=tenant-2 name=tenant-binding group=tenant-2 role=cluster-admin
[73/1000] action=create-clusterrole name=dev resources=services,configmaps verbs=deletecollection,list
[74/1000] action=create-crb name=foo-global-binding group=tenant-1 role=cluster-admin
[75/1000] action=cross-tenant-access context=tenant-1-user@kubernetes operation=get resource=configmap namespace=tenant-2
[76/1000] action=create-clusterrole name=dev resources=secrets,pods,services verbs=list
[77/1000] action=create-rb ns=tenant-1 name=tenant-binding group=tenant-1 role=edit
[78/1000] action=delete-clusterrole name=dev
[79/1000] action=delete-crb name=foo-global-binding
[80/1000] action=delete-crb name=foo-global-binding
[81/1000] action=delete-crb name=foo-global-binding
[82/1000] action=create-clusterrole name=dev resources=secrets,configmaps,pods verbs=watch,update,delete,patch,get
[83/1000] action=delete-clusterrole name=dev
[84/1000] action=create-clusterrole name=dev resources=pods verbs=deletecollection,create,update,get,list
[85/1000] action=create-rb ns=tenant-2 name=tenant-binding group=tenant-2 role=dev
[86/1000] action=cross-tenant-access context=tenant-1-user@kubernetes operation=list resource=configmap namespace=tenant-2
[87/1000] action=cross-tenant-access context=tenant-1-user@kubernetes operation=get resource=configmap namespace=tenant-2
[88/1000] action=create-clusterrole name=dev resources=secrets verbs=watch,get,update,delete,patch
[89/1000] action=cross-tenant-access context=tenant-1-user@kubernetes operation=watch resource=configmap namespace=tenant-2
[90/1000] action=delete-rb ns=tenant-2 name=tenant-binding
[91/1000] action=create-crb name=foo-global-binding group=tenant-1 role=cluster-admin
[92/1000] action=delete-rb ns=tenant-1 name=tenant-binding
[93/1000] action=cross-tenant-access context=tenant-1-user@kubernetes operation=watch resource=configmap namespace=tenant-2
[94/1000] action=cross-tenant-access context=tenant-2-user@kubernetes operation=watch resource=configmap namespace=tenant-1
[95/1000] action=cross-tenant-access context=tenant-1-user@kubernetes operation=patch resource=configmap namespace=tenant-2
[96/1000] action=cross-tenant-access context=tenant-2-user@kubernetes operation=watch resource=configmap namespace=tenant-1
[97/1000] action=create-rb ns=tenant-1 name=tenant-binding group=tenant-1 role=view
[98/1000] action=delete-rb ns=tenant-2 name=tenant-binding
[99/1000] action=create-clusterrole name=dev resources=pods verbs=watch,patch,deletecollection
[100/1000] action=delete-rb ns=tenant-2 name=tenant-binding
[101/1000] action=delete-crb name=foo-global-binding
[102/1000] action=delete-crb name=foo-global-binding
[103/1000] action=create-clusterrole name=dev resources=services,configmaps verbs=patch,get,list,update,watch
[104/1000] action=delete-rb ns=tenant-1 name=tenant-binding
[105/1000] action=create-rb ns=tenant-1 name=tenant-binding group=tenant-1 role=view
[106/1000] action=cross-tenant-access context=tenant-2-user@kubernetes operation=delete resource=configmap namespace=tenant-1
[107/1000] action=delete-rb ns=tenant-2 name=tenant-binding
[108/1000] action=create-rb ns=tenant-2 name=tenant-binding group=tenant-2 role=admin
[109/1000] action=delete-rb ns=tenant-1 name=tenant-binding
[110/1000] action=create-clusterrole name=dev resources=secrets,configmaps,pods verbs=delete,list,patch,update,deletecollection
[111/1000] action=create-clusterrole name=dev resources=pods verbs=watch,create,patch,update,list
[112/1000] action=create-rb ns=tenant-2 name=tenant-binding group=tenant-2 role=admin
[113/1000] action=create-rb ns=tenant-2 name=tenant-binding group=tenant-2 role=view
[114/1000] action=delete-crb name=foo-global-binding
[115/1000] action=cross-tenant-access context=tenant-2-user@kubernetes operation=delete resource=configmap namespace=tenant-1
[116/1000] action=delete-rb ns=tenant-1 name=tenant-binding
[117/1000] action=create-crb name=foo-global-binding group=tenant-2 role=admin
[118/1000] action=cross-tenant-access context=tenant-1-user@kubernetes operation=patch resource=configmap namespace=tenant-2
[119/1000] action=cross-tenant-access context=tenant-1-user@kubernetes operation=delete resource=configmap namespace=tenant-2
[120/1000] action=cross-tenant-access context=tenant-2-user@kubernetes operation=list resource=configmap namespace=tenant-1
[121/1000] action=delete-rb ns=tenant-2 name=tenant-binding
[122/1000] action=create-clusterrole name=dev resources=services,secrets verbs=delete
[123/1000] action=delete-rb ns=tenant-2 name=tenant-binding
[124/1000] action=cross-tenant-access context=tenant-2-user@kubernetes operation=delete resource=configmap namespace=tenant-1
[125/1000] action=delete-clusterrole name=dev
[126/1000] action=create-crb name=foo-global-binding group=tenant-2 role=dev
[127/1000] action=create-crb name=foo-global-binding group=tenant-2 role=view
[128/1000] action=cross-tenant-access context=tenant-1-user@kubernetes operation=delete resource=configmap namespace=tenant-2
[129/1000] action=create-clusterrole name=dev resources=services verbs=create
[130/1000] action=delete-rb ns=tenant-1 name=tenant-binding
[131/1000] action=delete-clusterrole name=dev
[132/1000] action=delete-crb name=foo-global-binding
[133/1000] action=delete-rb ns=tenant-1 name=tenant-binding
[134/1000] action=cross-tenant-access context=tenant-2-user@kubernetes operation=list resource=configmap namespace=tenant-1
[135/1000] action=cross-tenant-access context=tenant-2-user@kubernetes operation=watch resource=configmap namespace=tenant-1
[136/1000] action=create-clusterrole name=dev resources=secrets verbs=get,patch,deletecollection,delete,update
[137/1000] action=cross-tenant-access context=tenant-1-user@kubernetes operation=delete resource=configmap namespace=tenant-2
[138/1000] action=create-rb ns=tenant-2 name=tenant-binding group=tenant-2 role=cluster-admin
[139/1000] action=create-clusterrole name=dev resources=secrets,services,pods verbs=deletecollection,get,patch,list,delete
[140/1000] action=delete-clusterrole name=dev
[141/1000] action=delete-clusterrole name=dev
[142/1000] action=cross-tenant-access context=tenant-2-user@kubernetes operation=list resource=configmap namespace=tenant-1
[143/1000] action=cross-tenant-access context=tenant-1-user@kubernetes operation=watch resource=configmap namespace=tenant-2
[144/1000] action=delete-rb ns=tenant-1 name=tenant-binding
[145/1000] action=delete-clusterrole name=dev
[146/1000] action=delete-rb ns=tenant-1 name=tenant-binding
[147/1000] action=delete-rb ns=tenant-1 name=tenant-binding
[148/1000] action=cross-tenant-access context=tenant-2-user@kubernetes operation=list resource=configmap namespace=tenant-1
[149/1000] action=delete-rb ns=tenant-1 name=tenant-binding
[150/1000] action=create-crb name=foo-global-binding group=tenant-2 role=dev
[151/1000] action=delete-rb ns=tenant-1 name=tenant-binding
[152/1000] action=create-clusterrole name=dev resources=services,configmaps verbs=deletecollection,get,update,patch
[153/1000] action=create-clusterrole name=dev resources=secrets,configmaps,pods verbs=deletecollection,update,list
[154/1000] action=create-rb ns=tenant-2 name=tenant-binding group=tenant-2 role=dev
[155/1000] action=cross-tenant-access context=tenant-2-user@kubernetes operation=get resource=configmap namespace=tenant-1
[156/1000] action=delete-rb ns=tenant-2 name=tenant-binding
[157/1000] action=cross-tenant-access context=tenant-1-user@kubernetes operation=delete resource=configmap namespace=tenant-2
[158/1000] action=cross-tenant-access context=tenant-1-user@kubernetes operation=list resource=configmap namespace=tenant-2
[159/1000] action=delete-clusterrole name=dev
[160/1000] action=create-clusterrole name=dev resources=services,configmaps,pods verbs=get,create
[161/1000] action=create-rb ns=tenant-2 name=tenant-binding group=tenant-2 role=cluster-admin
[162/1000] action=cross-tenant-access context=tenant-1-user@kubernetes operation=watch resource=configmap namespace=tenant-2
[163/1000] action=create-rb ns=tenant-1 name=tenant-binding group=tenant-1 role=admin
[164/1000] action=delete-clusterrole name=dev
[165/1000] action=cross-tenant-access context=tenant-2-user@kubernetes operation=watch resource=configmap namespace=tenant-1
[166/1000] action=cross-tenant-access context=tenant-1-user@kubernetes operation=watch resource=configmap namespace=tenant-2
[167/1000] action=delete-clusterrole name=dev
[168/1000] action=delete-rb ns=tenant-1 name=tenant-binding
[169/1000] action=cross-tenant-access context=tenant-1-user@kubernetes operation=delete resource=configmap namespace=tenant-2
[170/1000] action=cross-tenant-access context=tenant-2-user@kubernetes operation=delete resource=configmap namespace=tenant-1
[171/1000] action=delete-rb ns=tenant-1 name=tenant-binding
[172/1000] action=delete-crb name=foo-global-binding
[173/1000] action=cross-tenant-access context=tenant-2-user@kubernetes operation=patch resource=configmap namespace=tenant-1
[174/1000] action=cross-tenant-access context=tenant-2-user@kubernetes operation=list resource=configmap namespace=tenant-1
[175/1000] action=create-clusterrole name=dev resources=pods,configmaps,services verbs=deletecollection,get,watch
[176/1000] action=cross-tenant-access context=tenant-1-user@kubernetes operation=delete resource=configmap namespace=tenant-2
[177/1000] action=cross-tenant-access context=tenant-2-user@kubernetes operation=list resource=configmap namespace=tenant-1
[178/1000] action=cross-tenant-access context=tenant-1-user@kubernetes operation=get resource=configmap namespace=tenant-2
[179/1000] action=create-clusterrole name=dev resources=services,pods,configmaps verbs=list,create,patch,delete
[180/1000] action=create-crb name=foo-global-binding group=tenant-2 role=admin
[181/1000] action=cross-tenant-access context=tenant-1-user@kubernetes operation=patch resource=configmap namespace=tenant-2
[182/1000] action=delete-crb name=foo-global-binding
[183/1000] action=create-rb ns=tenant-2 name=tenant-binding group=tenant-2 role=cluster-admin
[184/1000] action=create-rb ns=tenant-2 name=tenant-binding group=tenant-2 role=cluster-admin
[185/1000] action=create-clusterrole name=dev resources=configmaps verbs=patch,update,watch,deletecollection
[186/1000] action=cross-tenant-access context=tenant-1-user@kubernetes operation=watch resource=configmap namespace=tenant-2
[187/1000] action=create-rb ns=tenant-1 name=tenant-binding group=tenant-1 role=dev
[188/1000] action=cross-tenant-access context=tenant-1-user@kubernetes operation=patch resource=configmap namespace=tenant-2
[189/1000] action=create-crb name=foo-global-binding group=tenant-1 role=view
[190/1000] action=create-rb ns=tenant-2 name=tenant-binding group=tenant-2 role=dev
[191/1000] action=create-crb name=foo-global-binding group=tenant-2 role=cluster-admin
[192/1000] action=delete-crb name=foo-global-binding
[193/1000] action=create-clusterrole name=dev resources=services,secrets,pods verbs=update,watch,get,list
[194/1000] action=delete-rb ns=tenant-1 name=tenant-binding
[195/1000] action=delete-rb ns=tenant-1 name=tenant-binding
[196/1000] action=cross-tenant-access context=tenant-2-user@kubernetes operation=list resource=configmap namespace=tenant-1
[197/1000] action=cross-tenant-access context=tenant-1-user@kubernetes operation=list resource=configmap namespace=tenant-2
[198/1000] action=cross-tenant-access context=tenant-2-user@kubernetes operation=get resource=configmap namespace=tenant-1
[199/1000] action=cross-tenant-access context=tenant-2-user@kubernetes operation=delete resource=configmap namespace=tenant-1
[200/1000] action=create-rb ns=tenant-2 name=tenant-binding group=tenant-2 role=cluster-admin
[201/1000] action=delete-clusterrole name=dev
[202/1000] action=cross-tenant-access context=tenant-1-user@kubernetes operation=get resource=configmap namespace=tenant-2
[203/1000] action=cross-tenant-access context=tenant-1-user@kubernetes operation=patch resource=configmap namespace=tenant-2
[204/1000] action=delete-rb ns=tenant-2 name=tenant-binding
[205/1000] action=create-rb ns=tenant-2 name=tenant-binding group=tenant-2 role=cluster-admin
[206/1000] action=delete-rb ns=tenant-2 name=tenant-binding
[207/1000] action=cross-tenant-access context=tenant-1-user@kubernetes operation=watch resource=configmap namespace=tenant-2
[208/1000] action=cross-tenant-access context=tenant-2-user@kubernetes operation=get resource=configmap namespace=tenant-1
[209/1000] action=delete-rb ns=tenant-2 name=tenant-binding
[210/1000] action=delete-rb ns=tenant-2 name=tenant-binding
[211/1000] action=delete-crb name=foo-global-binding
[212/1000] action=delete-clusterrole name=dev
[213/1000] action=create-crb name=foo-global-binding group=tenant-2 role=admin
[214/1000] action=delete-rb ns=tenant-1 name=tenant-binding
[215/1000] action=cross-tenant-access context=tenant-1-user@kubernetes operation=list resource=configmap namespace=tenant-2
[216/1000] action=create-clusterrole name=dev resources=pods,configmaps,secrets verbs=patch,create,get,delete,list
[217/1000] action=cross-tenant-access context=tenant-1-user@kubernetes operation=get resource=configmap namespace=tenant-2
[218/1000] action=create-rb ns=tenant-1 name=tenant-binding group=tenant-1 role=cluster-admin
[219/1000] action=delete-rb ns=tenant-2 name=tenant-binding
[220/1000] action=delete-rb ns=tenant-1 name=tenant-binding
[221/1000] action=create-rb ns=tenant-2 name=tenant-binding group=tenant-2 role=edit
[222/1000] action=create-clusterrole name=dev resources=configmaps verbs=watch,update,patch,create
[223/1000] action=cross-tenant-access context=tenant-1-user@kubernetes operation=delete resource=configmap namespace=tenant-2
[224/1000] action=delete-rb ns=tenant-2 name=tenant-binding
[225/1000] action=cross-tenant-access context=tenant-1-user@kubernetes operation=patch resource=configmap namespace=tenant-2
[226/1000] action=cross-tenant-access context=tenant-1-user@kubernetes operation=watch resource=configmap namespace=tenant-2
[227/1000] action=cross-tenant-access context=tenant-2-user@kubernetes operation=patch resource=configmap namespace=tenant-1
[228/1000] action=cross-tenant-access context=tenant-2-user@kubernetes operation=patch resource=configmap namespace=tenant-1
[229/1000] action=cross-tenant-access context=tenant-2-user@kubernetes operation=list resource=configmap namespace=tenant-1
[230/1000] action=create-crb name=foo-global-binding group=tenant-2 role=edit
[231/1000] action=cross-tenant-access context=tenant-1-user@kubernetes operation=patch resource=configmap namespace=tenant-2
[232/1000] action=create-crb name=foo-global-binding group=tenant-1 role=admin
[233/1000] action=create-clusterrole name=dev resources=services,secrets,pods verbs=update,create,list,deletecollection
[234/1000] action=delete-crb name=foo-global-binding
[235/1000] action=delete-crb name=foo-global-binding
[236/1000] action=cross-tenant-access context=tenant-2-user@kubernetes operation=get resource=configmap namespace=tenant-1
[237/1000] action=delete-clusterrole name=dev
[238/1000] action=cross-tenant-access context=tenant-2-user@kubernetes operation=watch resource=configmap namespace=tenant-1
[239/1000] action=cross-tenant-access context=tenant-1-user@kubernetes operation=watch resource=configmap namespace=tenant-2
[240/1000] action=create-rb ns=tenant-1 name=tenant-binding group=tenant-1 role=cluster-admin
[241/1000] action=delete-rb ns=tenant-1 name=tenant-binding
[242/1000] action=create-rb ns=tenant-2 name=tenant-binding group=tenant-2 role=dev
[243/1000] action=create-clusterrole name=dev resources=pods,services verbs=patch,create,update
[244/1000] action=cross-tenant-access context=tenant-2-user@kubernetes operation=patch resource=configmap namespace=tenant-1
[245/1000] action=cross-tenant-access context=tenant-2-user@kubernetes operation=delete resource=configmap namespace=tenant-1
[246/1000] action=delete-crb name=foo-global-binding
[247/1000] action=cross-tenant-access context=tenant-2-user@kubernetes operation=list resource=configmap namespace=tenant-1
[248/1000] action=delete-crb name=foo-global-binding
[249/1000] action=cross-tenant-access context=tenant-1-user@kubernetes operation=patch resource=configmap namespace=tenant-2
[250/1000] action=cross-tenant-access context=tenant-1-user@kubernetes operation=get resource=configmap namespace=tenant-2
[251/1000] action=delete-crb name=foo-global-binding
[252/1000] action=cross-tenant-access context=tenant-1-user@kubernetes operation=watch resource=configmap namespace=tenant-2
[253/1000] action=delete-clusterrole name=dev
[254/1000] action=delete-crb name=foo-global-binding
[255/1000] action=create-clusterrole name=dev resources=secrets verbs=delete,update,get,patch,deletecollection
[256/1000] action=create-crb name=foo-global-binding group=tenant-1 role=admin
[257/1000] action=cross-tenant-access context=tenant-2-user@kubernetes operation=watch resource=configmap namespace=tenant-1
[258/1000] action=cross-tenant-access context=tenant-1-user@kubernetes operation=list resource=configmap namespace=tenant-2
[259/1000] action=cross-tenant-access context=tenant-1-user@kubernetes operation=get resource=configmap namespace=tenant-2
[260/1000] action=delete-crb name=foo-global-binding
[261/1000] action=delete-crb name=foo-global-binding
[262/1000] action=cross-tenant-access context=tenant-2-user@kubernetes operation=delete resource=configmap namespace=tenant-1
[263/1000] action=cross-tenant-access context=tenant-2-user@kubernetes operation=delete resource=configmap namespace=tenant-1
[264/1000] action=create-clusterrole name=dev resources=pods,configmaps verbs=deletecollection
[265/1000] action=create-rb ns=tenant-2 name=tenant-binding group=tenant-2 role=cluster-admin
[266/1000] action=create-rb ns=tenant-1 name=tenant-binding group=tenant-1 role=cluster-admin
[267/1000] action=create-rb ns=tenant-1 name=tenant-binding group=tenant-1 role=edit
[268/1000] action=cross-tenant-access context=tenant-1-user@kubernetes operation=delete resource=configmap namespace=tenant-2
[269/1000] action=create-clusterrole name=dev resources=configmaps,pods verbs=get,patch,watch,list,delete
[270/1000] action=delete-rb ns=tenant-2 name=tenant-binding
[271/1000] action=create-rb ns=tenant-1 name=tenant-binding group=tenant-1 role=admin
[272/1000] action=create-crb name=foo-global-binding group=tenant-1 role=edit
[273/1000] action=create-rb ns=tenant-2 name=tenant-binding group=tenant-2 role=view
[274/1000] action=create-rb ns=tenant-2 name=tenant-binding group=tenant-2 role=edit
[275/1000] action=cross-tenant-access context=tenant-2-user@kubernetes operation=patch resource=configmap namespace=tenant-1
[276/1000] action=delete-rb ns=tenant-1 name=tenant-binding
[277/1000] action=cross-tenant-access context=tenant-1-user@kubernetes operation=get resource=configmap namespace=tenant-2
[278/1000] action=cross-tenant-access context=tenant-1-user@kubernetes operation=watch resource=configmap namespace=tenant-2
[279/1000] action=delete-clusterrole name=dev
[280/1000] action=delete-rb ns=tenant-1 name=tenant-binding
[281/1000] action=cross-tenant-access context=tenant-2-user@kubernetes operation=get resource=configmap namespace=tenant-1
[282/1000] action=cross-tenant-access context=tenant-2-user@kubernetes operation=patch resource=configmap namespace=tenant-1
[283/1000] action=cross-tenant-access context=tenant-2-user@kubernetes operation=watch resource=configmap namespace=tenant-1
[284/1000] action=delete-rb ns=tenant-2 name=tenant-binding
[285/1000] action=delete-clusterrole name=dev
[286/1000] action=delete-crb name=foo-global-binding
[287/1000] action=create-rb ns=tenant-1 name=tenant-binding group=tenant-1 role=view
[288/1000] action=delete-crb name=foo-global-binding
[289/1000] action=cross-tenant-access context=tenant-1-user@kubernetes operation=delete resource=configmap namespace=tenant-2
[290/1000] action=delete-rb ns=tenant-2 name=tenant-binding
[291/1000] action=create-clusterrole name=dev resources=secrets,configmaps,services verbs=watch,get
[292/1000] action=create-rb ns=tenant-2 name=tenant-binding group=tenant-2 role=view
[293/1000] action=create-rb ns=tenant-1 name=tenant-binding group=tenant-1 role=edit
[294/1000] action=delete-crb name=foo-global-binding
[295/1000] action=delete-rb ns=tenant-1 name=tenant-binding
[296/1000] action=create-rb ns=tenant-1 name=tenant-binding group=tenant-1 role=view
[297/1000] action=create-rb ns=tenant-2 name=tenant-binding group=tenant-2 role=cluster-admin
[298/1000] action=delete-rb ns=tenant-1 name=tenant-binding
[299/1000] action=delete-rb ns=tenant-1 name=tenant-binding
[300/1000] action=cross-tenant-access context=tenant-1-user@kubernetes operation=watch resource=configmap namespace=tenant-2
[301/1000] action=create-rb ns=tenant-1 name=tenant-binding group=tenant-1 role=cluster-admin
[302/1000] action=delete-clusterrole name=dev
[303/1000] action=create-crb name=foo-global-binding group=tenant-1 role=dev
[304/1000] action=cross-tenant-access context=tenant-1-user@kubernetes operation=patch resource=configmap namespace=tenant-2
[305/1000] action=delete-clusterrole name=dev
[306/1000] action=cross-tenant-access context=tenant-2-user@kubernetes operation=get resource=configmap namespace=tenant-1
[307/1000] action=create-clusterrole name=dev resources=pods verbs=create,watch,list
[308/1000] action=cross-tenant-access context=tenant-2-user@kubernetes operation=get resource=configmap namespace=tenant-1
[309/1000] action=create-rb ns=tenant-1 name=tenant-binding group=tenant-1 role=view
[310/1000] action=create-crb name=foo-global-binding group=tenant-1 role=cluster-admin
[311/1000] action=cross-tenant-access context=tenant-1-user@kubernetes operation=watch resource=configmap namespace=tenant-2
[312/1000] action=cross-tenant-access context=tenant-2-user@kubernetes operation=watch resource=configmap namespace=tenant-1
[313/1000] action=cross-tenant-access context=tenant-2-user@kubernetes operation=list resource=configmap namespace=tenant-1
[314/1000] action=create-rb ns=tenant-1 name=tenant-binding group=tenant-1 role=view
[315/1000] action=cross-tenant-access context=tenant-2-user@kubernetes operation=delete resource=configmap namespace=tenant-1
[316/1000] action=create-rb ns=tenant-2 name=tenant-binding group=tenant-2 role=edit
[317/1000] action=delete-rb ns=tenant-1 name=tenant-binding
[318/1000] action=cross-tenant-access context=tenant-1-user@kubernetes operation=delete resource=configmap namespace=tenant-2
[319/1000] action=create-rb ns=tenant-2 name=tenant-binding group=tenant-2 role=view
[320/1000] action=create-rb ns=tenant-1 name=tenant-binding group=tenant-1 role=dev
[321/1000] action=create-rb ns=tenant-1 name=tenant-binding group=tenant-1 role=dev
[322/1000] action=delete-clusterrole name=dev
[323/1000] action=cross-tenant-access context=tenant-1-user@kubernetes operation=delete resource=configmap namespace=tenant-2
[324/1000] action=create-rb ns=tenant-1 name=tenant-binding group=tenant-1 role=cluster-admin
[325/1000] action=delete-rb ns=tenant-2 name=tenant-binding
[326/1000] action=delete-rb ns=tenant-2 name=tenant-binding
[327/1000] action=delete-rb ns=tenant-1 name=tenant-binding
[328/1000] action=delete-clusterrole name=dev
[329/1000] action=cross-tenant-access context=tenant-2-user@kubernetes operation=list resource=configmap namespace=tenant-1
[330/1000] action=delete-clusterrole name=dev
[331/1000] action=cross-tenant-access context=tenant-1-user@kubernetes operation=get resource=configmap namespace=tenant-2
[332/1000] action=create-crb name=foo-global-binding group=tenant-1 role=view
[333/1000] action=create-rb ns=tenant-1 name=tenant-binding group=tenant-1 role=dev
[334/1000] action=create-clusterrole name=dev resources=configmaps,services verbs=delete,create,list
[335/1000] action=cross-tenant-access context=tenant-1-user@kubernetes operation=get resource=configmap namespace=tenant-2
[336/1000] action=cross-tenant-access context=tenant-2-user@kubernetes operation=watch resource=configmap namespace=tenant-1
[337/1000] action=delete-clusterrole name=dev
[338/1000] action=delete-rb ns=tenant-2 name=tenant-binding
[339/1000] action=cross-tenant-access context=tenant-2-user@kubernetes operation=watch resource=configmap namespace=tenant-1
[340/1000] action=create-crb name=foo-global-binding group=tenant-1 role=admin
[341/1000] action=cross-tenant-access context=tenant-2-user@kubernetes operation=watch resource=configmap namespace=tenant-1
[342/1000] action=cross-tenant-access context=tenant-1-user@kubernetes operation=get resource=configmap namespace=tenant-2
[343/1000] action=cross-tenant-access context=tenant-2-user@kubernetes operation=watch resource=configmap namespace=tenant-1
[344/1000] action=delete-clusterrole name=dev
[345/1000] action=cross-tenant-access context=tenant-1-user@kubernetes operation=get resource=configmap namespace=tenant-2
[346/1000] action=delete-clusterrole name=dev
[347/1000] action=create-rb ns=tenant-2 name=tenant-binding group=tenant-2 role=cluster-admin
[348/1000] action=create-rb ns=tenant-1 name=tenant-binding group=tenant-1 role=admin
[349/1000] action=create-rb ns=tenant-2 name=tenant-binding group=tenant-2 role=view
[350/1000] action=delete-rb ns=tenant-2 name=tenant-binding
[351/1000] action=cross-tenant-access context=tenant-2-user@kubernetes operation=get resource=configmap namespace=tenant-1
[352/1000] action=delete-crb name=foo-global-binding
[353/1000] action=cross-tenant-access context=tenant-2-user@kubernetes operation=watch resource=configmap namespace=tenant-1
[354/1000] action=create-crb name=foo-global-binding group=tenant-2 role=cluster-admin
[355/1000] action=create-clusterrole name=dev resources=services,configmaps verbs=watch,patch,update,deletecollection
[356/1000] action=delete-rb ns=tenant-2 name=tenant-binding
[357/1000] action=create-rb ns=tenant-2 name=tenant-binding group=tenant-2 role=admin
[358/1000] action=create-rb ns=tenant-2 name=tenant-binding group=tenant-2 role=view
[359/1000] action=create-clusterrole name=dev resources=services,pods,configmaps verbs=delete,patch,update
[360/1000] action=cross-tenant-access context=tenant-1-user@kubernetes operation=list resource=configmap namespace=tenant-2
[361/1000] action=create-rb ns=tenant-2 name=tenant-binding group=tenant-2 role=view
[362/1000] action=delete-rb ns=tenant-2 name=tenant-binding
[363/1000] action=delete-clusterrole name=dev
[364/1000] action=create-crb name=foo-global-binding group=tenant-1 role=cluster-admin
[365/1000] action=create-rb ns=tenant-2 name=tenant-binding group=tenant-2 role=edit
[366/1000] action=cross-tenant-access context=tenant-1-user@kubernetes operation=delete resource=configmap namespace=tenant-2
[367/1000] action=cross-tenant-access context=tenant-2-user@kubernetes operation=get resource=configmap namespace=tenant-1
[368/1000] action=cross-tenant-access context=tenant-2-user@kubernetes operation=list resource=configmap namespace=tenant-1
[369/1000] action=delete-rb ns=tenant-1 name=tenant-binding
[370/1000] action=delete-clusterrole name=dev
[371/1000] action=cross-tenant-access context=tenant-2-user@kubernetes operation=delete resource=configmap namespace=tenant-1
[372/1000] action=create-crb name=foo-global-binding group=tenant-2 role=cluster-admin
[373/1000] action=cross-tenant-access context=tenant-1-user@kubernetes operation=patch resource=configmap namespace=tenant-2
[374/1000] action=cross-tenant-access context=tenant-1-user@kubernetes operation=get resource=configmap namespace=tenant-2
[375/1000] action=cross-tenant-access context=tenant-2-user@kubernetes operation=delete resource=configmap namespace=tenant-1
[376/1000] action=delete-rb ns=tenant-2 name=tenant-binding
[377/1000] action=cross-tenant-access context=tenant-1-user@kubernetes operation=list resource=configmap namespace=tenant-2
[378/1000] action=delete-crb name=foo-global-binding
[379/1000] action=create-rb ns=tenant-2 name=tenant-binding group=tenant-2 role=edit
[380/1000] action=cross-tenant-access context=tenant-1-user@kubernetes operation=list resource=configmap namespace=tenant-2
[381/1000] action=delete-crb name=foo-global-binding
[382/1000] action=cross-tenant-access context=tenant-2-user@kubernetes operation=delete resource=configmap namespace=tenant-1
[383/1000] action=delete-rb ns=tenant-1 name=tenant-binding
[384/1000] action=create-clusterrole name=dev resources=services,pods verbs=update,list,watch,patch
[385/1000] action=delete-rb ns=tenant-1 name=tenant-binding
[386/1000] action=delete-clusterrole name=dev
[387/1000] action=delete-rb ns=tenant-2 name=tenant-binding
[388/1000] action=cross-tenant-access context=tenant-2-user@kubernetes operation=delete resource=configmap namespace=tenant-1
[389/1000] action=delete-clusterrole name=dev
[390/1000] action=cross-tenant-access context=tenant-1-user@kubernetes operation=get resource=configmap namespace=tenant-2
[391/1000] action=delete-rb ns=tenant-2 name=tenant-binding
[392/1000] action=delete-rb ns=tenant-2 name=tenant-binding
[393/1000] action=create-rb ns=tenant-2 name=tenant-binding group=tenant-2 role=dev
[394/1000] action=delete-rb ns=tenant-2 name=tenant-binding
[395/1000] action=delete-crb name=foo-global-binding
[396/1000] action=cross-tenant-access context=tenant-1-user@kubernetes operation=get resource=configmap namespace=tenant-2
[397/1000] action=delete-crb name=foo-global-binding
[398/1000] action=delete-crb name=foo-global-binding
[399/1000] action=create-crb name=foo-global-binding group=tenant-2 role=view
[400/1000] action=cross-tenant-access context=tenant-2-user@kubernetes operation=patch resource=configmap namespace=tenant-1
[401/1000] action=delete-clusterrole name=dev
[402/1000] action=create-crb name=foo-global-binding group=tenant-1 role=view
[403/1000] action=create-clusterrole name=dev resources=services,secrets,pods verbs=get,watch,patch,create
[404/1000] action=delete-clusterrole name=dev
[405/1000] action=create-rb ns=tenant-1 name=tenant-binding group=tenant-1 role=cluster-admin
[406/1000] action=cross-tenant-access context=tenant-1-user@kubernetes operation=patch resource=configmap namespace=tenant-2
[407/1000] action=cross-tenant-access context=tenant-2-user@kubernetes operation=watch resource=configmap namespace=tenant-1
[408/1000] action=delete-crb name=foo-global-binding
[409/1000] action=delete-crb name=foo-global-binding
[410/1000] action=delete-rb ns=tenant-1 name=tenant-binding
[411/1000] action=cross-tenant-access context=tenant-2-user@kubernetes operation=watch resource=configmap namespace=tenant-1
[412/1000] action=cross-tenant-access context=tenant-2-user@kubernetes operation=watch resource=configmap namespace=tenant-1
[413/1000] action=cross-tenant-access context=tenant-1-user@kubernetes operation=patch resource=configmap namespace=tenant-2
[414/1000] action=cross-tenant-access context=tenant-2-user@kubernetes operation=list resource=configmap namespace=tenant-1
[415/1000] action=cross-tenant-access context=tenant-2-user@kubernetes operation=list resource=configmap namespace=tenant-1
[416/1000] action=cross-tenant-access context=tenant-2-user@kubernetes operation=patch resource=configmap namespace=tenant-1
[417/1000] action=create-rb ns=tenant-2 name=tenant-binding group=tenant-2 role=admin
[418/1000] action=create-rb ns=tenant-2 name=tenant-binding group=tenant-2 role=view
[419/1000] action=delete-rb ns=tenant-2 name=tenant-binding
[420/1000] action=create-rb ns=tenant-1 name=tenant-binding group=tenant-1 role=view
[421/1000] action=delete-rb ns=tenant-2 name=tenant-binding
[422/1000] action=cross-tenant-access context=tenant-2-user@kubernetes operation=delete resource=configmap namespace=tenant-1
[423/1000] action=delete-rb ns=tenant-2 name=tenant-binding
[424/1000] action=delete-clusterrole name=dev
[425/1000] action=cross-tenant-access context=tenant-1-user@kubernetes operation=delete resource=configmap namespace=tenant-2
[426/1000] action=delete-clusterrole name=dev
[427/1000] action=create-rb ns=tenant-2 name=tenant-binding group=tenant-2 role=view
[428/1000] action=create-crb name=foo-global-binding group=tenant-1 role=cluster-admin
[429/1000] action=delete-crb name=foo-global-binding
[430/1000] action=cross-tenant-access context=tenant-1-user@kubernetes operation=get resource=configmap namespace=tenant-2
[431/1000] action=delete-crb name=foo-global-binding
[432/1000] action=delete-crb name=foo-global-binding
[433/1000] action=cross-tenant-access context=tenant-2-user@kubernetes operation=watch resource=configmap namespace=tenant-1
[434/1000] action=cross-tenant-access context=tenant-2-user@kubernetes operation=delete resource=configmap namespace=tenant-1
[435/1000] action=create-rb ns=tenant-2 name=tenant-binding group=tenant-2 role=view
[436/1000] action=create-rb ns=tenant-2 name=tenant-binding group=tenant-2 role=cluster-admin
[437/1000] action=cross-tenant-access context=tenant-1-user@kubernetes operation=get resource=configmap namespace=tenant-2
[438/1000] action=cross-tenant-access context=tenant-2-user@kubernetes operation=get resource=configmap namespace=tenant-1
[439/1000] action=create-crb name=foo-global-binding group=tenant-1 role=cluster-admin
[440/1000] action=delete-rb ns=tenant-1 name=tenant-binding
[441/1000] action=cross-tenant-access context=tenant-1-user@kubernetes operation=list resource=configmap namespace=tenant-2
[442/1000] action=delete-rb ns=tenant-1 name=tenant-binding
[443/1000] action=cross-tenant-access context=tenant-2-user@kubernetes operation=patch resource=configmap namespace=tenant-1
[444/1000] action=cross-tenant-access context=tenant-2-user@kubernetes operation=delete resource=configmap namespace=tenant-1
[445/1000] action=cross-tenant-access context=tenant-2-user@kubernetes operation=list resource=configmap namespace=tenant-1
[446/1000] action=create-crb name=foo-global-binding group=tenant-2 role=cluster-admin
[447/1000] action=cross-tenant-access context=tenant-1-user@kubernetes operation=list resource=configmap namespace=tenant-2
[448/1000] action=cross-tenant-access context=tenant-2-user@kubernetes operation=watch resource=configmap namespace=tenant-1
[449/1000] action=delete-rb ns=tenant-2 name=tenant-binding
[450/1000] action=cross-tenant-access context=tenant-2-user@kubernetes operation=list resource=configmap namespace=tenant-1
[451/1000] action=create-clusterrole name=dev resources=configmaps verbs=list,delete,watch
[452/1000] action=create-clusterrole name=dev resources=services,configmaps verbs=delete,patch
[453/1000] action=create-rb ns=tenant-1 name=tenant-binding group=tenant-1 role=cluster-admin
[454/1000] action=cross-tenant-access context=tenant-2-user@kubernetes operation=watch resource=configmap namespace=tenant-1
[455/1000] action=create-rb ns=tenant-1 name=tenant-binding group=tenant-1 role=view
[456/1000] action=delete-clusterrole name=dev
[457/1000] action=create-rb ns=tenant-1 name=tenant-binding group=tenant-1 role=view
[458/1000] action=delete-rb ns=tenant-2 name=tenant-binding
[459/1000] action=create-rb ns=tenant-1 name=tenant-binding group=tenant-1 role=view
[460/1000] action=delete-clusterrole name=dev
[461/1000] action=delete-clusterrole name=dev
[462/1000] action=delete-crb name=foo-global-binding
[463/1000] action=create-crb name=foo-global-binding group=tenant-2 role=view
[464/1000] action=create-rb ns=tenant-2 name=tenant-binding group=tenant-2 role=view
[465/1000] action=delete-rb ns=tenant-1 name=tenant-binding
[466/1000] action=cross-tenant-access context=tenant-2-user@kubernetes operation=list resource=configmap namespace=tenant-1
[467/1000] action=cross-tenant-access context=tenant-2-user@kubernetes operation=get resource=configmap namespace=tenant-1
[468/1000] action=cross-tenant-access context=tenant-1-user@kubernetes operation=watch resource=configmap namespace=tenant-2
[469/1000] action=create-crb name=foo-global-binding group=tenant-1 role=edit
[470/1000] action=delete-rb ns=tenant-1 name=tenant-binding
[471/1000] action=delete-rb ns=tenant-1 name=tenant-binding
[472/1000] action=delete-clusterrole name=dev
[473/1000] action=create-rb ns=tenant-2 name=tenant-binding group=tenant-2 role=admin
[474/1000] action=cross-tenant-access context=tenant-1-user@kubernetes operation=watch resource=configmap namespace=tenant-2
[475/1000] action=cross-tenant-access context=tenant-2-user@kubernetes operation=delete resource=configmap namespace=tenant-1
[476/1000] action=create-rb ns=tenant-2 name=tenant-binding group=tenant-2 role=edit
[477/1000] action=delete-rb ns=tenant-1 name=tenant-binding
[478/1000] action=create-clusterrole name=dev resources=configmaps verbs=create,list
[479/1000] action=cross-tenant-access context=tenant-1-user@kubernetes operation=patch resource=configmap namespace=tenant-2
[480/1000] action=cross-tenant-access context=tenant-1-user@kubernetes operation=patch resource=configmap namespace=tenant-2
[481/1000] action=cross-tenant-access context=tenant-2-user@kubernetes operation=list resource=configmap namespace=tenant-1
[482/1000] action=cross-tenant-access context=tenant-1-user@kubernetes operation=patch resource=configmap namespace=tenant-2
[483/1000] action=cross-tenant-access context=tenant-1-user@kubernetes operation=get resource=configmap namespace=tenant-2
[484/1000] action=create-rb ns=tenant-2 name=tenant-binding group=tenant-2 role=dev
[485/1000] action=cross-tenant-access context=tenant-2-user@kubernetes operation=patch resource=configmap namespace=tenant-1
[486/1000] action=cross-tenant-access context=tenant-2-user@kubernetes operation=get resource=configmap namespace=tenant-1
[487/1000] action=delete-rb ns=tenant-1 name=tenant-binding
[488/1000] action=cross-tenant-access context=tenant-1-user@kubernetes operation=list resource=configmap namespace=tenant-2
[489/1000] action=cross-tenant-access context=tenant-1-user@kubernetes operation=watch resource=configmap namespace=tenant-2
[490/1000] action=cross-tenant-access context=tenant-1-user@kubernetes operation=patch resource=configmap namespace=tenant-2
[491/1000] action=cross-tenant-access context=tenant-1-user@kubernetes operation=list resource=configmap namespace=tenant-2
[492/1000] action=create-rb ns=tenant-1 name=tenant-binding group=tenant-1 role=edit
[493/1000] action=delete-rb ns=tenant-2 name=tenant-binding
[494/1000] action=create-rb ns=tenant-2 name=tenant-binding group=tenant-2 role=view
[495/1000] action=delete-crb name=foo-global-binding
[496/1000] action=create-clusterrole name=dev resources=services,pods,configmaps verbs=patch,get,watch
[497/1000] action=delete-rb ns=tenant-2 name=tenant-binding
[498/1000] action=delete-crb name=foo-global-binding
[499/1000] action=cross-tenant-access context=tenant-1-user@kubernetes operation=list resource=configmap namespace=tenant-2
[500/1000] action=create-rb ns=tenant-1 name=tenant-binding group=tenant-1 role=dev
[501/1000] action=cross-tenant-access context=tenant-2-user@kubernetes operation=watch resource=configmap namespace=tenant-1
[502/1000] action=cross-tenant-access context=tenant-2-user@kubernetes operation=patch resource=configmap namespace=tenant-1
[503/1000] action=create-crb name=foo-global-binding group=tenant-2 role=admin
[504/1000] action=cross-tenant-access context=tenant-1-user@kubernetes operation=watch resource=configmap namespace=tenant-2
[505/1000] action=cross-tenant-access context=tenant-2-user@kubernetes operation=get resource=configmap namespace=tenant-1
[506/1000] action=create-crb name=foo-global-binding group=tenant-2 role=admin
[507/1000] action=cross-tenant-access context=tenant-1-user@kubernetes operation=list resource=configmap namespace=tenant-2
[508/1000] action=cross-tenant-access context=tenant-2-user@kubernetes operation=patch resource=configmap namespace=tenant-1
[509/1000] action=create-rb ns=tenant-2 name=tenant-binding group=tenant-2 role=view
[510/1000] action=cross-tenant-access context=tenant-2-user@kubernetes operation=list resource=configmap namespace=tenant-1
[511/1000] action=create-rb ns=tenant-2 name=tenant-binding group=tenant-2 role=admin
[512/1000] action=cross-tenant-access context=tenant-2-user@kubernetes operation=delete resource=configmap namespace=tenant-1
[513/1000] action=cross-tenant-access context=tenant-1-user@kubernetes operation=list resource=configmap namespace=tenant-2
[514/1000] action=delete-rb ns=tenant-1 name=tenant-binding
[515/1000] action=cross-tenant-access context=tenant-1-user@kubernetes operation=delete resource=configmap namespace=tenant-2
[516/1000] action=create-clusterrole name=dev resources=secrets verbs=update,delete,watch,get
[517/1000] action=delete-rb ns=tenant-1 name=tenant-binding
[518/1000] action=create-rb ns=tenant-1 name=tenant-binding group=tenant-1 role=admin
[519/1000] action=delete-clusterrole name=dev
[520/1000] action=cross-tenant-access context=tenant-1-user@kubernetes operation=delete resource=configmap namespace=tenant-2
[521/1000] action=create-rb ns=tenant-2 name=tenant-binding group=tenant-2 role=dev
[522/1000] action=cross-tenant-access context=tenant-1-user@kubernetes operation=watch resource=configmap namespace=tenant-2
[523/1000] action=cross-tenant-access context=tenant-2-user@kubernetes operation=delete resource=configmap namespace=tenant-1
[524/1000] action=cross-tenant-access context=tenant-1-user@kubernetes operation=patch resource=configmap namespace=tenant-2
[525/1000] action=create-rb ns=tenant-1 name=tenant-binding group=tenant-1 role=admin
[526/1000] action=delete-rb ns=tenant-2 name=tenant-binding
[527/1000] action=create-crb name=foo-global-binding group=tenant-1 role=edit
[528/1000] action=create-clusterrole name=dev resources=services,pods verbs=delete,deletecollection,create,list
[529/1000] action=cross-tenant-access context=tenant-1-user@kubernetes operation=get resource=configmap namespace=tenant-2
[530/1000] action=delete-crb name=foo-global-binding
[531/1000] action=create-rb ns=tenant-1 name=tenant-binding group=tenant-1 role=view
[532/1000] action=cross-tenant-access context=tenant-1-user@kubernetes operation=watch resource=configmap namespace=tenant-2
[533/1000] action=create-rb ns=tenant-1 name=tenant-binding group=tenant-1 role=dev
[534/1000] action=cross-tenant-access context=tenant-2-user@kubernetes operation=watch resource=configmap namespace=tenant-1
[535/1000] action=create-rb ns=tenant-2 name=tenant-binding group=tenant-2 role=edit
[536/1000] action=cross-tenant-access context=tenant-2-user@kubernetes operation=get resource=configmap namespace=tenant-1
[537/1000] action=delete-rb ns=tenant-2 name=tenant-binding
[538/1000] action=delete-clusterrole name=dev
[539/1000] action=cross-tenant-access context=tenant-2-user@kubernetes operation=watch resource=configmap namespace=tenant-1
[540/1000] action=create-clusterrole name=dev resources=configmaps verbs=delete,list,update,deletecollection,watch
[541/1000] action=delete-clusterrole name=dev
[542/1000] action=cross-tenant-access context=tenant-1-user@kubernetes operation=list resource=configmap namespace=tenant-2
[543/1000] action=create-clusterrole name=dev resources=services verbs=update
[544/1000] action=create-clusterrole name=dev resources=secrets,configmaps verbs=deletecollection
[545/1000] action=create-rb ns=tenant-1 name=tenant-binding group=tenant-1 role=view
[546/1000] action=delete-crb name=foo-global-binding
[547/1000] action=create-rb ns=tenant-1 name=tenant-binding group=tenant-1 role=dev
[548/1000] action=delete-rb ns=tenant-1 name=tenant-binding
[549/1000] action=cross-tenant-access context=tenant-1-user@kubernetes operation=delete resource=configmap namespace=tenant-2
[550/1000] action=cross-tenant-access context=tenant-2-user@kubernetes operation=patch resource=configmap namespace=tenant-1
[551/1000] action=create-rb ns=tenant-1 name=tenant-binding group=tenant-1 role=edit
[552/1000] action=create-rb ns=tenant-2 name=tenant-binding group=tenant-2 role=dev
[553/1000] action=delete-rb ns=tenant-1 name=tenant-binding
[554/1000] action=delete-rb ns=tenant-2 name=tenant-binding
[555/1000] action=delete-rb ns=tenant-1 name=tenant-binding
[556/1000] action=cross-tenant-access context=tenant-1-user@kubernetes operation=watch resource=configmap namespace=tenant-2
[557/1000] action=cross-tenant-access context=tenant-2-user@kubernetes operation=list resource=configmap namespace=tenant-1
[558/1000] action=create-crb name=foo-global-binding group=tenant-1 role=view
[559/1000] action=create-rb ns=tenant-2 name=tenant-binding group=tenant-2 role=dev
[560/1000] action=cross-tenant-access context=tenant-1-user@kubernetes operation=get resource=configmap namespace=tenant-2
[561/1000] action=create-crb name=foo-global-binding group=tenant-1 role=edit
[562/1000] action=cross-tenant-access context=tenant-2-user@kubernetes operation=patch resource=configmap namespace=tenant-1
[563/1000] action=create-clusterrole name=dev resources=configmaps,secrets,services verbs=patch,watch
[564/1000] action=create-rb ns=tenant-2 name=tenant-binding group=tenant-2 role=cluster-admin
[565/1000] action=delete-rb ns=tenant-2 name=tenant-binding
[566/1000] action=cross-tenant-access context=tenant-2-user@kubernetes operation=patch resource=configmap namespace=tenant-1
[567/1000] action=delete-rb ns=tenant-2 name=tenant-binding
[568/1000] action=cross-tenant-access context=tenant-2-user@kubernetes operation=delete resource=configmap namespace=tenant-1
[569/1000] action=cross-tenant-access context=tenant-2-user@kubernetes operation=get resource=configmap namespace=tenant-1
[570/1000] action=cross-tenant-access context=tenant-2-user@kubernetes operation=delete resource=configmap namespace=tenant-1
[571/1000] action=cross-tenant-access context=tenant-2-user@kubernetes operation=patch resource=configmap namespace=tenant-1
[572/1000] action=create-rb ns=tenant-1 name=tenant-binding group=tenant-1 role=dev
[573/1000] action=create-crb name=foo-global-binding group=tenant-2 role=cluster-admin
[574/1000] action=cross-tenant-access context=tenant-1-user@kubernetes operation=delete resource=configmap namespace=tenant-2
[575/1000] action=create-rb ns=tenant-2 name=tenant-binding group=tenant-2 role=admin
[576/1000] action=create-rb ns=tenant-1 name=tenant-binding group=tenant-1 role=dev
[577/1000] action=delete-clusterrole name=dev
[578/1000] action=create-rb ns=tenant-2 name=tenant-binding group=tenant-2 role=dev
[579/1000] action=delete-clusterrole name=dev
[580/1000] action=create-clusterrole name=dev resources=pods verbs=deletecollection,get
[581/1000] action=create-rb ns=tenant-1 name=tenant-binding group=tenant-1 role=admin
[582/1000] action=cross-tenant-access context=tenant-1-user@kubernetes operation=watch resource=configmap namespace=tenant-2
[583/1000] action=delete-rb ns=tenant-2 name=tenant-binding
[584/1000] action=cross-tenant-access context=tenant-1-user@kubernetes operation=patch resource=configmap namespace=tenant-2
[585/1000] action=delete-clusterrole name=dev
[586/1000] action=create-clusterrole name=dev resources=secrets,configmaps verbs=update,watch,deletecollection,delete,list
[587/1000] action=delete-rb ns=tenant-2 name=tenant-binding
[588/1000] action=cross-tenant-access context=tenant-1-user@kubernetes operation=patch resource=configmap namespace=tenant-2
[589/1000] action=delete-clusterrole name=dev
[590/1000] action=create-rb ns=tenant-2 name=tenant-binding group=tenant-2 role=cluster-admin
[591/1000] action=create-rb ns=tenant-2 name=tenant-binding group=tenant-2 role=admin
[592/1000] action=create-crb name=foo-global-binding group=tenant-2 role=edit
[593/1000] action=delete-rb ns=tenant-2 name=tenant-binding
[594/1000] action=delete-rb ns=tenant-2 name=tenant-binding
[595/1000] action=create-clusterrole name=dev resources=configmaps verbs=get,create,update,deletecollection
[596/1000] action=delete-rb ns=tenant-1 name=tenant-binding
[597/1000] action=delete-clusterrole name=dev
[598/1000] action=delete-crb name=foo-global-binding
[599/1000] action=create-rb ns=tenant-1 name=tenant-binding group=tenant-1 role=view
[600/1000] action=cross-tenant-access context=tenant-2-user@kubernetes operation=patch resource=configmap namespace=tenant-1
[601/1000] action=create-clusterrole name=dev resources=pods,services verbs=get,watch,delete,patch,create
[602/1000] action=cross-tenant-access context=tenant-1-user@kubernetes operation=get resource=configmap namespace=tenant-2
[603/1000] action=delete-crb name=foo-global-binding
[604/1000] action=create-rb ns=tenant-2 name=tenant-binding group=tenant-2 role=edit
[605/1000] action=delete-clusterrole name=dev
[606/1000] action=create-rb ns=tenant-1 name=tenant-binding group=tenant-1 role=edit
[607/1000] action=delete-rb ns=tenant-2 name=tenant-binding
[608/1000] action=cross-tenant-access context=tenant-1-user@kubernetes operation=get resource=configmap namespace=tenant-2
[609/1000] action=delete-rb ns=tenant-2 name=tenant-binding
[610/1000] action=delete-rb ns=tenant-2 name=tenant-binding
[611/1000] action=delete-rb ns=tenant-2 name=tenant-binding
[612/1000] action=delete-rb ns=tenant-2 name=tenant-binding
[613/1000] action=create-rb ns=tenant-1 name=tenant-binding group=tenant-1 role=edit
[614/1000] action=create-rb ns=tenant-1 name=tenant-binding group=tenant-1 role=admin
[615/1000] action=delete-clusterrole name=dev
[616/1000] action=cross-tenant-access context=tenant-2-user@kubernetes operation=delete resource=configmap namespace=tenant-1
[617/1000] action=create-rb ns=tenant-2 name=tenant-binding group=tenant-2 role=cluster-admin
[618/1000] action=delete-rb ns=tenant-2 name=tenant-binding
[619/1000] action=delete-rb ns=tenant-2 name=tenant-binding
[620/1000] action=create-rb ns=tenant-2 name=tenant-binding group=tenant-2 role=view
[621/1000] action=cross-tenant-access context=tenant-2-user@kubernetes operation=get resource=configmap namespace=tenant-1
[622/1000] action=create-clusterrole name=dev resources=secrets verbs=delete,deletecollection,update
[623/1000] action=create-rb ns=tenant-2 name=tenant-binding group=tenant-2 role=view
[624/1000] action=delete-rb ns=tenant-1 name=tenant-binding
[625/1000] action=create-rb ns=tenant-1 name=tenant-binding group=tenant-1 role=admin
[626/1000] action=cross-tenant-access context=tenant-2-user@kubernetes operation=patch resource=configmap namespace=tenant-1
[627/1000] action=cross-tenant-access context=tenant-1-user@kubernetes operation=list resource=configmap namespace=tenant-2
[628/1000] action=delete-clusterrole name=dev
[629/1000] action=cross-tenant-access context=tenant-1-user@kubernetes operation=delete resource=configmap namespace=tenant-2
[630/1000] action=cross-tenant-access context=tenant-2-user@kubernetes operation=delete resource=configmap namespace=tenant-1
[631/1000] action=delete-crb name=foo-global-binding
[632/1000] action=cross-tenant-access context=tenant-1-user@kubernetes operation=delete resource=configmap namespace=tenant-2
[633/1000] action=cross-tenant-access context=tenant-1-user@kubernetes operation=get resource=configmap namespace=tenant-2
[634/1000] action=cross-tenant-access context=tenant-1-user@kubernetes operation=get resource=configmap namespace=tenant-2
[635/1000] action=cross-tenant-access context=tenant-2-user@kubernetes operation=get resource=configmap namespace=tenant-1
[636/1000] action=cross-tenant-access context=tenant-1-user@kubernetes operation=list resource=configmap namespace=tenant-2
[637/1000] action=create-crb name=foo-global-binding group=tenant-2 role=view
[638/1000] action=create-rb ns=tenant-1 name=tenant-binding group=tenant-1 role=admin
[639/1000] action=create-rb ns=tenant-2 name=tenant-binding group=tenant-2 role=edit
[640/1000] action=create-crb name=foo-global-binding group=tenant-2 role=cluster-admin
[641/1000] action=create-crb name=foo-global-binding group=tenant-1 role=cluster-admin
[642/1000] action=delete-clusterrole name=dev
[643/1000] action=cross-tenant-access context=tenant-1-user@kubernetes operation=delete resource=configmap namespace=tenant-2
[644/1000] action=create-rb ns=tenant-1 name=tenant-binding group=tenant-1 role=admin
[645/1000] action=delete-rb ns=tenant-1 name=tenant-binding
[646/1000] action=delete-crb name=foo-global-binding
[647/1000] action=create-crb name=foo-global-binding group=tenant-1 role=cluster-admin
[648/1000] action=cross-tenant-access context=tenant-1-user@kubernetes operation=watch resource=configmap namespace=tenant-2
[649/1000] action=delete-rb ns=tenant-2 name=tenant-binding
[650/1000] action=delete-clusterrole name=dev
[651/1000] action=delete-rb ns=tenant-2 name=tenant-binding
[652/1000] action=cross-tenant-access context=tenant-1-user@kubernetes operation=watch resource=configmap namespace=tenant-2
[653/1000] action=cross-tenant-access context=tenant-2-user@kubernetes operation=patch resource=configmap namespace=tenant-1
[654/1000] action=create-clusterrole name=dev resources=services verbs=patch,list
[655/1000] action=create-rb ns=tenant-1 name=tenant-binding group=tenant-1 role=edit
[656/1000] action=cross-tenant-access context=tenant-2-user@kubernetes operation=list resource=configmap namespace=tenant-1
[657/1000] action=create-clusterrole name=dev resources=services,pods,secrets verbs=patch
[658/1000] action=create-clusterrole name=dev resources=configmaps,services verbs=update,create,patch
[659/1000] action=cross-tenant-access context=tenant-1-user@kubernetes operation=get resource=configmap namespace=tenant-2
[660/1000] action=create-rb ns=tenant-1 name=tenant-binding group=tenant-1 role=cluster-admin
[661/1000] action=delete-rb ns=tenant-2 name=tenant-binding
[662/1000] action=delete-rb ns=tenant-2 name=tenant-binding
[663/1000] action=create-rb ns=tenant-2 name=tenant-binding group=tenant-2 role=dev
[664/1000] action=cross-tenant-access context=tenant-1-user@kubernetes operation=patch resource=configmap namespace=tenant-2
[665/1000] action=create-rb ns=tenant-1 name=tenant-binding group=tenant-1 role=cluster-admin
[666/1000] action=create-clusterrole name=dev resources=configmaps verbs=get,patch,deletecollection
[667/1000] action=delete-clusterrole name=dev
[668/1000] action=delete-rb ns=tenant-2 name=tenant-binding
[669/1000] action=create-rb ns=tenant-1 name=tenant-binding group=tenant-1 role=cluster-admin
[670/1000] action=delete-crb name=foo-global-binding
[671/1000] action=create-rb ns=tenant-2 name=tenant-binding group=tenant-2 role=admin
[672/1000] action=cross-tenant-access context=tenant-1-user@kubernetes operation=delete resource=configmap namespace=tenant-2
[673/1000] action=cross-tenant-access context=tenant-1-user@kubernetes operation=delete resource=configmap namespace=tenant-2
[674/1000] action=cross-tenant-access context=tenant-2-user@kubernetes operation=patch resource=configmap namespace=tenant-1
[675/1000] action=create-rb ns=tenant-2 name=tenant-binding group=tenant-2 role=edit
[676/1000] action=delete-clusterrole name=dev
[677/1000] action=delete-rb ns=tenant-1 name=tenant-binding
[678/1000] action=cross-tenant-access context=tenant-2-user@kubernetes operation=get resource=configmap namespace=tenant-1
[679/1000] action=cross-tenant-access context=tenant-1-user@kubernetes operation=get resource=configmap namespace=tenant-2
[680/1000] action=delete-rb ns=tenant-2 name=tenant-binding
[681/1000] action=cross-tenant-access context=tenant-1-user@kubernetes operation=delete resource=configmap namespace=tenant-2
[682/1000] action=cross-tenant-access context=tenant-1-user@kubernetes operation=watch resource=configmap namespace=tenant-2
[683/1000] action=cross-tenant-access context=tenant-1-user@kubernetes operation=get resource=configmap namespace=tenant-2
[684/1000] action=create-rb ns=tenant-1 name=tenant-binding group=tenant-1 role=admin
[685/1000] action=cross-tenant-access context=tenant-1-user@kubernetes operation=get resource=configmap namespace=tenant-2
[686/1000] action=cross-tenant-access context=tenant-2-user@kubernetes operation=delete resource=configmap namespace=tenant-1
[687/1000] action=delete-rb ns=tenant-2 name=tenant-binding
[688/1000] action=delete-rb ns=tenant-1 name=tenant-binding
[689/1000] action=create-rb ns=tenant-1 name=tenant-binding group=tenant-1 role=dev
[690/1000] action=cross-tenant-access context=tenant-2-user@kubernetes operation=watch resource=configmap namespace=tenant-1
[691/1000] action=cross-tenant-access context=tenant-2-user@kubernetes operation=list resource=configmap namespace=tenant-1
[692/1000] action=delete-clusterrole name=dev
[693/1000] action=create-crb name=foo-global-binding group=tenant-1 role=view
[694/1000] action=cross-tenant-access context=tenant-2-user@kubernetes operation=get resource=configmap namespace=tenant-1
[695/1000] action=delete-crb name=foo-global-binding
[696/1000] action=delete-rb ns=tenant-2 name=tenant-binding
[697/1000] action=create-clusterrole name=dev resources=secrets,configmaps verbs=patch,list,create
[698/1000] action=create-clusterrole name=dev resources=configmaps,services verbs=list,get,create
[699/1000] action=delete-rb ns=tenant-1 name=tenant-binding
[700/1000] action=cross-tenant-access context=tenant-1-user@kubernetes operation=patch resource=configmap namespace=tenant-2
[701/1000] action=cross-tenant-access context=tenant-2-user@kubernetes operation=get resource=configmap namespace=tenant-1
[702/1000] action=create-rb ns=tenant-1 name=tenant-binding group=tenant-1 role=admin
[703/1000] action=create-rb ns=tenant-1 name=tenant-binding group=tenant-1 role=view
[704/1000] action=delete-crb name=foo-global-binding
[705/1000] action=create-rb ns=tenant-2 name=tenant-binding group=tenant-2 role=dev
[706/1000] action=delete-rb ns=tenant-2 name=tenant-binding
[707/1000] action=cross-tenant-access context=tenant-2-user@kubernetes operation=get resource=configmap namespace=tenant-1
[708/1000] action=delete-rb ns=tenant-1 name=tenant-binding
[709/1000] action=cross-tenant-access context=tenant-1-user@kubernetes operation=list resource=configmap namespace=tenant-2
[710/1000] action=cross-tenant-access context=tenant-1-user@kubernetes operation=get resource=configmap namespace=tenant-2
[711/1000] action=delete-crb name=foo-global-binding
[712/1000] action=cross-tenant-access context=tenant-1-user@kubernetes operation=list resource=configmap namespace=tenant-2
[713/1000] action=cross-tenant-access context=tenant-1-user@kubernetes operation=get resource=configmap namespace=tenant-2
[714/1000] action=cross-tenant-access context=tenant-1-user@kubernetes operation=watch resource=configmap namespace=tenant-2
[715/1000] action=delete-rb ns=tenant-2 name=tenant-binding
[716/1000] action=create-rb ns=tenant-2 name=tenant-binding group=tenant-2 role=admin
[717/1000] action=delete-crb name=foo-global-binding
[718/1000] action=delete-clusterrole name=dev
[719/1000] action=create-rb ns=tenant-1 name=tenant-binding group=tenant-1 role=dev
[720/1000] action=create-clusterrole name=dev resources=services,secrets,configmaps verbs=create,update,deletecollection,patch
[721/1000] action=delete-rb ns=tenant-2 name=tenant-binding
[722/1000] action=delete-rb ns=tenant-1 name=tenant-binding
[723/1000] action=create-clusterrole name=dev resources=configmaps verbs=get,patch,delete,list
[724/1000] action=cross-tenant-access context=tenant-2-user@kubernetes operation=delete resource=configmap namespace=tenant-1
[725/1000] action=create-rb ns=tenant-2 name=tenant-binding group=tenant-2 role=dev
[726/1000] action=create-crb name=foo-global-binding group=tenant-1 role=dev
[727/1000] action=delete-rb ns=tenant-2 name=tenant-binding
[728/1000] action=create-rb ns=tenant-1 name=tenant-binding group=tenant-1 role=admin
[729/1000] action=cross-tenant-access context=tenant-1-user@kubernetes operation=watch resource=configmap namespace=tenant-2
[730/1000] action=cross-tenant-access context=tenant-1-user@kubernetes operation=list resource=configmap namespace=tenant-2
[731/1000] action=delete-rb ns=tenant-2 name=tenant-binding
[732/1000] action=delete-rb ns=tenant-2 name=tenant-binding
[733/1000] action=create-crb name=foo-global-binding group=tenant-2 role=view
[734/1000] action=create-rb ns=tenant-1 name=tenant-binding group=tenant-1 role=dev
[735/1000] action=delete-clusterrole name=dev
[736/1000] action=delete-clusterrole name=dev
[737/1000] action=create-crb name=foo-global-binding group=tenant-2 role=edit
[738/1000] action=cross-tenant-access context=tenant-1-user@kubernetes operation=list resource=configmap namespace=tenant-2
[739/1000] action=cross-tenant-access context=tenant-2-user@kubernetes operation=watch resource=configmap namespace=tenant-1
[740/1000] action=delete-clusterrole name=dev
[741/1000] action=delete-rb ns=tenant-1 name=tenant-binding
[742/1000] action=create-crb name=foo-global-binding group=tenant-2 role=cluster-admin
[743/1000] action=cross-tenant-access context=tenant-2-user@kubernetes operation=delete resource=configmap namespace=tenant-1
[744/1000] action=delete-clusterrole name=dev
[745/1000] action=create-clusterrole name=dev resources=pods verbs=deletecollection,patch,get,list,update
[746/1000] action=delete-rb ns=tenant-1 name=tenant-binding
[747/1000] action=delete-rb ns=tenant-1 name=tenant-binding
[748/1000] action=cross-tenant-access context=tenant-1-user@kubernetes operation=get resource=configmap namespace=tenant-2
[749/1000] action=cross-tenant-access context=tenant-1-user@kubernetes operation=list resource=configmap namespace=tenant-2
[750/1000] action=cross-tenant-access context=tenant-2-user@kubernetes operation=watch resource=configmap namespace=tenant-1
[751/1000] action=cross-tenant-access context=tenant-2-user@kubernetes operation=list resource=configmap namespace=tenant-1
[752/1000] action=cross-tenant-access context=tenant-1-user@kubernetes operation=get resource=configmap namespace=tenant-2
[753/1000] action=delete-rb ns=tenant-2 name=tenant-binding
[754/1000] action=cross-tenant-access context=tenant-1-user@kubernetes operation=delete resource=configmap namespace=tenant-2
[755/1000] action=delete-rb ns=tenant-2 name=tenant-binding
[756/1000] action=create-crb name=foo-global-binding group=tenant-2 role=view
[757/1000] action=cross-tenant-access context=tenant-2-user@kubernetes operation=delete resource=configmap namespace=tenant-1
[758/1000] action=cross-tenant-access context=tenant-1-user@kubernetes operation=delete resource=configmap namespace=tenant-2
[759/1000] action=create-rb ns=tenant-2 name=tenant-binding group=tenant-2 role=cluster-admin
[760/1000] action=cross-tenant-access context=tenant-2-user@kubernetes operation=delete resource=configmap namespace=tenant-1
[761/1000] action=cross-tenant-access context=tenant-1-user@kubernetes operation=list resource=configmap namespace=tenant-2
[762/1000] action=cross-tenant-access context=tenant-2-user@kubernetes operation=delete resource=configmap namespace=tenant-1
[763/1000] action=cross-tenant-access context=tenant-2-user@kubernetes operation=patch resource=configmap namespace=tenant-1
[764/1000] action=delete-clusterrole name=dev
[765/1000] action=create-rb ns=tenant-1 name=tenant-binding group=tenant-1 role=cluster-admin
[766/1000] action=cross-tenant-access context=tenant-1-user@kubernetes operation=get resource=configmap namespace=tenant-2
[767/1000] action=delete-crb name=foo-global-binding
[768/1000] action=cross-tenant-access context=tenant-1-user@kubernetes operation=list resource=configmap namespace=tenant-2
[769/1000] action=create-rb ns=tenant-2 name=tenant-binding group=tenant-2 role=edit
[770/1000] action=create-rb ns=tenant-2 name=tenant-binding group=tenant-2 role=cluster-admin
[771/1000] action=create-clusterrole name=dev resources=pods,services,configmaps verbs=delete,update,watch,deletecollection,patch
[772/1000] action=cross-tenant-access context=tenant-1-user@kubernetes operation=list resource=configmap namespace=tenant-2
[773/1000] action=delete-crb name=foo-global-binding
[774/1000] action=cross-tenant-access context=tenant-1-user@kubernetes operation=get resource=configmap namespace=tenant-2
[775/1000] action=delete-clusterrole name=dev
[776/1000] action=delete-crb name=foo-global-binding
[777/1000] action=cross-tenant-access context=tenant-1-user@kubernetes operation=list resource=configmap namespace=tenant-2
[778/1000] action=cross-tenant-access context=tenant-2-user@kubernetes operation=get resource=configmap namespace=tenant-1
[779/1000] action=cross-tenant-access context=tenant-2-user@kubernetes operation=patch resource=configmap namespace=tenant-1
[780/1000] action=create-crb name=foo-global-binding group=tenant-1 role=admin
[781/1000] action=create-rb ns=tenant-1 name=tenant-binding group=tenant-1 role=cluster-admin
[782/1000] action=cross-tenant-access context=tenant-2-user@kubernetes operation=watch resource=configmap namespace=tenant-1
[783/1000] action=cross-tenant-access context=tenant-1-user@kubernetes operation=list resource=configmap namespace=tenant-2
[784/1000] action=cross-tenant-access context=tenant-2-user@kubernetes operation=watch resource=configmap namespace=tenant-1
[785/1000] action=cross-tenant-access context=tenant-1-user@kubernetes operation=list resource=configmap namespace=tenant-2
[786/1000] action=delete-clusterrole name=dev
[787/1000] action=cross-tenant-access context=tenant-2-user@kubernetes operation=get resource=configmap namespace=tenant-1
[788/1000] action=delete-rb ns=tenant-2 name=tenant-binding
[789/1000] action=cross-tenant-access context=tenant-2-user@kubernetes operation=patch resource=configmap namespace=tenant-1
[790/1000] action=cross-tenant-access context=tenant-2-user@kubernetes operation=patch resource=configmap namespace=tenant-1
[791/1000] action=cross-tenant-access context=tenant-1-user@kubernetes operation=patch resource=configmap namespace=tenant-2
[792/1000] action=create-clusterrole name=dev resources=configmaps,services,pods verbs=patch
[793/1000] action=cross-tenant-access context=tenant-2-user@kubernetes operation=list resource=configmap namespace=tenant-1
[794/1000] action=cross-tenant-access context=tenant-2-user@kubernetes operation=patch resource=configmap namespace=tenant-1
[795/1000] action=cross-tenant-access context=tenant-2-user@kubernetes operation=watch resource=configmap namespace=tenant-1
[796/1000] action=delete-rb ns=tenant-2 name=tenant-binding
[797/1000] action=delete-clusterrole name=dev
[798/1000] action=delete-rb ns=tenant-2 name=tenant-binding
[799/1000] action=cross-tenant-access context=tenant-1-user@kubernetes operation=watch resource=configmap namespace=tenant-2
[800/1000] action=create-rb ns=tenant-2 name=tenant-binding group=tenant-2 role=cluster-admin
[801/1000] action=delete-rb ns=tenant-1 name=tenant-binding
[802/1000] action=delete-rb ns=tenant-1 name=tenant-binding
[803/1000] action=create-crb name=foo-global-binding group=tenant-1 role=edit
[804/1000] action=cross-tenant-access context=tenant-1-user@kubernetes operation=patch resource=configmap namespace=tenant-2
[805/1000] action=create-clusterrole name=dev resources=secrets verbs=deletecollection,delete
[806/1000] action=delete-rb ns=tenant-2 name=tenant-binding
[807/1000] action=create-rb ns=tenant-1 name=tenant-binding group=tenant-1 role=view
[808/1000] action=create-clusterrole name=dev resources=secrets verbs=create,get
[809/1000] action=cross-tenant-access context=tenant-1-user@kubernetes operation=patch resource=configmap namespace=tenant-2
[810/1000] action=cross-tenant-access context=tenant-2-user@kubernetes operation=get resource=configmap namespace=tenant-1
[811/1000] action=cross-tenant-access context=tenant-2-user@kubernetes operation=watch resource=configmap namespace=tenant-1
[812/1000] action=cross-tenant-access context=tenant-1-user@kubernetes operation=patch resource=configmap namespace=tenant-2
[813/1000] action=delete-rb ns=tenant-1 name=tenant-binding
[814/1000] action=cross-tenant-access context=tenant-1-user@kubernetes operation=patch resource=configmap namespace=tenant-2
[815/1000] action=delete-rb ns=tenant-1 name=tenant-binding
[816/1000] action=cross-tenant-access context=tenant-2-user@kubernetes operation=patch resource=configmap namespace=tenant-1
[817/1000] action=cross-tenant-access context=tenant-1-user@kubernetes operation=watch resource=configmap namespace=tenant-2
[818/1000] action=cross-tenant-access context=tenant-2-user@kubernetes operation=watch resource=configmap namespace=tenant-1
[819/1000] action=create-crb name=foo-global-binding group=tenant-1 role=dev
[820/1000] action=delete-clusterrole name=dev
[821/1000] action=create-clusterrole name=dev resources=pods,secrets,services verbs=get
[822/1000] action=cross-tenant-access context=tenant-1-user@kubernetes operation=list resource=configmap namespace=tenant-2
[823/1000] action=create-crb name=foo-global-binding group=tenant-1 role=view
[824/1000] action=create-crb name=foo-global-binding group=tenant-1 role=admin
[825/1000] action=delete-rb ns=tenant-2 name=tenant-binding
[826/1000] action=cross-tenant-access context=tenant-1-user@kubernetes operation=delete resource=configmap namespace=tenant-2
[827/1000] action=create-crb name=foo-global-binding group=tenant-2 role=edit
[828/1000] action=cross-tenant-access context=tenant-1-user@kubernetes operation=list resource=configmap namespace=tenant-2
[829/1000] action=delete-crb name=foo-global-binding
[830/1000] action=cross-tenant-access context=tenant-1-user@kubernetes operation=watch resource=configmap namespace=tenant-2
[831/1000] action=cross-tenant-access context=tenant-2-user@kubernetes operation=get resource=configmap namespace=tenant-1
[832/1000] action=create-rb ns=tenant-2 name=tenant-binding group=tenant-2 role=view
[833/1000] action=create-rb ns=tenant-2 name=tenant-binding group=tenant-2 role=dev
[834/1000] action=create-rb ns=tenant-1 name=tenant-binding group=tenant-1 role=view
[835/1000] action=create-clusterrole name=dev resources=services verbs=list
[836/1000] action=create-rb ns=tenant-2 name=tenant-binding group=tenant-2 role=cluster-admin
[837/1000] action=cross-tenant-access context=tenant-1-user@kubernetes operation=delete resource=configmap namespace=tenant-2
[838/1000] action=create-clusterrole name=dev resources=services,pods,secrets verbs=delete,deletecollection,list,get
[839/1000] action=cross-tenant-access context=tenant-1-user@kubernetes operation=watch resource=configmap namespace=tenant-2
[840/1000] action=cross-tenant-access context=tenant-1-user@kubernetes operation=list resource=configmap namespace=tenant-2
[841/1000] action=create-rb ns=tenant-1 name=tenant-binding group=tenant-1 role=admin
[842/1000] action=create-clusterrole name=dev resources=pods verbs=watch,list,update
[843/1000] action=delete-crb name=foo-global-binding
[844/1000] action=cross-tenant-access context=tenant-2-user@kubernetes operation=patch resource=configmap namespace=tenant-1
[845/1000] action=cross-tenant-access context=tenant-1-user@kubernetes operation=list resource=configmap namespace=tenant-2
[846/1000] action=cross-tenant-access context=tenant-2-user@kubernetes operation=get resource=configmap namespace=tenant-1
[847/1000] action=cross-tenant-access context=tenant-2-user@kubernetes operation=get resource=configmap namespace=tenant-1
[848/1000] action=cross-tenant-access context=tenant-1-user@kubernetes operation=watch resource=configmap namespace=tenant-2
[849/1000] action=cross-tenant-access context=tenant-1-user@kubernetes operation=delete resource=configmap namespace=tenant-2
[850/1000] action=create-rb ns=tenant-1 name=tenant-binding group=tenant-1 role=dev
[851/1000] action=cross-tenant-access context=tenant-1-user@kubernetes operation=patch resource=configmap namespace=tenant-2
[852/1000] action=delete-crb name=foo-global-binding
[853/1000] action=create-clusterrole name=dev resources=configmaps verbs=update
[854/1000] action=cross-tenant-access context=tenant-2-user@kubernetes operation=list resource=configmap namespace=tenant-1
[855/1000] action=delete-rb ns=tenant-2 name=tenant-binding
[856/1000] action=create-rb ns=tenant-1 name=tenant-binding group=tenant-1 role=edit
[857/1000] action=create-rb ns=tenant-1 name=tenant-binding group=tenant-1 role=admin
[858/1000] action=cross-tenant-access context=tenant-2-user@kubernetes operation=list resource=configmap namespace=tenant-1
[859/1000] action=delete-clusterrole name=dev
[860/1000] action=cross-tenant-access context=tenant-2-user@kubernetes operation=watch resource=configmap namespace=tenant-1
[861/1000] action=delete-rb ns=tenant-1 name=tenant-binding
[862/1000] action=create-rb ns=tenant-2 name=tenant-binding group=tenant-2 role=view
[863/1000] action=cross-tenant-access context=tenant-2-user@kubernetes operation=delete resource=configmap namespace=tenant-1
[864/1000] action=create-clusterrole name=dev resources=services,pods verbs=update,patch
[865/1000] action=delete-rb ns=tenant-1 name=tenant-binding
[866/1000] action=delete-crb name=foo-global-binding
[867/1000] action=cross-tenant-access context=tenant-2-user@kubernetes operation=delete resource=configmap namespace=tenant-1
[868/1000] action=delete-rb ns=tenant-2 name=tenant-binding
[869/1000] action=create-rb ns=tenant-1 name=tenant-binding group=tenant-1 role=dev
[870/1000] action=cross-tenant-access context=tenant-2-user@kubernetes operation=get resource=configmap namespace=tenant-1
[871/1000] action=delete-clusterrole name=dev
[872/1000] action=cross-tenant-access context=tenant-1-user@kubernetes operation=get resource=configmap namespace=tenant-2
[873/1000] action=create-crb name=foo-global-binding group=tenant-1 role=view
[874/1000] action=delete-crb name=foo-global-binding
[875/1000] action=cross-tenant-access context=tenant-1-user@kubernetes operation=patch resource=configmap namespace=tenant-2
[876/1000] action=delete-rb ns=tenant-2 name=tenant-binding
[877/1000] action=create-rb ns=tenant-2 name=tenant-binding group=tenant-2 role=edit
[878/1000] action=create-clusterrole name=dev resources=pods verbs=delete,deletecollection
[879/1000] action=cross-tenant-access context=tenant-1-user@kubernetes operation=patch resource=configmap namespace=tenant-2
[880/1000] action=cross-tenant-access context=tenant-2-user@kubernetes operation=get resource=configmap namespace=tenant-1
[881/1000] action=delete-crb name=foo-global-binding
[882/1000] action=cross-tenant-access context=tenant-1-user@kubernetes operation=watch resource=configmap namespace=tenant-2
[883/1000] action=create-rb ns=tenant-1 name=tenant-binding group=tenant-1 role=edit
[884/1000] action=cross-tenant-access context=tenant-1-user@kubernetes operation=get resource=configmap namespace=tenant-2
[885/1000] action=cross-tenant-access context=tenant-2-user@kubernetes operation=watch resource=configmap namespace=tenant-1
[886/1000] action=cross-tenant-access context=tenant-2-user@kubernetes operation=get resource=configmap namespace=tenant-1
[887/1000] action=cross-tenant-access context=tenant-1-user@kubernetes operation=patch resource=configmap namespace=tenant-2
[888/1000] action=delete-crb name=foo-global-binding
[889/1000] action=delete-rb ns=tenant-2 name=tenant-binding
[890/1000] action=delete-rb ns=tenant-2 name=tenant-binding
[891/1000] action=cross-tenant-access context=tenant-1-user@kubernetes operation=watch resource=configmap namespace=tenant-2
[892/1000] action=delete-rb ns=tenant-2 name=tenant-binding
[893/1000] action=cross-tenant-access context=tenant-2-user@kubernetes operation=list resource=configmap namespace=tenant-1
[894/1000] action=create-rb ns=tenant-2 name=tenant-binding group=tenant-2 role=cluster-admin
[895/1000] action=delete-crb name=foo-global-binding
[896/1000] action=cross-tenant-access context=tenant-2-user@kubernetes operation=patch resource=configmap namespace=tenant-1
[897/1000] action=create-crb name=foo-global-binding group=tenant-1 role=edit
[898/1000] action=delete-rb ns=tenant-2 name=tenant-binding
[899/1000] action=cross-tenant-access context=tenant-2-user@kubernetes operation=watch resource=configmap namespace=tenant-1
[900/1000] action=cross-tenant-access context=tenant-2-user@kubernetes operation=watch resource=configmap namespace=tenant-1
[901/1000] action=create-clusterrole name=dev resources=pods verbs=list,update,watch,deletecollection
[902/1000] action=delete-crb name=foo-global-binding
[903/1000] action=cross-tenant-access context=tenant-1-user@kubernetes operation=watch resource=configmap namespace=tenant-2
[904/1000] action=delete-clusterrole name=dev
[905/1000] action=cross-tenant-access context=tenant-1-user@kubernetes operation=delete resource=configmap namespace=tenant-2
[906/1000] action=cross-tenant-access context=tenant-2-user@kubernetes operation=watch resource=configmap namespace=tenant-1
[907/1000] action=cross-tenant-access context=tenant-2-user@kubernetes operation=watch resource=configmap namespace=tenant-1
[908/1000] action=cross-tenant-access context=tenant-2-user@kubernetes operation=patch resource=configmap namespace=tenant-1
[909/1000] action=create-rb ns=tenant-1 name=tenant-binding group=tenant-1 role=cluster-admin
[910/1000] action=create-rb ns=tenant-2 name=tenant-binding group=tenant-2 role=admin
[911/1000] action=cross-tenant-access context=tenant-1-user@kubernetes operation=list resource=configmap namespace=tenant-2
[912/1000] action=delete-crb name=foo-global-binding
[913/1000] action=create-rb ns=tenant-1 name=tenant-binding group=tenant-1 role=admin
[914/1000] action=create-rb ns=tenant-2 name=tenant-binding group=tenant-2 role=cluster-admin
[915/1000] action=cross-tenant-access context=tenant-2-user@kubernetes operation=delete resource=configmap namespace=tenant-1
[916/1000] action=create-crb name=foo-global-binding group=tenant-2 role=view
[917/1000] action=cross-tenant-access context=tenant-2-user@kubernetes operation=delete resource=configmap namespace=tenant-1
[918/1000] action=cross-tenant-access context=tenant-1-user@kubernetes operation=patch resource=configmap namespace=tenant-2
[919/1000] action=cross-tenant-access context=tenant-1-user@kubernetes operation=delete resource=configmap namespace=tenant-2
[920/1000] action=delete-rb ns=tenant-2 name=tenant-binding
[921/1000] action=cross-tenant-access context=tenant-2-user@kubernetes operation=patch resource=configmap namespace=tenant-1
[922/1000] action=create-clusterrole name=dev resources=configmaps,secrets,pods verbs=watch,delete,get
[923/1000] action=cross-tenant-access context=tenant-1-user@kubernetes operation=watch resource=configmap namespace=tenant-2
[924/1000] action=create-crb name=foo-global-binding group=tenant-1 role=cluster-admin
[925/1000] action=delete-crb name=foo-global-binding
[926/1000] action=cross-tenant-access context=tenant-1-user@kubernetes operation=watch resource=configmap namespace=tenant-2
[927/1000] action=delete-rb ns=tenant-2 name=tenant-binding
[928/1000] action=cross-tenant-access context=tenant-2-user@kubernetes operation=watch resource=configmap namespace=tenant-1
[929/1000] action=delete-clusterrole name=dev
[930/1000] action=cross-tenant-access context=tenant-2-user@kubernetes operation=delete resource=configmap namespace=tenant-1
[931/1000] action=delete-rb ns=tenant-1 name=tenant-binding
[932/1000] action=cross-tenant-access context=tenant-2-user@kubernetes operation=watch resource=configmap namespace=tenant-1
[933/1000] action=delete-rb ns=tenant-2 name=tenant-binding
[934/1000] action=cross-tenant-access context=tenant-1-user@kubernetes operation=delete resource=configmap namespace=tenant-2
[935/1000] action=create-rb ns=tenant-1 name=tenant-binding group=tenant-1 role=dev
[936/1000] action=create-crb name=foo-global-binding group=tenant-2 role=edit
[937/1000] action=delete-rb ns=tenant-2 name=tenant-binding
[938/1000] action=create-rb ns=tenant-2 name=tenant-binding group=tenant-2 role=dev
[939/1000] action=create-rb ns=tenant-1 name=tenant-binding group=tenant-1 role=cluster-admin
[940/1000] action=delete-rb ns=tenant-2 name=tenant-binding
[941/1000] action=create-rb ns=tenant-2 name=tenant-binding group=tenant-2 role=edit
[942/1000] action=create-clusterrole name=dev resources=configmaps,services,secrets verbs=list,update,create,delete
[943/1000] action=cross-tenant-access context=tenant-2-user@kubernetes operation=patch resource=configmap namespace=tenant-1
[944/1000] action=create-rb ns=tenant-2 name=tenant-binding group=tenant-2 role=dev
[945/1000] action=cross-tenant-access context=tenant-2-user@kubernetes operation=delete resource=configmap namespace=tenant-1
[946/1000] action=cross-tenant-access context=tenant-1-user@kubernetes operation=watch resource=configmap namespace=tenant-2
[947/1000] action=create-crb name=foo-global-binding group=tenant-2 role=edit
[948/1000] action=delete-rb ns=tenant-2 name=tenant-binding
[949/1000] action=cross-tenant-access context=tenant-2-user@kubernetes operation=watch resource=configmap namespace=tenant-1
[950/1000] action=create-rb ns=tenant-1 name=tenant-binding group=tenant-1 role=view
[951/1000] action=cross-tenant-access context=tenant-1-user@kubernetes operation=list resource=configmap namespace=tenant-2
[952/1000] action=delete-clusterrole name=dev
[953/1000] action=delete-crb name=foo-global-binding
[954/1000] action=cross-tenant-access context=tenant-1-user@kubernetes operation=delete resource=configmap namespace=tenant-2
[955/1000] action=create-rb ns=tenant-1 name=tenant-binding group=tenant-1 role=edit
[956/1000] action=cross-tenant-access context=tenant-2-user@kubernetes operation=watch resource=configmap namespace=tenant-1
[957/1000] action=create-rb ns=tenant-1 name=tenant-binding group=tenant-1 role=view
[958/1000] action=delete-rb ns=tenant-2 name=tenant-binding
[959/1000] action=cross-tenant-access context=tenant-1-user@kubernetes operation=get resource=configmap namespace=tenant-2
[960/1000] action=create-rb ns=tenant-2 name=tenant-binding group=tenant-2 role=view
[961/1000] action=cross-tenant-access context=tenant-1-user@kubernetes operation=delete resource=configmap namespace=tenant-2
[962/1000] action=create-rb ns=tenant-2 name=tenant-binding group=tenant-2 role=dev
[963/1000] action=delete-clusterrole name=dev
[964/1000] action=create-rb ns=tenant-1 name=tenant-binding group=tenant-1 role=edit
[965/1000] action=delete-rb ns=tenant-2 name=tenant-binding
[966/1000] action=create-crb name=foo-global-binding group=tenant-2 role=view
[967/1000] action=create-crb name=foo-global-binding group=tenant-1 role=view
[968/1000] action=create-crb name=foo-global-binding group=tenant-2 role=cluster-admin
[969/1000] action=delete-clusterrole name=dev
[970/1000] action=create-clusterrole name=dev resources=configmaps,secrets verbs=update,get,patch,deletecollection,list
[971/1000] action=delete-clusterrole name=dev
[972/1000] action=cross-tenant-access context=tenant-2-user@kubernetes operation=watch resource=configmap namespace=tenant-1
[973/1000] action=delete-clusterrole name=dev
[974/1000] action=create-clusterrole name=dev resources=services,pods,configmaps verbs=watch,get,patch,deletecollection,update
[975/1000] action=create-rb ns=tenant-2 name=tenant-binding group=tenant-2 role=admin
[976/1000] action=cross-tenant-access context=tenant-2-user@kubernetes operation=get resource=configmap namespace=tenant-1
[977/1000] action=cross-tenant-access context=tenant-1-user@kubernetes operation=list resource=configmap namespace=tenant-2
[978/1000] action=create-crb name=foo-global-binding group=tenant-2 role=dev
[979/1000] action=cross-tenant-access context=tenant-2-user@kubernetes operation=watch resource=configmap namespace=tenant-1
[980/1000] action=delete-rb ns=tenant-1 name=tenant-binding
[981/1000] action=create-rb ns=tenant-1 name=tenant-binding group=tenant-1 role=dev
[982/1000] action=create-rb ns=tenant-2 name=tenant-binding group=tenant-2 role=edit
[983/1000] action=cross-tenant-access context=tenant-1-user@kubernetes operation=watch resource=configmap namespace=tenant-2
[984/1000] action=cross-tenant-access context=tenant-1-user@kubernetes operation=list resource=configmap namespace=tenant-2
[985/1000] action=delete-rb ns=tenant-1 name=tenant-binding
[986/1000] action=create-rb ns=tenant-2 name=tenant-binding group=tenant-2 role=admin
[987/1000] action=cross-tenant-access context=tenant-2-user@kubernetes operation=watch resource=configmap namespace=tenant-1
[988/1000] action=create-clusterrole name=dev resources=configmaps verbs=create
[989/1000] action=delete-rb ns=tenant-2 name=tenant-binding
[990/1000] action=delete-rb ns=tenant-2 name=tenant-binding
[991/1000] action=delete-rb ns=tenant-1 name=tenant-binding
[992/1000] action=delete-rb ns=tenant-1 name=tenant-binding
[993/1000] action=delete-clusterrole name=dev
[994/1000] action=delete-crb name=foo-global-binding
[995/1000] action=cross-tenant-access context=tenant-2-user@kubernetes operation=patch resource=configmap namespace=tenant-1
[996/1000] action=cross-tenant-access context=tenant-2-user@kubernetes operation=patch resource=configmap namespace=tenant-1
[997/1000] action=cross-tenant-access context=tenant-1-user@kubernetes operation=patch resource=configmap namespace=tenant-2
[998/1000] action=create-rb ns=tenant-2 name=tenant-binding group=tenant-2 role=dev
[999/1000] action=cross-tenant-access context=tenant-2-user@kubernetes operation=get resource=configmap namespace=tenant-1
[1000/1000] action=create-rb ns=tenant-2 name=tenant-binding group=tenant-2 role=dev
