[1/50] action=delete-crb name=foo-global-binding
[2/50] action=create-rb ns=tenant-5 name=tenant-binding group=tenant-5 role=cluster-admin
[3/50] action=delete-clusterrole name=dev
[4/50] action=cross-tenant-access context=tenant-5-user@kubernetes operation=watch resource=configmap namespace=tenant-1
[5/50] action=cross-tenant-access context=tenant-1-user@kubernetes operation=delete resource=configmap namespace=tenant-5
[6/50] action=create-clusterrole name=dev resources=pods,secrets,configmaps verbs=update,list,deletecollection,get,delete
[7/50] action=cross-tenant-access context=tenant-2-user@kubernetes operation=delete resource=configmap namespace=tenant-4
[8/50] action=delete-rb ns=tenant-1 name=tenant-binding
[9/50] action=delete-rb ns=tenant-2 name=tenant-binding
[10/50] action=cross-tenant-access context=tenant-5-user@kubernetes operation=patch resource=configmap namespace=tenant-2
[11/50] action=cross-tenant-access context=tenant-3-user@kubernetes operation=watch resource=configmap namespace=tenant-5
[12/50] action=cross-tenant-access context=tenant-2-user@kubernetes operation=patch resource=configmap namespace=tenant-5
[13/50] action=delete-rb ns=tenant-4 name=tenant-binding
[14/50] action=delete-rb ns=tenant-5 name=tenant-binding
[15/50] action=delete-clusterrole name=dev
[16/50] action=cross-tenant-access context=tenant-5-user@kubernetes operation=list resource=configmap namespace=tenant-3
[17/50] action=create-crb name=foo-global-binding group=tenant-4 role=dev
[18/50] action=create-rb ns=tenant-1 name=tenant-binding group=tenant-1 role=dev
[19/50] action=cross-tenant-access context=tenant-1-user@kubernetes operation=list resource=configmap namespace=tenant-3
[20/50] action=create-clusterrole name=dev resources=secrets verbs=create,delete,patch
[21/50] action=cross-tenant-access context=tenant-3-user@kubernetes operation=patch resource=configmap namespace=tenant-5
[22/50] action=cross-tenant-access context=tenant-4-user@kubernetes operation=delete resource=configmap namespace=tenant-5
[23/50] action=create-rb ns=tenant-4 name=tenant-binding group=tenant-4 role=view
[24/50] action=delete-clusterrole name=dev
[25/50] action=delete-crb name=foo-global-binding
[26/50] action=cross-tenant-access context=tenant-3-user@kubernetes operation=patch resource=configmap namespace=tenant-4
[27/50] action=create-rb ns=tenant-4 name=tenant-binding group=tenant-4 role=dev
[28/50] action=create-rb ns=tenant-5 name=tenant-binding group=tenant-5 role=cluster-admin
[29/50] action=cross-tenant-access context=tenant-4-user@kubernetes operation=patch resource=configmap namespace=tenant-5
[30/50] action=cross-tenant-access context=tenant-4-user@kubernetes operation=watch resource=configmap namespace=tenant-2
[31/50] action=create-rb ns=tenant-2 name=tenant-binding group=tenant-2 role=dev
[32/50] action=create-rb ns=tenant-1 name=tenant-binding group=tenant-1 role=edit
[33/50] action=cross-tenant-access context=tenant-3-user@kubernetes operation=get resource=configmap namespace=tenant-4
[34/50] action=cross-tenant-access context=tenant-1-user@kubernetes operation=watch resource=configmap namespace=tenant-2
[35/50] action=cross-tenant-access context=tenant-1-user@kubernetes operation=get resource=configmap namespace=tenant-4
[36/50] action=create-clusterrole name=dev resources=services,secrets,pods verbs=update,list,patch,get,watch
[37/50] action=cross-tenant-access context=tenant-4-user@kubernetes operation=patch resource=configmap namespace=tenant-2
[38/50] action=cross-tenant-access context=tenant-4-user@kubernetes operation=delete resource=configmap namespace=tenant-5
[39/50] action=create-crb name=foo-global-binding group=tenant-4 role=dev
[40/50] action=delete-clusterrole name=dev
[41/50] action=cross-tenant-access context=tenant-4-user@kubernetes operation=list resource=configmap namespace=tenant-1
[42/50] action=delete-rb ns=tenant-3 name=tenant-binding
[43/50] action=cross-tenant-access context=tenant-5-user@kubernetes operation=delete resource=configmap namespace=tenant-4
[44/50] action=create-rb ns=tenant-2 name=tenant-binding group=tenant-2 role=view
[45/50] action=delete-rb ns=tenant-5 name=tenant-binding
[46/50] action=create-rb ns=tenant-5 name=tenant-binding group=tenant-5 role=admin
[47/50] action=delete-rb ns=tenant-5 name=tenant-binding
[48/50] action=create-crb name=foo-global-binding group=tenant-3 role=dev
[49/50] action=create-crb name=foo-global-binding group=tenant-1 role=cluster-admin
[50/50] action=delete-clusterrole name=dev
