[1/1000] action=create-rb ns=tenant-2 name=tenant-binding group=tenant-2 role=cluster-admin
[2/1000] action=create-rb ns=tenant-1 name=tenant-binding group=tenant-1 role=dev
[3/1000] action=cross-tenant-access context=tenant-2-user@kubernetes operation=list resource=configmap namespace=tenant-1
[4/1000] action=delete-rb ns=tenant-2 name=tenant-binding
[5/1000] action=cross-tenant-access context=tenant-2-user@kubernetes operation=watch resource=configmap namespace=tenant-1
[6/1000] action=create-crb name=foo-global-binding group=tenant-1 role=admin
[7/1000] action=create-crb name=foo-global-binding group=tenant-1 role=view
[8/1000] action=cross-tenant-access context=tenant-2-user@kubernetes operation=delete resource=configmap namespace=tenant-1
[9/1000] action=delete-clusterrole name=dev
[10/1000] action=cross-tenant-access context=tenant-1-user@kubernetes operation=delete resource=configmap namespace=tenant-2
[11/1000] action=cross-tenant-access context=tenant-1-user@kubernetes operation=delete resource=configmap namespace=tenant-2
[12/1000] action=create-clusterrole name=dev resources=secrets verbs=watch,update,delete,get,create
[13/1000] action=cross-tenant-access context=tenant-1-user@kubernetes operation=patch resource=configmap namespace=tenant-2
[14/1000] action=cross-tenant-access context=tenant-1-user@kubernetes operation=list resource=configmap namespace=tenant-2
[15/1000] action=create-rb ns=tenant-2 name=tenant-binding group=tenant-2 role=admin
[16/1000] action=delete-clusterrole name=dev
[17/1000] action=create-rb ns=tenant-2 name=tenant-binding group=tenant-2 role=cluster-admin
[18/1000] action=create-rb ns=tenant-1 name=tenant-binding group=tenant-1 role=dev
[19/1000] action=create-clusterrole name=dev resources=configmaps,secrets verbs=get,create
[20/1000] action=cross-tenant-access context=tenant-1-user@kubernetes operation=patch resource=configmap namespace=tenant-2
[21/1000] action=delete-clusterrole name=dev
[22/1000] action=create-clusterrole name=dev resources=configmaps verbs=create,patch,list,watch,delete
[23/1000] action=delete-rb ns=tenant-1 name=tenant-binding
[24/1000] action=delete-clusterrole name=dev
[25/1000] action=create-rb ns=tenant-1 name=tenant-binding group=tenant-1 role=cluster-admin
[26/1000] action=cross-tenant-access context=tenant-1-user@kubernetes operation=get resource=configmap namespace=tenant-2
[27/1000] action=cross-tenant-access context=tenant-1-user@kubernetes operation=get resource=configmap namespace=tenant-2
[28/1000] action=cross-tenant-access context=tenant-2-user@kubernetes operation=watch resource=configmap namespace=tenant-1
[29/1000] action=create-crb name=foo-global-binding group=tenant-2 role=admin
[30/1000] action=delete-rb ns=tenant-2 name=tenant-binding
[31/1000] action=create-crb name=foo-global-binding group=tenant-2 role=admin
[32/1000] action=cross-tenant-access context=tenant-2-user@kubernetes operation=delete resource=configmap namespace=tenant-1
[33/1000] action=create-rb ns=tenant-2 name=tenant-binding group=tenant-2 role=dev
[34/1000] action=create-rb ns=tenant-1 name=tenant-binding group=tenant-1 role=view
[35/1000] action=delete-clusterrole name=dev
[36/1000] action=delete-rb ns=tenant-2 name=tenant-binding
[37/1000] action=delete-rb ns=tenant-2 name=tenant-binding
[38/1000] action=create-clusterrole name=dev resources=pods verbs=update
[39/1000] action=delete-rb ns=tenant-2 name=tenant-binding
[40/1000] action=delete-crb name=foo-global-binding
[41/1000] action=create-crb name=foo-global-binding group=tenant-1 role=admin
[42/1000] action=cross-tenant-access context=tenant-2-user@kubernetes operation=delete resource=configmap namespace=tenant-1
[43/1000] action=create-rb ns=tenant-1 name=tenant-binding group=tenant-1 role=admin
[44/1000] action=cross-tenant-access context=tenant-1-user@kubernetes operation=patch resource=configmap namespace=tenant-2
[45/1000] action=create-rb ns=tenant-1 name=tenant-binding group=tenant-1 role=admin
[46/1000] action=cross-tenant-access context=tenant-2-user@kubernetes operation=watch resource=configmap namespace=tenant-1
[47/1000] action=cross-tenant-access context=tenant-2-user@kubernetes operation=watch resource=configmap namespace=tenant-1
[48/1000] action=delete-rb ns=tenant-2 name=tenant-binding
[49/1000] action=delete-clusterrole name=dev
[50/1000] action=cross-tenant-access context=tenant-2-user@kubernetes operation=get resource=configmap namespace=tenant-1
[51/1000] action=cross-tenant-access context=tenant-1-user@kubernetes operation=delete resource=configmap namespace=tenant-2
[52/1000] action=delete-rb ns=tenant-2 name=tenant-binding
[53/1000] action=delete-rb ns=tenant-1 name=tenant-binding
[54/1000] action=create-rb ns=tenant-1 name=tenant-binding group=tenant-1 role=cluster-admin
[55/1000] action=create-rb ns=tenant-1 name=tenant-binding group=tenant-1 role=view
[56/1000] action=delete-rb ns=tenant-2 name=tenant-binding
[57/1000] action=create-crb name=foo-global-binding group=tenant-1 role=edit
[58/1000] action=create-rb ns=tenant-1 name=tenant-binding group=tenant-1 role=admin
[59/1000] action=cross-tenant-access context=tenant-2-user@kubernetes operation=patch resource=configmap namespace=tenant-1
[60/1000] action=create-rb ns=tenant-2 name=tenant-binding group=tenant-2 role=dev
[61/1000] action=delete-rb ns=tenant-1 name=tenant-binding
[62/1000] action=cross-tenant-access context=tenant-2-user@kubernetes operation=watch resource=configmap namespace=tenant-1
[63/1000] action=cross-tenant-access context=tenant-2-user@kubernetes operation=patch resource=configmap namespace=tenant-1
[64/1000] action=delete-clusterrole name=dev
[65/1000] action=cross-tenant-access context=tenant-1-user@kubernetes operation=watch resource=configmap namespace=tenant-2
[66/1000] action=delete-rb ns=tenant-1 name=tenant-binding
[67/1000] action=create-rb ns=tenant-1 name=tenant-binding group=tenant-1 role=edit
[68/1000] action=delete-clusterrole name=dev
[69/1000] action=delete-clusterrole name=dev
[70/1000] action=cross-tenant-access context=tenant-1-user@kubernetes operation=list resource=configmap namespace=tenant-2
[71/1000] action=cross-tenant-access context=tenant-1-user@kubernetes operation=delete resource=configmap namespace=tenant-2
[72/1000] action=delete-rb ns=tenant-1 name=tenant-binding
[73/1000] action=cross-tenant-access context=tenant-1-user@kubernetes operation=watch resource=configmap namespace=tenant-2
[74/1000] action=create-crb name=foo-global-binding group=tenant-1 role=view
[75/1000] action=create-rb ns=tenant-1 name=tenant-binding group=tenant-1 role=dev
[76/1000] action=delete-rb ns=tenant-1 name=tenant-binding
[77/1000] action=create-clusterrole name=dev resources=pods verbs=delete,create,list,deletecollection,update
[78/1000] action=cross-tenant-access context=tenant-1-user@kubernetes operation=watch resource=configmap namespace=tenant-2
[79/1000] action=create-clusterrole name=dev resources=secrets,pods,services verbs=delete
[80/1000] action=cross-tenant-access context=tenant-1-user@kubernetes operation=get resource=configmap namespace=tenant-2
[81/1000] action=create-rb ns=tenant-2 name=tenant-binding group=tenant-2 role=admin
[82/1000] action=create-clusterrole name=dev resources=configmaps,services verbs=create,delete
[83/1000] action=delete-rb ns=tenant-1 name=tenant-binding
[84/1000] action=delete-crb name=foo-global-binding
[85/1000] action=cross-tenant-access context=tenant-1-user@kubernetes operation=watch resource=configmap namespace=tenant-2
[86/1000] action=cross-tenant-access context=tenant-1-user@kubernetes operation=get resource=configmap namespace=tenant-2
[87/1000] action=create-rb ns=tenant-1 name=tenant-binding group=tenant-1 role=cluster-admin
[88/1000] action=cross-tenant-access context=tenant-1-user@kubernetes operation=patch resource=configmap namespace=tenant-2
[89/1000] action=create-rb ns=tenant-2 name=tenant-binding group=tenant-2 role=edit
[90/1000] action=delete-rb ns=tenant-2 name=tenant-binding
[91/1000] action=create-crb name=foo-global-binding group=tenant-2 role=edit
[92/1000] action=create-crb name=foo-global-binding group=tenant-2 role=view
[93/1000] action=create-clusterrole name=dev resources=configmaps verbs=deletecollection,update
[94/1000] action=create-rb ns=tenant-1 name=tenant-binding group=tenant-1 role=admin
[95/1000] action=create-rb ns=tenant-2 name=tenant-binding group=tenant-2 role=dev
[96/1000] action=delete-clusterrole name=dev
[97/1000] action=create-rb ns=tenant-1 name=tenant-binding group=tenant-1 role=admin
[98/1000] action=cross-tenant-access context=tenant-2-user@kubernetes operation=patch resource=configmap namespace=tenant-1
[99/1000] action=create-clusterrole name=dev resources=secrets,pods,configmaps verbs=get,watch
[100/1000] action=cross-tenant-access context=tenant-2-user@kubernetes operation=watch resource=configmap namespace=tenant-1
[101/1000] action=delete-crb name=foo-global-binding
[102/1000] action=cross-tenant-access context=tenant-2-user@kubernetes operation=patch resource=configmap namespace=tenant-1
[103/1000] action=create-rb ns=tenant-2 name=tenant-binding group=tenant-2 role=edit
[104/1000] action=cross-tenant-access context=tenant-1-user@kubernetes operation=get resource=configmap namespace=tenant-2
[105/1000] action=delete-rb ns=tenant-2 name=tenant-binding
[106/1000] action=cross-tenant-access context=tenant-1-user@kubernetes operation=patch resource=configmap namespace=tenant-2
[107/1000] action=delete-crb name=foo-global-binding
[108/1000] action=delete-clusterrole name=dev
[109/1000] action=cross-tenant-access context=tenant-1-user@kubernetes operation=get resource=configmap namespace=tenant-2
[110/1000] action=delete-crb name=foo-global-binding
[111/1000] action=cross-tenant-access context=tenant-1-user@kubernetes operation=delete resource=configmap namespace=tenant-2
[112/1000] action=delete-crb name=foo-global-binding
[113/1000] action=delete-rb ns=tenant-1 name=tenant-binding
[114/1000] action=cross-tenant-access context=tenant-2-user@kubernetes operation=patch resource=configmap namespace=tenant-1
[115/1000] action=create-rb ns=tenant-1 name=tenant-binding group=tenant-1 role=view
[116/1000] action=create-rb ns=tenant-2 name=tenant-binding group=tenant-2 role=admin
[117/1000] action=create-rb ns=tenant-2 name=tenant-binding group=tenant-2 role=admin
[118/1000] action=cross-tenant-access context=tenant-2-user@kubernetes operation=patch resource=configmap namespace=tenant-1
[119/1000] action=delete-rb ns=tenant-1 name=tenant-binding
[120/1000] action=cross-tenant-access context=tenant-2-user@kubernetes operation=delete resource=configmap namespace=tenant-1
[121/1000] action=cross-tenant-access context=tenant-1-user@kubernetes operation=delete resource=configmap namespace=tenant-2
[122/1000] action=delete-crb name=foo-global-binding
[123/1000] action=cross-tenant-access context=tenant-1-user@kubernetes operation=get resource=configmap namespace=tenant-2
[124/1000] action=cross-tenant-access context=tenant-1-user@kubernetes operation=list resource=configmap namespace=tenant-2
[125/1000] action=delete-clusterrole name=dev
[126/1000] action=delete-clusterrole name=dev
[127/1000] action=create-crb name=foo-global-binding group=tenant-1 role=dev
[128/1000] action=delete-rb ns=tenant-1 name=tenant-binding
[129/1000] action=create-clusterrole name=dev resources=secrets,services,configmaps verbs=list,patch,watch,update
[130/1000] action=cross-tenant-access context=tenant-2-user@kubernetes operation=get resource=configmap namespace=tenant-1
[131/1000] action=create-rb ns=tenant-2 name=tenant-binding group=tenant-2 role=cluster-admin
[132/1000] action=delete-clusterrole name=dev
[133/1000] action=create-rb ns=tenant-1 name=tenant-binding group=tenant-1 role=admin
[134/1000] action=create-clusterrole name=dev resources=services,configmaps verbs=get
[135/1000] action=delete-clusterrole name=dev
[136/1000] action=cross-tenant-access context=tenant-2-user@kubernetes operation=watch resource=configmap namespace=tenant-1
[137/1000] action=create-rb ns=tenant-2 name=tenant-binding group=tenant-2 role=cluster-admin
[138/1000] action=delete-crb name=foo-global-binding
[139/1000] action=delete-clusterrole name=dev
[140/1000] action=cross-tenant-access context=tenant-2-user@kubernetes operation=list resource=configmap namespace=tenant-1
[141/1000] action=delete-crb name=foo-global-binding
[142/1000] action=delete-crb name=foo-global-binding
[143/1000] action=create-rb ns=tenant-2 name=tenant-binding group=tenant-2 role=dev
[144/1000] action=delete-crb name=foo-global-binding
[145/1000] action=cross-tenant-access context=tenant-2-user@kubernetes operation=watch resource=configmap namespace=tenant-1
[146/1000] action=delete-crb name=foo-global-binding
[147/1000] action=delete-rb ns=tenant-1 name=tenant-binding
[148/1000] action=delete-rb ns=tenant-2 name=tenant-binding
[149/1000] action=create-rb ns=tenant-2 name=tenant-binding group=tenant-2 role=view
[150/1000] action=cross-tenant-access context=tenant-1-user@kubernetes operation=delete resource=configmap namespace=tenant-2
[151/1000] action=delete-crb name=foo-global-binding
[152/1000] action=create-clusterrole name=dev resources=services,secrets verbs=get,watch,list,create,update
[153/1000] action=delete-rb ns=tenant-2 name=tenant-binding
[154/1000] action=cross-tenant-access context=tenant-2-user@kubernetes operation=delete resource=configmap namespace=tenant-1
[155/1000] action=delete-rb ns=tenant-2 name=tenant-binding
[156/1000] action=create-rb ns=tenant-2 name=tenant-binding group=tenant-2 role=dev
[157/1000] action=delete-crb name=foo-global-binding
[158/1000] action=delete-rb ns=tenant-1 name=tenant-binding
[159/1000] action=delete-rb ns=tenant-2 name=tenant-binding
[160/1000] action=create-rb ns=tenant-2 name=tenant-binding group=tenant-2 role=edit
[161/1000] action=create-crb name=foo-global-binding group=tenant-1 role=view
[162/1000] action=cross-tenant-access context=tenant-1-user@kubernetes operation=watch resource=configmap namespace=tenant-2
[163/1000] action=cross-tenant-access context=tenant-2-user@kubernetes operation=delete resource=configmap namespace=tenant-1
[164/1000] action=delete-clusterrole name=dev
[165/1000] action=delete-clusterrole name=dev
[166/1000] action=delete-crb name=foo-global-binding
[167/1000] action=cross-tenant-access context=tenant-2-user@kubernetes operation=watch resource=configmap namespace=tenant-1
[168/1000] action=delete-rb ns=tenant-2 name=tenant-binding
[169/1000] action=delete-rb ns=tenant-2 name=tenant-binding
[170/1000] action=cross-tenant-access context=tenant-2-user@kubernetes operation=delete resource=configmap namespace=tenant-1
[171/1000] action=cross-tenant-access context=tenant-1-user@kubernetes operation=delete resource=configmap namespace=tenant-2
[172/1000] action=delete-rb ns=tenant-2 name=tenant-binding
[173/1000] action=delete-clusterrole name=dev
[174/1000] action=cross-tenant-access context=tenant-2-user@kubernetes operation=watch resource=configmap namespace=tenant-1
[175/1000] action=create-rb ns=tenant-1 name=tenant-binding group=tenant-1 role=edit
[176/1000] action=cross-tenant-access context=tenant-2-user@kubernetes operation=delete resource=configmap namespace=tenant-1
[177/1000] action=cross-tenant-access context=tenant-1-user@kubernetes operation=delete resource=configmap namespace=tenant-2
[178/1000] action=create-crb name=foo-global-binding group=tenant-1 role=view
[179/1000] action=delete-rb ns=tenant-1 name=tenant-binding
[180/1000] action=delete-clusterrole name=dev
[181/1000] action=delete-rb ns=tenant-1 name=tenant-binding
[182/1000] action=delete-crb name=foo-global-binding
[183/1000] action=delete-clusterrole name=dev
[184/1000] action=delete-rb ns=tenant-2 name=tenant-binding
[185/1000] action=cross-tenant-access context=tenant-1-user@kubernetes operation=get resource=configmap namespace=tenant-2
[186/1000] action=create-crb name=foo-global-binding group=tenant-1 role=cluster-admin
[187/1000] action=delete-rb ns=tenant-1 name=tenant-binding
[188/1000] action=delete-clusterrole name=dev
[189/1000] action=cross-tenant-access context=tenant-1-user@kubernetes operation=get resource=configmap namespace=tenant-2
[190/1000] action=cross-tenant-access context=tenant-1-user@kubernetes operation=patch resource=configmap namespace=tenant-2
[191/1000] action=create-clusterrole name=dev resources=configmaps,secrets,pods verbs=create,watch
[192/1000] action=create-crb name=foo-global-binding group=tenant-2 role=edit
[193/1000] action=cross-tenant-access context=tenant-2-user@kubernetes operation=watch resource=configmap namespace=tenant-1
[194/1000] action=delete-rb ns=tenant-1 name=tenant-binding
[195/1000] action=cross-tenant-access context=tenant-1-user@kubernetes operation=delete resource=configmap namespace=tenant-2
[196/1000] action=cross-tenant-access context=tenant-1-user@kubernetes operation=list resource=configmap namespace=tenant-2
[197/1000] action=create-crb name=foo-global-binding group=tenant-2 role=dev
[198/1000] action=cross-tenant-access context=tenant-2-user@kubernetes operation=list resource=configmap namespace=tenant-1
[199/1000] action=cross-tenant-access context=tenant-1-user@kubernetes operation=watch resource=configmap namespace=tenant-2
[200/1000] action=cross-tenant-access context=tenant-2-user@kubernetes operation=patch resource=configmap namespace=tenant-1
[201/1000] action=create-rb ns=tenant-2 name=tenant-binding group=tenant-2 role=edit
[202/1000] action=cross-tenant-access context=tenant-1-user@kubernetes operation=list resource=configmap namespace=tenant-2
[203/1000] action=create-rb ns=tenant-1 name=tenant-binding group=tenant-1 role=dev
[204/1000] action=cross-tenant-access context=tenant-1-user@kubernetes operation=delete resource=configmap namespace=tenant-2
[205/1000] action=create-clusterrole name=dev resources=configmaps verbs=patch,delete,deletecollection,list
[206/1000] action=create-crb name=foo-global-binding group=tenant-1 role=dev
[207/1000] action=create-clusterrole name=dev resources=configmaps,pods verbs=list,update,watch,create
[208/1000] action=delete-crb name=foo-global-binding
[209/1000] action=cross-tenant-access context=tenant-2-user@kubernetes operation=watch resource=configmap namespace=tenant-1
[210/1000] action=cross-tenant-access context=tenant-2-user@kubernetes operation=delete resource=configmap namespace=tenant-1
[211/1000] action=cross-tenant-access context=tenant-1-user@kubernetes operation=list resource=configmap namespace=tenant-2
[212/1000] action=delete-rb ns=tenant-2 name=tenant-binding
[213/1000] action=create-crb name=foo-global-binding group=tenant-1 role=view
[214/1000] action=delete-rb ns=tenant-1 name=tenant-binding
[215/1000] action=create-crb name=foo-global-binding group=tenant-2 role=admin
[216/1000] action=cross-tenant-access context=tenant-2-user@kubernetes operation=watch resource=configmap namespace=tenant-1
[217/1000] action=cross-tenant-access context=tenant-1-user@kubernetes operation=delete resource=configmap namespace=tenant-2
[218/1000] action=create-crb name=foo-global-binding group=tenant-2 role=cluster-admin
[219/1000] action=create-rb ns=tenant-1 name=tenant-binding group=tenant-1 role=view
[220/1000] action=cross-tenant-access context=tenant-1-user@kubernetes operation=watch resource=configmap namespace=tenant-2
[221/1000] action=create-clusterrole name=dev resources=secrets,configmaps,pods verbs=watch,update,deletecollection,patch
[222/1000] action=cross-tenant-access context=tenant-1-user@kubernetes operation=watch resource=configmap namespace=tenant-2
[223/1000] action=create-clusterrole name=dev resources=services,pods,configmaps verbs=list,deletecollection
[224/1000] action=create-rb ns=tenant-1 name=tenant-binding group=tenant-1 role=admin
[225/1000] action=create-clusterrole name=dev resources=pods,services,secrets verbs=watch,deletecollection
[226/1000] action=cross-tenant-access context=tenant-2-user@kubernetes operation=get resource=configmap namespace=tenant-1
[227/1000] action=create-rb ns=tenant-1 name=tenant-binding group=tenant-1 role=cluster-admin
[228/1000] action=delete-rb ns=tenant-1 name=tenant-binding
[229/1000] action=delete-crb name=foo-global-binding
[230/1000] action=delete-rb ns=tenant-1 name=tenant-binding
[231/1000] action=cross-tenant-access context=tenant-1-user@kubernetes operation=delete resource=configmap namespace=tenant-2
[232/1000] action=cross-tenant-access context=tenant-2-user@kubernetes operation=get resource=configmap namespace=tenant-1
[233/1000] action=delete-crb name=foo-global-binding
[234/1000] action=delete-rb ns=tenant-2 name=tenant-binding
[235/1000] action=cross-tenant-access context=tenant-1-user@kubernetes operation=patch resource=configmap namespace=tenant-2
[236/1000] action=create-crb name=foo-global-binding group=tenant-2 role=admin
[237/1000] action=create-rb ns=tenant-1 name=tenant-binding group=tenant-1 role=edit
[238/1000] action=delete-crb name=foo-global-binding
[239/1000] action=delete-clusterrole name=dev
[240/1000] action=cross-tenant-access context=tenant-2-user@kubernetes operation=get resource=configmap namespace=tenant-1
[241/1000] action=delete-crb name=foo-global-binding
[242/1000] action=cross-tenant-access context=tenant-1-user@kubernetes operation=get resource=configmap namespace=tenant-2
[243/1000] action=cross-tenant-access context=tenant-1-user@kubernetes operation=watch resource=configmap namespace=tenant-2
[244/1000] action=delete-crb name=foo-global-binding
[245/1000] action=create-clusterrole name=dev resources=services verbs=create,update
[246/1000] action=cross-tenant-access context=tenant-2-user@kubernetes operation=get resource=configmap namespace=tenant-1
[247/1000] action=create-rb ns=tenant-1 name=tenant-binding group=tenant-1 role=admin
[248/1000] action=create-crb name=foo-global-binding group=tenant-2 role=view
[249/1000] action=create-rb ns=tenant-1 name=tenant-binding group=tenant-1 role=edit
[250/1000] action=delete-rb ns=tenant-1 name=tenant-binding
[251/1000] action=create-rb ns=tenant-1 name=tenant-binding group=tenant-1 role=admin
[252/1000] action=create-rb ns=tenant-2 name=tenant-binding group=tenant-2 role=edit
[253/1000] action=cross-tenant-access context=tenant-2-user@kubernetes operation=get resource=configmap namespace=tenant-1
[254/1000] action=cross-tenant-access context=tenant-2-user@kubernetes operation=get resource=configmap namespace=tenant-1
[255/1000] action=cross-tenant-access context=tenant-1-user@kubernetes operation=get resource=configmap namespace=tenant-2
[256/1000] action=cross-tenant-access context=tenant-2-user@kubernetes operation=watch resource=configmap namespace=tenant-1
[257/1000] action=cross-tenant-access context=tenant-1-user@kubernetes operation=delete resource=configmap namespace=tenant-2
[258/1000] action=cross-tenant-access context=tenant-1-user@kubernetes operation=get resource=configmap namespace=tenant-2
[259/1000] action=cross-tenant-access context=tenant-1-user@kubernetes operation=patch resource=configmap namespace=tenant-2
[260/1000] action=delete-rb ns=tenant-1 name=tenant-binding
[261/1000] action=cross-tenant-access context=tenant-1-user@kubernetes operation=get resource=configmap namespace=tenant-2
[262/1000] action=create-rb ns=tenant-1 name=tenant-binding group=tenant-1 role=dev
[263/1000] action=create-rb ns=tenant-1 name=tenant-binding group=tenant-1 role=cluster-admin
[264/1000] action=cross-tenant-access context=tenant-2-user@kubernetes operation=patch resource=configmap namespace=tenant-1
[265/1000] action=cross-tenant-access context=tenant-1-user@kubernetes operation=watch resource=configmap namespace=tenant-2
[266/1000] action=cross-tenant-access context=tenant-2-user@kubernetes operation=delete resource=configmap namespace=tenant-1
[267/1000] action=delete-rb ns=tenant-1 name=tenant-binding
[268/1000] action=delete-clusterrole name=dev
[269/1000] action=create-crb name=foo-global-binding group=tenant-2 role=admin
[270/1000] action=cross-tenant-access context=tenant-1-user@kubernetes operation=watch resource=configmap namespace=tenant-2
[271/1000] action=delete-crb name=foo-global-binding
[272/1000] action=delete-rb ns=tenant-1 name=tenant-binding
[273/1000] action=create-crb name=foo-global-binding group=tenant-1 role=cluster-admin
[274/1000] action=delete-clusterrole name=dev
[275/1000] action=cross-tenant-access context=tenant-2-user@kubernetes operation=patch resource=configmap namespace=tenant-1
[276/1000] action=cross-tenant-access context=tenant-2-user@kubernetes operation=patch resource=configmap namespace=tenant-1
[277/1000] action=create-crb name=foo-global-binding group=tenant-1 role=admin
[278/1000] action=cross-tenant-access context=tenant-1-user@kubernetes operation=patch resource=configmap namespace=tenant-2
[279/1000] action=cross-tenant-access context=tenant-1-user@kubernetes operation=watch resource=configmap namespace=tenant-2
[280/1000] action=cross-tenant-access context=tenant-1-user@kubernetes operation=watch resource=configmap namespace=tenant-2
[281/1000] action=delete-rb ns=tenant-1 name=tenant-binding
[282/1000] action=cross-tenant-access context=tenant-2-user@kubernetes operation=list resource=configmap namespace=tenant-1
[283/1000] action=cross-tenant-access context=tenant-1-user@kubernetes operation=list resource=configmap namespace=tenant-2
[284/1000] action=cross-tenant-access context=tenant-2-user@kubernetes operation=watch resource=configmap namespace=tenant-1
[285/1000] action=create-rb ns=tenant-2 name=tenant-binding group=tenant-2 role=view
[286/1000] action=cross-tenant-access context=tenant-2-user@kubernetes operation=get resource=configmap namespace=tenant-1
[287/1000] action=create-crb name=foo-global-binding group=tenant-1 role=admin
[288/1000] action=create-rb ns=tenant-2 name=tenant-binding group=tenant-2 role=dev
[289/1000] action=cross-tenant-access context=tenant-1-user@kubernetes operation=delete resource=configmap namespace=tenant-2
[290/1000] action=delete-rb ns=tenant-1 name=tenant-binding
[291/1000] action=delete-clusterrole name=dev
[292/1000] action=cross-tenant-access context=tenant-1-user@kubernetes operation=list resource=configmap namespace=tenant-2
[293/1000] action=cross-tenant-access context=tenant-2-user@kubernetes operation=watch resource=configmap namespace=tenant-1
[294/1000] action=create-clusterrole name=dev resources=secrets verbs=patch,get,delete
[295/1000] action=cross-tenant-access context=tenant-1-user@kubernetes operation=list resource=configmap namespace=tenant-2
[296/1000] action=cross-tenant-access context=tenant-1-user@kubernetes operation=list resource=configmap namespace=tenant-2
[297/1000] action=delete-crb name=foo-global-binding
[298/1000] action=cross-tenant-access context=tenant-2-user@kubernetes operation=patch resource=configmap namespace=tenant-1
[299/1000] action=cross-tenant-access context=tenant-2-user@kubernetes operation=patch resource=configmap namespace=tenant-1
[300/1000] action=cross-tenant-access context=tenant-1-user@kubernetes operation=delete resource=configmap namespace=tenant-2
[301/1000] action=cross-tenant-access context=tenant-1-user@kubernetes operation=get resource=configmap namespace=tenant-2
[302/1000] action=create-clusterrole name=dev resources=services verbs=create,deletecollection,list,watch,update
[303/1000] action=create-clusterrole name=dev resources=secrets verbs=delete,create,get
[304/1000] action=cross-tenant-access context=tenant-1-user@kubernetes operation=get resource=configmap namespace=tenant-2
[305/1000] action=create-crb name=foo-global-binding group=tenant-2 role=admin
[306/1000] action=delete-rb ns=tenant-2 name=tenant-binding
[307/1000] action=create-clusterrole name=dev resources=configmaps,pods,secrets verbs=update
[308/1000] action=delete-rb ns=tenant-1 name=tenant-binding
[309/1000] action=create-crb name=foo-global-binding group=tenant-2 role=cluster-admin
[310/1000] action=create-rb ns=tenant-1 name=tenant-binding group=tenant-1 role=dev
[311/1000] action=create-rb ns=tenant-2 name=tenant-binding group=tenant-2 role=edit
[312/1000] action=delete-rb ns=tenant-2 name=tenant-binding
[313/1000] action=create-rb ns=tenant-1 name=tenant-binding group=tenant-1 role=edit
[314/1000] action=delete-rb ns=tenant-1 name=tenant-binding
[315/1000] action=delete-rb ns=tenant-2 name=tenant-binding
[316/1000] action=delete-crb name=foo-global-binding
[317/1000] action=create-clusterrole name=dev resources=secrets,configmaps,pods verbs=update,patch,delete,get,list
[318/1000] action=cross-tenant-access context=tenant-2-user@kubernetes operation=get resource=configmap namespace=tenant-1
[319/1000] action=cross-tenant-access context=tenant-2-user@kubernetes operation=list resource=configmap namespace=tenant-1
[320/1000] action=delete-rb ns=tenant-1 name=tenant-binding
[321/1000] action=delete-clusterrole name=dev
[322/1000] action=delete-clusterrole name=dev
[323/1000] action=create-rb ns=tenant-1 name=tenant-binding group=tenant-1 role=admin
[324/1000] action=create-rb ns=tenant-1 name=tenant-binding group=tenant-1 role=cluster-admin
[325/1000] action=cross-tenant-access context=tenant-2-user@kubernetes operation=delete resource=configmap namespace=tenant-1
[326/1000] action=create-rb ns=tenant-2 name=tenant-binding group=tenant-2 role=view
[327/1000] action=create-rb ns=tenant-1 name=tenant-binding group=tenant-1 role=edit
[328/1000] action=create-rb ns=tenant-1 name=tenant-binding group=tenant-1 role=view
[329/1000] action=delete-rb ns=tenant-2 name=tenant-binding
[330/1000] action=create-crb name=foo-global-binding group=tenant-2 role=view
[331/1000] action=create-clusterrole name=dev resources=secrets,services,pods verbs=create,get
[332/1000] action=cross-tenant-access context=tenant-1-user@kubernetes operation=list resource=configmap namespace=tenant-2
[333/1000] action=cross-tenant-access context=tenant-1-user@kubernetes operation=get resource=configmap namespace=tenant-2
[334/1000] action=create-crb name=foo-global-binding group=tenant-1 role=admin
[335/1000] action=create-rb ns=tenant-2 name=tenant-binding group=tenant-2 role=dev
[336/1000] action=delete-clusterrole name=dev
[337/1000] action=delete-rb ns=tenant-1 name=tenant-binding
[338/1000] action=create-crb name=foo-global-binding group=tenant-1 role=edit
[339/1000] action=delete-rb ns=tenant-2 name=tenant-binding
[340/1000] action=create-rb ns=tenant-2 name=tenant-binding group=tenant-2 role=edit
[341/1000] action=create-rb ns=tenant-2 name=tenant-binding group=tenant-2 role=view
[342/1000] action=delete-rb ns=tenant-1 name=tenant-binding
[343/1000] action=cross-tenant-access context=tenant-1-user@kubernetes operation=watch resource=configmap namespace=tenant-2
[344/1000] action=create-clusterrole name=dev resources=pods verbs=delete,list,watch,create,update
[345/1000] action=delete-crb name=foo-global-binding
[346/1000] action=delete-rb ns=tenant-1 name=tenant-binding
[347/1000] action=delete-crb name=foo-global-binding
[348/1000] action=cross-tenant-access context=tenant-1-user@kubernetes operation=watch resource=configmap namespace=tenant-2
[349/1000] action=create-rb ns=tenant-1 name=tenant-binding group=tenant-1 role=edit
[350/1000] action=delete-rb ns=tenant-1 name=tenant-binding
[351/1000] action=delete-rb ns=tenant-2 name=tenant-binding
[352/1000] action=delete-crb name=foo-global-binding
[353/1000] action=create-crb name=foo-global-binding group=tenant-1 role=dev
[354/1000] action=create-rb ns=tenant-1 name=tenant-binding group=tenant-1 role=edit
[355/1000] action=create-rb ns=tenant-2 name=tenant-binding group=tenant-2 role=admin
[356/1000] action=cross-tenant-access context=tenant-2-user@kubernetes operation=delete resource=configmap namespace=tenant-1
[357/1000] action=cross-tenant-access context=tenant-2-user@kubernetes operation=watch resource=configmap namespace=tenant-1
[358/1000] action=cross-tenant-access context=tenant-1-user@kubernetes operation=list resource=configmap namespace=tenant-2
[359/1000] action=delete-rb ns=tenant-2 name=tenant-binding
[360/1000] action=create-rb ns=tenant-2 name=tenant-binding group=tenant-2 role=dev
[361/1000] action=cross-tenant-access context=tenant-2-user@kubernetes operation=list resource=configmap namespace=tenant-1
[362/1000] action=cross-tenant-access context=tenant-2-user@kubernetes operation=list resource=configmap namespace=tenant-1
[363/1000] action=delete-rb ns=tenant-2 name=tenant-binding
[364/1000] action=cross-tenant-access context=tenant-2-user@kubernetes operation=patch resource=configmap namespace=tenant-1
[365/1000] action=delete-rb ns=tenant-1 name=tenant-binding
[366/1000] action=create-rb ns=tenant-1 name=tenant-binding group=tenant-1 role=edit
[367/1000] action=delete-clusterrole name=dev
[368/1000] action=cross-tenant-access context=tenant-2-user@kubernetes operation=patch resource=configmap namespace=tenant-1
[369/1000] action=cross-tenant-access context=tenant-1-user@kubernetes operation=get resource=configmap namespace=tenant-2
[370/1000] action=cross-tenant-access context=tenant-2-user@kubernetes operation=get resource=configmap namespace=tenant-1
[371/1000] action=create-clusterrole name=dev resources=secrets verbs=patch
[372/1000] action=delete-clusterrole name=dev
[373/1000] action=delete-rb ns=tenant-2 name=tenant-binding
[374/1000] action=create-clusterrole name=dev resources=secrets verbs=watch
[375/1000] action=delete-rb ns=tenant-2 name=tenant-binding
[376/1000] action=cross-tenant-access context=tenant-2-user@kubernetes operation=get resource=configmap namespace=tenant-1
[377/1000] action=create-rb ns=tenant-2 name=tenant-binding group=tenant-2 role=admin
[378/1000] action=cross-tenant-access context=tenant-1-user@kubernetes operation=list resource=configmap namespace=tenant-2
[379/1000] action=cross-tenant-access context=tenant-2-user@kubernetes operation=get resource=configmap namespace=tenant-1
[380/1000] action=create-crb name=foo-global-binding group=tenant-1 role=dev
[381/1000] action=create-rb ns=tenant-2 name=tenant-binding group=tenant-2 role=cluster-admin
[382/1000] action=create-crb name=foo-global-binding group=tenant-2 role=view
[383/1000] action=cross-tenant-access context=tenant-1-user@kubernetes operation=patch resource=configmap namespace=tenant-2
[384/1000] action=cross-tenant-access context=tenant-2-user@kubernetes operation=patch resource=configmap namespace=tenant-1
[385/1000] action=delete-crb name=foo-global-binding
[386/1000] action=delete-rb ns=tenant-1 name=tenant-binding
[387/1000] action=cross-tenant-access context=tenant-2-user@kubernetes operation=list resource=configmap namespace=tenant-1
[388/1000] action=create-clusterrole name=dev resources=services verbs=update,deletecollection,list,get
[389/1000] action=cross-tenant-access context=tenant-2-user@kubernetes operation=patch resource=configmap namespace=tenant-1
[390/1000] action=create-rb ns=tenant-1 name=tenant-binding group=tenant-1 role=edit
[391/1000] action=cross-tenant-access context=tenant-2-user@kubernetes operation=get resource=configmap namespace=tenant-1
[392/1000] action=create-rb ns=tenant-2 name=tenant-binding group=tenant-2 role=dev
[393/1000] action=cross-tenant-access context=tenant-2-user@kubernetes operation=get resource=configmap namespace=tenant-1
[394/1000] action=cross-tenant-access context=tenant-1-user@kubernetes operation=delete resource=configmap namespace=tenant-2
[395/1000] action=delete-rb ns=tenant-1 name=tenant-binding
[396/1000] action=create-rb ns=tenant-1 name=tenant-binding group=tenant-1 role=dev
[397/1000] action=cross-tenant-access context=tenant-2-user@kubernetes operation=patch resource=configmap namespace=tenant-1
[398/1000] action=delete-rb ns=tenant-2 name=tenant-binding
[399/1000] action=delete-rb ns=tenant-1 name=tenant-binding
[400/1000] action=cross-tenant-access context=tenant-2-user@kubernetes operation=delete resource=configmap namespace=tenant-1
[401/1000] action=create-clusterrole name=dev resources=secrets,pods verbs=update,create,deletecollection
[402/1000] action=cross-tenant-access context=tenant-2-user@kubernetes operation=list resource=configmap namespace=tenant-1
[403/1000] action=delete-crb name=foo-global-binding
[404/1000] action=create-clusterrole name=dev resources=services verbs=deletecollection
[405/1000] action=cross-tenant-access context=tenant-2-user@kubernetes operation=list resource=configmap namespace=tenant-1
[406/1000] action=cross-tenant-access context=tenant-1-user@kubernetes operation=list resource=configmap namespace=tenant-2
[407/1000] action=delete-rb ns=tenant-1 name=tenant-binding
[408/1000] action=create-crb name=foo-global-binding group=tenant-2 role=dev
[409/1000] action=cross-tenant-access context=tenant-1-user@kubernetes operation=patch resource=configmap namespace=tenant-2
[410/1000] action=cross-tenant-access context=tenant-1-user@kubernetes operation=watch resource=configmap namespace=tenant-2
[411/1000] action=cross-tenant-access context=tenant-2-user@kubernetes operation=list resource=configmap namespace=tenant-1
[412/1000] action=create-rb ns=tenant-1 name=tenant-binding group=tenant-1 role=admin
[413/1000] action=cross-tenant-access context=tenant-1-user@kubernetes operation=get resource=configmap namespace=tenant-2
[414/1000] action=cross-tenant-access context=tenant-1-user@kubernetes operation=get resource=configmap namespace=tenant-2
[415/1000] action=delete-crb name=foo-global-binding
[416/1000] action=create-crb name=foo-global-binding group=tenant-1 role=admin
[417/1000] action=cross-tenant-access context=tenant-2-user@kubernetes operation=patch resource=configmap namespace=tenant-1
[418/1000] action=cross-tenant-access context=tenant-1-user@kubernetes operation=get resource=configmap namespace=tenant-2
[419/1000] action=delete-rb ns=tenant-2 name=tenant-binding
[420/1000] action=cross-tenant-access context=tenant-1-user@kubernetes operation=list resource=configmap namespace=tenant-2
[421/1000] action=create-clusterrole name=dev resources=secrets,services,pods verbs=patch,update,deletecollection
[422/1000] action=cross-tenant-access context=tenant-2-user@kubernetes operation=watch resource=configmap namespace=tenant-1
[423/1000] action=cross-tenant-access context=tenant-2-user@kubernetes operation=delete resource=configmap namespace=tenant-1
[424/1000] action=delete-rb ns=tenant-1 name=tenant-binding
[425/1000] action=create-clusterrole name=dev resources=pods,services verbs=deletecollection,watch,list,patch
[426/1000] action=delete-clusterrole name=dev
[427/1000] action=delete-clusterrole name=dev
[428/1000] action=delete-rb ns=tenant-1 name=tenant-binding
[429/1000] action=create-clusterrole name=dev resources=pods,secrets verbs=update
[430/1000] action=cross-tenant-access context=tenant-2-user@kubernetes operation=list resource=configmap namespace=tenant-1
[431/1000] action=delete-rb ns=tenant-2 name=tenant-binding
[432/1000] action=create-crb name=foo-global-binding group=tenant-1 role=edit
[433/1000] action=delete-clusterrole name=dev
[434/1000] action=cross-tenant-access context=tenant-1-user@kubernetes operation=watch resource=configmap namespace=tenant-2
[435/1000] action=cross-tenant-access context=tenant-2-user@kubernetes operation=watch resource=configmap namespace=tenant-1
[436/1000] action=cross-tenant-access context=tenant-2-user@kubernetes operation=delete resource=configmap namespace=tenant-1
[437/1000] action=create-clusterrole name=dev resources=secrets verbs=get,patch,deletecollection
[438/1000] action=delete-clusterrole name=dev
[439/1000] action=delete-crb name=foo-global-binding
[440/1000] action=cross-tenant-access context=tenant-2-user@kubernetes operation=watch resource=configmap namespace=tenant-1
[441/1000] action=cross-tenant-access context=tenant-1-user@kubernetes operation=get resource=configmap namespace=tenant-2
[442/1000] action=create-clusterrole name=dev resources=services,configmaps verbs=update,create
[443/1000] action=cross-tenant-access context=tenant-2-user@kubernetes operation=get resource=configmap namespace=tenant-1
[444/1000] action=create-crb name=foo-global-binding group=tenant-2 role=edit
[445/1000] action=create-rb ns=tenant-2 name=tenant-binding group=tenant-2 role=dev
[446/1000] action=cross-tenant-access context=tenant-1-user@kubernetes operation=list resource=configmap namespace=tenant-2
[447/1000] action=create-clusterrole name=dev resources=secrets,services,pods verbs=patch,update,list,watch
[448/1000] action=create-crb name=foo-global-binding group=tenant-1 role=view
[449/1000] action=cross-tenant-access context=tenant-1-user@kubernetes operation=patch resource=configmap namespace=tenant-2
[450/1000] action=create-crb name=foo-global-binding group=tenant-2 role=cluster-admin
[451/1000] action=delete-clusterrole name=dev
[452/1000] action=cross-tenant-access context=tenant-2-user@kubernetes operation=get resource=configmap namespace=tenant-1
[453/1000] action=delete-rb ns=tenant-2 name=tenant-binding
[454/1000] action=delete-clusterrole name=dev
[455/1000] action=create-clusterrole name=dev resources=secrets verbs=update,create
[456/1000] action=cross-tenant-access context=tenant-1-user@kubernetes operation=get resource=configmap namespace=tenant-2
[457/1000] action=cross-tenant-access context=tenant-2-user@kubernetes operation=get resource=configmap namespace=tenant-1
[458/1000] action=cross-tenant-access context=tenant-2-user@kubernetes operation=watch resource=configmap namespace=tenant-1
[459/1000] action=cross-tenant-access context=tenant-1-user@kubernetes operation=list resource=configmap namespace=tenant-2
[460/1000] action=create-crb name=foo-global-binding group=tenant-2 role=dev
[461/1000] action=create-rb ns=tenant-2 name=tenant-binding group=tenant-2 role=view
[462/1000] action=create-crb name=foo-global-binding group=tenant-1 role=dev
[463/1000] action=create-rb ns=tenant-2 name=tenant-binding group=tenant-2 role=dev
[464/1000] action=create-rb ns=tenant-2 name=tenant-binding group=tenant-2 role=admin
[465/1000] action=create-rb ns=tenant-2 name=tenant-binding group=tenant-2 role=admin
[466/1000] action=delete-crb name=foo-global-binding
[467/1000] action=cross-tenant-access context=tenant-2-user@kubernetes operation=list resource=configmap namespace=tenant-1
[468/1000] action=create-rb ns=tenant-2 name=tenant-binding group=tenant-2 role=admin
[469/1000] action=delete-crb name=foo-global-binding
[470/1000] action=cross-tenant-access context=tenant-1-user@kubernetes operation=delete resource=configmap namespace=tenant-2
[471/1000] action=cross-tenant-access context=tenant-2-user@kubernetes operation=watch resource=configmap namespace=tenant-1
[472/1000] action=cross-tenant-access context=tenant-1-user@kubernetes operation=get resource=configmap namespace=tenant-2
[473/1000] action=delete-rb ns=tenant-2 name=tenant-binding
[474/1000] action=cross-tenant-access context=tenant-1-user@kubernetes operation=get resource=configmap namespace=tenant-2
[475/1000] action=delete-clusterrole name=dev
[476/1000] action=cross-tenant-access context=tenant-1-user@kubernetes operation=delete resource=configmap namespace=tenant-2
[477/1000] action=cross-tenant-access context=tenant-2-user@kubernetes operation=patch resource=configmap namespace=tenant-1
[478/1000] action=delete-rb ns=tenant-1 name=tenant-binding
[479/1000] action=delete-clusterrole name=dev
[480/1000] action=delete-crb name=foo-global-binding
[481/1000] action=delete-rb ns=tenant-2 name=tenant-binding
[482/1000] action=cross-tenant-access context=tenant-1-user@kubernetes operation=delete resource=configmap namespace=tenant-2
[483/1000] action=delete-crb name=foo-global-binding
[484/1000] action=cross-tenant-access context=tenant-2-user@kubernetes operation=delete resource=configmap namespace=tenant-1
[485/1000] action=cross-tenant-access context=tenant-2-user@kubernetes operation=list resource=configmap namespace=tenant-1
[486/1000] action=create-clusterrole name=dev resources=pods,configmaps verbs=patch
[487/1000] action=cross-tenant-access context=tenant-1-user@kubernetes operation=get resource=configmap namespace=tenant-2
[488/1000] action=create-rb ns=tenant-2 name=tenant-binding group=tenant-2 role=edit
[489/1000] action=delete-crb name=foo-global-binding
[490/1000] action=delete-rb ns=tenant-2 name=tenant-binding
[491/1000] action=create-crb name=foo-global-binding group=tenant-1 role=edit
[492/1000] action=create-crb name=foo-global-binding group=tenant-2 role=view
[493/1000] action=delete-crb name=foo-global-binding
[494/1000] action=delete-rb ns=tenant-1 name=tenant-binding
[495/1000] action=create-clusterrole name=dev resources=services,pods verbs=list,delete,create
[496/1000] action=create-crb name=foo-global-binding group=tenant-1 role=dev
[497/1000] action=create-crb name=foo-global-binding group=tenant-2 role=edit
[498/1000] action=create-rb ns=tenant-1 name=tenant-binding group=tenant-1 role=cluster-admin
[499/1000] action=cross-tenant-access context=tenant-1-user@kubernetes operation=patch resource=configmap namespace=tenant-2
[500/1000] action=cross-tenant-access context=tenant-2-user@kubernetes operation=delete resource=configmap namespace=tenant-1
[501/1000] action=create-crb name=foo-global-binding group=tenant-2 role=view
[502/1000] action=create-crb name=foo-global-binding group=tenant-1 role=dev
[503/1000] action=cross-tenant-access context=tenant-1-user@kubernetes operation=watch resource=configmap namespace=tenant-2
[504/1000] action=create-clusterrole name=dev resources=secrets,services,pods verbs=watch,list,delete,get,patch
[505/1000] action=delete-clusterrole name=dev
[506/1000] action=delete-rb ns=tenant-1 name=tenant-binding
[507/1000] action=create-rb ns=tenant-1 name=tenant-binding group=tenant-1 role=cluster-admin
[508/1000] action=cross-tenant-access context=tenant-1-user@kubernetes operation=get resource=configmap namespace=tenant-2
[509/1000] action=delete-clusterrole name=dev
[510/1000] action=cross-tenant-access context=tenant-1-user@kubernetes operation=list resource=configmap namespace=tenant-2
[511/1000] action=cross-tenant-access context=tenant-2-user@kubernetes operation=watch resource=configmap namespace=tenant-1
[512/1000] action=create-clusterrole name=dev resources=secrets verbs=list,delete,get,patch
[513/1000] action=delete-clusterrole name=dev
[514/1000] action=create-rb ns=tenant-1 name=tenant-binding group=tenant-1 role=edit
[515/1000] action=delete-crb name=foo-global-binding
[516/1000] action=create-clusterrole name=dev resources=secrets,pods,services verbs=get,deletecollection
[517/1000] action=delete-rb ns=tenant-2 name=tenant-binding
[518/1000] action=delete-rb ns=tenant-2 name=tenant-binding
[519/1000] action=create-clusterrole name=dev resources=secrets,pods,services verbs=get,watch,list
[520/1000] action=delete-crb name=foo-global-binding
[521/1000] action=delete-crb name=foo-global-binding
[522/1000] action=cross-tenant-access context=tenant-2-user@kubernetes operation=patch resource=configmap namespace=tenant-1
[523/1000] action=cross-tenant-access context=tenant-2-user@kubernetes operation=watch resource=configmap namespace=tenant-1
[524/1000] action=cross-tenant-access context=tenant-2-user@kubernetes operation=get resource=configmap namespace=tenant-1
[525/1000] action=cross-tenant-access context=tenant-1-user@kubernetes operation=delete resource=configmap namespace=tenant-2
[526/1000] action=delete-clusterrole name=dev
[527/1000] action=create-rb ns=tenant-2 name=tenant-binding group=tenant-2 role=admin
[528/1000] action=create-clusterrole name=dev resources=services,configmaps verbs=patch,get
[529/1000] action=cross-tenant-access context=tenant-1-user@kubernetes operation=patch resource=configmap namespace=tenant-2
[530/1000] action=create-rb ns=tenant-2 name=tenant-binding group=tenant-2 role=admin
[531/1000] action=cross-tenant-access context=tenant-1-user@kubernetes operation=delete resource=configmap namespace=tenant-2
[532/1000] action=cross-tenant-access context=tenant-1-user@kubernetes operation=delete resource=configmap namespace=tenant-2
[533/1000] action=cross-tenant-access context=tenant-1-user@kubernetes operation=watch resource=configmap namespace=tenant-2
[534/1000] action=delete-clusterrole name=dev
[535/1000] action=cross-tenant-access context=tenant-2-user@kubernetes operation=get resource=configmap namespace=tenant-1
[536/1000] action=delete-clusterrole name=dev
[537/1000] action=create-rb ns=tenant-2 name=tenant-binding group=tenant-2 role=admin
[538/1000] action=cross-tenant-access context=tenant-1-user@kubernetes operation=list resource=configmap namespace=tenant-2
[539/1000] action=create-crb name=foo-global-binding group=tenant-2 role=view
[540/1000] action=create-rb ns=tenant-1 name=tenant-binding group=tenant-1 role=admin
[541/1000] action=create-rb ns=tenant-2 name=tenant-binding group=tenant-2 role=admin
[542/1000] action=delete-rb ns=tenant-2 name=tenant-binding
[543/1000] action=delete-rb ns=tenant-1 name=tenant-binding
[544/1000] action=create-clusterrole name=dev resources=pods verbs=create,watch,get,delete,deletecollection
[545/1000] action=cross-tenant-access context=tenant-2-user@kubernetes operation=delete resource=configmap namespace=tenant-1
[546/1000] action=create-rb ns=tenant-2 name=tenant-binding group=tenant-2 role=view
[547/1000] action=delete-clusterrole name=dev
[548/1000] action=create-crb name=foo-global-binding group=tenant-1 role=admin
[549/1000] action=cross-tenant-access context=tenant-2-user@kubernetes operation=watch resource=configmap namespace=tenant-1
[550/1000] action=create-rb ns=tenant-2 name=tenant-binding group=tenant-2 role=cluster-admin
[551/1000] action=create-rb ns=tenant-2 name=tenant-binding group=tenant-2 role=dev
[552/1000] action=delete-rb ns=tenant-1 name=tenant-binding
[553/1000] action=cross-tenant-access context=tenant-2-user@kubernetes operation=watch resource=configmap namespace=tenant-1
[554/1000] action=delete-clusterrole name=dev
[555/1000] action=cross-tenant-access context=tenant-1-user@kubernetes operation=watch resource=configmap namespace=tenant-2
[556/1000] action=create-clusterrole name=dev resources=pods,configmaps,secrets verbs=update,delete
[557/1000] action=cross-tenant-access context=tenant-2-user@kubernetes operation=get resource=configmap namespace=tenant-1
[558/1000] action=delete-rb ns=tenant-1 name=tenant-binding
[559/1000] action=delete-rb ns=tenant-2 name=tenant-binding
[560/1000] action=create-rb ns=tenant-1 name=tenant-binding group=tenant-1 role=edit
[561/1000] action=create-crb name=foo-global-binding group=tenant-1 role=dev
[562/1000] action=create-rb ns=tenant-2 name=tenant-binding group=tenant-2 role=edit
[563/1000] action=delete-crb name=foo-global-binding
[564/1000] action=create-clusterrole name=dev resources=services,configmaps verbs=update,patch,list,deletecollection
[565/1000] action=delete-rb ns=tenant-1 name=tenant-binding
[566/1000] action=create-rb ns=tenant-2 name=tenant-binding group=tenant-2 role=cluster-admin
[567/1000] action=delete-rb ns=tenant-1 name=tenant-binding
[568/1000] action=delete-clusterrole name=dev
[569/1000] action=create-rb ns=tenant-1 name=tenant-binding group=tenant-1 role=edit
[570/1000] action=create-rb ns=tenant-1 name=tenant-binding group=tenant-1 role=admin
[571/1000] action=delete-crb name=foo-global-binding
[572/1000] action=delete-rb ns=tenant-1 name=tenant-binding
[573/1000] action=create-rb ns=tenant-2 name=tenant-binding group=tenant-2 role=dev
[574/1000] action=delete-rb ns=tenant-1 name=tenant-binding
[575/1000] action=delete-crb name=foo-global-binding
[576/1000] action=delete-rb ns=tenant-1 name=tenant-binding
[577/1000] action=create-clusterrole name=dev resources=pods,configmaps,secrets verbs=create,deletecollection,update
[578/1000] action=cross-tenant-access context=tenant-1-user@kubernetes operation=delete resource=configmap namespace=tenant-2
[579/1000] action=cross-tenant-access context=tenant-2-user@kubernetes operation=patch resource=configmap namespace=tenant-1
[580/1000] action=cross-tenant-access context=tenant-2-user@kubernetes operation=patch resource=configmap namespace=tenant-1
[581/1000] action=create-rb ns=tenant-1 name=tenant-binding group=tenant-1 role=cluster-admin
[582/1000] action=delete-rb ns=tenant-1 name=tenant-binding
[583/1000] action=cross-tenant-access context=tenant-1-user@kubernetes operation=list resource=configmap namespace=tenant-2
[584/1000] action=cross-tenant-access context=tenant-1-user@kubernetes operation=watch resource=configmap namespace=tenant-2
[585/1000] action=cross-tenant-access context=tenant-2-user@kubernetes operation=list resource=configmap namespace=tenant-1
[586/1000] action=cross-tenant-access context=tenant-2-user@kubernetes operation=patch resource=configmap namespace=tenant-1
[587/1000] action=cross-tenant-access context=tenant-1-user@kubernetes operation=patch resource=configmap namespace=tenant-2
[588/1000] action=delete-crb name=foo-global-binding
[589/1000] action=create-rb ns=tenant-2 name=tenant-binding group=tenant-2 role=cluster-admin
[590/1000] action=cross-tenant-access context=tenant-1-user@kubernetes operation=list resource=configmap namespace=tenant-2
[591/1000] action=create-rb ns=tenant-2 name=tenant-binding group=tenant-2 role=admin
[592/1000] action=create-clusterrole name=dev resources=secrets,services,configmaps verbs=patch,create,get,delete,watch
[593/1000] action=cross-tenant-access context=tenant-2-user@kubernetes operation=patch resource=configmap namespace=tenant-1
[594/1000] action=cross-tenant-access context=tenant-2-user@kubernetes operation=patch resource=configmap namespace=tenant-1
[595/1000] action=cross-tenant-access context=tenant-1-user@kubernetes operation=delete resource=configmap namespace=tenant-2
[596/1000] action=delete-rb ns=tenant-2 name=tenant-binding
[597/1000] action=cross-tenant-access context=tenant-1-user@kubernetes operation=delete resource=configmap namespace=tenant-2
[598/1000] action=delete-rb ns=tenant-1 name=tenant-binding
[599/1000] action=cross-tenant-access context=tenant-2-user@kubernetes operation=patch resource=configmap namespace=tenant-1
[600/1000] action=delete-rb ns=tenant-1 name=tenant-binding
[601/1000] action=delete-crb name=foo-global-binding
[602/1000] action=delete-rb ns=tenant-1 name=tenant-binding
[603/1000] action=delete-rb ns=tenant-1 name=tenant-binding
[604/1000] action=create-rb ns=tenant-1 name=tenant-binding group=tenant-1 role=dev
[605/1000] action=create-rb ns=tenant-1 name=tenant-binding group=tenant-1 role=dev
[606/1000] action=create-rb ns=tenant-2 name=tenant-binding group=tenant-2 role=cluster-admin
[607/1000] action=delete-rb ns=tenant-2 name=tenant-binding
[608/1000] action=delete-rb ns=tenant-2 name=tenant-binding
[609/1000] action=cross-tenant-access context=tenant-2-user@kubernetes operation=watch resource=configmap namespace=tenant-1
[610/1000] action=create-rb ns=tenant-2 name=tenant-binding group=tenant-2 role=cluster-admin
[611/1000] action=cross-tenant-access context=tenant-2-user@kubernetes operation=watch resource=configmap namespace=tenant-1
[612/1000] action=cross-tenant-access context=tenant-1-user@kubernetes operation=watch resource=configmap namespace=tenant-2
[613/1000] action=create-rb ns=tenant-2 name=tenant-binding group=tenant-2 role=admin
[614/1000] action=cross-tenant-access context=tenant-1-user@kubernetes operation=list resource=configmap namespace=tenant-2
[615/1000] action=delete-rb ns=tenant-2 name=tenant-binding
[616/1000] action=delete-rb ns=tenant-2 name=tenant-binding
[617/1000] action=create-clusterrole name=dev resources=services,pods verbs=get
[618/1000] action=create-rb ns=tenant-2 name=tenant-binding group=tenant-2 role=edit
[619/1000] action=create-rb ns=tenant-2 name=tenant-binding group=tenant-2 role=edit
[620/1000] action=delete-rb ns=tenant-2 name=tenant-binding
[621/1000] action=delete-rb ns=tenant-1 name=tenant-binding
[622/1000] action=delete-rb ns=tenant-1 name=tenant-binding
[623/1000] action=cross-tenant-access context=tenant-1-user@kubernetes operation=get resource=configmap namespace=tenant-2
[624/1000] action=cross-tenant-access context=tenant-2-user@kubernetes operation=list resource=configmap namespace=tenant-1
[625/1000] action=delete-clusterrole name=dev
[626/1000] action=cross-tenant-access context=tenant-2-user@kubernetes operation=patch resource=configmap namespace=tenant-1
[627/1000] action=cross-tenant-access context=tenant-2-user@kubernetes operation=patch resource=configmap namespace=tenant-1
[628/1000] action=delete-clusterrole name=dev
[629/1000] action=cross-tenant-access context=tenant-1-user@kubernetes operation=list resource=configmap namespace=tenant-2
[630/1000] action=create-rb ns=tenant-1 name=tenant-binding group=tenant-1 role=admin
[631/1000] action=cross-tenant-access context=tenant-1-user@kubernetes operation=get resource=configmap namespace=tenant-2
[632/1000] action=cross-tenant-access context=tenant-2-user@kubernetes operation=delete resource=configmap namespace=tenant-1
[633/1000] action=delete-clusterrole name=dev
[634/1000] action=delete-rb ns=tenant-1 name=tenant-binding
[635/1000] action=delete-rb ns=tenant-1 name=tenant-binding
[636/1000] action=delete-rb ns=tenant-1 name=tenant-binding
[637/1000] action=delete-crb name=foo-global-binding
[638/1000] action=delete-clusterrole name=dev
[639/1000] action=create-rb ns=tenant-1 name=tenant-binding group=tenant-1 role=dev
[640/1000] action=cross-tenant-access context=tenant-2-user@kubernetes operation=watch resource=configmap namespace=tenant-1
[641/1000] action=cross-tenant-access context=tenant-1-user@kubernetes operation=watch resource=configmap namespace=tenant-2
[642/1000] action=cross-tenant-access context=tenant-2-user@kubernetes operation=get resource=configmap namespace=tenant-1
[643/1000] action=cross-tenant-access context=tenant-1-user@kubernetes operation=patch resource=configmap namespace=tenant-2
[644/1000] action=cross-tenant-access context=tenant-1-user@kubernetes operation=patch resource=configmap namespace=tenant-2
[645/1000] action=delete-clusterrole name=dev
[646/1000] action=create-clusterrole name=dev resources=secrets,pods,configmaps verbs=watch,patch,deletecollection
[647/1000] action=create-rb ns=tenant-2 name=tenant-binding group=tenant-2 role=dev
[648/1000] action=create-crb name=foo-global-binding group=tenant-1 role=admin
[649/1000] action=delete-crb name=foo-global-binding
[650/1000] action=delete-crb name=foo-global-binding
[651/1000] action=cross-tenant-access context=tenant-2-user@kubernetes operation=delete resource=configmap namespace=tenant-1
[652/1000] action=delete-crb name=foo-global-binding
[653/1000] action=create-rb ns=tenant-2 name=tenant-binding group=tenant-2 role=admin
[654/1000] action=delete-crb name=foo-global-binding
[655/1000] action=cross-tenant-access context=tenant-2-user@kubernetes operation=get resource=configmap namespace=tenant-1
[656/1000] action=cross-tenant-access context=tenant-2-user@kubernetes operation=delete resource=configmap namespace=tenant-1
[657/1000] action=delete-rb ns=tenant-2 name=tenant-binding
[658/1000] action=create-crb name=foo-global-binding group=tenant-2 role=view
[659/1000] action=cross-tenant-access context=tenant-1-user@kubernetes operation=get resource=configmap namespace=tenant-2
[660/1000] action=delete-rb ns=tenant-1 name=tenant-binding
[661/1000] action=cross-tenant-access context=tenant-2-user@kubernetes operation=list resource=configmap namespace=tenant-1
[662/1000] action=cross-tenant-access context=tenant-1-user@kubernetes operation=watch resource=configmap namespace=tenant-2
[663/1000] action=delete-crb name=foo-global-binding
[664/1000] action=cross-tenant-access context=tenant-1-user@kubernetes operation=get resource=configmap namespace=tenant-2
[665/1000] action=create-clusterrole name=dev resources=pods verbs=delete
[666/1000] action=delete-rb ns=tenant-2 name=tenant-binding
[667/1000] action=delete-crb name=foo-global-binding
[668/1000] action=delete-rb ns=tenant-1 name=tenant-binding
[669/1000] action=create-rb ns=tenant-1 name=tenant-binding group=tenant-1 role=cluster-admin
[670/1000] action=create-rb ns=tenant-2 name=tenant-binding group=tenant-2 role=dev
[671/1000] action=create-rb ns=tenant-1 name=tenant-binding group=tenant-1 role=dev
[672/1000] action=create-rb ns=tenant-2 name=tenant-binding group=tenant-2 role=edit
[673/1000] action=delete-rb ns=tenant-2 name=tenant-binding
[674/1000] action=cross-tenant-access context=tenant-1-user@kubernetes operation=patch resource=configmap namespace=tenant-2
[675/1000] action=delete-rb ns=tenant-1 name=tenant-binding
[676/1000] action=delete-rb ns=tenant-2 name=tenant-binding
[677/1000] action=create-clusterrole name=dev resources=services verbs=patch
[678/1000] action=cross-tenant-access context=tenant-2-user@kubernetes operation=list resource=configmap namespace=tenant-1
[679/1000] action=cross-tenant-access context=tenant-1-user@kubernetes operation=watch resource=configmap namespace=tenant-2
[680/1000] action=create-crb name=foo-global-binding group=tenant-2 role=dev
[681/1000] action=cross-tenant-access context=tenant-1-user@kubernetes operation=get resource=configmap namespace=tenant-2
[682/1000] action=cross-tenant-access context=tenant-2-user@kubernetes operation=list resource=configmap namespace=tenant-1
[683/1000] action=create-rb ns=tenant-1 name=tenant-binding group=tenant-1 role=view
[684/1000] action=cross-tenant-access context=tenant-2-user@kubernetes operation=get resource=configmap namespace=tenant-1
[685/1000] action=cross-tenant-access context=tenant-2-user@kubernetes operation=get resource=configmap namespace=tenant-1
[686/1000] action=cross-tenant-access context=tenant-1-user@kubernetes operation=delete resource=configmap namespace=tenant-2
[687/1000] action=delete-clusterrole name=dev
[688/1000] action=delete-crb name=foo-global-binding
[689/1000] action=delete-rb ns=tenant-2 name=tenant-binding
[690/1000] action=create-crb name=foo-global-binding group=tenant-1 role=admin
[691/1000] action=cross-tenant-access context=tenant-2-user@kubernetes operation=watch resource=configmap namespace=tenant-1
[692/1000] action=create-crb name=foo-global-binding group=tenant-1 role=admin
[693/1000] action=delete-clusterrole name=dev
[694/1000] action=delete-rb ns=tenant-2 name=tenant-binding
[695/1000] action=cross-tenant-access context=tenant-1-user@kubernetes operation=get resource=configmap namespace=tenant-2
[696/1000] action=cross-tenant-access context=tenant-1-user@kubernetes operation=list resource=configmap namespace=tenant-2
[697/1000] action=cross-tenant-access context=tenant-1-user@kubernetes operation=watch resource=configmap namespace=tenant-2
[698/1000] action=delete-rb ns=tenant-1 name=tenant-binding
[699/1000] action=cross-tenant-access context=tenant-1-user@kubernetes operation=delete resource=configmap namespace=tenant-2
[700/1000] action=delete-rb ns=tenant-2 name=tenant-binding
[701/1000] action=delete-clusterrole name=dev
[702/1000] action=delete-crb name=foo-global-binding
[703/1000] action=cross-tenant-access context=tenant-2-user@kubernetes operation=list resource=configmap namespace=tenant-1
[704/1000] action=create-rb ns=tenant-1 name=tenant-binding group=tenant-1 role=edit
[705/1000] action=create-crb name=foo-global-binding group=tenant-1 role=cluster-admin
[706/1000] action=create-crb name=foo-global-binding group=tenant-2 role=cluster-admin
[707/1000] action=create-rb ns=tenant-1 name=tenant-binding group=tenant-1 role=dev
[708/1000] action=cross-tenant-access context=tenant-2-user@kubernetes operation=list resource=configmap namespace=tenant-1
[709/1000] action=delete-clusterrole name=dev
[710/1000] action=create-rb ns=tenant-1 name=tenant-binding group=tenant-1 role=view
[711/1000] action=cross-tenant-access context=tenant-2-user@kubernetes operation=watch resource=configmap namespace=tenant-1
[712/1000] action=cross-tenant-access context=tenant-1-user@kubernetes operation=watch resource=configmap namespace=tenant-2
[713/1000] action=cross-tenant-access context=tenant-1-user@kubernetes operation=list resource=configmap namespace=tenant-2
[714/1000] action=cross-tenant-access context=tenant-1-user@kubernetes operation=patch resource=configmap namespace=tenant-2
[715/1000] action=cross-tenant-access context=tenant-2-user@kubernetes operation=get resource=configmap namespace=tenant-1
[716/1000] action=cross-tenant-access context=tenant-1-user@kubernetes operation=get resource=configmap namespace=tenant-2
[717/1000] action=create-clusterrole name=dev resources=configmaps verbs=patch,update,list,deletecollection
[718/1000] action=delete-clusterrole name=dev
[719/1000] action=cross-tenant-access context=tenant-1-user@kubernetes operation=get resource=configmap namespace=tenant-2
[720/1000] action=cross-tenant-access context=tenant-2-user@kubernetes operation=watch resource=configmap namespace=tenant-1
[721/1000] action=create-rb ns=tenant-1 name=tenant-binding group=tenant-1 role=cluster-admin
[722/1000] action=cross-tenant-access context=tenant-2-user@kubernetes operation=watch resource=configmap namespace=tenant-1
[723/1000] action=delete-rb ns=tenant-1 name=tenant-binding
[724/1000] action=create-crb name=foo-global-binding group=tenant-2 role=admin
[725/1000] action=delete-crb name=foo-global-binding
[726/1000] action=cross-tenant-access context=tenant-1-user@kubernetes operation=list resource=configmap namespace=tenant-2
[727/1000] action=cross-tenant-access context=tenant-1-user@kubernetes operation=delete resource=configmap namespace=tenant-2
[728/1000] action=cross-tenant-access context=tenant-1-user@kubernetes operation=list resource=configmap namespace=tenant-2
[729/1000] action=create-crb name=foo-global-binding group=tenant-1 role=cluster-admin
[730/1000] action=cross-tenant-access context=tenant-1-user@kubernetes operation=list resource=configmap namespace=tenant-2
[731/1000] action=cross-tenant-access context=tenant-1-user@kubernetes operation=list resource=configmap namespace=tenant-2
[732/1000] action=create-clusterrole name=dev resources=services,secrets,pods verbs=get,create,update
[733/1000] action=cross-tenant-access context=tenant-1-user@kubernetes operation=patch resource=configmap namespace=tenant-2
[734/1000] action=cross-tenant-access context=tenant-1-user@kubernetes operation=get resource=configmap namespace=tenant-2
[735/1000] action=delete-rb ns=tenant-2 name=tenant-binding
[736/1000] action=cross-tenant-access context=tenant-1-user@kubernetes operation=patch resource=configmap namespace=tenant-2
[737/1000] action=cross-tenant-access context=tenant-2-user@kubernetes operation=patch resource=configmap namespace=tenant-1
[738/1000] action=cross-tenant-access context=tenant-2-user@kubernetes operation=watch resource=configmap namespace=tenant-1
[739/1000] action=cross-tenant-access context=tenant-1-user@kubernetes operation=get resource=configmap namespace=tenant-2
[740/1000] action=delete-rb ns=tenant-2 name=tenant-binding
[741/1000] action=cross-tenant-access context=tenant-2-user@kubernetes operation=delete resource=configmap namespace=tenant-1
[742/1000] action=cross-tenant-access context=tenant-1-user@kubernetes operation=list resource=configmap namespace=tenant-2
[743/1000] action=create-clusterrole name=dev resources=secrets,services,configmaps verbs=watch,deletecollection,delete,list
[744/1000] action=cross-tenant-access context=tenant-2-user@kubernetes operation=watch resource=configmap namespace=tenant-1
[745/1000] action=cross-tenant-access context=tenant-1-user@kubernetes operation=patch resource=configmap namespace=tenant-2
[746/1000] action=delete-crb name=foo-global-binding
[747/1000] action=delete-rb ns=tenant-1 name=tenant-binding
[748/1000] action=create-rb ns=tenant-1 name=tenant-binding group=tenant-1 role=edit
[749/1000] action=cross-tenant-access context=tenant-2-user@kubernetes operation=list resource=configmap namespace=tenant-1
[750/1000] action=create-rb ns=tenant-1 name=tenant-binding group=tenant-1 role=dev
[751/1000] action=create-clusterrole name=dev resources=secrets,configmaps,services verbs=deletecollection,delete,watch,list
[752/1000] action=create-crb name=foo-global-binding group=tenant-1 role=edit
[753/1000] action=cross-tenant-access context=tenant-2-user@kubernetes operation=get resource=configmap namespace=tenant-1
[754/1000] action=create-rb ns=tenant-1 name=tenant-binding group=tenant-1 role=admin
[755/1000] action=delete-rb ns=tenant-1 name=tenant-binding
[756/1000] action=cross-tenant-access context=tenant-1-user@kubernetes operation=list resource=configmap namespace=tenant-2
[757/1000] action=cross-tenant-access context=tenant-1-user@kubernetes operation=patch resource=configmap namespace=tenant-2
[758/1000] action=cross-tenant-access context=tenant-2-user@kubernetes operation=watch resource=configmap namespace=tenant-1
[759/1000] action=delete-rb ns=tenant-2 name=tenant-binding
[760/1000] action=delete-clusterrole name=dev
[761/1000] action=create-clusterrole name=dev resources=configmaps,pods verbs=update,list,delete,patch,create
[762/1000] action=delete-clusterrole name=dev
[763/1000] action=delete-rb ns=tenant-1 name=tenant-binding
[764/1000] action=cross-tenant-access context=tenant-2-user@kubernetes operation=delete resource=configmap namespace=tenant-1
[765/1000] action=cross-tenant-access context=tenant-2-user@kubernetes operation=watch resource=configmap namespace=tenant-1
[766/1000] action=cross-tenant-access context=tenant-1-user@kubernetes operation=patch resource=configmap namespace=tenant-2
[767/1000] action=delete-rb ns=tenant-2 name=tenant-binding
[768/1000] action=delete-rb ns=tenant-2 name=tenant-binding
[769/1000] action=create-crb name=foo-global-binding group=tenant-2 role=dev
[770/1000] action=delete-crb name=foo-global-binding
[771/1000] action=create-rb ns=tenant-2 name=tenant-binding group=tenant-2 role=view
[772/1000] action=cross-tenant-access context=tenant-2-user@kubernetes operation=patch resource=configmap namespace=tenant-1
[773/1000] action=create-clusterrole name=dev resources=configmaps,pods verbs=list,patch,get
[774/1000] action=delete-clusterrole name=dev
[775/1000] action=cross-tenant-access context=tenant-2-user@kubernetes operation=patch resource=configmap namespace=tenant-1
[776/1000] action=cross-tenant-access context=tenant-1-user@kubernetes operation=delete resource=configmap namespace=tenant-2
[777/1000] action=cross-tenant-access context=tenant-2-user@kubernetes operation=watch resource=configmap namespace=tenant-1
[778/1000] action=delete-rb ns=tenant-1 name=tenant-binding
[779/1000] action=delete-crb name=foo-global-binding
[780/1000] action=create-rb ns=tenant-1 name=tenant-binding group=tenant-1 role=dev
[781/1000] action=create-crb name=foo-global-binding group=tenant-1 role=edit
[782/1000] action=delete-rb ns=tenant-1 name=tenant-binding
[783/1000] action=cross-tenant-access context=tenant-1-user@kubernetes operation=list resource=configmap namespace=tenant-2
[784/1000] action=create-rb ns=tenant-2 name=tenant-binding group=tenant-2 role=edit
[785/1000] action=create-rb ns=tenant-2 name=tenant-binding group=tenant-2 role=edit
[786/1000] action=cross-tenant-access context=tenant-2-user@kubernetes operation=get resource=configmap namespace=tenant-1
[787/1000] action=create-crb name=foo-global-binding group=tenant-1 role=dev
[788/1000] action=create-rb ns=tenant-2 name=tenant-binding group=tenant-2 role=admin
[789/1000] action=create-crb name=foo-global-binding group=tenant-2 role=admin
[790/1000] action=cross-tenant-access context=tenant-2-user@kubernetes operation=patch resource=configmap namespace=tenant-1
[791/1000] action=create-rb ns=tenant-1 name=tenant-binding group=tenant-1 role=edit
[792/1000] action=delete-rb ns=tenant-2 name=tenant-binding
[793/1000] action=create-rb ns=tenant-2 name=tenant-binding group=tenant-2 role=dev
[794/1000] action=cross-tenant-access context=tenant-1-user@kubernetes operation=patch resource=configmap namespace=tenant-2
[795/1000] action=cross-tenant-access context=tenant-1-user@kubernetes operation=list resource=configmap namespace=tenant-2
[796/1000] action=create-rb ns=tenant-1 name=tenant-binding group=tenant-1 role=dev
[797/1000] action=create-rb ns=tenant-2 name=tenant-binding group=tenant-2 role=dev
[798/1000] action=create-clusterrole name=dev resources=secrets,services verbs=get,deletecollection,list,patch
[799/1000] action=cross-tenant-access context=tenant-1-user@kubernetes operation=delete resource=configmap namespace=tenant-2
[800/1000] action=cross-tenant-access context=tenant-2-user@kubernetes operation=delete resource=configmap namespace=tenant-1
[801/1000] action=cross-tenant-access context=tenant-1-user@kubernetes operation=delete resource=configmap namespace=tenant-2
[802/1000] action=cross-tenant-access context=tenant-2-user@kubernetes operation=delete resource=configmap namespace=tenant-1
[803/1000] action=create-clusterrole name=dev resources=services,pods,secrets verbs=delete,list,update,create,deletecollection
[804/1000] action=create-crb name=foo-global-binding group=tenant-2 role=edit
[805/1000] action=cross-tenant-access context=tenant-1-user@kubernetes operation=list resource=configmap namespace=tenant-2
[806/1000] action=cross-tenant-access context=tenant-2-user@kubernetes operation=watch resource=configmap namespace=tenant-1
[807/1000] action=delete-crb name=foo-global-binding
[808/1000] action=delete-crb name=foo-global-binding
[809/1000] action=delete-rb ns=tenant-2 name=tenant-binding
[810/1000] action=delete-rb ns=tenant-2 name=tenant-binding
[811/1000] action=create-rb ns=tenant-1 name=tenant-binding group=tenant-1 role=admin
[812/1000] action=create-crb name=foo-global-binding group=tenant-2 role=admin
[813/1000] action=delete-clusterrole name=dev
[814/1000] action=cross-tenant-access context=tenant-1-user@kubernetes operation=delete resource=configmap namespace=tenant-2
[815/1000] action=create-rb ns=tenant-1 name=tenant-binding group=tenant-1 role=admin
[816/1000] action=delete-rb ns=tenant-1 name=tenant-binding
[817/1000] action=create-clusterrole name=dev resources=configmaps,secrets verbs=create,update,deletecollection,get,patch
[818/1000] action=delete-rb ns=tenant-2 name=tenant-binding
[819/1000] action=create-rb ns=tenant-2 name=tenant-binding group=tenant-2 role=admin
[820/1000] action=create-crb name=foo-global-binding group=tenant-2 role=cluster-admin
[821/1000] action=delete-crb name=foo-global-binding
[822/1000] action=create-crb name=foo-global-binding group=tenant-2 role=admin
[823/1000] action=delete-rb ns=tenant-2 name=tenant-binding
[824/1000] action=delete-rb ns=tenant-2 name=tenant-binding
[825/1000] action=cross-tenant-access context=tenant-2-user@kubernetes operation=patch resource=configmap namespace=tenant-1
[826/1000] action=cross-tenant-access context=tenant-1-user@kubernetes operation=list resource=configmap namespace=tenant-2
[827/1000] action=delete-rb ns=tenant-1 name=tenant-binding
[828/1000] action=create-clusterrole name=dev resources=secrets,services verbs=patch
[829/1000] action=delete-crb name=foo-global-binding
[830/1000] action=cross-tenant-access context=tenant-2-user@kubernetes operation=get resource=configmap namespace=tenant-1
[831/1000] action=cross-tenant-access context=tenant-1-user@kubernetes operation=list resource=configmap namespace=tenant-2
[832/1000] action=create-rb ns=tenant-2 name=tenant-binding group=tenant-2 role=view
[833/1000] action=cross-tenant-access context=tenant-2-user@kubernetes operation=watch resource=configmap namespace=tenant-1
[834/1000] action=delete-rb ns=tenant-1 name=tenant-binding
[835/1000] action=delete-rb ns=tenant-2 name=tenant-binding
[836/1000] action=create-clusterrole name=dev resources=secrets verbs=watch,delete
[837/1000] action=create-clusterrole name=dev resources=configmaps verbs=patch,get
[838/1000] action=create-clusterrole name=dev resources=configmaps,pods,secrets verbs=list,delete,update,watch
[839/1000] action=create-clusterrole name=dev resources=pods,secrets verbs=create,delete,update,patch,watch
[840/1000] action=cross-tenant-access context=tenant-1-user@kubernetes operation=delete resource=configmap namespace=tenant-2
[841/1000] action=cross-tenant-access context=tenant-2-user@kubernetes operation=list resource=configmap namespace=tenant-1
[842/1000] action=delete-rb ns=tenant-2 name=tenant-binding
[843/1000] action=create-rb ns=tenant-2 name=tenant-binding group=tenant-2 role=dev
[844/1000] action=cross-tenant-access context=tenant-1-user@kubernetes operation=watch resource=configmap namespace=tenant-2
[845/1000] action=create-crb name=foo-global-binding group=tenant-2 role=admin
[846/1000] action=cross-tenant-access context=tenant-1-user@kubernetes operation=delete resource=configmap namespace=tenant-2
[847/1000] action=delete-clusterrole name=dev
[848/1000] action=cross-tenant-access context=tenant-1-user@kubernetes operation=get resource=configmap namespace=tenant-2
[849/1000] action=create-rb ns=tenant-2 name=tenant-binding group=tenant-2 role=cluster-admin
[850/1000] action=delete-rb ns=tenant-1 name=tenant-binding
[851/1000] action=create-rb ns=tenant-1 name=tenant-binding group=tenant-1 role=view
[852/1000] action=create-clusterrole name=dev resources=pods,configmaps verbs=get,deletecollection
[853/1000] action=create-clusterrole name=dev resources=secrets,configmaps,services verbs=deletecollection,patch,delete,get,watch
[854/1000] action=delete-clusterrole name=dev
[855/1000] action=create-crb name=foo-global-binding group=tenant-1 role=admin
[856/1000] action=create-rb ns=tenant-1 name=tenant-binding group=tenant-1 role=view
[857/1000] action=cross-tenant-access context=tenant-2-user@kubernetes operation=delete resource=configmap namespace=tenant-1
[858/1000] action=create-clusterrole name=dev resources=configmaps verbs=get,create,patch,list
[859/1000] action=delete-rb ns=tenant-1 name=tenant-binding
[860/1000] action=create-rb ns=tenant-1 name=tenant-binding group=tenant-1 role=edit
[861/1000] action=cross-tenant-access context=tenant-1-user@kubernetes operation=delete resource=configmap namespace=tenant-2
[862/1000] action=delete-rb ns=tenant-1 name=tenant-binding
[863/1000] action=cross-tenant-access context=tenant-2-user@kubernetes operation=patch resource=configmap namespace=tenant-1
[864/1000] action=create-rb ns=tenant-2 name=tenant-binding group=tenant-2 role=admin
[865/1000] action=cross-tenant-access context=tenant-2-user@kubernetes operation=patch resource=configmap namespace=tenant-1
[866/1000] action=create-clusterrole name=dev resources=services verbs=patch,list
[867/1000] action=cross-tenant-access context=tenant-2-user@kubernetes operation=delete resource=configmap namespace=tenant-1
[868/1000] action=delete-rb ns=tenant-2 name=tenant-binding
[869/1000] action=create-clusterrole name=dev resources=pods verbs=list,patch,deletecollection,get
[870/1000] action=delete-rb ns=tenant-1 name=tenant-binding
[871/1000] action=cross-tenant-access context=tenant-1-user@kubernetes operation=list resource=configmap namespace=tenant-2
[872/1000] action=cross-tenant-access context=tenant-1-user@kubernetes operation=get resource=configmap namespace=tenant-2
[873/1000] action=create-rb ns=tenant-2 name=tenant-binding group=tenant-2 role=cluster-admin
[874/1000] action=cross-tenant-access context=tenant-1-user@kubernetes operation=list resource=configmap namespace=tenant-2
[875/1000] action=delete-clusterrole name=dev
[876/1000] action=delete-crb name=foo-global-binding
[877/1000] action=cross-tenant-access context=tenant-2-user@kubernetes operation=list resource=configmap namespace=tenant-1
[878/1000] action=cross-tenant-access context=tenant-2-user@kubernetes operation=patch resource=configmap namespace=tenant-1
[879/1000] action=cross-tenant-access context=tenant-1-user@kubernetes operation=delete resource=configmap namespace=tenant-2
[880/1000] action=delete-crb name=foo-global-binding
[881/1000] action=delete-rb ns=tenant-2 name=tenant-binding
[882/1000] action=delete-clusterrole name=dev
[883/1000] action=cross-tenant-access context=tenant-1-user@kubernetes operation=patch resource=configmap namespace=tenant-2
[884/1000] action=delete-clusterrole name=dev
[885/1000] action=create-crb name=foo-global-binding group=tenant-2 role=cluster-admin
[886/1000] action=delete-clusterrole name=dev
[887/1000] action=delete-rb ns=tenant-1 name=tenant-binding
[888/1000] action=delete-crb name=foo-global-binding
[889/1000] action=delete-rb ns=tenant-1 name=tenant-binding
[890/1000] action=delete-rb ns=tenant-2 name=tenant-binding
[891/1000] action=create-rb ns=tenant-2 name=tenant-binding group=tenant-2 role=cluster-admin
[892/1000] action=create-rb ns=tenant-2 name=tenant-binding group=tenant-2 role=cluster-admin
[893/1000] action=create-crb name=foo-global-binding group=tenant-1 role=edit
[894/1000] action=create-clusterrole name=dev resources=services verbs=create
[895/1000] action=delete-rb ns=tenant-2 name=tenant-binding
[896/1000] action=create-clusterrole name=dev resources=secrets,services verbs=create,delete,watch
[897/1000] action=cross-tenant-access context=tenant-1-user@kubernetes operation=watch resource=configmap namespace=tenant-2
[898/1000] action=create-crb name=foo-global-binding group=tenant-1 role=dev
[899/1000] action=create-rb ns=tenant-2 name=tenant-binding group=tenant-2 role=view
[900/1000] action=cross-tenant-access context=tenant-1-user@kubernetes operation=watch resource=configmap namespace=tenant-2
[901/1000] action=cross-tenant-access context=tenant-1-user@kubernetes operation=get resource=configmap namespace=tenant-2
[902/1000] action=create-rb ns=tenant-1 name=tenant-binding group=tenant-1 role=edit
[903/1000] action=cross-tenant-access context=tenant-1-user@kubernetes operation=list resource=configmap namespace=tenant-2
[904/1000] action=create-clusterrole name=dev resources=configmaps verbs=delete,list,update,patch
[905/1000] action=delete-crb name=foo-global-binding
[906/1000] action=cross-tenant-access context=tenant-1-user@kubernetes operation=patch resource=configmap namespace=tenant-2
[907/1000] action=cross-tenant-access context=tenant-1-user@kubernetes operation=delete resource=configmap namespace=tenant-2
[908/1000] action=cross-tenant-access context=tenant-2-user@kubernetes operation=delete resource=configmap namespace=tenant-1
[909/1000] action=delete-clusterrole name=dev
[910/1000] action=create-clusterrole name=dev resources=pods verbs=create,delete,patch,list
[911/1000] action=delete-rb ns=tenant-2 name=tenant-binding
[912/1000] action=delete-rb ns=tenant-1 name=tenant-binding
[913/1000] action=create-rb ns=tenant-1 name=tenant-binding group=tenant-1 role=view
[914/1000] action=cross-tenant-access context=tenant-1-user@kubernetes operation=list resource=configmap namespace=tenant-2
[915/1000] action=cross-tenant-access context=tenant-1-user@kubernetes operation=watch resource=configmap namespace=tenant-2
[916/1000] action=create-clusterrole name=dev resources=configmaps verbs=patch,delete,deletecollection,create,update
[917/1000] action=cross-tenant-access context=tenant-1-user@kubernetes operation=watch resource=configmap namespace=tenant-2
[918/1000] action=delete-clusterrole name=dev
[919/1000] action=create-crb name=foo-global-binding group=tenant-1 role=admin
[920/1000] action=create-crb name=foo-global-binding group=tenant-1 role=edit
[921/1000] action=cross-tenant-access context=tenant-2-user@kubernetes operation=get resource=configmap namespace=tenant-1
[922/1000] action=delete-clusterrole name=dev
[923/1000] action=create-clusterrole name=dev resources=secrets,configmaps verbs=create,deletecollection,delete
[924/1000] action=delete-crb name=foo-global-binding
[925/1000] action=cross-tenant-access context=tenant-2-user@kubernetes operation=get resource=configmap namespace=tenant-1
[926/1000] action=cross-tenant-access context=tenant-1-user@kubernetes operation=delete resource=configmap namespace=tenant-2
[927/1000] action=create-rb ns=tenant-2 name=tenant-binding group=tenant-2 role=dev
[928/1000] action=cross-tenant-access context=tenant-1-user@kubernetes operation=patch resource=configmap namespace=tenant-2
[929/1000] action=delete-crb name=foo-global-binding
[930/1000] action=cross-tenant-access context=tenant-1-user@kubernetes operation=watch resource=configmap namespace=tenant-2
[931/1000] action=cross-tenant-access context=tenant-2-user@kubernetes operation=get resource=configmap namespace=tenant-1
[932/1000] action=delete-clusterrole name=dev
[933/1000] action=delete-rb ns=tenant-1 name=tenant-binding
[934/1000] action=cross-tenant-access context=tenant-2-user@kubernetes operation=get resource=configmap namespace=tenant-1
[935/1000] action=delete-rb ns=tenant-1 name=tenant-binding
[936/1000] action=delete-crb name=foo-global-binding
[937/1000] action=create-rb ns=tenant-1 name=tenant-binding group=tenant-1 role=admin
[938/1000] action=delete-rb ns=tenant-2 name=tenant-binding
[939/1000] action=create-crb name=foo-global-binding group=tenant-1 role=admin
[940/1000] action=cross-tenant-access context=tenant-2-user@kubernetes operation=get resource=configmap namespace=tenant-1
[941/1000] action=create-clusterrole name=dev resources=secrets,pods verbs=create
[942/1000] action=create-rb ns=tenant-1 name=tenant-binding group=tenant-1 role=edit
[943/1000] action=delete-rb ns=tenant-1 name=tenant-binding
[944/1000] action=cross-tenant-access context=tenant-2-user@kubernetes operation=list resource=configmap namespace=tenant-1
[945/1000] action=delete-crb name=foo-global-binding
[946/1000] action=cross-tenant-access context=tenant-2-user@kubernetes operation=get resource=configmap namespace=tenant-1
[947/1000] action=delete-clusterrole name=dev
[948/1000] action=cross-tenant-access context=tenant-1-user@kubernetes operation=delete resource=configmap namespace=tenant-2
[949/1000] action=create-clusterrole name=dev resources=secrets verbs=get,create,delete,update
[950/1000] action=delete-rb ns=tenant-1 name=tenant-binding
[951/1000] action=cross-tenant-access context=tenant-1-user@kubernetes operation=get resource=configmap namespace=tenant-2
[952/1000] action=create-crb name=foo-global-binding group=tenant-1 role=view
[953/1000] action=delete-crb name=foo-global-binding
[954/1000] action=create-rb ns=tenant-2 name=tenant-binding group=tenant-2 role=view
[955/1000] action=delete-rb ns=tenant-2 name=tenant-binding
[956/1000] action=cross-tenant-access context=tenant-1-user@kubernetes operation=delete resource=configmap namespace=tenant-2
[957/1000] action=delete-crb name=foo-global-binding
[958/1000] action=cross-tenant-access context=tenant-2-user@kubernetes operation=watch resource=configmap namespace=tenant-1
[959/1000] action=create-rb ns=tenant-1 name=tenant-binding group=tenant-1 role=dev
[960/1000] action=delete-crb name=foo-global-binding
[961/1000] action=delete-crb name=foo-global-binding
[962/1000] action=cross-tenant-access context=tenant-2-user@kubernetes operation=list resource=configmap namespace=tenant-1
[963/1000] action=create-rb ns=tenant-1 name=tenant-binding group=tenant-1 role=cluster-admin
[964/1000] action=create-rb ns=tenant-1 name=tenant-binding group=tenant-1 role=edit
[965/1000] action=create-rb ns=tenant-1 name=tenant-binding group=tenant-1 role=dev
[966/1000] action=delete-crb name=foo-global-binding
[967/1000] action=create-crb name=foo-global-binding group=tenant-2 role=cluster-admin
[968/1000] action=cross-tenant-access context=tenant-2-user@kubernetes operation=get resource=configmap namespace=tenant-1
[969/1000] action=create-rb ns=tenant-2 name=tenant-binding group=tenant-2 role=edit
[970/1000] action=cross-tenant-access context=tenant-1-user@kubernetes operation=watch resource=configmap namespace=tenant-2
[971/1000] action=create-rb ns=tenant-2 name=tenant-binding group=tenant-2 role=cluster-admin
[972/1000] action=delete-rb ns=tenant-1 name=tenant-binding
[973/1000] action=create-rb ns=tenant-2 name=tenant-binding group=tenant-2 role=admin
[974/1000] action=create-rb ns=tenant-2 name=tenant-binding group=tenant-2 role=dev
[975/1000] action=create-crb name=foo-global-binding group=tenant-2 role=edit
[976/1000] action=create-rb ns=tenant-1 name=tenant-binding group=tenant-1 role=dev
[977/1000] action=cross-tenant-access context=tenant-1-user@kubernetes operation=list resource=configmap namespace=tenant-2
[978/1000] action=create-crb name=foo-global-binding group=tenant-1 role=view
[979/1000] action=delete-rb ns=tenant-1 name=tenant-binding
[980/1000] action=create-rb ns=tenant-2 name=tenant-binding group=tenant-2 role=view
[981/1000] action=delete-rb ns=tenant-2 name=tenant-binding
[982/1000] action=delete-rb ns=tenant-1 name=tenant-binding
[983/1000] action=delete-rb ns=tenant-1 name=tenant-binding
[984/1000] action=create-rb ns=tenant-2 name=tenant-binding group=tenant-2 role=edit
[985/1000] action=create-clusterrole name=dev resources=services,pods verbs=patch,watch,create,deletecollection
[986/1000] action=delete-rb ns=tenant-2 name=tenant-binding
[987/1000] action=delete-rb ns=tenant-1 name=tenant-binding
[988/1000] action=cross-tenant-access context=tenant-1-user@kubernetes operation=patch resource=configmap namespace=tenant-2
[989/1000] action=create-crb name=foo-global-binding group=tenant-2 role=admin
[990/1000] action=delete-rb ns=tenant-1 name=tenant-binding
[991/1000] action=delete-rb ns=tenant-1 name=tenant-binding
[992/1000] action=cross-tenant-access context=tenant-1-user@kubernetes operation=delete resource=configmap namespace=tenant-2
[993/1000] action=cross-tenant-access context=tenant-1-user@kubernetes operation=list resource=configmap namespace=tenant-2
[994/1000] action=create-rb ns=tenant-2 name=tenant-binding group=tenant-2 role=dev
[995/1000] action=create-rb ns=tenant-1 name=tenant-binding group=tenant-1 role=admin
[996/1000] action=delete-clusterrole name=dev
[997/1000] action=create-rb ns=tenant-1 name=tenant-binding group=tenant-1 role=cluster-admin
[998/1000] action=cross-tenant-access context=tenant-1-user@kubernetes operation=get resource=configmap namespace=tenant-2
[999/1000] action=delete-rb ns=tenant-1 name=tenant-binding
[1000/1000] action=delete-rb ns=tenant-2 name=tenant-binding
