[1/50] action=create-rb ns=tenant-5 name=tenant-binding group=tenant-5 role=view
[2/50] action=cross-tenant-access context=tenant-2-user@kubernetes operation=delete resource=configmap namespace=tenant-1
[3/50] action=create-rb ns=tenant-3 name=tenant-binding group=tenant-3 role=dev
[4/50] action=create-rb ns=tenant-1 name=tenant-binding group=tenant-1 role=cluster-admin
[5/50] action=cross-tenant-access context=tenant-4-user@kubernetes operation=delete resource=configmap namespace=tenant-5
[6/50] action=create-rb ns=tenant-2 name=tenant-binding group=tenant-2 role=edit
[7/50] action=create-crb name=foo-global-binding group=tenant-3 role=cluster-admin
[8/50] action=create-rb ns=tenant-3 name=tenant-binding group=tenant-3 role=admin
[9/50] action=create-rb ns=tenant-2 name=tenant-binding group=tenant-2 role=cluster-admin
[10/50] action=cross-tenant-access context=tenant-1-user@kubernetes operation=watch resource=configmap namespace=tenant-4
[11/50] action=cross-tenant-access context=tenant-1-user@kubernetes operation=list resource=configmap namespace=tenant-4
[12/50] action=create-crb name=foo-global-binding group=tenant-2 role=dev
[13/50] action=delete-crb name=foo-global-binding
[14/50] action=delete-clusterrole name=dev
[15/50] action=cross-tenant-access context=tenant-4-user@kubernetes operation=get resource=configmap namespace=tenant-1
[16/50] action=delete-crb name=foo-global-binding
[17/50] action=create-rb ns=tenant-2 name=tenant-binding group=tenant-2 role=edit
[18/50] action=delete-rb ns=tenant-4 name=tenant-binding
[19/50] action=cross-tenant-access context=tenant-5-user@kubernetes operation=watch resource=configmap namespace=tenant-4
[20/50] action=cross-tenant-access context=tenant-3-user@kubernetes operation=patch resource=configmap namespace=tenant-5
[21/50] action=create-crb name=foo-global-binding group=tenant-4 role=dev
[22/50] action=create-crb name=foo-global-binding group=tenant-1 role=edit
[23/50] action=create-rb ns=tenant-2 name=tenant-binding group=tenant-2 role=view
[24/50] action=cross-tenant-access context=tenant-1-user@kubernetes operation=list resource=configmap namespace=tenant-2
[25/50] action=create-rb ns=tenant-5 name=tenant-binding group=tenant-5 role=dev
[26/50] action=delete-crb name=foo-global-binding
[27/50] action=cross-tenant-access context=tenant-5-user@kubernetes operation=list resource=configmap namespace=tenant-3
[28/50] action=cross-tenant-access context=tenant-4-user@kubernetes operation=list resource=configmap namespace=tenant-5
[29/50] action=create-rb ns=tenant-2 name=tenant-binding group=tenant-2 role=edit
[30/50] action=cross-tenant-access context=tenant-5-user@kubernetes operation=get resource=configmap namespace=tenant-2
[31/50] action=create-crb name=foo-global-binding group=tenant-1 role=cluster-admin
[32/50] action=delete-crb name=foo-global-binding
[33/50] action=cross-tenant-access context=tenant-4-user@kubernetes operation=delete resource=configmap namespace=tenant-3
[34/50] action=delete-clusterrole name=dev
[35/50] action=create-rb ns=tenant-4 name=tenant-binding group=tenant-4 role=admin
[36/50] action=cross-tenant-access context=tenant-5-user@kubernetes operation=list resource=configmap namespace=tenant-4
[37/50] action=delete-rb ns=tenant-5 name=tenant-binding
[38/50] action=delete-clusterrole name=dev
[39/50] action=cross-tenant-access context=tenant-4-user@kubernetes operation=get resource=configmap namespace=tenant-2
[40/50] action=cross-tenant-access context=tenant-5-user@kubernetes operation=patch resource=configmap namespace=tenant-3
[41/50] action=delete-rb ns=tenant-3 name=tenant-binding
[42/50] action=create-clusterrole name=dev resources=services verbs=watch
[43/50] action=delete-clusterrole name=dev
[44/50] action=create-rb ns=tenant-2 name=tenant-binding group=tenant-2 role=admin
[45/50] action=delete-clusterrole name=dev
[46/50] action=cross-tenant-access context=tenant-2-user@kubernetes operation=patch resource=configmap namespace=tenant-4
[47/50] action=delete-rb ns=tenant-3 name=tenant-binding
[48/50] action=cross-tenant-access context=tenant-1-user@kubernetes operation=list resource=configmap namespace=tenant-4
[49/50] action=delete-rb ns=tenant-1 name=tenant-binding
[50/50] action=create-clusterrole name=dev resources=secrets verbs=deletecollection
