[1/1000] action=cross-tenant-access context=tenant-3-user@kubernetes operation=delete resource=configmap namespace=tenant-6
[2/1000] action=cross-tenant-access context=tenant-7-user@kubernetes operation=get resource=configmap namespace=tenant-4
[3/1000] action=cross-tenant-access context=tenant-1-user@kubernetes operation=get resource=configmap namespace=tenant-7
[4/1000] action=cross-tenant-access context=tenant-9-user@kubernetes operation=patch resource=configmap namespace=tenant-3
[5/1000] action=cross-tenant-access context=tenant-7-user@kubernetes operation=list resource=configmap namespace=tenant-8
[6/1000] action=delete-rb ns=tenant-2 name=tenant-binding
[7/1000] action=delete-crb name=foo-global-binding
[8/1000] action=cross-tenant-access context=tenant-8-user@kubernetes operation=list resource=configmap namespace=tenant-7
[9/1000] action=cross-tenant-access context=tenant-6-user@kubernetes operation=patch resource=configmap namespace=tenant-7
[10/1000] action=cross-tenant-access context=tenant-7-user@kubernetes operation=patch resource=configmap namespace=tenant-4
[11/1000] action=cross-tenant-access context=tenant-10-user@kubernetes operation=patch resource=configmap namespace=tenant-9
[12/1000] action=cross-tenant-access context=tenant-4-user@kubernetes operation=get resource=configmap namespace=tenant-6
[13/1000] action=cross-tenant-access context=tenant-1-user@kubernetes operation=patch resource=configmap namespace=tenant-9
[14/1000] action=create-crb name=foo-global-binding group=tenant-3 role=dev
[15/1000] action=cross-tenant-access context=tenant-1-user@kubernetes operation=list resource=configmap namespace=tenant-6
[16/1000] action=cross-tenant-access context=tenant-5-user@kubernetes operation=get resource=configmap namespace=tenant-3
[17/1000] action=delete-rb ns=tenant-6 name=tenant-binding
[18/1000] action=delete-rb ns=tenant-1 name=tenant-binding
[19/1000] action=create-rb ns=tenant-6 name=tenant-binding group=tenant-6 role=view
[20/1000] action=cross-tenant-access context=tenant-8-user@kubernetes operation=patch resource=configmap namespace=tenant-5
[21/1000] action=delete-rb ns=tenant-4 name=tenant-binding
[22/1000] action=cross-tenant-access context=tenant-2-user@kubernetes operation=delete resource=configmap namespace=tenant-7
[23/1000] action=cross-tenant-access context=tenant-2-user@kubernetes operation=delete resource=configmap namespace=tenant-10
[24/1000] action=cross-tenant-access context=tenant-4-user@kubernetes operation=get resource=configmap namespace=tenant-5
[25/1000] action=delete-rb ns=tenant-5 name=tenant-binding
[26/1000] action=delete-clusterrole name=dev
[27/1000] action=cross-tenant-access context=tenant-4-user@kubernetes operation=list resource=configmap namespace=tenant-7
[28/1000] action=create-crb name=foo-global-binding group=tenant-3 role=dev
[29/1000] action=delete-crb name=foo-global-binding
[30/1000] action=create-crb name=foo-global-binding group=tenant-10 role=view
[31/1000] action=cross-tenant-access context=tenant-6-user@kubernetes operation=list resource=configmap namespace=tenant-3
[32/1000] action=cross-tenant-access context=tenant-3-user@kubernetes operation=delete resource=configmap namespace=tenant-1
[33/1000] action=create-rb ns=tenant-5 name=tenant-binding group=tenant-5 role=admin
[34/1000] action=create-crb name=foo-global-binding group=tenant-3 role=edit
[35/1000] action=create-rb ns=tenant-6 name=tenant-binding group=tenant-6 role=view
[36/1000] action=create-rb ns=tenant-9 name=tenant-binding group=tenant-9 role=cluster-admin
[37/1000] action=cross-tenant-access context=tenant-2-user@kubernetes operation=list resource=configmap namespace=tenant-6
[38/1000] action=cross-tenant-access context=tenant-1-user@kubernetes operation=list resource=configmap namespace=tenant-3
[39/1000] action=cross-tenant-access context=tenant-5-user@kubernetes operation=list resource=configmap namespace=tenant-2
[40/1000] action=create-clusterrole name=dev resources=secrets,pods verbs=list
[41/1000] action=cross-tenant-access context=tenant-2-user@kubernetes operation=delete resource=configmap namespace=tenant-4
[42/1000] action=cross-tenant-access context=tenant-3-user@kubernetes operation=list resource=configmap namespace=tenant-1
[43/1000] action=cross-tenant-access context=tenant-7-user@kubernetes operation=delete resource=configmap namespace=tenant-2
[44/1000] action=cross-tenant-access context=tenant-3-user@kubernetes operation=list resource=configmap namespace=tenant-9
[45/1000] action=delete-rb ns=tenant-10 name=tenant-binding
[46/1000] action=create-crb name=foo-global-binding group=tenant-10 role=dev
[47/1000] action=create-rb ns=tenant-10 name=tenant-binding group=tenant-10 role=admin
[48/1000] action=create-crb name=foo-global-binding group=tenant-5 role=edit
[49/1000] action=delete-clusterrole name=dev
[50/1000] action=cross-tenant-access context=tenant-4-user@kubernetes operation=watch resource=configmap namespace=tenant-10
[51/1000] action=create-crb name=foo-global-binding group=tenant-2 role=edit
[52/1000] action=delete-crb name=foo-global-binding
[53/1000] action=cross-tenant-access context=tenant-4-user@kubernetes operation=patch resource=configmap namespace=tenant-7
[54/1000] action=create-rb ns=tenant-8 name=tenant-binding group=tenant-8 role=view
[55/1000] action=create-clusterrole name=dev resources=services verbs=delete
[56/1000] action=create-rb ns=tenant-7 name=tenant-binding group=tenant-7 role=edit
[57/1000] action=cross-tenant-access context=tenant-6-user@kubernetes operation=list resource=configmap namespace=tenant-5
[58/1000] action=cross-tenant-access context=tenant-9-user@kubernetes operation=delete resource=configmap namespace=tenant-8
[59/1000] action=delete-rb ns=tenant-2 name=tenant-binding
[60/1000] action=delete-crb name=foo-global-binding
[61/1000] action=cross-tenant-access context=tenant-6-user@kubernetes operation=get resource=configmap namespace=tenant-10
[62/1000] action=cross-tenant-access context=tenant-4-user@kubernetes operation=delete resource=configmap namespace=tenant-8
[63/1000] action=create-crb name=foo-global-binding group=tenant-5 role=cluster-admin
[64/1000] action=create-clusterrole name=dev resources=configmaps,secrets verbs=list,delete,get,deletecollection,update
[65/1000] action=cross-tenant-access context=tenant-8-user@kubernetes operation=watch resource=configmap namespace=tenant-6
[66/1000] action=cross-tenant-access context=tenant-1-user@kubernetes operation=watch resource=configmap namespace=tenant-5
[67/1000] action=delete-rb ns=tenant-1 name=tenant-binding
[68/1000] action=delete-rb ns=tenant-2 name=tenant-binding
[69/1000] action=create-clusterrole name=dev resources=secrets,configmaps,services verbs=list,deletecollection,create
[70/1000] action=delete-rb ns=tenant-10 name=tenant-binding
[71/1000] action=create-crb name=foo-global-binding group=tenant-6 role=dev
[72/1000] action=cross-tenant-access context=tenant-8-user@kubernetes operation=patch resource=configmap namespace=tenant-9
[73/1000] action=delete-crb name=foo-global-binding
[74/1000] action=create-rb ns=tenant-9 name=tenant-binding group=tenant-9 role=admin
[75/1000] action=cross-tenant-access context=tenant-1-user@kubernetes operation=delete resource=configmap namespace=tenant-6
[76/1000] action=cross-tenant-access context=tenant-10-user@kubernetes operation=list resource=configmap namespace=tenant-9
[77/1000] action=delete-clusterrole name=dev
[78/1000] action=delete-crb name=foo-global-binding
[79/1000] action=create-clusterrole name=dev resources=configmaps verbs=update,list,watch
[80/1000] action=delete-rb ns=tenant-2 name=tenant-binding
[81/1000] action=delete-rb ns=tenant-1 name=tenant-binding
[82/1000] action=create-rb ns=tenant-1 name=tenant-binding group=tenant-1 role=view
[83/1000] action=create-crb name=foo-global-binding group=tenant-9 role=dev
[84/1000] action=create-clusterrole name=dev resources=configmaps verbs=deletecollection
[85/1000] action=delete-clusterrole name=dev
[86/1000] action=create-crb name=foo-global-binding group=tenant-7 role=edit
[87/1000] action=cross-tenant-access context=tenant-3-user@kubernetes operation=delete resource=configmap namespace=tenant-4
[88/1000] action=delete-rb ns=tenant-1 name=tenant-binding
[89/1000] action=delete-rb ns=tenant-6 name=tenant-binding
[90/1000] action=create-crb name=foo-global-binding group=tenant-3 role=edit
[91/1000] action=cross-tenant-access context=tenant-10-user@kubernetes operation=delete resource=configmap namespace=tenant-7
[92/1000] action=delete-rb ns=tenant-7 name=tenant-binding
[93/1000] action=delete-clusterrole name=dev
[94/1000] action=cross-tenant-access context=tenant-3-user@kubernetes operation=watch resource=configmap namespace=tenant-4
[95/1000] action=create-crb name=foo-global-binding group=tenant-10 role=admin
[96/1000] action=cross-tenant-access context=tenant-6-user@kubernetes operation=get resource=configmap namespace=tenant-5
[97/1000] action=cross-tenant-access context=tenant-8-user@kubernetes operation=list resource=configmap namespace=tenant-7
[98/1000] action=delete-rb ns=tenant-9 name=tenant-binding
[99/1000] action=create-rb ns=tenant-5 name=tenant-binding group=tenant-5 role=dev
[100/1000] action=delete-crb name=foo-global-binding
[101/1000] action=cross-tenant-access context=tenant-9-user@kubernetes operation=patch resource=configmap namespace=tenant-5
[102/1000] action=cross-tenant-access context=tenant-8-user@kubernetes operation=patch resource=configmap namespace=tenant-10
[103/1000] action=cross-tenant-access context=tenant-10-user@kubernetes operation=watch resource=configmap namespace=tenant-5
[104/1000] action=create-rb ns=tenant-2 name=tenant-binding group=tenant-2 role=admin
[105/1000] action=create-rb ns=tenant-7 name=tenant-binding group=tenant-7 role=cluster-admin
[106/1000] action=delete-rb ns=tenant-7 name=tenant-binding
[107/1000] action=delete-rb ns=tenant-7 name=tenant-binding
[108/1000] action=create-rb ns=tenant-8 name=tenant-binding group=tenant-8 role=edit
[109/1000] action=delete-rb ns=tenant-5 name=tenant-binding
[110/1000] action=delete-rb ns=tenant-4 name=tenant-binding
[111/1000] action=cross-tenant-access context=tenant-4-user@kubernetes operation=watch resource=configmap namespace=tenant-5
[112/1000] action=delete-clusterrole name=dev
[113/1000] action=delete-clusterrole name=dev
[114/1000] action=delete-clusterrole name=dev
[115/1000] action=create-clusterrole name=dev resources=configmaps,secrets verbs=delete,get,list,create
[116/1000] action=cross-tenant-access context=tenant-3-user@kubernetes operation=get resource=configmap namespace=tenant-5
[117/1000] action=create-rb ns=tenant-1 name=tenant-binding group=tenant-1 role=view
[118/1000] action=delete-clusterrole name=dev
[119/1000] action=create-clusterrole name=dev resources=pods,services,configmaps verbs=get
[120/1000] action=create-rb ns=tenant-6 name=tenant-binding group=tenant-6 role=cluster-admin
[121/1000] action=delete-rb ns=tenant-8 name=tenant-binding
[122/1000] action=cross-tenant-access context=tenant-5-user@kubernetes operation=get resource=configmap namespace=tenant-6
[123/1000] action=delete-crb name=foo-global-binding
[124/1000] action=cross-tenant-access context=tenant-5-user@kubernetes operation=get resource=configmap namespace=tenant-7
[125/1000] action=cross-tenant-access context=tenant-7-user@kubernetes operation=list resource=configmap namespace=tenant-1
[126/1000] action=cross-tenant-access context=tenant-6-user@kubernetes operation=watch resource=configmap namespace=tenant-10
[127/1000] action=cross-tenant-access context=tenant-5-user@kubernetes operation=watch resource=configmap namespace=tenant-9
[128/1000] action=create-crb name=foo-global-binding group=tenant-3 role=view
[129/1000] action=create-crb name=foo-global-binding group=tenant-9 role=cluster-admin
[130/1000] action=delete-crb name=foo-global-binding
[131/1000] action=delete-rb ns=tenant-6 name=tenant-binding
[132/1000] action=cross-tenant-access context=tenant-3-user@kubernetes operation=list resource=configmap namespace=tenant-6
[133/1000] action=create-clusterrole name=dev resources=configmaps,secrets,services verbs=list,patch,create
[134/1000] action=cross-tenant-access context=tenant-8-user@kubernetes operation=watch resource=configmap namespace=tenant-1
[135/1000] action=cross-tenant-access context=tenant-10-user@kubernetes operation=list resource=configmap namespace=tenant-4
[136/1000] action=create-clusterrole name=dev resources=pods verbs=watch,list,get,delete
[137/1000] action=create-rb ns=tenant-1 name=tenant-binding group=tenant-1 role=view
[138/1000] action=create-clusterrole name=dev resources=services,pods,configmaps verbs=update,get,delete,create,patch
[139/1000] action=delete-crb name=foo-global-binding
[140/1000] action=delete-rb ns=tenant-6 name=tenant-binding
[141/1000] action=create-rb ns=tenant-10 name=tenant-binding group=tenant-10 role=cluster-admin
[142/1000] action=cross-tenant-access context=tenant-9-user@kubernetes operation=patch resource=configmap namespace=tenant-3
[143/1000] action=create-clusterrole name=dev resources=pods verbs=create,list,update,deletecollection,watch
[144/1000] action=delete-crb name=foo-global-binding
[145/1000] action=create-crb name=foo-global-binding group=tenant-3 role=dev
[146/1000] action=delete-rb ns=tenant-4 name=tenant-binding
[147/1000] action=cross-tenant-access context=tenant-2-user@kubernetes operation=watch resource=configmap namespace=tenant-8
[148/1000] action=create-clusterrole name=dev resources=pods verbs=watch,list
[149/1000] action=delete-clusterrole name=dev
[150/1000] action=cross-tenant-access context=tenant-10-user@kubernetes operation=list resource=configmap namespace=tenant-5
[151/1000] action=delete-rb ns=tenant-7 name=tenant-binding
[152/1000] action=cross-tenant-access context=tenant-10-user@kubernetes operation=watch resource=configmap namespace=tenant-3
[153/1000] action=create-clusterrole name=dev resources=pods verbs=list,update,get,deletecollection
[154/1000] action=create-rb ns=tenant-5 name=tenant-binding group=tenant-5 role=cluster-admin
[155/1000] action=create-rb ns=tenant-6 name=tenant-binding group=tenant-6 role=dev
[156/1000] action=create-crb name=foo-global-binding group=tenant-10 role=cluster-admin
[157/1000] action=cross-tenant-access context=tenant-1-user@kubernetes operation=get resource=configmap namespace=tenant-9
[158/1000] action=create-rb ns=tenant-3 name=tenant-binding group=tenant-3 role=view
[159/1000] action=cross-tenant-access context=tenant-1-user@kubernetes operation=get resource=configmap namespace=tenant-8
[160/1000] action=cross-tenant-access context=tenant-1-user@kubernetes operation=list resource=configmap namespace=tenant-10
[161/1000] action=cross-tenant-access context=tenant-4-user@kubernetes operation=list resource=configmap namespace=tenant-3
[162/1000] action=create-clusterrole name=dev resources=configmaps verbs=patch,list,update
[163/1000] action=cross-tenant-access context=tenant-10-user@kubernetes operation=get resource=configmap namespace=tenant-2
[164/1000] action=create-rb ns=tenant-7 name=tenant-binding group=tenant-7 role=view
[165/1000] action=delete-rb ns=tenant-1 name=tenant-binding
[166/1000] action=delete-crb name=foo-global-binding
[167/1000] action=delete-rb ns=tenant-10 name=tenant-binding
[168/1000] action=cross-tenant-access context=tenant-7-user@kubernetes operation=delete resource=configmap namespace=tenant-4
[169/1000] action=delete-rb ns=tenant-8 name=tenant-binding
[170/1000] action=create-rb ns=tenant-2 name=tenant-binding group=tenant-2 role=dev
[171/1000] action=create-rb ns=tenant-10 name=tenant-binding group=tenant-10 role=edit
[172/1000] action=create-crb name=foo-global-binding group=tenant-4 role=edit
[173/1000] action=delete-crb name=foo-global-binding
[174/1000] action=delete-crb name=foo-global-binding
[175/1000] action=create-rb ns=tenant-7 name=tenant-binding group=tenant-7 role=admin
[176/1000] action=create-clusterrole name=dev resources=configmaps verbs=list
[177/1000] action=delete-clusterrole name=dev
[178/1000] action=delete-clusterrole name=dev
[179/1000] action=create-rb ns=tenant-1 name=tenant-binding group=tenant-1 role=dev
[180/1000] action=delete-clusterrole name=dev
[181/1000] action=cross-tenant-access context=tenant-4-user@kubernetes operation=get resource=configmap namespace=tenant-7
[182/1000] action=cross-tenant-access context=tenant-9-user@kubernetes operation=patch resource=configmap namespace=tenant-3
[183/1000] action=delete-rb ns=tenant-2 name=tenant-binding
[184/1000] action=create-crb name=foo-global-binding group=tenant-8 role=admin
[185/1000] action=delete-crb name=foo-global-binding
[186/1000] action=cross-tenant-access context=tenant-4-user@kubernetes operation=list resource=configmap namespace=tenant-1
[187/1000] action=create-rb ns=tenant-9 name=tenant-binding group=tenant-9 role=dev
[188/1000] action=delete-crb name=foo-global-binding
[189/1000] action=create-clusterrole name=dev resources=services,configmaps,secrets verbs=update,get,list,deletecollection
[190/1000] action=cross-tenant-access context=tenant-3-user@kubernetes operation=get resource=configmap namespace=tenant-9
[191/1000] action=delete-crb name=foo-global-binding
[192/1000] action=delete-clusterrole name=dev
[193/1000] action=cross-tenant-access context=tenant-9-user@kubernetes operation=get resource=configmap namespace=tenant-10
[194/1000] action=create-rb ns=tenant-9 name=tenant-binding group=tenant-9 role=admin
[195/1000] action=delete-clusterrole name=dev
[196/1000] action=delete-crb name=foo-global-binding
[197/1000] action=delete-clusterrole name=dev
[198/1000] action=delete-crb name=foo-global-binding
[199/1000] action=cross-tenant-access context=tenant-4-user@kubernetes operation=watch resource=configmap namespace=tenant-6
[200/1000] action=create-rb ns=tenant-10 name=tenant-binding group=tenant-10 role=edit
[201/1000] action=delete-rb ns=tenant-3 name=tenant-binding
[202/1000] action=delete-rb ns=tenant-5 name=tenant-binding
[203/1000] action=create-rb ns=tenant-1 name=tenant-binding group=tenant-1 role=dev
[204/1000] action=cross-tenant-access context=tenant-8-user@kubernetes operation=watch resource=configmap namespace=tenant-6
[205/1000] action=create-crb name=foo-global-binding group=tenant-2 role=edit
[206/1000] action=delete-rb ns=tenant-4 name=tenant-binding
[207/1000] action=cross-tenant-access context=tenant-1-user@kubernetes operation=get resource=configmap namespace=tenant-8
[208/1000] action=cross-tenant-access context=tenant-1-user@kubernetes operation=patch resource=configmap namespace=tenant-7
[209/1000] action=delete-crb name=foo-global-binding
[210/1000] action=create-clusterrole name=dev resources=pods verbs=watch,list,create,delete,patch
[211/1000] action=cross-tenant-access context=tenant-6-user@kubernetes operation=get resource=configmap namespace=tenant-2
[212/1000] action=cross-tenant-access context=tenant-2-user@kubernetes operation=watch resource=configmap namespace=tenant-1
[213/1000] action=delete-clusterrole name=dev
[214/1000] action=delete-clusterrole name=dev
[215/1000] action=create-rb ns=tenant-4 name=tenant-binding group=tenant-4 role=admin
[216/1000] action=delete-clusterrole name=dev
[217/1000] action=create-rb ns=tenant-2 name=tenant-binding group=tenant-2 role=dev
[218/1000] action=delete-rb ns=tenant-7 name=tenant-binding
[219/1000] action=create-crb name=foo-global-binding group=tenant-3 role=edit
[220/1000] action=cross-tenant-access context=tenant-10-user@kubernetes operation=patch resource=configmap namespace=tenant-9
[221/1000] action=create-clusterrole name=dev resources=pods verbs=create,list,patch
[222/1000] action=create-rb ns=tenant-1 name=tenant-binding group=tenant-1 role=edit
[223/1000] action=cross-tenant-access context=tenant-8-user@kubernetes operation=patch resource=configmap namespace=tenant-2
[224/1000] action=delete-crb name=foo-global-binding
[225/1000] action=cross-tenant-access context=tenant-2-user@kubernetes operation=get resource=configmap namespace=tenant-9
[226/1000] action=cross-tenant-access context=tenant-5-user@kubernetes operation=watch resource=configmap namespace=tenant-10
[227/1000] action=cross-tenant-access context=tenant-8-user@kubernetes operation=patch resource=configmap namespace=tenant-2
[228/1000] action=create-crb name=foo-global-binding group=tenant-9 role=edit
[229/1000] action=delete-rb ns=tenant-2 name=tenant-binding
[230/1000] action=create-rb ns=tenant-9 name=tenant-binding group=tenant-9 role=cluster-admin
[231/1000] action=delete-rb ns=tenant-3 name=tenant-binding
[232/1000] action=delete-crb name=foo-global-binding
[233/1000] action=cross-tenant-access context=tenant-5-user@kubernetes operation=patch resource=configmap namespace=tenant-2
[234/1000] action=create-crb name=foo-global-binding group=tenant-10 role=edit
[235/1000] action=cross-tenant-access context=tenant-3-user@kubernetes operation=patch resource=configmap namespace=tenant-4
[236/1000] action=delete-rb ns=tenant-10 name=tenant-binding
[237/1000] action=create-crb name=foo-global-binding group=tenant-1 role=view
[238/1000] action=cross-tenant-access context=tenant-1-user@kubernetes operation=delete resource=configmap namespace=tenant-7
[239/1000] action=delete-rb ns=tenant-2 name=tenant-binding
[240/1000] action=cross-tenant-access context=tenant-7-user@kubernetes operation=delete resource=configmap namespace=tenant-6
[241/1000] action=delete-rb ns=tenant-3 name=tenant-binding
[242/1000] action=delete-rb ns=tenant-4 name=tenant-binding
[243/1000] action=cross-tenant-access context=tenant-8-user@kubernetes operation=list resource=configmap namespace=tenant-6
[244/1000] action=delete-rb ns=tenant-1 name=tenant-binding
[245/1000] action=delete-rb ns=tenant-5 name=tenant-binding
[246/1000] action=create-rb ns=tenant-9 name=tenant-binding group=tenant-9 role=view
[247/1000] action=delete-rb ns=tenant-10 name=tenant-binding
[248/1000] action=cross-tenant-access context=tenant-8-user@kubernetes operation=watch resource=configmap namespace=tenant-6
[249/1000] action=cross-tenant-access context=tenant-1-user@kubernetes operation=delete resource=configmap namespace=tenant-6
[250/1000] action=delete-crb name=foo-global-binding
[251/1000] action=create-crb name=foo-global-binding group=tenant-9 role=cluster-admin
[252/1000] action=cross-tenant-access context=tenant-2-user@kubernetes operation=patch resource=configmap namespace=tenant-8
[253/1000] action=cross-tenant-access context=tenant-3-user@kubernetes operation=get resource=configmap namespace=tenant-2
[254/1000] action=cross-tenant-access context=tenant-9-user@kubernetes operation=watch resource=configmap namespace=tenant-6
[255/1000] action=create-rb ns=tenant-9 name=tenant-binding group=tenant-9 role=edit
[256/1000] action=delete-rb ns=tenant-8 name=tenant-binding
[257/1000] action=create-crb name=foo-global-binding group=tenant-2 role=view
[258/1000] action=delete-clusterrole name=dev
[259/1000] action=delete-rb ns=tenant-10 name=tenant-binding
[260/1000] action=delete-crb name=foo-global-binding
[261/1000] action=cross-tenant-access context=tenant-6-user@kubernetes operation=watch resource=configmap namespace=tenant-8
[262/1000] action=cross-tenant-access context=tenant-10-user@kubernetes operation=delete resource=configmap namespace=tenant-3
[263/1000] action=cross-tenant-access context=tenant-6-user@kubernetes operation=get resource=configmap namespace=tenant-7
[264/1000] action=cross-tenant-access context=tenant-3-user@kubernetes operation=patch resource=configmap namespace=tenant-4
[265/1000] action=cross-tenant-access context=tenant-5-user@kubernetes operation=list resource=configmap namespace=tenant-4
[266/1000] action=delete-crb name=foo-global-binding
[267/1000] action=create-crb name=foo-global-binding group=tenant-10 role=edit
[268/1000] action=cross-tenant-access context=tenant-5-user@kubernetes operation=patch resource=configmap namespace=tenant-4
[269/1000] action=cross-tenant-access context=tenant-6-user@kubernetes operation=delete resource=configmap namespace=tenant-4
[270/1000] action=delete-rb ns=tenant-5 name=tenant-binding
[271/1000] action=create-clusterrole name=dev resources=services verbs=list
[272/1000] action=delete-rb ns=tenant-9 name=tenant-binding
[273/1000] action=create-clusterrole name=dev resources=pods,services verbs=update,list
[274/1000] action=create-clusterrole name=dev resources=configmaps verbs=deletecollection,patch,delete
[275/1000] action=cross-tenant-access context=tenant-10-user@kubernetes operation=watch resource=configmap namespace=tenant-5
[276/1000] action=delete-clusterrole name=dev
[277/1000] action=create-crb name=foo-global-binding group=tenant-7 role=dev
[278/1000] action=delete-rb ns=tenant-7 name=tenant-binding
[279/1000] action=delete-clusterrole name=dev
[280/1000] action=create-rb ns=tenant-3 name=tenant-binding group=tenant-3 role=cluster-admin
[281/1000] action=delete-crb name=foo-global-binding
[282/1000] action=cross-tenant-access context=tenant-8-user@kubernetes operation=get resource=configmap namespace=tenant-3
[283/1000] action=cross-tenant-access context=tenant-10-user@kubernetes operation=delete resource=configmap namespace=tenant-1
[284/1000] action=create-rb ns=tenant-7 name=tenant-binding group=tenant-7 role=dev
[285/1000] action=cross-tenant-access context=tenant-7-user@kubernetes operation=list resource=configmap namespace=tenant-5
[286/1000] action=delete-rb ns=tenant-9 name=tenant-binding
[287/1000] action=delete-rb ns=tenant-2 name=tenant-binding
[288/1000] action=create-crb name=foo-global-binding group=tenant-6 role=dev
[289/1000] action=create-rb ns=tenant-4 name=tenant-binding group=tenant-4 role=admin
[290/1000] action=delete-rb ns=tenant-8 name=tenant-binding
[291/1000] action=create-rb ns=tenant-1 name=tenant-binding group=tenant-1 role=cluster-admin
[292/1000] action=create-rb ns=tenant-6 name=tenant-binding group=tenant-6 role=view
[293/1000] action=delete-clusterrole name=dev
[294/1000] action=create-rb ns=tenant-6 name=tenant-binding group=tenant-6 role=edit
[295/1000] action=cross-tenant-access context=tenant-6-user@kubernetes operation=delete resource=configmap namespace=tenant-3
[296/1000] action=delete-rb ns=tenant-6 name=tenant-binding
[297/1000] action=cross-tenant-access context=tenant-2-user@kubernetes operation=list resource=configmap namespace=tenant-4
[298/1000] action=cross-tenant-access context=tenant-5-user@kubernetes operation=get resource=configmap namespace=tenant-7
[299/1000] action=delete-clusterrole name=dev
[300/1000] action=delete-clusterrole name=dev
[301/1000] action=create-rb ns=tenant-8 name=tenant-binding group=tenant-8 role=admin
[302/1000] action=cross-tenant-access context=tenant-4-user@kubernetes operation=list resource=configmap namespace=tenant-8
[303/1000] action=cross-tenant-access context=tenant-8-user@kubernetes operation=get resource=configmap namespace=tenant-7
[304/1000] action=delete-clusterrole name=dev
[305/1000] action=create-rb ns=tenant-8 name=tenant-binding group=tenant-8 role=dev
[306/1000] action=create-rb ns=tenant-2 name=tenant-binding group=tenant-2 role=dev
[307/1000] action=create-clusterrole name=dev resources=pods,secrets,configmaps verbs=patch,update,create,list
[308/1000] action=delete-crb name=foo-global-binding
[309/1000] action=delete-clusterrole name=dev
[310/1000] action=cross-tenant-access context=tenant-2-user@kubernetes operation=delete resource=configmap namespace=tenant-1
[311/1000] action=delete-clusterrole name=dev
[312/1000] action=delete-rb ns=tenant-3 name=tenant-binding
[313/1000] action=cross-tenant-access context=tenant-8-user@kubernetes operation=list resource=configmap namespace=tenant-3
[314/1000] action=cross-tenant-access context=tenant-2-user@kubernetes operation=list resource=configmap namespace=tenant-7
[315/1000] action=create-rb ns=tenant-8 name=tenant-binding group=tenant-8 role=cluster-admin
[316/1000] action=cross-tenant-access context=tenant-2-user@kubernetes operation=patch resource=configmap namespace=tenant-9
[317/1000] action=create-rb ns=tenant-5 name=tenant-binding group=tenant-5 role=cluster-admin
[318/1000] action=delete-crb name=foo-global-binding
[319/1000] action=create-rb ns=tenant-10 name=tenant-binding group=tenant-10 role=dev
[320/1000] action=delete-crb name=foo-global-binding
[321/1000] action=delete-rb ns=tenant-6 name=tenant-binding
[322/1000] action=create-rb ns=tenant-9 name=tenant-binding group=tenant-9 role=edit
[323/1000] action=create-rb ns=tenant-2 name=tenant-binding group=tenant-2 role=view
[324/1000] action=cross-tenant-access context=tenant-3-user@kubernetes operation=list resource=configmap namespace=tenant-1
[325/1000] action=create-rb ns=tenant-2 name=tenant-binding group=tenant-2 role=dev
[326/1000] action=create-clusterrole name=dev resources=secrets,pods verbs=create,deletecollection
[327/1000] action=delete-crb name=foo-global-binding
[328/1000] action=create-rb ns=tenant-3 name=tenant-binding group=tenant-3 role=view
[329/1000] action=create-clusterrole name=dev resources=services,configmaps verbs=deletecollection,delete,get
[330/1000] action=cross-tenant-access context=tenant-5-user@kubernetes operation=watch resource=configmap namespace=tenant-8
[331/1000] action=delete-rb ns=tenant-1 name=tenant-binding
[332/1000] action=cross-tenant-access context=tenant-9-user@kubernetes operation=watch resource=configmap namespace=tenant-10
[333/1000] action=delete-rb ns=tenant-6 name=tenant-binding
[334/1000] action=create-clusterrole name=dev resources=pods,configmaps,services verbs=watch,get,update
[335/1000] action=delete-clusterrole name=dev
[336/1000] action=cross-tenant-access context=tenant-9-user@kubernetes operation=patch resource=configmap namespace=tenant-10
[337/1000] action=cross-tenant-access context=tenant-1-user@kubernetes operation=get resource=configmap namespace=tenant-5
[338/1000] action=cross-tenant-access context=tenant-1-user@kubernetes operation=patch resource=configmap namespace=tenant-6
[339/1000] action=delete-rb ns=tenant-5 name=tenant-binding
[340/1000] action=delete-clusterrole name=dev
[341/1000] action=create-clusterrole name=dev resources=services,pods verbs=list
[342/1000] action=cross-tenant-access context=tenant-6-user@kubernetes operation=list resource=configmap namespace=tenant-5
[343/1000] action=cross-tenant-access context=tenant-7-user@kubernetes operation=list resource=configmap namespace=tenant-10
[344/1000] action=cross-tenant-access context=tenant-3-user@kubernetes operation=list resource=configmap namespace=tenant-9
[345/1000] action=delete-rb ns=tenant-10 name=tenant-binding
[346/1000] action=create-rb ns=tenant-4 name=tenant-binding group=tenant-4 role=edit
[347/1000] action=cross-tenant-access context=tenant-10-user@kubernetes operation=get resource=configmap namespace=tenant-2
[348/1000] action=create-clusterrole name=dev resources=pods,configmaps,services verbs=create
[349/1000] action=cross-tenant-access context=tenant-5-user@kubernetes operation=delete resource=configmap namespace=tenant-1
[350/1000] action=create-rb ns=tenant-2 name=tenant-binding group=tenant-2 role=admin
[351/1000] action=create-clusterrole name=dev resources=services verbs=get,create,delete
[352/1000] action=create-clusterrole name=dev resources=services,pods,configmaps verbs=delete,deletecollection,list
[353/1000] action=cross-tenant-access context=tenant-5-user@kubernetes operation=get resource=configmap namespace=tenant-6
[354/1000] action=create-rb ns=tenant-9 name=tenant-binding group=tenant-9 role=admin
[355/1000] action=create-clusterrole name=dev resources=configmaps verbs=deletecollection,create,watch
[356/1000] action=create-rb ns=tenant-1 name=tenant-binding group=tenant-1 role=cluster-admin
[357/1000] action=create-rb ns=tenant-9 name=tenant-binding group=tenant-9 role=cluster-admin
[358/1000] action=cross-tenant-access context=tenant-2-user@kubernetes operation=watch resource=configmap namespace=tenant-1
[359/1000] action=cross-tenant-access context=tenant-5-user@kubernetes operation=list resource=configmap namespace=tenant-7
[360/1000] action=create-clusterrole name=dev resources=configmaps,secrets,services verbs=create,update,delete
[361/1000] action=delete-clusterrole name=dev
[362/1000] action=cross-tenant-access context=tenant-1-user@kubernetes operation=watch resource=configmap namespace=tenant-7
[363/1000] action=delete-clusterrole name=dev
[364/1000] action=delete-crb name=foo-global-binding
[365/1000] action=cross-tenant-access context=tenant-10-user@kubernetes operation=delete resource=configmap namespace=tenant-7
[366/1000] action=delete-clusterrole name=dev
[367/1000] action=cross-tenant-access context=tenant-7-user@kubernetes operation=list resource=configmap namespace=tenant-10
[368/1000] action=delete-clusterrole name=dev
[369/1000] action=create-rb ns=tenant-3 name=tenant-binding group=tenant-3 role=view
[370/1000] action=create-rb ns=tenant-6 name=tenant-binding group=tenant-6 role=view
[371/1000] action=delete-crb name=foo-global-binding
[372/1000] action=delete-crb name=foo-global-binding
[373/1000] action=delete-rb ns=tenant-8 name=tenant-binding
[374/1000] action=create-rb ns=tenant-1 name=tenant-binding group=tenant-1 role=view
[375/1000] action=create-crb name=foo-global-binding group=tenant-8 role=view
[376/1000] action=create-crb name=foo-global-binding group=tenant-8 role=dev
[377/1000] action=cross-tenant-access context=tenant-8-user@kubernetes operation=delete resource=configmap namespace=tenant-10
[378/1000] action=cross-tenant-access context=tenant-6-user@kubernetes operation=get resource=configmap namespace=tenant-9
[379/1000] action=create-rb ns=tenant-6 name=tenant-binding group=tenant-6 role=cluster-admin
[380/1000] action=cross-tenant-access context=tenant-3-user@kubernetes operation=watch resource=configmap namespace=tenant-8
[381/1000] action=create-rb ns=tenant-7 name=tenant-binding group=tenant-7 role=view
[382/1000] action=cross-tenant-access context=tenant-9-user@kubernetes operation=list resource=configmap namespace=tenant-5
[383/1000] action=create-crb name=foo-global-binding group=tenant-4 role=edit
[384/1000] action=create-rb ns=tenant-4 name=tenant-binding group=tenant-4 role=edit
[385/1000] action=cross-tenant-access context=tenant-6-user@kubernetes operation=patch resource=configmap namespace=tenant-8
[386/1000] action=cross-tenant-access context=tenant-5-user@kubernetes operation=delete resource=configmap namespace=tenant-7
[387/1000] action=cross-tenant-access context=tenant-3-user@kubernetes operation=get resource=configmap namespace=tenant-4
[388/1000] action=cross-tenant-access context=tenant-3-user@kubernetes operation=watch resource=configmap namespace=tenant-10
[389/1000] action=delete-rb ns=tenant-7 name=tenant-binding
[390/1000] action=delete-rb ns=tenant-6 name=tenant-binding
[391/1000] action=cross-tenant-access context=tenant-9-user@kubernetes operation=watch resource=configmap namespace=tenant-5
[392/1000] action=cross-tenant-access context=tenant-10-user@kubernetes operation=watch resource=configmap namespace=tenant-6
[393/1000] action=delete-crb name=foo-global-binding
[394/1000] action=cross-tenant-access context=tenant-7-user@kubernetes operation=get resource=configmap namespace=tenant-10
[395/1000] action=cross-tenant-access context=tenant-9-user@kubernetes operation=patch resource=configmap namespace=tenant-8
[396/1000] action=delete-rb ns=tenant-4 name=tenant-binding
[397/1000] action=delete-rb ns=tenant-8 name=tenant-binding
[398/1000] action=delete-clusterrole name=dev
[399/1000] action=cross-tenant-access context=tenant-7-user@kubernetes operation=delete resource=configmap namespace=tenant-10
[400/1000] action=create-crb name=foo-global-binding group=tenant-7 role=admin
[401/1000] action=delete-crb name=foo-global-binding
[402/1000] action=delete-crb name=foo-global-binding
[403/1000] action=create-rb ns=tenant-1 name=tenant-binding group=tenant-1 role=dev
[404/1000] action=delete-crb name=foo-global-binding
[405/1000] action=cross-tenant-access context=tenant-8-user@kubernetes operation=watch resource=configmap namespace=tenant-1
[406/1000] action=cross-tenant-access context=tenant-2-user@kubernetes operation=list resource=configmap namespace=tenant-4
[407/1000] action=cross-tenant-access context=tenant-2-user@kubernetes operation=patch resource=configmap namespace=tenant-7
[408/1000] action=cross-tenant-access context=tenant-10-user@kubernetes operation=list resource=configmap namespace=tenant-7
[409/1000] action=cross-tenant-access context=tenant-3-user@kubernetes operation=watch resource=configmap namespace=tenant-7
[410/1000] action=create-rb ns=tenant-7 name=tenant-binding group=tenant-7 role=admin
[411/1000] action=create-clusterrole name=dev resources=secrets,pods verbs=delete,list
[412/1000] action=cross-tenant-access context=tenant-4-user@kubernetes operation=delete resource=configmap namespace=tenant-6
[413/1000] action=cross-tenant-access context=tenant-7-user@kubernetes operation=list resource=configmap namespace=tenant-9
[414/1000] action=create-crb name=foo-global-binding group=tenant-8 role=dev
[415/1000] action=delete-rb ns=tenant-1 name=tenant-binding
[416/1000] action=cross-tenant-access context=tenant-10-user@kubernetes operation=delete resource=configmap namespace=tenant-6
[417/1000] action=delete-rb ns=tenant-10 name=tenant-binding
[418/1000] action=delete-rb ns=tenant-2 name=tenant-binding
[419/1000] action=delete-crb name=foo-global-binding
[420/1000] action=create-rb ns=tenant-1 name=tenant-binding group=tenant-1 role=cluster-admin
[421/1000] action=cross-tenant-access context=tenant-3-user@kubernetes operation=watch resource=configmap namespace=tenant-4
[422/1000] action=delete-rb ns=tenant-8 name=tenant-binding
[423/1000] action=cross-tenant-access context=tenant-9-user@kubernetes operation=get resource=configmap namespace=tenant-7
[424/1000] action=create-crb name=foo-global-binding group=tenant-9 role=view
[425/1000] action=create-rb ns=tenant-4 name=tenant-binding group=tenant-4 role=cluster-admin
[426/1000] action=delete-rb ns=tenant-6 name=tenant-binding
[427/1000] action=create-rb ns=tenant-1 name=tenant-binding group=tenant-1 role=cluster-admin
[428/1000] action=cross-tenant-access context=tenant-8-user@kubernetes operation=list resource=configmap namespace=tenant-10
[429/1000] action=delete-crb name=foo-global-binding
[430/1000] action=create-rb ns=tenant-10 name=tenant-binding group=tenant-10 role=view
[431/1000] action=create-rb ns=tenant-9 name=tenant-binding group=tenant-9 role=dev
[432/1000] action=cross-tenant-access context=tenant-2-user@kubernetes operation=watch resource=configmap namespace=tenant-9
[433/1000] action=cross-tenant-access context=tenant-10-user@kubernetes operation=delete resource=configmap namespace=tenant-1
[434/1000] action=delete-crb name=foo-global-binding
[435/1000] action=create-rb ns=tenant-2 name=tenant-binding group=tenant-2 role=edit
[436/1000] action=delete-rb ns=tenant-2 name=tenant-binding
[437/1000] action=create-crb name=foo-global-binding group=tenant-9 role=dev
[438/1000] action=delete-rb ns=tenant-7 name=tenant-binding
[439/1000] action=delete-clusterrole name=dev
[440/1000] action=create-crb name=foo-global-binding group=tenant-7 role=view
[441/1000] action=create-rb ns=tenant-1 name=tenant-binding group=tenant-1 role=admin
[442/1000] action=delete-clusterrole name=dev
[443/1000] action=create-clusterrole name=dev resources=configmaps,services,secrets verbs=update,delete,deletecollection,get
[444/1000] action=delete-rb ns=tenant-3 name=tenant-binding
[445/1000] action=create-crb name=foo-global-binding group=tenant-5 role=admin
[446/1000] action=cross-tenant-access context=tenant-9-user@kubernetes operation=watch resource=configmap namespace=tenant-6
[447/1000] action=cross-tenant-access context=tenant-7-user@kubernetes operation=patch resource=configmap namespace=tenant-4
[448/1000] action=create-rb ns=tenant-2 name=tenant-binding group=tenant-2 role=admin
[449/1000] action=cross-tenant-access context=tenant-3-user@kubernetes operation=list resource=configmap namespace=tenant-6
[450/1000] action=create-rb ns=tenant-10 name=tenant-binding group=tenant-10 role=cluster-admin
[451/1000] action=cross-tenant-access context=tenant-10-user@kubernetes operation=patch resource=configmap namespace=tenant-5
[452/1000] action=delete-rb ns=tenant-4 name=tenant-binding
[453/1000] action=create-rb ns=tenant-1 name=tenant-binding group=tenant-1 role=edit
[454/1000] action=delete-rb ns=tenant-5 name=tenant-binding
[455/1000] action=create-clusterrole name=dev resources=services verbs=watch,deletecollection,delete
[456/1000] action=cross-tenant-access context=tenant-3-user@kubernetes operation=list resource=configmap namespace=tenant-6
[457/1000] action=create-rb ns=tenant-10 name=tenant-binding group=tenant-10 role=admin
[458/1000] action=create-rb ns=tenant-7 name=tenant-binding group=tenant-7 role=dev
[459/1000] action=cross-tenant-access context=tenant-4-user@kubernetes operation=patch resource=configmap namespace=tenant-9
[460/1000] action=delete-rb ns=tenant-4 name=tenant-binding
[461/1000] action=cross-tenant-access context=tenant-4-user@kubernetes operation=patch resource=configmap namespace=tenant-7
[462/1000] action=create-clusterrole name=dev resources=pods,configmaps,secrets verbs=create,update,list,get,delete
[463/1000] action=cross-tenant-access context=tenant-10-user@kubernetes operation=list resource=configmap namespace=tenant-9
[464/1000] action=delete-clusterrole name=dev
[465/1000] action=cross-tenant-access context=tenant-2-user@kubernetes operation=list resource=configmap namespace=tenant-6
[466/1000] action=cross-tenant-access context=tenant-3-user@kubernetes operation=watch resource=configmap namespace=tenant-10
[467/1000] action=cross-tenant-access context=tenant-4-user@kubernetes operation=delete resource=configmap namespace=tenant-9
[468/1000] action=create-rb ns=tenant-8 name=tenant-binding group=tenant-8 role=view
[469/1000] action=cross-tenant-access context=tenant-7-user@kubernetes operation=watch resource=configmap namespace=tenant-3
[470/1000] action=cross-tenant-access context=tenant-10-user@kubernetes operation=get resource=configmap namespace=tenant-9
[471/1000] action=delete-rb ns=tenant-6 name=tenant-binding
[472/1000] action=cross-tenant-access context=tenant-10-user@kubernetes operation=patch resource=configmap namespace=tenant-8
[473/1000] action=cross-tenant-access context=tenant-7-user@kubernetes operation=watch resource=configmap namespace=tenant-3
[474/1000] action=delete-clusterrole name=dev
[475/1000] action=create-rb ns=tenant-1 name=tenant-binding group=tenant-1 role=dev
[476/1000] action=delete-crb name=foo-global-binding
[477/1000] action=delete-rb ns=tenant-3 name=tenant-binding
[478/1000] action=create-rb ns=tenant-4 name=tenant-binding group=tenant-4 role=edit
[479/1000] action=create-rb ns=tenant-5 name=tenant-binding group=tenant-5 role=dev
[480/1000] action=delete-clusterrole name=dev
[481/1000] action=delete-clusterrole name=dev
[482/1000] action=create-crb name=foo-global-binding group=tenant-9 role=cluster-admin
[483/1000] action=delete-crb name=foo-global-binding
[484/1000] action=cross-tenant-access context=tenant-9-user@kubernetes operation=get resource=configmap namespace=tenant-4
[485/1000] action=create-rb ns=tenant-9 name=tenant-binding group=tenant-9 role=admin
[486/1000] action=create-clusterrole name=dev resources=secrets verbs=create,get
[487/1000] action=delete-crb name=foo-global-binding
[488/1000] action=cross-tenant-access context=tenant-9-user@kubernetes operation=watch resource=configmap namespace=tenant-1
[489/1000] action=create-rb ns=tenant-1 name=tenant-binding group=tenant-1 role=view
[490/1000] action=delete-rb ns=tenant-2 name=tenant-binding
[491/1000] action=cross-tenant-access context=tenant-2-user@kubernetes operation=delete resource=configmap namespace=tenant-7
[492/1000] action=create-clusterrole name=dev resources=configmaps verbs=create
[493/1000] action=delete-clusterrole name=dev
[494/1000] action=create-rb ns=tenant-8 name=tenant-binding group=tenant-8 role=dev
[495/1000] action=cross-tenant-access context=tenant-8-user@kubernetes operation=watch resource=configmap namespace=tenant-7
[496/1000] action=create-crb name=foo-global-binding group=tenant-9 role=cluster-admin
[497/1000] action=delete-clusterrole name=dev
[498/1000] action=delete-rb ns=tenant-9 name=tenant-binding
[499/1000] action=cross-tenant-access context=tenant-4-user@kubernetes operation=delete resource=configmap namespace=tenant-7
[500/1000] action=cross-tenant-access context=tenant-5-user@kubernetes operation=delete resource=configmap namespace=tenant-4
[501/1000] action=create-crb name=foo-global-binding group=tenant-10 role=cluster-admin
[502/1000] action=create-rb ns=tenant-7 name=tenant-binding group=tenant-7 role=cluster-admin
[503/1000] action=create-rb ns=tenant-7 name=tenant-binding group=tenant-7 role=cluster-admin
[504/1000] action=cross-tenant-access context=tenant-4-user@kubernetes operation=list resource=configmap namespace=tenant-9
[505/1000] action=cross-tenant-access context=tenant-5-user@kubernetes operation=watch resource=configmap namespace=tenant-7
[506/1000] action=delete-crb name=foo-global-binding
[507/1000] action=delete-rb ns=tenant-4 name=tenant-binding
[508/1000] action=delete-crb name=foo-global-binding
[509/1000] action=create-rb ns=tenant-5 name=tenant-binding group=tenant-5 role=cluster-admin
[510/1000] action=delete-clusterrole name=dev
[511/1000] action=create-rb ns=tenant-3 name=tenant-binding group=tenant-3 role=edit
[512/1000] action=create-crb name=foo-global-binding group=tenant-7 role=admin
[513/1000] action=create-rb ns=tenant-5 name=tenant-binding group=tenant-5 role=dev
[514/1000] action=create-rb ns=tenant-3 name=tenant-binding group=tenant-3 role=dev
[515/1000] action=create-rb ns=tenant-4 name=tenant-binding group=tenant-4 role=admin
[516/1000] action=create-rb ns=tenant-1 name=tenant-binding group=tenant-1 role=cluster-admin
[517/1000] action=create-rb ns=tenant-4 name=tenant-binding group=tenant-4 role=view
[518/1000] action=delete-rb ns=tenant-9 name=tenant-binding
[519/1000] action=delete-clusterrole name=dev
[520/1000] action=create-clusterrole name=dev resources=services,secrets,pods verbs=watch,update,get,deletecollection,patch
[521/1000] action=create-clusterrole name=dev resources=configmaps,pods,secrets verbs=watch,deletecollection,delete,create,patch
[522/1000] action=delete-rb ns=tenant-5 name=tenant-binding
[523/1000] action=cross-tenant-access context=tenant-6-user@kubernetes operation=get resource=configmap namespace=tenant-9
[524/1000] action=delete-clusterrole name=dev
[525/1000] action=delete-rb ns=tenant-1 name=tenant-binding
[526/1000] action=cross-tenant-access context=tenant-3-user@kubernetes operation=patch resource=configmap namespace=tenant-8
[527/1000] action=create-clusterrole name=dev resources=configmaps,pods,services verbs=delete,create,get
[528/1000] action=delete-crb name=foo-global-binding
[529/1000] action=cross-tenant-access context=tenant-5-user@kubernetes operation=watch resource=configmap namespace=tenant-10
[530/1000] action=cross-tenant-access context=tenant-4-user@kubernetes operation=patch resource=configmap namespace=tenant-10
[531/1000] action=create-clusterrole name=dev resources=services,secrets verbs=get
[532/1000] action=create-crb name=foo-global-binding group=tenant-2 role=edit
[533/1000] action=cross-tenant-access context=tenant-8-user@kubernetes operation=list resource=configmap namespace=tenant-2
[534/1000] action=create-rb ns=tenant-6 name=tenant-binding group=tenant-6 role=admin
[535/1000] action=delete-crb name=foo-global-binding
[536/1000] action=create-crb name=foo-global-binding group=tenant-3 role=cluster-admin
[537/1000] action=delete-rb ns=tenant-10 name=tenant-binding
[538/1000] action=cross-tenant-access context=tenant-10-user@kubernetes operation=list resource=configmap namespace=tenant-4
[539/1000] action=delete-crb name=foo-global-binding
[540/1000] action=delete-rb ns=tenant-6 name=tenant-binding
[541/1000] action=delete-crb name=foo-global-binding
[542/1000] action=cross-tenant-access context=tenant-5-user@kubernetes operation=list resource=configmap namespace=tenant-10
[543/1000] action=create-rb ns=tenant-4 name=tenant-binding group=tenant-4 role=view
[544/1000] action=cross-tenant-access context=tenant-2-user@kubernetes operation=watch resource=configmap namespace=tenant-3
[545/1000] action=create-clusterrole name=dev resources=services,pods verbs=patch
[546/1000] action=cross-tenant-access context=tenant-10-user@kubernetes operation=delete resource=configmap namespace=tenant-3
[547/1000] action=delete-crb name=foo-global-binding
[548/1000] action=delete-rb ns=tenant-5 name=tenant-binding
[549/1000] action=cross-tenant-access context=tenant-1-user@kubernetes operation=delete resource=configmap namespace=tenant-2
[550/1000] action=create-rb ns=tenant-4 name=tenant-binding group=tenant-4 role=dev
[551/1000] action=delete-rb ns=tenant-1 name=tenant-binding
[552/1000] action=delete-crb name=foo-global-binding
[553/1000] action=delete-rb ns=tenant-8 name=tenant-binding
[554/1000] action=create-crb name=foo-global-binding group=tenant-4 role=edit
[555/1000] action=delete-rb ns=tenant-9 name=tenant-binding
[556/1000] action=delete-clusterrole name=dev
[557/1000] action=delete-rb ns=tenant-2 name=tenant-binding
[558/1000] action=cross-tenant-access context=tenant-9-user@kubernetes operation=patch resource=configmap namespace=tenant-3
[559/1000] action=cross-tenant-access context=tenant-8-user@kubernetes operation=patch resource=configmap namespace=tenant-2
[560/1000] action=cross-tenant-access context=tenant-8-user@kubernetes operation=list resource=configmap namespace=tenant-2
[561/1000] action=cross-tenant-access context=tenant-6-user@kubernetes operation=watch resource=configmap namespace=tenant-10
[562/1000] action=cross-tenant-access context=tenant-8-user@kubernetes operation=get resource=configmap namespace=tenant-2
[563/1000] action=create-crb name=foo-global-binding group=tenant-5 role=edit
[564/1000] action=create-rb ns=tenant-10 name=tenant-binding group=tenant-10 role=view
[565/1000] action=delete-rb ns=tenant-2 name=tenant-binding
[566/1000] action=cross-tenant-access context=tenant-3-user@kubernetes operation=delete resource=configmap namespace=tenant-6
[567/1000] action=cross-tenant-access context=tenant-6-user@kubernetes operation=patch resource=configmap namespace=tenant-2
[568/1000] action=cross-tenant-access context=tenant-1-user@kubernetes operation=list resource=configmap namespace=tenant-7
[569/1000] action=delete-crb name=foo-global-binding
[570/1000] action=cross-tenant-access context=tenant-6-user@kubernetes operation=patch resource=configmap namespace=tenant-10
[571/1000] action=delete-clusterrole name=dev
[572/1000] action=delete-rb ns=tenant-6 name=tenant-binding
[573/1000] action=cross-tenant-access context=tenant-1-user@kubernetes operation=list resource=configmap namespace=tenant-3
[574/1000] action=cross-tenant-access context=tenant-3-user@kubernetes operation=delete resource=configmap namespace=tenant-9
[575/1000] action=delete-crb name=foo-global-binding
[576/1000] action=cross-tenant-access context=tenant-9-user@kubernetes operation=watch resource=configmap namespace=tenant-3
[577/1000] action=delete-rb ns=tenant-7 name=tenant-binding
[578/1000] action=create-clusterrole name=dev resources=secrets,services,configmaps verbs=watch,get,deletecollection
[579/1000] action=delete-crb name=foo-global-binding
[580/1000] action=delete-crb name=foo-global-binding
[581/1000] action=cross-tenant-access context=tenant-6-user@kubernetes operation=list resource=configmap namespace=tenant-1
[582/1000] action=delete-crb name=foo-global-binding
[583/1000] action=create-rb ns=tenant-10 name=tenant-binding group=tenant-10 role=admin
[584/1000] action=delete-clusterrole name=dev
[585/1000] action=cross-tenant-access context=tenant-8-user@kubernetes operation=get resource=configmap namespace=tenant-9
[586/1000] action=cross-tenant-access context=tenant-4-user@kubernetes operation=get resource=configmap namespace=tenant-1
[587/1000] action=delete-rb ns=tenant-8 name=tenant-binding
[588/1000] action=cross-tenant-access context=tenant-7-user@kubernetes operation=watch resource=configmap namespace=tenant-1
[589/1000] action=cross-tenant-access context=tenant-5-user@kubernetes operation=get resource=configmap namespace=tenant-7
[590/1000] action=delete-crb name=foo-global-binding
[591/1000] action=create-rb ns=tenant-9 name=tenant-binding group=tenant-9 role=cluster-admin
[592/1000] action=cross-tenant-access context=tenant-4-user@kubernetes operation=watch resource=configmap namespace=tenant-7
[593/1000] action=create-clusterrole name=dev resources=pods,secrets verbs=patch
[594/1000] action=delete-clusterrole name=dev
[595/1000] action=create-rb ns=tenant-10 name=tenant-binding group=tenant-10 role=cluster-admin
[596/1000] action=delete-crb name=foo-global-binding
[597/1000] action=create-rb ns=tenant-5 name=tenant-binding group=tenant-5 role=dev
[598/1000] action=cross-tenant-access context=tenant-8-user@kubernetes operation=patch resource=configmap namespace=tenant-10
[599/1000] action=delete-rb ns=tenant-8 name=tenant-binding
[600/1000] action=cross-tenant-access context=tenant-10-user@kubernetes operation=list resource=configmap namespace=tenant-2
[601/1000] action=delete-crb name=foo-global-binding
[602/1000] action=cross-tenant-access context=tenant-6-user@kubernetes operation=watch resource=configmap namespace=tenant-9
[603/1000] action=delete-crb name=foo-global-binding
[604/1000] action=cross-tenant-access context=tenant-1-user@kubernetes operation=watch resource=configmap namespace=tenant-6
[605/1000] action=create-crb name=foo-global-binding group=tenant-7 role=dev
[606/1000] action=delete-rb ns=tenant-10 name=tenant-binding
[607/1000] action=create-clusterrole name=dev resources=pods verbs=watch,get,patch,list,update
[608/1000] action=cross-tenant-access context=tenant-2-user@kubernetes operation=patch resource=configmap namespace=tenant-8
[609/1000] action=cross-tenant-access context=tenant-3-user@kubernetes operation=delete resource=configmap namespace=tenant-10
[610/1000] action=create-rb ns=tenant-3 name=tenant-binding group=tenant-3 role=cluster-admin
[611/1000] action=cross-tenant-access context=tenant-2-user@kubernetes operation=watch resource=configmap namespace=tenant-10
[612/1000] action=cross-tenant-access context=tenant-7-user@kubernetes operation=watch resource=configmap namespace=tenant-5
[613/1000] action=delete-rb ns=tenant-3 name=tenant-binding
[614/1000] action=delete-clusterrole name=dev
[615/1000] action=delete-crb name=foo-global-binding
[616/1000] action=cross-tenant-access context=tenant-6-user@kubernetes operation=watch resource=configmap namespace=tenant-7
[617/1000] action=delete-rb ns=tenant-8 name=tenant-binding
[618/1000] action=cross-tenant-access context=tenant-4-user@kubernetes operation=list resource=configmap namespace=tenant-1
[619/1000] action=cross-tenant-access context=tenant-8-user@kubernetes operation=patch resource=configmap namespace=tenant-1
[620/1000] action=cross-tenant-access context=tenant-8-user@kubernetes operation=patch resource=configmap namespace=tenant-7
[621/1000] action=cross-tenant-access context=tenant-7-user@kubernetes operation=delete resource=configmap namespace=tenant-5
[622/1000] action=cross-tenant-access context=tenant-6-user@kubernetes operation=patch resource=configmap namespace=tenant-10
[623/1000] action=cross-tenant-access context=tenant-3-user@kubernetes operation=list resource=configmap namespace=tenant-1
[624/1000] action=create-crb name=foo-global-binding group=tenant-4 role=admin
[625/1000] action=delete-rb ns=tenant-8 name=tenant-binding
[626/1000] action=cross-tenant-access context=tenant-8-user@kubernetes operation=patch resource=configmap namespace=tenant-9
[627/1000] action=delete-crb name=foo-global-binding
[628/1000] action=cross-tenant-access context=tenant-4-user@kubernetes operation=patch resource=configmap namespace=tenant-7
[629/1000] action=cross-tenant-access context=tenant-6-user@kubernetes operation=get resource=configmap namespace=tenant-2
[630/1000] action=cross-tenant-access context=tenant-2-user@kubernetes operation=delete resource=configmap namespace=tenant-6
[631/1000] action=create-rb ns=tenant-10 name=tenant-binding group=tenant-10 role=dev
[632/1000] action=create-crb name=foo-global-binding group=tenant-8 role=edit
[633/1000] action=cross-tenant-access context=tenant-10-user@kubernetes operation=delete resource=configmap namespace=tenant-4
[634/1000] action=create-clusterrole name=dev resources=secrets,pods,configmaps verbs=watch,patch,get
[635/1000] action=create-rb ns=tenant-9 name=tenant-binding group=tenant-9 role=dev
[636/1000] action=cross-tenant-access context=tenant-7-user@kubernetes operation=patch resource=configmap namespace=tenant-8
[637/1000] action=cross-tenant-access context=tenant-10-user@kubernetes operation=patch resource=configmap namespace=tenant-9
[638/1000] action=create-crb name=foo-global-binding group=tenant-5 role=view
[639/1000] action=create-rb ns=tenant-4 name=tenant-binding group=tenant-4 role=view
[640/1000] action=create-rb ns=tenant-3 name=tenant-binding group=tenant-3 role=cluster-admin
[641/1000] action=delete-crb name=foo-global-binding
[642/1000] action=cross-tenant-access context=tenant-6-user@kubernetes operation=list resource=configmap namespace=tenant-2
[643/1000] action=cross-tenant-access context=tenant-2-user@kubernetes operation=watch resource=configmap namespace=tenant-6
[644/1000] action=cross-tenant-access context=tenant-9-user@kubernetes operation=delete resource=configmap namespace=tenant-6
[645/1000] action=cross-tenant-access context=tenant-10-user@kubernetes operation=list resource=configmap namespace=tenant-7
[646/1000] action=delete-rb ns=tenant-9 name=tenant-binding
[647/1000] action=cross-tenant-access context=tenant-6-user@kubernetes operation=get resource=configmap namespace=tenant-7
[648/1000] action=cross-tenant-access context=tenant-9-user@kubernetes operation=delete resource=configmap namespace=tenant-7
[649/1000] action=create-rb ns=tenant-2 name=tenant-binding group=tenant-2 role=cluster-admin
[650/1000] action=create-rb ns=tenant-1 name=tenant-binding group=tenant-1 role=admin
[651/1000] action=cross-tenant-access context=tenant-8-user@kubernetes operation=get resource=configmap namespace=tenant-9
[652/1000] action=create-rb ns=tenant-10 name=tenant-binding group=tenant-10 role=dev
[653/1000] action=cross-tenant-access context=tenant-5-user@kubernetes operation=list resource=configmap namespace=tenant-4
[654/1000] action=cross-tenant-access context=tenant-10-user@kubernetes operation=delete resource=configmap namespace=tenant-2
[655/1000] action=cross-tenant-access context=tenant-7-user@kubernetes operation=get resource=configmap namespace=tenant-8
[656/1000] action=cross-tenant-access context=tenant-1-user@kubernetes operation=patch resource=configmap namespace=tenant-9
[657/1000] action=cross-tenant-access context=tenant-4-user@kubernetes operation=watch resource=configmap namespace=tenant-2
[658/1000] action=cross-tenant-access context=tenant-5-user@kubernetes operation=get resource=configmap namespace=tenant-3
[659/1000] action=cross-tenant-access context=tenant-3-user@kubernetes operation=get resource=configmap namespace=tenant-7
[660/1000] action=delete-rb ns=tenant-4 name=tenant-binding
[661/1000] action=cross-tenant-access context=tenant-4-user@kubernetes operation=get resource=configmap namespace=tenant-10
[662/1000] action=cross-tenant-access context=tenant-9-user@kubernetes operation=get resource=configmap namespace=tenant-4
[663/1000] action=cross-tenant-access context=tenant-2-user@kubernetes operation=patch resource=configmap namespace=tenant-10
[664/1000] action=delete-rb ns=tenant-6 name=tenant-binding
[665/1000] action=delete-rb ns=tenant-1 name=tenant-binding
[666/1000] action=delete-rb ns=tenant-7 name=tenant-binding
[667/1000] action=create-rb ns=tenant-6 name=tenant-binding group=tenant-6 role=view
[668/1000] action=delete-crb name=foo-global-binding
[669/1000] action=create-crb name=foo-global-binding group=tenant-7 role=admin
[670/1000] action=create-rb ns=tenant-6 name=tenant-binding group=tenant-6 role=dev
[671/1000] action=create-clusterrole name=dev resources=pods,configmaps verbs=patch,get,watch
[672/1000] action=delete-crb name=foo-global-binding
[673/1000] action=create-crb name=foo-global-binding group=tenant-6 role=edit
[674/1000] action=cross-tenant-access context=tenant-5-user@kubernetes operation=get resource=configmap namespace=tenant-2
[675/1000] action=delete-clusterrole name=dev
[676/1000] action=create-clusterrole name=dev resources=services,pods verbs=update,delete,deletecollection,list,watch
[677/1000] action=delete-clusterrole name=dev
[678/1000] action=create-rb ns=tenant-2 name=tenant-binding group=tenant-2 role=dev
[679/1000] action=create-rb ns=tenant-5 name=tenant-binding group=tenant-5 role=edit
[680/1000] action=delete-rb ns=tenant-1 name=tenant-binding
[681/1000] action=create-clusterrole name=dev resources=secrets,configmaps verbs=create,patch
[682/1000] action=create-rb ns=tenant-4 name=tenant-binding group=tenant-4 role=admin
[683/1000] action=delete-rb ns=tenant-8 name=tenant-binding
[684/1000] action=cross-tenant-access context=tenant-2-user@kubernetes operation=list resource=configmap namespace=tenant-10
[685/1000] action=delete-rb ns=tenant-2 name=tenant-binding
[686/1000] action=cross-tenant-access context=tenant-5-user@kubernetes operation=patch resource=configmap namespace=tenant-1
[687/1000] action=delete-rb ns=tenant-8 name=tenant-binding
[688/1000] action=cross-tenant-access context=tenant-1-user@kubernetes operation=list resource=configmap namespace=tenant-3
[689/1000] action=delete-rb ns=tenant-3 name=tenant-binding
[690/1000] action=delete-crb name=foo-global-binding
[691/1000] action=create-crb name=foo-global-binding group=tenant-2 role=edit
[692/1000] action=create-clusterrole name=dev resources=configmaps,secrets,pods verbs=list,watch,deletecollection,patch
[693/1000] action=delete-crb name=foo-global-binding
[694/1000] action=create-clusterrole name=dev resources=secrets,services,pods verbs=update,patch,create,watch,delete
[695/1000] action=cross-tenant-access context=tenant-9-user@kubernetes operation=list resource=configmap namespace=tenant-10
[696/1000] action=delete-rb ns=tenant-2 name=tenant-binding
[697/1000] action=create-rb ns=tenant-7 name=tenant-binding group=tenant-7 role=view
[698/1000] action=cross-tenant-access context=tenant-5-user@kubernetes operation=get resource=configmap namespace=tenant-4
[699/1000] action=create-rb ns=tenant-3 name=tenant-binding group=tenant-3 role=cluster-admin
[700/1000] action=cross-tenant-access context=tenant-4-user@kubernetes operation=patch resource=configmap namespace=tenant-5
[701/1000] action=create-clusterrole name=dev resources=services,configmaps verbs=delete,patch,create,watch,list
[702/1000] action=create-rb ns=tenant-1 name=tenant-binding group=tenant-1 role=cluster-admin
[703/1000] action=cross-tenant-access context=tenant-4-user@kubernetes operation=watch resource=configmap namespace=tenant-1
[704/1000] action=cross-tenant-access context=tenant-1-user@kubernetes operation=patch resource=configmap namespace=tenant-9
[705/1000] action=cross-tenant-access context=tenant-5-user@kubernetes operation=list resource=configmap namespace=tenant-2
[706/1000] action=cross-tenant-access context=tenant-3-user@kubernetes operation=patch resource=configmap namespace=tenant-9
[707/1000] action=create-crb name=foo-global-binding group=tenant-1 role=admin
[708/1000] action=delete-rb ns=tenant-7 name=tenant-binding
[709/1000] action=create-crb name=foo-global-binding group=tenant-5 role=dev
[710/1000] action=create-clusterrole name=dev resources=pods verbs=delete,create,patch
[711/1000] action=cross-tenant-access context=tenant-10-user@kubernetes operation=delete resource=configmap namespace=tenant-1
[712/1000] action=delete-crb name=foo-global-binding
[713/1000] action=create-rb ns=tenant-10 name=tenant-binding group=tenant-10 role=view
[714/1000] action=delete-crb name=foo-global-binding
[715/1000] action=delete-rb ns=tenant-6 name=tenant-binding
[716/1000] action=delete-crb name=foo-global-binding
[717/1000] action=cross-tenant-access context=tenant-5-user@kubernetes operation=list resource=configmap namespace=tenant-6
[718/1000] action=cross-tenant-access context=tenant-10-user@kubernetes operation=patch resource=configmap namespace=tenant-8
[719/1000] action=delete-rb ns=tenant-9 name=tenant-binding
[720/1000] action=cross-tenant-access context=tenant-3-user@kubernetes operation=delete resource=configmap namespace=tenant-4
[721/1000] action=create-rb ns=tenant-5 name=tenant-binding group=tenant-5 role=cluster-admin
[722/1000] action=cross-tenant-access context=tenant-1-user@kubernetes operation=get resource=configmap namespace=tenant-3
[723/1000] action=cross-tenant-access context=tenant-9-user@kubernetes operation=patch resource=configmap namespace=tenant-3
[724/1000] action=delete-rb ns=tenant-7 name=tenant-binding
[725/1000] action=delete-rb ns=tenant-5 name=tenant-binding
[726/1000] action=cross-tenant-access context=tenant-4-user@kubernetes operation=watch resource=configmap namespace=tenant-1
[727/1000] action=create-rb ns=tenant-6 name=tenant-binding group=tenant-6 role=cluster-admin
[728/1000] action=cross-tenant-access context=tenant-7-user@kubernetes operation=watch resource=configmap namespace=tenant-9
[729/1000] action=delete-rb ns=tenant-4 name=tenant-binding
[730/1000] action=create-crb name=foo-global-binding group=tenant-9 role=view
[731/1000] action=delete-rb ns=tenant-3 name=tenant-binding
[732/1000] action=delete-rb ns=tenant-8 name=tenant-binding
[733/1000] action=cross-tenant-access context=tenant-10-user@kubernetes operation=get resource=configmap namespace=tenant-8
[734/1000] action=delete-clusterrole name=dev
[735/1000] action=create-rb ns=tenant-7 name=tenant-binding group=tenant-7 role=view
[736/1000] action=cross-tenant-access context=tenant-9-user@kubernetes operation=get resource=configmap namespace=tenant-4
[737/1000] action=create-rb ns=tenant-1 name=tenant-binding group=tenant-1 role=cluster-admin
[738/1000] action=cross-tenant-access context=tenant-8-user@kubernetes operation=delete resource=configmap namespace=tenant-1
[739/1000] action=create-rb ns=tenant-9 name=tenant-binding group=tenant-9 role=view
[740/1000] action=cross-tenant-access context=tenant-6-user@kubernetes operation=watch resource=configmap namespace=tenant-1
[741/1000] action=cross-tenant-access context=tenant-10-user@kubernetes operation=watch resource=configmap namespace=tenant-7
[742/1000] action=create-rb ns=tenant-2 name=tenant-binding group=tenant-2 role=admin
[743/1000] action=cross-tenant-access context=tenant-9-user@kubernetes operation=patch resource=configmap namespace=tenant-5
[744/1000] action=cross-tenant-access context=tenant-1-user@kubernetes operation=watch resource=configmap namespace=tenant-10
[745/1000] action=cross-tenant-access context=tenant-9-user@kubernetes operation=delete resource=configmap namespace=tenant-3
[746/1000] action=cross-tenant-access context=tenant-3-user@kubernetes operation=get resource=configmap namespace=tenant-9
[747/1000] action=cross-tenant-access context=tenant-9-user@kubernetes operation=list resource=configmap namespace=tenant-5
[748/1000] action=create-crb name=foo-global-binding group=tenant-1 role=dev
[749/1000] action=delete-crb name=foo-global-binding
[750/1000] action=delete-clusterrole name=dev
[751/1000] action=delete-clusterrole name=dev
[752/1000] action=create-crb name=foo-global-binding group=tenant-9 role=dev
[753/1000] action=delete-crb name=foo-global-binding
[754/1000] action=delete-crb name=foo-global-binding
[755/1000] action=cross-tenant-access context=tenant-1-user@kubernetes operation=get resource=configmap namespace=tenant-5
[756/1000] action=create-crb name=foo-global-binding group=tenant-1 role=dev
[757/1000] action=create-rb ns=tenant-6 name=tenant-binding group=tenant-6 role=cluster-admin
[758/1000] action=create-crb name=foo-global-binding group=tenant-3 role=view
[759/1000] action=delete-clusterrole name=dev
[760/1000] action=create-crb name=foo-global-binding group=tenant-9 role=cluster-admin
[761/1000] action=create-crb name=foo-global-binding group=tenant-5 role=edit
[762/1000] action=delete-rb ns=tenant-7 name=tenant-binding
[763/1000] action=delete-rb ns=tenant-1 name=tenant-binding
[764/1000] action=cross-tenant-access context=tenant-1-user@kubernetes operation=patch resource=configmap namespace=tenant-7
[765/1000] action=cross-tenant-access context=tenant-2-user@kubernetes operation=patch resource=configmap namespace=tenant-5
[766/1000] action=cross-tenant-access context=tenant-2-user@kubernetes operation=patch resource=configmap namespace=tenant-3
[767/1000] action=delete-crb name=foo-global-binding
[768/1000] action=cross-tenant-access context=tenant-6-user@kubernetes operation=list resource=configmap namespace=tenant-3
[769/1000] action=create-rb ns=tenant-4 name=tenant-binding group=tenant-4 role=edit
[770/1000] action=create-rb ns=tenant-9 name=tenant-binding group=tenant-9 role=dev
[771/1000] action=create-rb ns=tenant-10 name=tenant-binding group=tenant-10 role=dev
[772/1000] action=delete-rb ns=tenant-8 name=tenant-binding
[773/1000] action=create-clusterrole name=dev resources=pods,configmaps,secrets verbs=watch
[774/1000] action=delete-clusterrole name=dev
[775/1000] action=create-crb name=foo-global-binding group=tenant-2 role=dev
[776/1000] action=cross-tenant-access context=tenant-10-user@kubernetes operation=list resource=configmap namespace=tenant-8
[777/1000] action=create-rb ns=tenant-5 name=tenant-binding group=tenant-5 role=admin
[778/1000] action=delete-crb name=foo-global-binding
[779/1000] action=cross-tenant-access context=tenant-2-user@kubernetes operation=get resource=configmap namespace=tenant-10
[780/1000] action=create-crb name=foo-global-binding group=tenant-2 role=cluster-admin
[781/1000] action=delete-rb ns=tenant-4 name=tenant-binding
[782/1000] action=delete-clusterrole name=dev
[783/1000] action=delete-clusterrole name=dev
[784/1000] action=delete-clusterrole name=dev
[785/1000] action=create-crb name=foo-global-binding group=tenant-9 role=view
[786/1000] action=cross-tenant-access context=tenant-10-user@kubernetes operation=get resource=configmap namespace=tenant-2
[787/1000] action=cross-tenant-access context=tenant-1-user@kubernetes operation=watch resource=configmap namespace=tenant-10
[788/1000] action=cross-tenant-access context=tenant-5-user@kubernetes operation=patch resource=configmap namespace=tenant-4
[789/1000] action=cross-tenant-access context=tenant-1-user@kubernetes operation=delete resource=configmap namespace=tenant-7
[790/1000] action=cross-tenant-access context=tenant-4-user@kubernetes operation=delete resource=configmap namespace=tenant-9
[791/1000] action=cross-tenant-access context=tenant-5-user@kubernetes operation=get resource=configmap namespace=tenant-3
[792/1000] action=create-rb ns=tenant-1 name=tenant-binding group=tenant-1 role=view
[793/1000] action=create-rb ns=tenant-8 name=tenant-binding group=tenant-8 role=admin
[794/1000] action=create-rb ns=tenant-2 name=tenant-binding group=tenant-2 role=admin
[795/1000] action=delete-rb ns=tenant-1 name=tenant-binding
[796/1000] action=cross-tenant-access context=tenant-10-user@kubernetes operation=list resource=configmap namespace=tenant-1
[797/1000] action=cross-tenant-access context=tenant-1-user@kubernetes operation=patch resource=configmap namespace=tenant-7
[798/1000] action=cross-tenant-access context=tenant-9-user@kubernetes operation=list resource=configmap namespace=tenant-5
[799/1000] action=cross-tenant-access context=tenant-5-user@kubernetes operation=watch resource=configmap namespace=tenant-8
[800/1000] action=create-crb name=foo-global-binding group=tenant-2 role=view
[801/1000] action=delete-clusterrole name=dev
[802/1000] action=cross-tenant-access context=tenant-3-user@kubernetes operation=list resource=configmap namespace=tenant-2
[803/1000] action=delete-clusterrole name=dev
[804/1000] action=cross-tenant-access context=tenant-2-user@kubernetes operation=list resource=configmap namespace=tenant-6
[805/1000] action=delete-clusterrole name=dev
[806/1000] action=cross-tenant-access context=tenant-8-user@kubernetes operation=get resource=configmap namespace=tenant-6
[807/1000] action=delete-clusterrole name=dev
[808/1000] action=delete-clusterrole name=dev
[809/1000] action=create-crb name=foo-global-binding group=tenant-3 role=admin
[810/1000] action=create-rb ns=tenant-7 name=tenant-binding group=tenant-7 role=cluster-admin
[811/1000] action=create-rb ns=tenant-10 name=tenant-binding group=tenant-10 role=edit
[812/1000] action=cross-tenant-access context=tenant-3-user@kubernetes operation=watch resource=configmap namespace=tenant-4
[813/1000] action=delete-clusterrole name=dev
[814/1000] action=create-rb ns=tenant-6 name=tenant-binding group=tenant-6 role=admin
[815/1000] action=delete-clusterrole name=dev
[816/1000] action=cross-tenant-access context=tenant-6-user@kubernetes operation=watch resource=configmap namespace=tenant-9
[817/1000] action=cross-tenant-access context=tenant-6-user@kubernetes operation=get resource=configmap namespace=tenant-8
[818/1000] action=delete-crb name=foo-global-binding
[819/1000] action=cross-tenant-access context=tenant-4-user@kubernetes operation=list resource=configmap namespace=tenant-6
[820/1000] action=create-rb ns=tenant-8 name=tenant-binding group=tenant-8 role=cluster-admin
[821/1000] action=cross-tenant-access context=tenant-5-user@kubernetes operation=delete resource=configmap namespace=tenant-1
[822/1000] action=delete-clusterrole name=dev
[823/1000] action=delete-clusterrole name=dev
[824/1000] action=cross-tenant-access context=tenant-2-user@kubernetes operation=watch resource=configmap namespace=tenant-10
[825/1000] action=delete-rb ns=tenant-2 name=tenant-binding
[826/1000] action=create-clusterrole name=dev resources=pods,configmaps,secrets verbs=list,deletecollection
[827/1000] action=create-crb name=foo-global-binding group=tenant-2 role=cluster-admin
[828/1000] action=delete-clusterrole name=dev
[829/1000] action=delete-rb ns=tenant-1 name=tenant-binding
[830/1000] action=cross-tenant-access context=tenant-4-user@kubernetes operation=delete resource=configmap namespace=tenant-7
[831/1000] action=delete-crb name=foo-global-binding
[832/1000] action=create-clusterrole name=dev resources=secrets verbs=list
[833/1000] action=delete-clusterrole name=dev
[834/1000] action=create-clusterrole name=dev resources=pods,services verbs=patch,get,watch,update
[835/1000] action=create-rb ns=tenant-7 name=tenant-binding group=tenant-7 role=view
[836/1000] action=create-clusterrole name=dev resources=configmaps,secrets verbs=watch,list,delete,get
[837/1000] action=cross-tenant-access context=tenant-4-user@kubernetes operation=list resource=configmap namespace=tenant-1
[838/1000] action=cross-tenant-access context=tenant-6-user@kubernetes operation=patch resource=configmap namespace=tenant-7
[839/1000] action=cross-tenant-access context=tenant-4-user@kubernetes operation=list resource=configmap namespace=tenant-7
[840/1000] action=create-crb name=foo-global-binding group=tenant-7 role=dev
[841/1000] action=cross-tenant-access context=tenant-4-user@kubernetes operation=get resource=configmap namespace=tenant-2
[842/1000] action=delete-rb ns=tenant-3 name=tenant-binding
[843/1000] action=cross-tenant-access context=tenant-8-user@kubernetes operation=watch resource=configmap namespace=tenant-7
[844/1000] action=delete-rb ns=tenant-3 name=tenant-binding
[845/1000] action=cross-tenant-access context=tenant-5-user@kubernetes operation=patch resource=configmap namespace=tenant-4
[846/1000] action=create-crb name=foo-global-binding group=tenant-1 role=edit
[847/1000] action=cross-tenant-access context=tenant-8-user@kubernetes operation=patch resource=configmap namespace=tenant-7
[848/1000] action=delete-rb ns=tenant-10 name=tenant-binding
[849/1000] action=cross-tenant-access context=tenant-6-user@kubernetes operation=get resource=configmap namespace=tenant-1
[850/1000] action=delete-rb ns=tenant-4 name=tenant-binding
[851/1000] action=delete-rb ns=tenant-7 name=tenant-binding
[852/1000] action=cross-tenant-access context=tenant-3-user@kubernetes operation=delete resource=configmap namespace=tenant-6
[853/1000] action=create-rb ns=tenant-3 name=tenant-binding group=tenant-3 role=admin
[854/1000] action=cross-tenant-access context=tenant-4-user@kubernetes operation=patch resource=configmap namespace=tenant-1
[855/1000] action=cross-tenant-access context=tenant-6-user@kubernetes operation=patch resource=configmap namespace=tenant-1
[856/1000] action=cross-tenant-access context=tenant-5-user@kubernetes operation=watch resource=configmap namespace=tenant-10
[857/1000] action=cross-tenant-access context=tenant-4-user@kubernetes operation=delete resource=configmap namespace=tenant-6
[858/1000] action=cross-tenant-access context=tenant-4-user@kubernetes operation=delete resource=configmap namespace=tenant-10
[859/1000] action=create-rb ns=tenant-8 name=tenant-binding group=tenant-8 role=cluster-admin
[860/1000] action=create-crb name=foo-global-binding group=tenant-5 role=cluster-admin
[861/1000] action=create-rb ns=tenant-7 name=tenant-binding group=tenant-7 role=view
[862/1000] action=cross-tenant-access context=tenant-1-user@kubernetes operation=delete resource=configmap namespace=tenant-8
[863/1000] action=delete-rb ns=tenant-4 name=tenant-binding
[864/1000] action=delete-rb ns=tenant-10 name=tenant-binding
[865/1000] action=cross-tenant-access context=tenant-3-user@kubernetes operation=list resource=configmap namespace=tenant-4
[866/1000] action=create-crb name=foo-global-binding group=tenant-6 role=dev
[867/1000] action=cross-tenant-access context=tenant-3-user@kubernetes operation=get resource=configmap namespace=tenant-1
[868/1000] action=cross-tenant-access context=tenant-3-user@kubernetes operation=get resource=configmap namespace=tenant-9
[869/1000] action=cross-tenant-access context=tenant-7-user@kubernetes operation=patch resource=configmap namespace=tenant-2
[870/1000] action=create-rb ns=tenant-1 name=tenant-binding group=tenant-1 role=edit
[871/1000] action=create-crb name=foo-global-binding group=tenant-6 role=dev
[872/1000] action=delete-rb ns=tenant-4 name=tenant-binding
[873/1000] action=create-rb ns=tenant-4 name=tenant-binding group=tenant-4 role=admin
[874/1000] action=delete-rb ns=tenant-9 name=tenant-binding
[875/1000] action=cross-tenant-access context=tenant-9-user@kubernetes operation=delete resource=configmap namespace=tenant-8
[876/1000] action=cross-tenant-access context=tenant-9-user@kubernetes operation=watch resource=configmap namespace=tenant-5
[877/1000] action=delete-clusterrole name=dev
[878/1000] action=create-rb ns=tenant-7 name=tenant-binding group=tenant-7 role=admin
[879/1000] action=delete-clusterrole name=dev
[880/1000] action=cross-tenant-access context=tenant-1-user@kubernetes operation=list resource=configmap namespace=tenant-10
[881/1000] action=delete-rb ns=tenant-2 name=tenant-binding
[882/1000] action=create-clusterrole name=dev resources=pods verbs=list,update,deletecollection,create
[883/1000] action=cross-tenant-access context=tenant-1-user@kubernetes operation=patch resource=configmap namespace=tenant-8
[884/1000] action=delete-crb name=foo-global-binding
[885/1000] action=cross-tenant-access context=tenant-10-user@kubernetes operation=patch resource=configmap namespace=tenant-8
[886/1000] action=create-clusterrole name=dev resources=services verbs=delete
[887/1000] action=cross-tenant-access context=tenant-2-user@kubernetes operation=patch resource=configmap namespace=tenant-9
[888/1000] action=create-rb ns=tenant-3 name=tenant-binding group=tenant-3 role=edit
[889/1000] action=cross-tenant-access context=tenant-9-user@kubernetes operation=patch resource=configmap namespace=tenant-4
[890/1000] action=cross-tenant-access context=tenant-2-user@kubernetes operation=watch resource=configmap namespace=tenant-3
[891/1000] action=delete-rb ns=tenant-1 name=tenant-binding
[892/1000] action=delete-clusterrole name=dev
[893/1000] action=delete-rb ns=tenant-9 name=tenant-binding
[894/1000] action=cross-tenant-access context=tenant-10-user@kubernetes operation=get resource=configmap namespace=tenant-8
[895/1000] action=delete-rb ns=tenant-5 name=tenant-binding
[896/1000] action=create-rb ns=tenant-1 name=tenant-binding group=tenant-1 role=admin
[897/1000] action=cross-tenant-access context=tenant-10-user@kubernetes operation=list resource=configmap namespace=tenant-2
[898/1000] action=cross-tenant-access context=tenant-9-user@kubernetes operation=list resource=configmap namespace=tenant-2
[899/1000] action=delete-rb ns=tenant-2 name=tenant-binding
[900/1000] action=delete-rb ns=tenant-8 name=tenant-binding
[901/1000] action=cross-tenant-access context=tenant-9-user@kubernetes operation=get resource=configmap namespace=tenant-5
[902/1000] action=cross-tenant-access context=tenant-2-user@kubernetes operation=list resource=configmap namespace=tenant-9
[903/1000] action=cross-tenant-access context=tenant-5-user@kubernetes operation=patch resource=configmap namespace=tenant-6
[904/1000] action=create-rb ns=tenant-4 name=tenant-binding group=tenant-4 role=dev
[905/1000] action=cross-tenant-access context=tenant-6-user@kubernetes operation=get resource=configmap namespace=tenant-8
[906/1000] action=cross-tenant-access context=tenant-6-user@kubernetes operation=get resource=configmap namespace=tenant-9
[907/1000] action=cross-tenant-access context=tenant-1-user@kubernetes operation=list resource=configmap namespace=tenant-6
[908/1000] action=delete-rb ns=tenant-3 name=tenant-binding
[909/1000] action=create-clusterrole name=dev resources=services,secrets,pods verbs=list,update,watch
[910/1000] action=create-rb ns=tenant-7 name=tenant-binding group=tenant-7 role=admin
[911/1000] action=create-clusterrole name=dev resources=services,pods,secrets verbs=delete,deletecollection,create
[912/1000] action=create-clusterrole name=dev resources=services verbs=list,update,create
[913/1000] action=cross-tenant-access context=tenant-7-user@kubernetes operation=get resource=configmap namespace=tenant-4
[914/1000] action=create-crb name=foo-global-binding group=tenant-1 role=admin
[915/1000] action=create-crb name=foo-global-binding group=tenant-4 role=admin
[916/1000] action=create-rb ns=tenant-4 name=tenant-binding group=tenant-4 role=view
[917/1000] action=delete-rb ns=tenant-4 name=tenant-binding
[918/1000] action=create-rb ns=tenant-8 name=tenant-binding group=tenant-8 role=admin
[919/1000] action=cross-tenant-access context=tenant-7-user@kubernetes operation=delete resource=configmap namespace=tenant-3
[920/1000] action=delete-rb ns=tenant-1 name=tenant-binding
[921/1000] action=delete-crb name=foo-global-binding
[922/1000] action=create-rb ns=tenant-1 name=tenant-binding group=tenant-1 role=cluster-admin
[923/1000] action=delete-clusterrole name=dev
[924/1000] action=delete-crb name=foo-global-binding
[925/1000] action=create-clusterrole name=dev resources=configmaps,services,pods verbs=watch,get
[926/1000] action=create-rb ns=tenant-6 name=tenant-binding group=tenant-6 role=cluster-admin
[927/1000] action=create-rb ns=tenant-10 name=tenant-binding group=tenant-10 role=admin
[928/1000] action=delete-clusterrole name=dev
[929/1000] action=cross-tenant-access context=tenant-9-user@kubernetes operation=list resource=configmap namespace=tenant-2
[930/1000] action=cross-tenant-access context=tenant-10-user@kubernetes operation=watch resource=configmap namespace=tenant-7
[931/1000] action=create-rb ns=tenant-9 name=tenant-binding group=tenant-9 role=view
[932/1000] action=create-rb ns=tenant-8 name=tenant-binding group=tenant-8 role=view
[933/1000] action=create-crb name=foo-global-binding group=tenant-4 role=view
[934/1000] action=cross-tenant-access context=tenant-9-user@kubernetes operation=get resource=configmap namespace=tenant-3
[935/1000] action=create-clusterrole name=dev resources=services,configmaps,secrets verbs=delete,get,update
[936/1000] action=create-crb name=foo-global-binding group=tenant-1 role=dev
[937/1000] action=create-rb ns=tenant-2 name=tenant-binding group=tenant-2 role=admin
[938/1000] action=delete-rb ns=tenant-1 name=tenant-binding
[939/1000] action=create-crb name=foo-global-binding group=tenant-2 role=cluster-admin
[940/1000] action=create-rb ns=tenant-3 name=tenant-binding group=tenant-3 role=edit
[941/1000] action=cross-tenant-access context=tenant-1-user@kubernetes operation=patch resource=configmap namespace=tenant-2
[942/1000] action=cross-tenant-access context=tenant-7-user@kubernetes operation=watch resource=configmap namespace=tenant-9
[943/1000] action=cross-tenant-access context=tenant-4-user@kubernetes operation=list resource=configmap namespace=tenant-3
[944/1000] action=delete-clusterrole name=dev
[945/1000] action=create-clusterrole name=dev resources=services verbs=delete,update,list
[946/1000] action=delete-rb ns=tenant-7 name=tenant-binding
[947/1000] action=cross-tenant-access context=tenant-4-user@kubernetes operation=get resource=configmap namespace=tenant-3
[948/1000] action=create-rb ns=tenant-9 name=tenant-binding group=tenant-9 role=view
[949/1000] action=create-clusterrole name=dev resources=secrets,services,configmaps verbs=update
[950/1000] action=delete-rb ns=tenant-2 name=tenant-binding
[951/1000] action=create-crb name=foo-global-binding group=tenant-10 role=view
[952/1000] action=cross-tenant-access context=tenant-1-user@kubernetes operation=get resource=configmap namespace=tenant-10
[953/1000] action=cross-tenant-access context=tenant-10-user@kubernetes operation=watch resource=configmap namespace=tenant-2
[954/1000] action=delete-crb name=foo-global-binding
[955/1000] action=create-rb ns=tenant-2 name=tenant-binding group=tenant-2 role=dev
[956/1000] action=create-clusterrole name=dev resources=pods,configmaps verbs=deletecollection,update,get,delete,create
[957/1000] action=delete-rb ns=tenant-2 name=tenant-binding
[958/1000] action=delete-rb ns=tenant-8 name=tenant-binding
[959/1000] action=delete-crb name=foo-global-binding
[960/1000] action=delete-clusterrole name=dev
[961/1000] action=delete-rb ns=tenant-4 name=tenant-binding
[962/1000] action=delete-rb ns=tenant-8 name=tenant-binding
[963/1000] action=delete-rb ns=tenant-8 name=tenant-binding
[964/1000] action=create-clusterrole name=dev resources=services,pods,secrets verbs=update,list,delete,watch,get
[965/1000] action=delete-crb name=foo-global-binding
[966/1000] action=delete-clusterrole name=dev
[967/1000] action=create-clusterrole name=dev resources=services verbs=update
[968/1000] action=create-crb name=foo-global-binding group=tenant-5 role=view
[969/1000] action=cross-tenant-access context=tenant-7-user@kubernetes operation=patch resource=configmap namespace=tenant-5
[970/1000] action=cross-tenant-access context=tenant-3-user@kubernetes operation=patch resource=configmap namespace=tenant-7
[971/1000] action=delete-rb ns=tenant-3 name=tenant-binding
[972/1000] action=delete-crb name=foo-global-binding
[973/1000] action=cross-tenant-access context=tenant-5-user@kubernetes operation=patch resource=configmap namespace=tenant-10
[974/1000] action=cross-tenant-access context=tenant-6-user@kubernetes operation=get resource=configmap namespace=tenant-8
[975/1000] action=create-rb ns=tenant-3 name=tenant-binding group=tenant-3 role=view
[976/1000] action=delete-clusterrole name=dev
[977/1000] action=delete-rb ns=tenant-10 name=tenant-binding
[978/1000] action=cross-tenant-access context=tenant-2-user@kubernetes operation=list resource=configmap namespace=tenant-8
[979/1000] action=create-rb ns=tenant-9 name=tenant-binding group=tenant-9 role=admin
[980/1000] action=delete-rb ns=tenant-8 name=tenant-binding
[981/1000] action=create-rb ns=tenant-3 name=tenant-binding group=tenant-3 role=cluster-admin
[982/1000] action=create-crb name=foo-global-binding group=tenant-9 role=dev
[983/1000] action=cross-tenant-access context=tenant-5-user@kubernetes operation=watch resource=configmap namespace=tenant-4
[984/1000] action=delete-clusterrole name=dev
[985/1000] action=create-clusterrole name=dev resources=services verbs=list,deletecollection,delete,update,watch
[986/1000] action=create-rb ns=tenant-1 name=tenant-binding group=tenant-1 role=view
[987/1000] action=cross-tenant-access context=tenant-9-user@kubernetes operation=patch resource=configmap namespace=tenant-2
[988/1000] action=create-crb name=foo-global-binding group=tenant-4 role=dev
[989/1000] action=delete-crb name=foo-global-binding
[990/1000] action=cross-tenant-access context=tenant-4-user@kubernetes operation=delete resource=configmap namespace=tenant-8
[991/1000] action=cross-tenant-access context=tenant-3-user@kubernetes operation=get resource=configmap namespace=tenant-8
[992/1000] action=create-rb ns=tenant-7 name=tenant-binding group=tenant-7 role=admin
[993/1000] action=delete-rb ns=tenant-8 name=tenant-binding
[994/1000] action=cross-tenant-access context=tenant-3-user@kubernetes operation=watch resource=configmap namespace=tenant-2
[995/1000] action=cross-tenant-access context=tenant-7-user@kubernetes operation=get resource=configmap namespace=tenant-9
[996/1000] action=create-rb ns=tenant-2 name=tenant-binding group=tenant-2 role=view
[997/1000] action=create-clusterrole name=dev resources=configmaps verbs=delete,watch,update
[998/1000] action=cross-tenant-access context=tenant-7-user@kubernetes operation=get resource=configmap namespace=tenant-10
[999/1000] action=delete-crb name=foo-global-binding
[1000/1000] action=create-rb ns=tenant-4 name=tenant-binding group=tenant-4 role=view
