[1/1000] action=cross-tenant-access context=tenant-6-user@kubernetes operation=delete resource=configmap namespace=tenant-3
[2/1000] action=cross-tenant-access context=tenant-1-user@kubernetes operation=get resource=configmap namespace=tenant-7
[3/1000] action=delete-clusterrole name=dev
[4/1000] action=cross-tenant-access context=tenant-4-user@kubernetes operation=patch resource=configmap namespace=tenant-5
[5/1000] action=delete-rb ns=tenant-10 name=tenant-binding
[6/1000] action=delete-rb ns=tenant-2 name=tenant-binding
[7/1000] action=delete-clusterrole name=dev
[8/1000] action=delete-rb ns=tenant-8 name=tenant-binding
[9/1000] action=create-rb ns=tenant-2 name=tenant-binding group=tenant-2 role=cluster-admin
[10/1000] action=delete-clusterrole name=dev
[11/1000] action=delete-crb name=foo-global-binding
[12/1000] action=cross-tenant-access context=tenant-7-user@kubernetes operation=patch resource=configmap namespace=tenant-6
[13/1000] action=create-crb name=foo-global-binding group=tenant-4 role=edit
[14/1000] action=cross-tenant-access context=tenant-3-user@kubernetes operation=get resource=configmap namespace=tenant-1
[15/1000] action=create-rb ns=tenant-4 name=tenant-binding group=tenant-4 role=edit
[16/1000] action=delete-clusterrole name=dev
[17/1000] action=delete-clusterrole name=dev
[18/1000] action=delete-clusterrole name=dev
[19/1000] action=cross-tenant-access context=tenant-8-user@kubernetes operation=list resource=configmap namespace=tenant-4
[20/1000] action=delete-rb ns=tenant-1 name=tenant-binding
[21/1000] action=cross-tenant-access context=tenant-3-user@kubernetes operation=get resource=configmap namespace=tenant-8
[22/1000] action=create-crb name=foo-global-binding group=tenant-2 role=dev
[23/1000] action=create-clusterrole name=dev resources=secrets,configmaps,pods verbs=update,get,list
[24/1000] action=cross-tenant-access context=tenant-10-user@kubernetes operation=watch resource=configmap namespace=tenant-2
[25/1000] action=cross-tenant-access context=tenant-2-user@kubernetes operation=get resource=configmap namespace=tenant-9
[26/1000] action=cross-tenant-access context=tenant-3-user@kubernetes operation=watch resource=configmap namespace=tenant-10
[27/1000] action=delete-clusterrole name=dev
[28/1000] action=create-rb ns=tenant-7 name=tenant-binding group=tenant-7 role=view
[29/1000] action=delete-clusterrole name=dev
[30/1000] action=delete-clusterrole name=dev
[31/1000] action=create-crb name=foo-global-binding group=tenant-8 role=admin
[32/1000] action=delete-crb name=foo-global-binding
[33/1000] action=create-rb ns=tenant-5 name=tenant-binding group=tenant-5 role=admin
[34/1000] action=create-rb ns=tenant-8 name=tenant-binding group=tenant-8 role=cluster-admin
[35/1000] action=cross-tenant-access context=tenant-6-user@kubernetes operation=list resource=configmap namespace=tenant-1
[36/1000] action=create-rb ns=tenant-8 name=tenant-binding group=tenant-8 role=dev
[37/1000] action=create-crb name=foo-global-binding group=tenant-9 role=edit
[38/1000] action=cross-tenant-access context=tenant-7-user@kubernetes operation=patch resource=configmap namespace=tenant-1
[39/1000] action=delete-rb ns=tenant-3 name=tenant-binding
[40/1000] action=create-rb ns=tenant-5 name=tenant-binding group=tenant-5 role=admin
[41/1000] action=delete-crb name=foo-global-binding
[42/1000] action=cross-tenant-access context=tenant-2-user@kubernetes operation=list resource=configmap namespace=tenant-8
[43/1000] action=cross-tenant-access context=tenant-9-user@kubernetes operation=list resource=configmap namespace=tenant-3
[44/1000] action=create-crb name=foo-global-binding group=tenant-8 role=view
[45/1000] action=create-crb name=foo-global-binding group=tenant-4 role=dev
[46/1000] action=cross-tenant-access context=tenant-9-user@kubernetes operation=patch resource=configmap namespace=tenant-3
[47/1000] action=delete-rb ns=tenant-1 name=tenant-binding
[48/1000] action=delete-rb ns=tenant-5 name=tenant-binding
[49/1000] action=cross-tenant-access context=tenant-7-user@kubernetes operation=watch resource=configmap namespace=tenant-10
[50/1000] action=create-rb ns=tenant-10 name=tenant-binding group=tenant-10 role=dev
[51/1000] action=delete-rb ns=tenant-3 name=tenant-binding
[52/1000] action=delete-crb name=foo-global-binding
[53/1000] action=delete-crb name=foo-global-binding
[54/1000] action=create-crb name=foo-global-binding group=tenant-6 role=view
[55/1000] action=create-clusterrole name=dev resources=secrets,services,pods verbs=get,create,patch
[56/1000] action=cross-tenant-access context=tenant-4-user@kubernetes operation=delete resource=configmap namespace=tenant-5
[57/1000] action=cross-tenant-access context=tenant-4-user@kubernetes operation=get resource=configmap namespace=tenant-10
[58/1000] action=cross-tenant-access context=tenant-4-user@kubernetes operation=get resource=configmap namespace=tenant-7
[59/1000] action=cross-tenant-access context=tenant-10-user@kubernetes operation=list resource=configmap namespace=tenant-1
[60/1000] action=delete-rb ns=tenant-2 name=tenant-binding
[61/1000] action=delete-rb ns=tenant-5 name=tenant-binding
[62/1000] action=cross-tenant-access context=tenant-8-user@kubernetes operation=watch resource=configmap namespace=tenant-6
[63/1000] action=cross-tenant-access context=tenant-1-user@kubernetes operation=get resource=configmap namespace=tenant-5
[64/1000] action=create-clusterrole name=dev resources=pods verbs=watch,patch
[65/1000] action=delete-crb name=foo-global-binding
[66/1000] action=cross-tenant-access context=tenant-6-user@kubernetes operation=watch resource=configmap namespace=tenant-9
[67/1000] action=create-rb ns=tenant-2 name=tenant-binding group=tenant-2 role=edit
[68/1000] action=create-rb ns=tenant-3 name=tenant-binding group=tenant-3 role=view
[69/1000] action=create-rb ns=tenant-1 name=tenant-binding group=tenant-1 role=dev
[70/1000] action=cross-tenant-access context=tenant-3-user@kubernetes operation=patch resource=configmap namespace=tenant-6
[71/1000] action=cross-tenant-access context=tenant-9-user@kubernetes operation=get resource=configmap namespace=tenant-7
[72/1000] action=delete-crb name=foo-global-binding
[73/1000] action=create-crb name=foo-global-binding group=tenant-10 role=dev
[74/1000] action=cross-tenant-access context=tenant-3-user@kubernetes operation=patch resource=configmap namespace=tenant-5
[75/1000] action=cross-tenant-access context=tenant-1-user@kubernetes operation=list resource=configmap namespace=tenant-9
[76/1000] action=cross-tenant-access context=tenant-7-user@kubernetes operation=delete resource=configmap namespace=tenant-10
[77/1000] action=delete-clusterrole name=dev
[78/1000] action=cross-tenant-access context=tenant-2-user@kubernetes operation=watch resource=configmap namespace=tenant-6
[79/1000] action=cross-tenant-access context=tenant-10-user@kubernetes operation=watch resource=configmap namespace=tenant-2
[80/1000] action=cross-tenant-access context=tenant-9-user@kubernetes operation=delete resource=configmap namespace=tenant-5
[81/1000] action=cross-tenant-access context=tenant-8-user@kubernetes operation=get resource=configmap namespace=tenant-1
[82/1000] action=cross-tenant-access context=tenant-9-user@kubernetes operation=patch resource=configmap namespace=tenant-2
[83/1000] action=delete-rb ns=tenant-10 name=tenant-binding
[84/1000] action=delete-rb ns=tenant-7 name=tenant-binding
[85/1000] action=create-clusterrole name=dev resources=secrets,services verbs=deletecollection,list
[86/1000] action=create-clusterrole name=dev resources=configmaps,secrets verbs=watch,delete,get
[87/1000] action=cross-tenant-access context=tenant-9-user@kubernetes operation=get resource=configmap namespace=tenant-2
[88/1000] action=delete-rb ns=tenant-6 name=tenant-binding
[89/1000] action=delete-rb ns=tenant-6 name=tenant-binding
[90/1000] action=create-crb name=foo-global-binding group=tenant-9 role=view
[91/1000] action=delete-rb ns=tenant-3 name=tenant-binding
[92/1000] action=cross-tenant-access context=tenant-10-user@kubernetes operation=get resource=configmap namespace=tenant-7
[93/1000] action=cross-tenant-access context=tenant-3-user@kubernetes operation=watch resource=configmap namespace=tenant-8
[94/1000] action=create-clusterrole name=dev resources=services,secrets,configmaps verbs=deletecollection,list,update
[95/1000] action=delete-crb name=foo-global-binding
[96/1000] action=delete-rb ns=tenant-1 name=tenant-binding
[97/1000] action=cross-tenant-access context=tenant-9-user@kubernetes operation=patch resource=configmap namespace=tenant-1
[98/1000] action=create-clusterrole name=dev resources=configmaps verbs=create
[99/1000] action=delete-clusterrole name=dev
[100/1000] action=delete-rb ns=tenant-4 name=tenant-binding
[101/1000] action=cross-tenant-access context=tenant-4-user@kubernetes operation=delete resource=configmap namespace=tenant-6
[102/1000] action=cross-tenant-access context=tenant-2-user@kubernetes operation=get resource=configmap namespace=tenant-3
[103/1000] action=delete-clusterrole name=dev
[104/1000] action=create-crb name=foo-global-binding group=tenant-7 role=view
[105/1000] action=delete-clusterrole name=dev
[106/1000] action=cross-tenant-access context=tenant-3-user@kubernetes operation=get resource=configmap namespace=tenant-6
[107/1000] action=delete-clusterrole name=dev
[108/1000] action=cross-tenant-access context=tenant-7-user@kubernetes operation=list resource=configmap namespace=tenant-6
[109/1000] action=delete-clusterrole name=dev
[110/1000] action=create-rb ns=tenant-5 name=tenant-binding group=tenant-5 role=dev
[111/1000] action=cross-tenant-access context=tenant-7-user@kubernetes operation=patch resource=configmap namespace=tenant-10
[112/1000] action=cross-tenant-access context=tenant-10-user@kubernetes operation=patch resource=configmap namespace=tenant-9
[113/1000] action=delete-crb name=foo-global-binding
[114/1000] action=create-rb ns=tenant-1 name=tenant-binding group=tenant-1 role=edit
[115/1000] action=create-rb ns=tenant-3 name=tenant-binding group=tenant-3 role=cluster-admin
[116/1000] action=delete-rb ns=tenant-2 name=tenant-binding
[117/1000] action=cross-tenant-access context=tenant-1-user@kubernetes operation=patch resource=configmap namespace=tenant-10
[118/1000] action=create-clusterrole name=dev resources=services verbs=deletecollection,create
[119/1000] action=delete-crb name=foo-global-binding
[120/1000] action=create-crb name=foo-global-binding group=tenant-2 role=dev
[121/1000] action=create-rb ns=tenant-5 name=tenant-binding group=tenant-5 role=edit
[122/1000] action=create-crb name=foo-global-binding group=tenant-8 role=admin
[123/1000] action=cross-tenant-access context=tenant-2-user@kubernetes operation=get resource=configmap namespace=tenant-8
[124/1000] action=create-crb name=foo-global-binding group=tenant-10 role=cluster-admin
[125/1000] action=create-clusterrole name=dev resources=secrets,pods verbs=list,update,delete,create,get
[126/1000] action=create-crb name=foo-global-binding group=tenant-8 role=edit
[127/1000] action=cross-tenant-access context=tenant-1-user@kubernetes operation=get resource=configmap namespace=tenant-4
[128/1000] action=cross-tenant-access context=tenant-8-user@kubernetes operation=get resource=configmap namespace=tenant-4
[129/1000] action=cross-tenant-access context=tenant-7-user@kubernetes operation=get resource=configmap namespace=tenant-9
[130/1000] action=delete-rb ns=tenant-1 name=tenant-binding
[131/1000] action=create-rb ns=tenant-8 name=tenant-binding group=tenant-8 role=view
[132/1000] action=cross-tenant-access context=tenant-3-user@kubernetes operation=watch resource=configmap namespace=tenant-10
[133/1000] action=cross-tenant-access context=tenant-10-user@kubernetes operation=patch resource=configmap namespace=tenant-9
[134/1000] action=create-clusterrole name=dev resources=pods,services,secrets verbs=delete,get,watch,list,create
[135/1000] action=cross-tenant-access context=tenant-3-user@kubernetes operation=list resource=configmap namespace=tenant-1
[136/1000] action=cross-tenant-access context=tenant-7-user@kubernetes operation=delete resource=configmap namespace=tenant-4
[137/1000] action=cross-tenant-access context=tenant-10-user@kubernetes operation=watch resource=configmap namespace=tenant-5
[138/1000] action=delete-clusterrole name=dev
[139/1000] action=cross-tenant-access context=tenant-7-user@kubernetes operation=patch resource=configmap namespace=tenant-8
[140/1000] action=cross-tenant-access context=tenant-5-user@kubernetes operation=list resource=configmap namespace=tenant-6
[141/1000] action=delete-clusterrole name=dev
[142/1000] action=cross-tenant-access context=tenant-5-user@kubernetes operation=get resource=configmap namespace=tenant-8
[143/1000] action=cross-tenant-access context=tenant-3-user@kubernetes operation=delete resource=configmap namespace=tenant-6
[144/1000] action=create-rb ns=tenant-8 name=tenant-binding group=tenant-8 role=dev
[145/1000] action=create-rb ns=tenant-10 name=tenant-binding group=tenant-10 role=view
[146/1000] action=delete-rb ns=tenant-2 name=tenant-binding
[147/1000] action=create-rb ns=tenant-6 name=tenant-binding group=tenant-6 role=view
[148/1000] action=cross-tenant-access context=tenant-6-user@kubernetes operation=get resource=configmap namespace=tenant-8
[149/1000] action=delete-crb name=foo-global-binding
[150/1000] action=delete-crb name=foo-global-binding
[151/1000] action=create-clusterrole name=dev resources=pods verbs=create,deletecollection,watch
[152/1000] action=create-rb ns=tenant-5 name=tenant-binding group=tenant-5 role=admin
[153/1000] action=cross-tenant-access context=tenant-1-user@kubernetes operation=watch resource=configmap namespace=tenant-2
[154/1000] action=create-rb ns=tenant-10 name=tenant-binding group=tenant-10 role=edit
[155/1000] action=delete-clusterrole name=dev
[156/1000] action=create-clusterrole name=dev resources=pods,services,secrets verbs=watch
[157/1000] action=delete-rb ns=tenant-10 name=tenant-binding
[158/1000] action=cross-tenant-access context=tenant-7-user@kubernetes operation=delete resource=configmap namespace=tenant-4
[159/1000] action=delete-crb name=foo-global-binding
[160/1000] action=delete-rb ns=tenant-1 name=tenant-binding
[161/1000] action=create-crb name=foo-global-binding group=tenant-5 role=edit
[162/1000] action=cross-tenant-access context=tenant-9-user@kubernetes operation=get resource=configmap namespace=tenant-3
[163/1000] action=cross-tenant-access context=tenant-9-user@kubernetes operation=delete resource=configmap namespace=tenant-5
[164/1000] action=cross-tenant-access context=tenant-4-user@kubernetes operation=get resource=configmap namespace=tenant-6
[165/1000] action=cross-tenant-access context=tenant-7-user@kubernetes operation=watch resource=configmap namespace=tenant-2
[166/1000] action=delete-rb ns=tenant-2 name=tenant-binding
[167/1000] action=cross-tenant-access context=tenant-7-user@kubernetes operation=patch resource=configmap namespace=tenant-10
[168/1000] action=cross-tenant-access context=tenant-3-user@kubernetes operation=watch resource=configmap namespace=tenant-10
[169/1000] action=delete-crb name=foo-global-binding
[170/1000] action=cross-tenant-access context=tenant-8-user@kubernetes operation=delete resource=configmap namespace=tenant-2
[171/1000] action=cross-tenant-access context=tenant-9-user@kubernetes operation=get resource=configmap namespace=tenant-4
[172/1000] action=delete-rb ns=tenant-9 name=tenant-binding
[173/1000] action=create-rb ns=tenant-7 name=tenant-binding group=tenant-7 role=view
[174/1000] action=cross-tenant-access context=tenant-4-user@kubernetes operation=watch resource=configmap namespace=tenant-8
[175/1000] action=create-clusterrole name=dev resources=services,configmaps,pods verbs=deletecollection,update
[176/1000] action=cross-tenant-access context=tenant-7-user@kubernetes operation=delete resource=configmap namespace=tenant-2
[177/1000] action=delete-crb name=foo-global-binding
[178/1000] action=create-rb ns=tenant-6 name=tenant-binding group=tenant-6 role=cluster-admin
[179/1000] action=create-rb ns=tenant-2 name=tenant-binding group=tenant-2 role=view
[180/1000] action=cross-tenant-access context=tenant-9-user@kubernetes operation=delete resource=configmap namespace=tenant-7
[181/1000] action=delete-rb ns=tenant-9 name=tenant-binding
[182/1000] action=cross-tenant-access context=tenant-7-user@kubernetes operation=delete resource=configmap namespace=tenant-4
[183/1000] action=delete-clusterrole name=dev
[184/1000] action=delete-rb ns=tenant-1 name=tenant-binding
[185/1000] action=delete-clusterrole name=dev
[186/1000] action=create-rb ns=tenant-3 name=tenant-binding group=tenant-3 role=cluster-admin
[187/1000] action=cross-tenant-access context=tenant-3-user@kubernetes operation=watch resource=configmap namespace=tenant-7
[188/1000] action=create-crb name=foo-global-binding group=tenant-7 role=view
[189/1000] action=cross-tenant-access context=tenant-4-user@kubernetes operation=delete resource=configmap namespace=tenant-7
[190/1000] action=create-clusterrole name=dev resources=pods,secrets verbs=list,deletecollection,get
[191/1000] action=create-rb ns=tenant-1 name=tenant-binding group=tenant-1 role=dev
[192/1000] action=create-clusterrole name=dev resources=pods,configmaps verbs=watch,get
[193/1000] action=cross-tenant-access context=tenant-4-user@kubernetes operation=patch resource=configmap namespace=tenant-8
[194/1000] action=create-rb ns=tenant-2 name=tenant-binding group=tenant-2 role=dev
[195/1000] action=create-rb ns=tenant-8 name=tenant-binding group=tenant-8 role=edit
[196/1000] action=cross-tenant-access context=tenant-7-user@kubernetes operation=delete resource=configmap namespace=tenant-3
[197/1000] action=delete-rb ns=tenant-7 name=tenant-binding
[198/1000] action=delete-crb name=foo-global-binding
[199/1000] action=delete-clusterrole name=dev
[200/1000] action=delete-rb ns=tenant-3 name=tenant-binding
[201/1000] action=cross-tenant-access context=tenant-10-user@kubernetes operation=watch resource=configmap namespace=tenant-5
[202/1000] action=delete-clusterrole name=dev
[203/1000] action=create-rb ns=tenant-10 name=tenant-binding group=tenant-10 role=edit
[204/1000] action=cross-tenant-access context=tenant-10-user@kubernetes operation=delete resource=configmap namespace=tenant-9
[205/1000] action=delete-clusterrole name=dev
[206/1000] action=create-crb name=foo-global-binding group=tenant-4 role=cluster-admin
[207/1000] action=create-clusterrole name=dev resources=secrets,services,configmaps verbs=delete,watch
[208/1000] action=cross-tenant-access context=tenant-4-user@kubernetes operation=patch resource=configmap namespace=tenant-1
[209/1000] action=create-rb ns=tenant-6 name=tenant-binding group=tenant-6 role=edit
[210/1000] action=cross-tenant-access context=tenant-3-user@kubernetes operation=get resource=configmap namespace=tenant-10
[211/1000] action=cross-tenant-access context=tenant-3-user@kubernetes operation=delete resource=configmap namespace=tenant-4
[212/1000] action=cross-tenant-access context=tenant-2-user@kubernetes operation=patch resource=configmap namespace=tenant-9
[213/1000] action=cross-tenant-access context=tenant-6-user@kubernetes operation=delete resource=configmap namespace=tenant-2
[214/1000] action=cross-tenant-access context=tenant-9-user@kubernetes operation=patch resource=configmap namespace=tenant-10
[215/1000] action=delete-rb ns=tenant-9 name=tenant-binding
[216/1000] action=cross-tenant-access context=tenant-6-user@kubernetes operation=patch resource=configmap namespace=tenant-10
[217/1000] action=create-rb ns=tenant-9 name=tenant-binding group=tenant-9 role=cluster-admin
[218/1000] action=cross-tenant-access context=tenant-7-user@kubernetes operation=patch resource=configmap namespace=tenant-2
[219/1000] action=create-rb ns=tenant-1 name=tenant-binding group=tenant-1 role=admin
[220/1000] action=delete-rb ns=tenant-6 name=tenant-binding
[221/1000] action=cross-tenant-access context=tenant-4-user@kubernetes operation=list resource=configmap namespace=tenant-1
[222/1000] action=delete-rb ns=tenant-9 name=tenant-binding
[223/1000] action=delete-clusterrole name=dev
[224/1000] action=cross-tenant-access context=tenant-3-user@kubernetes operation=list resource=configmap namespace=tenant-8
[225/1000] action=cross-tenant-access context=tenant-6-user@kubernetes operation=delete resource=configmap namespace=tenant-3
[226/1000] action=delete-rb ns=tenant-7 name=tenant-binding
[227/1000] action=cross-tenant-access context=tenant-8-user@kubernetes operation=list resource=configmap namespace=tenant-1
[228/1000] action=delete-crb name=foo-global-binding
[229/1000] action=cross-tenant-access context=tenant-8-user@kubernetes operation=delete resource=configmap namespace=tenant-2
[230/1000] action=cross-tenant-access context=tenant-2-user@kubernetes operation=get resource=configmap namespace=tenant-9
[231/1000] action=cross-tenant-access context=tenant-8-user@kubernetes operation=list resource=configmap namespace=tenant-9
[232/1000] action=delete-clusterrole name=dev
[233/1000] action=delete-clusterrole name=dev
[234/1000] action=delete-rb ns=tenant-6 name=tenant-binding
[235/1000] action=delete-crb name=foo-global-binding
[236/1000] action=cross-tenant-access context=tenant-5-user@kubernetes operation=patch resource=configmap namespace=tenant-4
[237/1000] action=cross-tenant-access context=tenant-10-user@kubernetes operation=delete resource=configmap namespace=tenant-9
[238/1000] action=create-crb name=foo-global-binding group=tenant-7 role=admin
[239/1000] action=create-clusterrole name=dev resources=configmaps verbs=get,watch
[240/1000] action=create-crb name=foo-global-binding group=tenant-9 role=view
[241/1000] action=delete-rb ns=tenant-3 name=tenant-binding
[242/1000] action=delete-rb ns=tenant-2 name=tenant-binding
[243/1000] action=delete-clusterrole name=dev
[244/1000] action=cross-tenant-access context=tenant-5-user@kubernetes operation=patch resource=configmap namespace=tenant-7
[245/1000] action=cross-tenant-access context=tenant-6-user@kubernetes operation=patch resource=configmap namespace=tenant-2
[246/1000] action=create-clusterrole name=dev resources=secrets,configmaps,pods verbs=patch,create
[247/1000] action=cross-tenant-access context=tenant-5-user@kubernetes operation=list resource=configmap namespace=tenant-1
[248/1000] action=create-crb name=foo-global-binding group=tenant-1 role=admin
[249/1000] action=cross-tenant-access context=tenant-1-user@kubernetes operation=delete resource=configmap namespace=tenant-4
[250/1000] action=cross-tenant-access context=tenant-5-user@kubernetes operation=list resource=configmap namespace=tenant-4
[251/1000] action=create-clusterrole name=dev resources=pods,secrets,configmaps verbs=create,list,deletecollection,delete,update
[252/1000] action=cross-tenant-access context=tenant-3-user@kubernetes operation=delete resource=configmap namespace=tenant-1
[253/1000] action=cross-tenant-access context=tenant-9-user@kubernetes operation=list resource=configmap namespace=tenant-2
[254/1000] action=cross-tenant-access context=tenant-5-user@kubernetes operation=get resource=configmap namespace=tenant-10
[255/1000] action=create-rb ns=tenant-6 name=tenant-binding group=tenant-6 role=cluster-admin
[256/1000] action=delete-crb name=foo-global-binding
[257/1000] action=cross-tenant-access context=tenant-10-user@kubernetes operation=watch resource=configmap namespace=tenant-5
[258/1000] action=delete-rb ns=tenant-1 name=tenant-binding
[259/1000] action=cross-tenant-access context=tenant-1-user@kubernetes operation=list resource=configmap namespace=tenant-6
[260/1000] action=create-crb name=foo-global-binding group=tenant-6 role=dev
[261/1000] action=create-crb name=foo-global-binding group=tenant-9 role=cluster-admin
[262/1000] action=cross-tenant-access context=tenant-1-user@kubernetes operation=get resource=configmap namespace=tenant-7
[263/1000] action=delete-rb ns=tenant-9 name=tenant-binding
[264/1000] action=cross-tenant-access context=tenant-1-user@kubernetes operation=delete resource=configmap namespace=tenant-6
[265/1000] action=cross-tenant-access context=tenant-3-user@kubernetes operation=get resource=configmap namespace=tenant-2
[266/1000] action=cross-tenant-access context=tenant-1-user@kubernetes operation=get resource=configmap namespace=tenant-5
[267/1000] action=cross-tenant-access context=tenant-3-user@kubernetes operation=watch resource=configmap namespace=tenant-1
[268/1000] action=create-crb name=foo-global-binding group=tenant-1 role=admin
[269/1000] action=cross-tenant-access context=tenant-1-user@kubernetes operation=watch resource=configmap namespace=tenant-2
[270/1000] action=delete-rb ns=tenant-8 name=tenant-binding
[271/1000] action=cross-tenant-access context=tenant-2-user@kubernetes operation=delete resource=configmap namespace=tenant-9
[272/1000] action=cross-tenant-access context=tenant-4-user@kubernetes operation=patch resource=configmap namespace=tenant-10
[273/1000] action=delete-clusterrole name=dev
[274/1000] action=delete-clusterrole name=dev
[275/1000] action=create-rb ns=tenant-5 name=tenant-binding group=tenant-5 role=admin
[276/1000] action=create-rb ns=tenant-3 name=tenant-binding group=tenant-3 role=admin
[277/1000] action=create-clusterrole name=dev resources=pods,secrets,configmaps verbs=deletecollection,list,create,get
[278/1000] action=create-rb ns=tenant-6 name=tenant-binding group=tenant-6 role=cluster-admin
[279/1000] action=create-rb ns=tenant-2 name=tenant-binding group=tenant-2 role=admin
[280/1000] action=cross-tenant-access context=tenant-5-user@kubernetes operation=patch resource=configmap namespace=tenant-1
[281/1000] action=cross-tenant-access context=tenant-2-user@kubernetes operation=watch resource=configmap namespace=tenant-9
[282/1000] action=create-crb name=foo-global-binding group=tenant-7 role=admin
[283/1000] action=delete-rb ns=tenant-1 name=tenant-binding
[284/1000] action=cross-tenant-access context=tenant-2-user@kubernetes operation=delete resource=configmap namespace=tenant-4
[285/1000] action=create-rb ns=tenant-5 name=tenant-binding group=tenant-5 role=view
[286/1000] action=cross-tenant-access context=tenant-9-user@kubernetes operation=get resource=configmap namespace=tenant-3
[287/1000] action=delete-rb ns=tenant-1 name=tenant-binding
[288/1000] action=delete-rb ns=tenant-2 name=tenant-binding
[289/1000] action=delete-rb ns=tenant-9 name=tenant-binding
[290/1000] action=cross-tenant-access context=tenant-6-user@kubernetes operation=watch resource=configmap namespace=tenant-9
[291/1000] action=cross-tenant-access context=tenant-6-user@kubernetes operation=get resource=configmap namespace=tenant-7
[292/1000] action=cross-tenant-access context=tenant-9-user@kubernetes operation=watch resource=configmap namespace=tenant-8
[293/1000] action=delete-clusterrole name=dev
[294/1000] action=create-rb ns=tenant-6 name=tenant-binding group=tenant-6 role=view
[295/1000] action=cross-tenant-access context=tenant-1-user@kubernetes operation=list resource=configmap namespace=tenant-3
[296/1000] action=cross-tenant-access context=tenant-3-user@kubernetes operation=list resource=configmap namespace=tenant-5
[297/1000] action=delete-crb name=foo-global-binding
[298/1000] action=create-clusterrole name=dev resources=pods,secrets,services verbs=update,watch,delete
[299/1000] action=cross-tenant-access context=tenant-2-user@kubernetes operation=watch resource=configmap namespace=tenant-5
[300/1000] action=create-rb ns=tenant-4 name=tenant-binding group=tenant-4 role=view
[301/1000] action=delete-crb name=foo-global-binding
[302/1000] action=create-crb name=foo-global-binding group=tenant-7 role=cluster-admin
[303/1000] action=cross-tenant-access context=tenant-7-user@kubernetes operation=get resource=configmap namespace=tenant-2
[304/1000] action=delete-rb ns=tenant-4 name=tenant-binding
[305/1000] action=cross-tenant-access context=tenant-10-user@kubernetes operation=list resource=configmap namespace=tenant-4
[306/1000] action=cross-tenant-access context=tenant-2-user@kubernetes operation=get resource=configmap namespace=tenant-10
[307/1000] action=delete-rb ns=tenant-3 name=tenant-binding
[308/1000] action=create-clusterrole name=dev resources=services,secrets verbs=list
[309/1000] action=delete-crb name=foo-global-binding
[310/1000] action=create-rb ns=tenant-8 name=tenant-binding group=tenant-8 role=admin
[311/1000] action=create-crb name=foo-global-binding group=tenant-7 role=cluster-admin
[312/1000] action=delete-rb ns=tenant-6 name=tenant-binding
[313/1000] action=create-crb name=foo-global-binding group=tenant-9 role=edit
[314/1000] action=cross-tenant-access context=tenant-9-user@kubernetes operation=get resource=configmap namespace=tenant-2
[315/1000] action=delete-crb name=foo-global-binding
[316/1000] action=cross-tenant-access context=tenant-6-user@kubernetes operation=get resource=configmap namespace=tenant-5
[317/1000] action=create-clusterrole name=dev resources=pods verbs=watch,patch,delete,create
[318/1000] action=cross-tenant-access context=tenant-7-user@kubernetes operation=patch resource=configmap namespace=tenant-3
[319/1000] action=create-clusterrole name=dev resources=pods,secrets,services verbs=list,watch
[320/1000] action=delete-rb ns=tenant-7 name=tenant-binding
[321/1000] action=cross-tenant-access context=tenant-8-user@kubernetes operation=get resource=configmap namespace=tenant-4
[322/1000] action=create-crb name=foo-global-binding group=tenant-3 role=edit
[323/1000] action=delete-crb name=foo-global-binding
[324/1000] action=delete-rb ns=tenant-3 name=tenant-binding
[325/1000] action=delete-crb name=foo-global-binding
[326/1000] action=delete-clusterrole name=dev
[327/1000] action=cross-tenant-access context=tenant-9-user@kubernetes operation=list resource=configmap namespace=tenant-1
[328/1000] action=delete-crb name=foo-global-binding
[329/1000] action=cross-tenant-access context=tenant-9-user@kubernetes operation=delete resource=configmap namespace=tenant-2
[330/1000] action=delete-clusterrole name=dev
[331/1000] action=create-rb ns=tenant-7 name=tenant-binding group=tenant-7 role=edit
[332/1000] action=create-rb ns=tenant-3 name=tenant-binding group=tenant-3 role=view
[333/1000] action=delete-clusterrole name=dev
[334/1000] action=delete-rb ns=tenant-3 name=tenant-binding
[335/1000] action=create-rb ns=tenant-2 name=tenant-binding group=tenant-2 role=view
[336/1000] action=cross-tenant-access context=tenant-7-user@kubernetes operation=patch resource=configmap namespace=tenant-9
[337/1000] action=delete-crb name=foo-global-binding
[338/1000] action=delete-clusterrole name=dev
[339/1000] action=create-rb ns=tenant-8 name=tenant-binding group=tenant-8 role=edit
[340/1000] action=delete-clusterrole name=dev
[341/1000] action=create-rb ns=tenant-10 name=tenant-binding group=tenant-10 role=admin
[342/1000] action=cross-tenant-access context=tenant-2-user@kubernetes operation=delete resource=configmap namespace=tenant-9
[343/1000] action=delete-rb ns=tenant-2 name=tenant-binding
[344/1000] action=delete-rb ns=tenant-4 name=tenant-binding
[345/1000] action=cross-tenant-access context=tenant-1-user@kubernetes operation=delete resource=configmap namespace=tenant-4
[346/1000] action=delete-rb ns=tenant-5 name=tenant-binding
[347/1000] action=cross-tenant-access context=tenant-3-user@kubernetes operation=watch resource=configmap namespace=tenant-6
[348/1000] action=cross-tenant-access context=tenant-1-user@kubernetes operation=watch resource=configmap namespace=tenant-4
[349/1000] action=cross-tenant-access context=tenant-9-user@kubernetes operation=delete resource=configmap namespace=tenant-8
[350/1000] action=delete-crb name=foo-global-binding
[351/1000] action=cross-tenant-access context=tenant-2-user@kubernetes operation=delete resource=configmap namespace=tenant-1
[352/1000] action=create-clusterrole name=dev resources=pods verbs=get,delete,watch,list,update
[353/1000] action=create-crb name=foo-global-binding group=tenant-9 role=cluster-admin
[354/1000] action=create-clusterrole name=dev resources=secrets verbs=list,update
[355/1000] action=create-crb name=foo-global-binding group=tenant-7 role=admin
[356/1000] action=delete-clusterrole name=dev
[357/1000] action=cross-tenant-access context=tenant-3-user@kubernetes operation=delete resource=configmap namespace=tenant-6
[358/1000] action=cross-tenant-access context=tenant-6-user@kubernetes operation=list resource=configmap namespace=tenant-7
[359/1000] action=create-clusterrole name=dev resources=services,configmaps verbs=create,deletecollection,delete,patch
[360/1000] action=create-rb ns=tenant-6 name=tenant-binding group=tenant-6 role=admin
[361/1000] action=delete-rb ns=tenant-3 name=tenant-binding
[362/1000] action=delete-rb ns=tenant-6 name=tenant-binding
[363/1000] action=create-rb ns=tenant-7 name=tenant-binding group=tenant-7 role=admin
[364/1000] action=create-rb ns=tenant-6 name=tenant-binding group=tenant-6 role=admin
[365/1000] action=create-crb name=foo-global-binding group=tenant-3 role=cluster-admin
[366/1000] action=create-crb name=foo-global-binding group=tenant-9 role=admin
[367/1000] action=delete-crb name=foo-global-binding
[368/1000] action=cross-tenant-access context=tenant-6-user@kubernetes operation=get resource=configmap namespace=tenant-4
[369/1000] action=cross-tenant-access context=tenant-6-user@kubernetes operation=patch resource=configmap namespace=tenant-7
[370/1000] action=cross-tenant-access context=tenant-7-user@kubernetes operation=watch resource=configmap namespace=tenant-8
[371/1000] action=delete-rb ns=tenant-6 name=tenant-binding
[372/1000] action=create-rb ns=tenant-5 name=tenant-binding group=tenant-5 role=admin
[373/1000] action=cross-tenant-access context=tenant-10-user@kubernetes operation=list resource=configmap namespace=tenant-4
[374/1000] action=delete-rb ns=tenant-9 name=tenant-binding
[375/1000] action=delete-rb ns=tenant-10 name=tenant-binding
[376/1000] action=cross-tenant-access context=tenant-8-user@kubernetes operation=delete resource=configmap namespace=tenant-10
[377/1000] action=cross-tenant-access context=tenant-9-user@kubernetes operation=patch resource=configmap namespace=tenant-10
[378/1000] action=create-crb name=foo-global-binding group=tenant-4 role=edit
[379/1000] action=cross-tenant-access context=tenant-1-user@kubernetes operation=list resource=configmap namespace=tenant-8
[380/1000] action=create-crb name=foo-global-binding group=tenant-7 role=cluster-admin
[381/1000] action=create-clusterrole name=dev resources=configmaps,pods,secrets verbs=update,watch,list,delete,get
[382/1000] action=create-rb ns=tenant-1 name=tenant-binding group=tenant-1 role=dev
[383/1000] action=cross-tenant-access context=tenant-3-user@kubernetes operation=get resource=configmap namespace=tenant-7
[384/1000] action=create-crb name=foo-global-binding group=tenant-2 role=edit
[385/1000] action=delete-crb name=foo-global-binding
[386/1000] action=cross-tenant-access context=tenant-2-user@kubernetes operation=list resource=configmap namespace=tenant-9
[387/1000] action=cross-tenant-access context=tenant-4-user@kubernetes operation=watch resource=configmap namespace=tenant-1
[388/1000] action=create-clusterrole name=dev resources=configmaps,secrets,services verbs=update,delete
[389/1000] action=create-rb ns=tenant-3 name=tenant-binding group=tenant-3 role=edit
[390/1000] action=create-rb ns=tenant-5 name=tenant-binding group=tenant-5 role=dev
[391/1000] action=delete-rb ns=tenant-8 name=tenant-binding
[392/1000] action=create-clusterrole name=dev resources=configmaps,secrets,services verbs=get,patch,list,update,delete
[393/1000] action=create-crb name=foo-global-binding group=tenant-7 role=view
[394/1000] action=create-clusterrole name=dev resources=services,secrets,configmaps verbs=delete,watch,update
[395/1000] action=create-clusterrole name=dev resources=configmaps verbs=patch
[396/1000] action=cross-tenant-access context=tenant-1-user@kubernetes operation=delete resource=configmap namespace=tenant-10
[397/1000] action=delete-crb name=foo-global-binding
[398/1000] action=cross-tenant-access context=tenant-8-user@kubernetes operation=patch resource=configmap namespace=tenant-5
[399/1000] action=create-crb name=foo-global-binding group=tenant-3 role=view
[400/1000] action=delete-rb ns=tenant-3 name=tenant-binding
[401/1000] action=cross-tenant-access context=tenant-7-user@kubernetes operation=list resource=configmap namespace=tenant-8
[402/1000] action=cross-tenant-access context=tenant-6-user@kubernetes operation=delete resource=configmap namespace=tenant-3
[403/1000] action=delete-rb ns=tenant-9 name=tenant-binding
[404/1000] action=create-rb ns=tenant-6 name=tenant-binding group=tenant-6 role=edit
[405/1000] action=create-rb ns=tenant-6 name=tenant-binding group=tenant-6 role=view
[406/1000] action=cross-tenant-access context=tenant-2-user@kubernetes operation=watch resource=configmap namespace=tenant-6
[407/1000] action=delete-clusterrole name=dev
[408/1000] action=delete-clusterrole name=dev
[409/1000] action=delete-crb name=foo-global-binding
[410/1000] action=delete-clusterrole name=dev
[411/1000] action=create-clusterrole name=dev resources=pods,configmaps verbs=create
[412/1000] action=cross-tenant-access context=tenant-2-user@kubernetes operation=watch resource=configmap namespace=tenant-1
[413/1000] action=delete-crb name=foo-global-binding
[414/1000] action=create-clusterrole name=dev resources=services verbs=patch,update,delete,watch
[415/1000] action=delete-rb ns=tenant-4 name=tenant-binding
[416/1000] action=cross-tenant-access context=tenant-7-user@kubernetes operation=get resource=configmap namespace=tenant-6
[417/1000] action=cross-tenant-access context=tenant-1-user@kubernetes operation=list resource=configmap namespace=tenant-7
[418/1000] action=create-rb ns=tenant-4 name=tenant-binding group=tenant-4 role=admin
[419/1000] action=create-crb name=foo-global-binding group=tenant-8 role=dev
[420/1000] action=cross-tenant-access context=tenant-3-user@kubernetes operation=delete resource=configmap namespace=tenant-9
[421/1000] action=create-crb name=foo-global-binding group=tenant-4 role=view
[422/1000] action=delete-crb name=foo-global-binding
[423/1000] action=create-clusterrole name=dev resources=services,pods verbs=get,update
[424/1000] action=create-rb ns=tenant-7 name=tenant-binding group=tenant-7 role=admin
[425/1000] action=cross-tenant-access context=tenant-10-user@kubernetes operation=get resource=configmap namespace=tenant-8
[426/1000] action=delete-crb name=foo-global-binding
[427/1000] action=cross-tenant-access context=tenant-9-user@kubernetes operation=watch resource=configmap namespace=tenant-2
[428/1000] action=cross-tenant-access context=tenant-8-user@kubernetes operation=watch resource=configmap namespace=tenant-5
[429/1000] action=cross-tenant-access context=tenant-1-user@kubernetes operation=watch resource=configmap namespace=tenant-6
[430/1000] action=create-rb ns=tenant-8 name=tenant-binding group=tenant-8 role=admin
[431/1000] action=cross-tenant-access context=tenant-1-user@kubernetes operation=watch resource=configmap namespace=tenant-2
[432/1000] action=cross-tenant-access context=tenant-6-user@kubernetes operation=patch resource=configmap namespace=tenant-2
[433/1000] action=create-rb ns=tenant-6 name=tenant-binding group=tenant-6 role=dev
[434/1000] action=create-crb name=foo-global-binding group=tenant-6 role=cluster-admin
[435/1000] action=create-clusterrole name=dev resources=secrets,configmaps,services verbs=watch
[436/1000] action=delete-crb name=foo-global-binding
[437/1000] action=delete-rb ns=tenant-3 name=tenant-binding
[438/1000] action=create-clusterrole name=dev resources=pods verbs=list,create,delete,get,watch
[439/1000] action=cross-tenant-access context=tenant-7-user@kubernetes operation=list resource=configmap namespace=tenant-1
[440/1000] action=cross-tenant-access context=tenant-1-user@kubernetes operation=patch resource=configmap namespace=tenant-7
[441/1000] action=delete-rb ns=tenant-8 name=tenant-binding
[442/1000] action=cross-tenant-access context=tenant-3-user@kubernetes operation=watch resource=configmap namespace=tenant-10
[443/1000] action=create-rb ns=tenant-1 name=tenant-binding group=tenant-1 role=dev
[444/1000] action=create-clusterrole name=dev resources=secrets,services,configmaps verbs=get,delete,watch,deletecollection
[445/1000] action=create-rb ns=tenant-10 name=tenant-binding group=tenant-10 role=admin
[446/1000] action=create-crb name=foo-global-binding group=tenant-5 role=edit
[447/1000] action=cross-tenant-access context=tenant-5-user@kubernetes operation=watch resource=configmap namespace=tenant-7
[448/1000] action=cross-tenant-access context=tenant-2-user@kubernetes operation=list resource=configmap namespace=tenant-8
[449/1000] action=delete-rb ns=tenant-4 name=tenant-binding
[450/1000] action=cross-tenant-access context=tenant-10-user@kubernetes operation=delete resource=configmap namespace=tenant-5
[451/1000] action=create-crb name=foo-global-binding group=tenant-10 role=dev
[452/1000] action=cross-tenant-access context=tenant-7-user@kubernetes operation=delete resource=configmap namespace=tenant-2
[453/1000] action=cross-tenant-access context=tenant-6-user@kubernetes operation=watch resource=configmap namespace=tenant-10
[454/1000] action=create-rb ns=tenant-9 name=tenant-binding group=tenant-9 role=edit
[455/1000] action=cross-tenant-access context=tenant-9-user@kubernetes operation=watch resource=configmap namespace=tenant-6
[456/1000] action=create-rb ns=tenant-4 name=tenant-binding group=tenant-4 role=cluster-admin
[457/1000] action=create-crb name=foo-global-binding group=tenant-4 role=dev
[458/1000] action=cross-tenant-access context=tenant-6-user@kubernetes operation=patch resource=configmap namespace=tenant-1
[459/1000] action=cross-tenant-access context=tenant-10-user@kubernetes operation=list resource=configmap namespace=tenant-8
[460/1000] action=create-crb name=foo-global-binding group=tenant-10 role=view
[461/1000] action=cross-tenant-access context=tenant-10-user@kubernetes operation=list resource=configmap namespace=tenant-6
[462/1000] action=delete-rb ns=tenant-5 name=tenant-binding
[463/1000] action=delete-rb ns=tenant-7 name=tenant-binding
[464/1000] action=create-crb name=foo-global-binding group=tenant-9 role=view
[465/1000] action=cross-tenant-access context=tenant-9-user@kubernetes operation=list resource=configmap namespace=tenant-4
[466/1000] action=delete-rb ns=tenant-9 name=tenant-binding
[467/1000] action=cross-tenant-access context=tenant-6-user@kubernetes operation=watch resource=configmap namespace=tenant-4
[468/1000] action=cross-tenant-access context=tenant-7-user@kubernetes operation=get resource=configmap namespace=tenant-1
[469/1000] action=create-rb ns=tenant-7 name=tenant-binding group=tenant-7 role=dev
[470/1000] action=delete-crb name=foo-global-binding
[471/1000] action=delete-rb ns=tenant-9 name=tenant-binding
[472/1000] action=delete-rb ns=tenant-3 name=tenant-binding
[473/1000] action=create-rb ns=tenant-10 name=tenant-binding group=tenant-10 role=dev
[474/1000] action=create-crb name=foo-global-binding group=tenant-2 role=view
[475/1000] action=cross-tenant-access context=tenant-8-user@kubernetes operation=get resource=configmap namespace=tenant-10
[476/1000] action=delete-rb ns=tenant-1 name=tenant-binding
[477/1000] action=create-rb ns=tenant-5 name=tenant-binding group=tenant-5 role=edit
[478/1000] action=create-clusterrole name=dev resources=configmaps,pods verbs=patch,delete,create,update,watch
[479/1000] action=cross-tenant-access context=tenant-4-user@kubernetes operation=list resource=configmap namespace=tenant-6
[480/1000] action=create-rb ns=tenant-7 name=tenant-binding group=tenant-7 role=cluster-admin
[481/1000] action=delete-rb ns=tenant-1 name=tenant-binding
[482/1000] action=delete-rb ns=tenant-2 name=tenant-binding
[483/1000] action=delete-clusterrole name=dev
[484/1000] action=cross-tenant-access context=tenant-6-user@kubernetes operation=patch resource=configmap namespace=tenant-1
[485/1000] action=delete-rb ns=tenant-6 name=tenant-binding
[486/1000] action=create-rb ns=tenant-9 name=tenant-binding group=tenant-9 role=view
[487/1000] action=delete-crb name=foo-global-binding
[488/1000] action=cross-tenant-access context=tenant-10-user@kubernetes operation=delete resource=configmap namespace=tenant-7
[489/1000] action=delete-clusterrole name=dev
[490/1000] action=delete-rb ns=tenant-5 name=tenant-binding
[491/1000] action=cross-tenant-access context=tenant-8-user@kubernetes operation=watch resource=configmap namespace=tenant-10
[492/1000] action=delete-crb name=foo-global-binding
[493/1000] action=create-rb ns=tenant-5 name=tenant-binding group=tenant-5 role=dev
[494/1000] action=delete-clusterrole name=dev
[495/1000] action=delete-rb ns=tenant-5 name=tenant-binding
[496/1000] action=create-rb ns=tenant-10 name=tenant-binding group=tenant-10 role=view
[497/1000] action=delete-crb name=foo-global-binding
[498/1000] action=delete-crb name=foo-global-binding
[499/1000] action=create-rb ns=tenant-2 name=tenant-binding group=tenant-2 role=edit
[500/1000] action=delete-rb ns=tenant-2 name=tenant-binding
[501/1000] action=delete-clusterrole name=dev
[502/1000] action=delete-rb ns=tenant-1 name=tenant-binding
[503/1000] action=cross-tenant-access context=tenant-1-user@kubernetes operation=get resource=configmap namespace=tenant-8
[504/1000] action=cross-tenant-access context=tenant-10-user@kubernetes operation=watch resource=configmap namespace=tenant-3
[505/1000] action=create-rb ns=tenant-9 name=tenant-binding group=tenant-9 role=edit
[506/1000] action=cross-tenant-access context=tenant-1-user@kubernetes operation=delete resource=configmap namespace=tenant-6
[507/1000] action=delete-rb ns=tenant-1 name=tenant-binding
[508/1000] action=delete-rb ns=tenant-6 name=tenant-binding
[509/1000] action=create-rb ns=tenant-4 name=tenant-binding group=tenant-4 role=admin
[510/1000] action=delete-rb ns=tenant-1 name=tenant-binding
[511/1000] action=create-rb ns=tenant-3 name=tenant-binding group=tenant-3 role=dev
[512/1000] action=delete-rb ns=tenant-7 name=tenant-binding
[513/1000] action=cross-tenant-access context=tenant-2-user@kubernetes operation=watch resource=configmap namespace=tenant-4
[514/1000] action=cross-tenant-access context=tenant-4-user@kubernetes operation=list resource=configmap namespace=tenant-2
[515/1000] action=create-clusterrole name=dev resources=services verbs=patch,get,watch
[516/1000] action=cross-tenant-access context=tenant-8-user@kubernetes operation=get resource=configmap namespace=tenant-5
[517/1000] action=cross-tenant-access context=tenant-6-user@kubernetes operation=watch resource=configmap namespace=tenant-10
[518/1000] action=create-rb ns=tenant-2 name=tenant-binding group=tenant-2 role=view
[519/1000] action=cross-tenant-access context=tenant-7-user@kubernetes operation=delete resource=configmap namespace=tenant-3
[520/1000] action=create-crb name=foo-global-binding group=tenant-8 role=cluster-admin
[521/1000] action=delete-crb name=foo-global-binding
[522/1000] action=delete-clusterrole name=dev
[523/1000] action=create-crb name=foo-global-binding group=tenant-3 role=admin
[524/1000] action=cross-tenant-access context=tenant-9-user@kubernetes operation=list resource=configmap namespace=tenant-3
[525/1000] action=create-crb name=foo-global-binding group=tenant-6 role=admin
[526/1000] action=delete-clusterrole name=dev
[527/1000] action=delete-rb ns=tenant-8 name=tenant-binding
[528/1000] action=cross-tenant-access context=tenant-3-user@kubernetes operation=list resource=configmap namespace=tenant-5
[529/1000] action=cross-tenant-access context=tenant-2-user@kubernetes operation=get resource=configmap namespace=tenant-4
[530/1000] action=create-clusterrole name=dev resources=pods verbs=patch,watch,list,get,delete
[531/1000] action=delete-clusterrole name=dev
[532/1000] action=cross-tenant-access context=tenant-7-user@kubernetes operation=watch resource=configmap namespace=tenant-3
[533/1000] action=create-clusterrole name=dev resources=secrets,configmaps verbs=watch,delete,update,create
[534/1000] action=delete-rb ns=tenant-7 name=tenant-binding
[535/1000] action=delete-clusterrole name=dev
[536/1000] action=create-rb ns=tenant-10 name=tenant-binding group=tenant-10 role=dev
[537/1000] action=create-rb ns=tenant-4 name=tenant-binding group=tenant-4 role=view
[538/1000] action=delete-crb name=foo-global-binding
[539/1000] action=cross-tenant-access context=tenant-5-user@kubernetes operation=get resource=configmap namespace=tenant-3
[540/1000] action=delete-rb ns=tenant-1 name=tenant-binding
[541/1000] action=create-clusterrole name=dev resources=secrets verbs=list,delete,patch,watch
[542/1000] action=cross-tenant-access context=tenant-4-user@kubernetes operation=patch resource=configmap namespace=tenant-7
[543/1000] action=cross-tenant-access context=tenant-6-user@kubernetes operation=watch resource=configmap namespace=tenant-10
[544/1000] action=cross-tenant-access context=tenant-1-user@kubernetes operation=patch resource=configmap namespace=tenant-3
[545/1000] action=cross-tenant-access context=tenant-8-user@kubernetes operation=patch resource=configmap namespace=tenant-2
[546/1000] action=cross-tenant-access context=tenant-3-user@kubernetes operation=list resource=configmap namespace=tenant-4
[547/1000] action=create-crb name=foo-global-binding group=tenant-4 role=admin
[548/1000] action=cross-tenant-access context=tenant-10-user@kubernetes operation=get resource=configmap namespace=tenant-4
[549/1000] action=create-crb name=foo-global-binding group=tenant-6 role=cluster-admin
[550/1000] action=create-rb ns=tenant-1 name=tenant-binding group=tenant-1 role=edit
[551/1000] action=delete-rb ns=tenant-2 name=tenant-binding
[552/1000] action=delete-rb ns=tenant-8 name=tenant-binding
[553/1000] action=cross-tenant-access context=tenant-6-user@kubernetes operation=delete resource=configmap namespace=tenant-8
[554/1000] action=create-rb ns=tenant-2 name=tenant-binding group=tenant-2 role=cluster-admin
[555/1000] action=cross-tenant-access context=tenant-2-user@kubernetes operation=watch resource=configmap namespace=tenant-1
[556/1000] action=create-crb name=foo-global-binding group=tenant-2 role=admin
[557/1000] action=delete-crb name=foo-global-binding
[558/1000] action=cross-tenant-access context=tenant-4-user@kubernetes operation=patch resource=configmap namespace=tenant-9
[559/1000] action=cross-tenant-access context=tenant-6-user@kubernetes operation=watch resource=configmap namespace=tenant-2
[560/1000] action=cross-tenant-access context=tenant-4-user@kubernetes operation=delete resource=configmap namespace=tenant-2
[561/1000] action=cross-tenant-access context=tenant-2-user@kubernetes operation=delete resource=configmap namespace=tenant-3
[562/1000] action=cross-tenant-access context=tenant-9-user@kubernetes operation=watch resource=configmap namespace=tenant-7
[563/1000] action=cross-tenant-access context=tenant-7-user@kubernetes operation=watch resource=configmap namespace=tenant-1
[564/1000] action=delete-rb ns=tenant-4 name=tenant-binding
[565/1000] action=cross-tenant-access context=tenant-8-user@kubernetes operation=patch resource=configmap namespace=tenant-5
[566/1000] action=cross-tenant-access context=tenant-9-user@kubernetes operation=watch resource=configmap namespace=tenant-1
[567/1000] action=cross-tenant-access context=tenant-8-user@kubernetes operation=list resource=configmap namespace=tenant-6
[568/1000] action=create-clusterrole name=dev resources=services,configmaps verbs=patch,watch,update
[569/1000] action=delete-rb ns=tenant-3 name=tenant-binding
[570/1000] action=create-clusterrole name=dev resources=pods,services verbs=deletecollection,get,list,patch
[571/1000] action=create-rb ns=tenant-9 name=tenant-binding group=tenant-9 role=admin
[572/1000] action=cross-tenant-access context=tenant-10-user@kubernetes operation=delete resource=configmap namespace=tenant-5
[573/1000] action=cross-tenant-access context=tenant-2-user@kubernetes operation=get resource=configmap namespace=tenant-1
[574/1000] action=cross-tenant-access context=tenant-9-user@kubernetes operation=watch resource=configmap namespace=tenant-10
[575/1000] action=cross-tenant-access context=tenant-6-user@kubernetes operation=delete resource=configmap namespace=tenant-2
[576/1000] action=create-crb name=foo-global-binding group=tenant-5 role=dev
[577/1000] action=cross-tenant-access context=tenant-1-user@kubernetes operation=watch resource=configmap namespace=tenant-6
[578/1000] action=create-crb name=foo-global-binding group=tenant-10 role=view
[579/1000] action=cross-tenant-access context=tenant-3-user@kubernetes operation=list resource=configmap namespace=tenant-10
[580/1000] action=cross-tenant-access context=tenant-4-user@kubernetes operation=get resource=configmap namespace=tenant-1
[581/1000] action=cross-tenant-access context=tenant-6-user@kubernetes operation=patch resource=configmap namespace=tenant-10
[582/1000] action=create-clusterrole name=dev resources=configmaps,pods verbs=patch,watch
[583/1000] action=delete-crb name=foo-global-binding
[584/1000] action=delete-clusterrole name=dev
[585/1000] action=cross-tenant-access context=tenant-6-user@kubernetes operation=patch resource=configmap namespace=tenant-4
[586/1000] action=cross-tenant-access context=tenant-4-user@kubernetes operation=list resource=configmap namespace=tenant-10
[587/1000] action=cross-tenant-access context=tenant-3-user@kubernetes operation=get resource=configmap namespace=tenant-9
[588/1000] action=delete-rb ns=tenant-3 name=tenant-binding
[589/1000] action=delete-crb name=foo-global-binding
[590/1000] action=cross-tenant-access context=tenant-2-user@kubernetes operation=get resource=configmap namespace=tenant-7
[591/1000] action=create-crb name=foo-global-binding group=tenant-3 role=dev
[592/1000] action=cross-tenant-access context=tenant-9-user@kubernetes operation=patch resource=configmap namespace=tenant-4
[593/1000] action=cross-tenant-access context=tenant-9-user@kubernetes operation=delete resource=configmap namespace=tenant-5
[594/1000] action=cross-tenant-access context=tenant-8-user@kubernetes operation=delete resource=configmap namespace=tenant-10
[595/1000] action=create-rb ns=tenant-4 name=tenant-binding group=tenant-4 role=edit
[596/1000] action=create-crb name=foo-global-binding group=tenant-5 role=edit
[597/1000] action=delete-clusterrole name=dev
[598/1000] action=cross-tenant-access context=tenant-5-user@kubernetes operation=list resource=configmap namespace=tenant-10
[599/1000] action=cross-tenant-access context=tenant-4-user@kubernetes operation=watch resource=configmap namespace=tenant-9
[600/1000] action=create-rb ns=tenant-5 name=tenant-binding group=tenant-5 role=cluster-admin
[601/1000] action=cross-tenant-access context=tenant-4-user@kubernetes operation=get resource=configmap namespace=tenant-3
[602/1000] action=create-rb ns=tenant-10 name=tenant-binding group=tenant-10 role=cluster-admin
[603/1000] action=create-clusterrole name=dev resources=configmaps,secrets verbs=delete,patch,create
[604/1000] action=cross-tenant-access context=tenant-5-user@kubernetes operation=patch resource=configmap namespace=tenant-4
[605/1000] action=cross-tenant-access context=tenant-10-user@kubernetes operation=delete resource=configmap namespace=tenant-3
[606/1000] action=delete-rb ns=tenant-5 name=tenant-binding
[607/1000] action=delete-rb ns=tenant-1 name=tenant-binding
[608/1000] action=cross-tenant-access context=tenant-8-user@kubernetes operation=watch resource=configmap namespace=tenant-5
[609/1000] action=cross-tenant-access context=tenant-8-user@kubernetes operation=delete resource=configmap namespace=tenant-5
[610/1000] action=cross-tenant-access context=tenant-10-user@kubernetes operation=patch resource=configmap namespace=tenant-8
[611/1000] action=delete-rb ns=tenant-8 name=tenant-binding
[612/1000] action=delete-rb ns=tenant-10 name=tenant-binding
[613/1000] action=create-rb ns=tenant-6 name=tenant-binding group=tenant-6 role=admin
[614/1000] action=delete-rb ns=tenant-6 name=tenant-binding
[615/1000] action=create-rb ns=tenant-3 name=tenant-binding group=tenant-3 role=dev
[616/1000] action=cross-tenant-access context=tenant-2-user@kubernetes operation=list resource=configmap namespace=tenant-9
[617/1000] action=delete-rb ns=tenant-4 name=tenant-binding
[618/1000] action=create-crb name=foo-global-binding group=tenant-6 role=edit
[619/1000] action=delete-crb name=foo-global-binding
[620/1000] action=cross-tenant-access context=tenant-4-user@kubernetes operation=patch resource=configmap namespace=tenant-6
[621/1000] action=cross-tenant-access context=tenant-1-user@kubernetes operation=delete resource=configmap namespace=tenant-7
[622/1000] action=cross-tenant-access context=tenant-3-user@kubernetes operation=patch resource=configmap namespace=tenant-4
[623/1000] action=delete-rb ns=tenant-7 name=tenant-binding
[624/1000] action=delete-rb ns=tenant-6 name=tenant-binding
[625/1000] action=create-crb name=foo-global-binding group=tenant-6 role=admin
[626/1000] action=cross-tenant-access context=tenant-10-user@kubernetes operation=delete resource=configmap namespace=tenant-5
[627/1000] action=delete-clusterrole name=dev
[628/1000] action=delete-rb ns=tenant-9 name=tenant-binding
[629/1000] action=delete-clusterrole name=dev
[630/1000] action=create-rb ns=tenant-6 name=tenant-binding group=tenant-6 role=admin
[631/1000] action=create-rb ns=tenant-8 name=tenant-binding group=tenant-8 role=view
[632/1000] action=create-rb ns=tenant-10 name=tenant-binding group=tenant-10 role=edit
[633/1000] action=create-crb name=foo-global-binding group=tenant-1 role=admin
[634/1000] action=create-crb name=foo-global-binding group=tenant-5 role=edit
[635/1000] action=delete-rb ns=tenant-10 name=tenant-binding
[636/1000] action=create-clusterrole name=dev resources=configmaps,pods verbs=patch,get
[637/1000] action=cross-tenant-access context=tenant-1-user@kubernetes operation=watch resource=configmap namespace=tenant-8
[638/1000] action=create-rb ns=tenant-4 name=tenant-binding group=tenant-4 role=edit
[639/1000] action=delete-rb ns=tenant-3 name=tenant-binding
[640/1000] action=create-rb ns=tenant-6 name=tenant-binding group=tenant-6 role=admin
[641/1000] action=cross-tenant-access context=tenant-3-user@kubernetes operation=get resource=configmap namespace=tenant-8
[642/1000] action=cross-tenant-access context=tenant-3-user@kubernetes operation=list resource=configmap namespace=tenant-2
[643/1000] action=delete-rb ns=tenant-6 name=tenant-binding
[644/1000] action=delete-rb ns=tenant-9 name=tenant-binding
[645/1000] action=create-rb ns=tenant-10 name=tenant-binding group=tenant-10 role=cluster-admin
[646/1000] action=cross-tenant-access context=tenant-4-user@kubernetes operation=get resource=configmap namespace=tenant-2
[647/1000] action=cross-tenant-access context=tenant-7-user@kubernetes operation=get resource=configmap namespace=tenant-2
[648/1000] action=delete-rb ns=tenant-6 name=tenant-binding
[649/1000] action=delete-crb name=foo-global-binding
[650/1000] action=delete-crb name=foo-global-binding
[651/1000] action=create-rb ns=tenant-1 name=tenant-binding group=tenant-1 role=dev
[652/1000] action=cross-tenant-access context=tenant-3-user@kubernetes operation=list resource=configmap namespace=tenant-4
[653/1000] action=cross-tenant-access context=tenant-6-user@kubernetes operation=patch resource=configmap namespace=tenant-1
[654/1000] action=create-clusterrole name=dev resources=configmaps verbs=list,deletecollection,patch,delete,update
[655/1000] action=create-clusterrole name=dev resources=configmaps verbs=deletecollection,get
[656/1000] action=cross-tenant-access context=tenant-5-user@kubernetes operation=list resource=configmap namespace=tenant-4
[657/1000] action=create-crb name=foo-global-binding group=tenant-4 role=edit
[658/1000] action=create-clusterrole name=dev resources=pods,services,configmaps verbs=deletecollection,watch,get,delete
[659/1000] action=cross-tenant-access context=tenant-8-user@kubernetes operation=patch resource=configmap namespace=tenant-3
[660/1000] action=delete-rb ns=tenant-1 name=tenant-binding
[661/1000] action=cross-tenant-access context=tenant-5-user@kubernetes operation=watch resource=configmap namespace=tenant-4
[662/1000] action=delete-clusterrole name=dev
[663/1000] action=create-clusterrole name=dev resources=services,pods verbs=deletecollection,update,get
[664/1000] action=create-rb ns=tenant-9 name=tenant-binding group=tenant-9 role=admin
[665/1000] action=create-rb ns=tenant-8 name=tenant-binding group=tenant-8 role=view
[666/1000] action=cross-tenant-access context=tenant-4-user@kubernetes operation=get resource=configmap namespace=tenant-8
[667/1000] action=cross-tenant-access context=tenant-10-user@kubernetes operation=patch resource=configmap namespace=tenant-1
[668/1000] action=create-rb ns=tenant-2 name=tenant-binding group=tenant-2 role=cluster-admin
[669/1000] action=create-rb ns=tenant-10 name=tenant-binding group=tenant-10 role=edit
[670/1000] action=cross-tenant-access context=tenant-9-user@kubernetes operation=watch resource=configmap namespace=tenant-6
[671/1000] action=delete-crb name=foo-global-binding
[672/1000] action=cross-tenant-access context=tenant-3-user@kubernetes operation=watch resource=configmap namespace=tenant-4
[673/1000] action=create-rb ns=tenant-7 name=tenant-binding group=tenant-7 role=admin
[674/1000] action=create-crb name=foo-global-binding group=tenant-5 role=edit
[675/1000] action=delete-clusterrole name=dev
[676/1000] action=delete-rb ns=tenant-1 name=tenant-binding
[677/1000] action=create-rb ns=tenant-5 name=tenant-binding group=tenant-5 role=cluster-admin
[678/1000] action=cross-tenant-access context=tenant-6-user@kubernetes operation=patch resource=configmap namespace=tenant-10
[679/1000] action=cross-tenant-access context=tenant-7-user@kubernetes operation=get resource=configmap namespace=tenant-3
[680/1000] action=create-rb ns=tenant-5 name=tenant-binding group=tenant-5 role=dev
[681/1000] action=create-clusterrole name=dev resources=services verbs=patch,list,create,watch
[682/1000] action=cross-tenant-access context=tenant-6-user@kubernetes operation=delete resource=configmap namespace=tenant-2
[683/1000] action=create-crb name=foo-global-binding group=tenant-3 role=cluster-admin
[684/1000] action=delete-clusterrole name=dev
[685/1000] action=create-crb name=foo-global-binding group=tenant-10 role=edit
[686/1000] action=delete-clusterrole name=dev
[687/1000] action=create-clusterrole name=dev resources=pods,configmaps,secrets verbs=delete,patch,deletecollection,watch
[688/1000] action=delete-crb name=foo-global-binding
[689/1000] action=create-rb ns=tenant-7 name=tenant-binding group=tenant-7 role=view
[690/1000] action=delete-rb ns=tenant-10 name=tenant-binding
[691/1000] action=delete-rb ns=tenant-3 name=tenant-binding
[692/1000] action=delete-rb ns=tenant-4 name=tenant-binding
[693/1000] action=cross-tenant-access context=tenant-10-user@kubernetes operation=delete resource=configmap namespace=tenant-9
[694/1000] action=cross-tenant-access context=tenant-8-user@kubernetes operation=patch resource=configmap namespace=tenant-4
[695/1000] action=cross-tenant-access context=tenant-10-user@kubernetes operation=watch resource=configmap namespace=tenant-5
[696/1000] action=delete-clusterrole name=dev
[697/1000] action=create-crb name=foo-global-binding group=tenant-7 role=view
[698/1000] action=create-rb ns=tenant-5 name=tenant-binding group=tenant-5 role=admin
[699/1000] action=cross-tenant-access context=tenant-5-user@kubernetes operation=get resource=configmap namespace=tenant-1
[700/1000] action=cross-tenant-access context=tenant-9-user@kubernetes operation=watch resource=configmap namespace=tenant-10
[701/1000] action=create-clusterrole name=dev resources=secrets,configmaps verbs=get,list,delete,deletecollection
[702/1000] action=delete-clusterrole name=dev
[703/1000] action=cross-tenant-access context=tenant-6-user@kubernetes operation=list resource=configmap namespace=tenant-2
[704/1000] action=create-rb ns=tenant-7 name=tenant-binding group=tenant-7 role=edit
[705/1000] action=cross-tenant-access context=tenant-8-user@kubernetes operation=patch resource=configmap namespace=tenant-3
[706/1000] action=cross-tenant-access context=tenant-1-user@kubernetes operation=get resource=configmap namespace=tenant-5
[707/1000] action=create-rb ns=tenant-2 name=tenant-binding group=tenant-2 role=admin
[708/1000] action=create-rb ns=tenant-7 name=tenant-binding group=tenant-7 role=edit
[709/1000] action=create-crb name=foo-global-binding group=tenant-1 role=edit
[710/1000] action=delete-rb ns=tenant-5 name=tenant-binding
[711/1000] action=create-clusterrole name=dev resources=secrets,pods verbs=watch,list,update
[712/1000] action=create-rb ns=tenant-1 name=tenant-binding group=tenant-1 role=dev
[713/1000] action=create-rb ns=tenant-2 name=tenant-binding group=tenant-2 role=view
[714/1000] action=cross-tenant-access context=tenant-1-user@kubernetes operation=delete resource=configmap namespace=tenant-5
[715/1000] action=create-crb name=foo-global-binding group=tenant-8 role=edit
[716/1000] action=delete-crb name=foo-global-binding
[717/1000] action=delete-rb ns=tenant-3 name=tenant-binding
[718/1000] action=create-rb ns=tenant-3 name=tenant-binding group=tenant-3 role=dev
[719/1000] action=cross-tenant-access context=tenant-3-user@kubernetes operation=watch resource=configmap namespace=tenant-4
[720/1000] action=cross-tenant-access context=tenant-4-user@kubernetes operation=watch resource=configmap namespace=tenant-5
[721/1000] action=cross-tenant-access context=tenant-6-user@kubernetes operation=get resource=configmap namespace=tenant-3
[722/1000] action=cross-tenant-access context=tenant-4-user@kubernetes operation=watch resource=configmap namespace=tenant-6
[723/1000] action=cross-tenant-access context=tenant-2-user@kubernetes operation=get resource=configmap namespace=tenant-3
[724/1000] action=create-crb name=foo-global-binding group=tenant-1 role=cluster-admin
[725/1000] action=cross-tenant-access context=tenant-2-user@kubernetes operation=patch resource=configmap namespace=tenant-6
[726/1000] action=cross-tenant-access context=tenant-10-user@kubernetes operation=patch resource=configmap namespace=tenant-3
[727/1000] action=cross-tenant-access context=tenant-3-user@kubernetes operation=patch resource=configmap namespace=tenant-8
[728/1000] action=delete-rb ns=tenant-7 name=tenant-binding
[729/1000] action=cross-tenant-access context=tenant-10-user@kubernetes operation=delete resource=configmap namespace=tenant-2
[730/1000] action=cross-tenant-access context=tenant-3-user@kubernetes operation=get resource=configmap namespace=tenant-6
[731/1000] action=delete-rb ns=tenant-10 name=tenant-binding
[732/1000] action=delete-crb name=foo-global-binding
[733/1000] action=delete-crb name=foo-global-binding
[734/1000] action=cross-tenant-access context=tenant-4-user@kubernetes operation=list resource=configmap namespace=tenant-2
[735/1000] action=cross-tenant-access context=tenant-8-user@kubernetes operation=delete resource=configmap namespace=tenant-6
[736/1000] action=cross-tenant-access context=tenant-9-user@kubernetes operation=watch resource=configmap namespace=tenant-10
[737/1000] action=cross-tenant-access context=tenant-5-user@kubernetes operation=delete resource=configmap namespace=tenant-10
[738/1000] action=create-rb ns=tenant-9 name=tenant-binding group=tenant-9 role=admin
[739/1000] action=create-clusterrole name=dev resources=pods,secrets verbs=get,deletecollection
[740/1000] action=cross-tenant-access context=tenant-3-user@kubernetes operation=list resource=configmap namespace=tenant-7
[741/1000] action=create-clusterrole name=dev resources=configmaps verbs=create,get,patch,delete,update
[742/1000] action=delete-clusterrole name=dev
[743/1000] action=create-rb ns=tenant-4 name=tenant-binding group=tenant-4 role=cluster-admin
[744/1000] action=create-rb ns=tenant-7 name=tenant-binding group=tenant-7 role=dev
[745/1000] action=delete-clusterrole name=dev
[746/1000] action=delete-clusterrole name=dev
[747/1000] action=delete-rb ns=tenant-3 name=tenant-binding
[748/1000] action=cross-tenant-access context=tenant-3-user@kubernetes operation=patch resource=configmap namespace=tenant-7
[749/1000] action=create-clusterrole name=dev resources=services,pods,configmaps verbs=watch,patch,list,delete,create
[750/1000] action=cross-tenant-access context=tenant-3-user@kubernetes operation=patch resource=configmap namespace=tenant-10
[751/1000] action=cross-tenant-access context=tenant-6-user@kubernetes operation=get resource=configmap namespace=tenant-1
[752/1000] action=create-rb ns=tenant-9 name=tenant-binding group=tenant-9 role=cluster-admin
[753/1000] action=cross-tenant-access context=tenant-5-user@kubernetes operation=list resource=configmap namespace=tenant-9
[754/1000] action=delete-crb name=foo-global-binding
[755/1000] action=delete-rb ns=tenant-2 name=tenant-binding
[756/1000] action=create-crb name=foo-global-binding group=tenant-10 role=view
[757/1000] action=delete-rb ns=tenant-9 name=tenant-binding
[758/1000] action=create-clusterrole name=dev resources=secrets,services,pods verbs=watch,delete,get,deletecollection
[759/1000] action=delete-rb ns=tenant-6 name=tenant-binding
[760/1000] action=delete-rb ns=tenant-8 name=tenant-binding
[761/1000] action=create-clusterrole name=dev resources=pods,configmaps,services verbs=watch,list
[762/1000] action=delete-clusterrole name=dev
[763/1000] action=create-crb name=foo-global-binding group=tenant-6 role=dev
[764/1000] action=cross-tenant-access context=tenant-1-user@kubernetes operation=delete resource=configmap namespace=tenant-2
[765/1000] action=create-rb ns=tenant-9 name=tenant-binding group=tenant-9 role=cluster-admin
[766/1000] action=delete-rb ns=tenant-8 name=tenant-binding
[767/1000] action=create-clusterrole name=dev resources=configmaps,pods verbs=patch,create,get,list
[768/1000] action=cross-tenant-access context=tenant-10-user@kubernetes operation=get resource=configmap namespace=tenant-4
[769/1000] action=cross-tenant-access context=tenant-10-user@kubernetes operation=list resource=configmap namespace=tenant-2
[770/1000] action=delete-crb name=foo-global-binding
[771/1000] action=cross-tenant-access context=tenant-1-user@kubernetes operation=list resource=configmap namespace=tenant-4
[772/1000] action=create-clusterrole name=dev resources=pods verbs=patch
[773/1000] action=create-rb ns=tenant-10 name=tenant-binding group=tenant-10 role=view
[774/1000] action=cross-tenant-access context=tenant-3-user@kubernetes operation=delete resource=configmap namespace=tenant-10
[775/1000] action=create-rb ns=tenant-8 name=tenant-binding group=tenant-8 role=view
[776/1000] action=delete-crb name=foo-global-binding
[777/1000] action=create-clusterrole name=dev resources=pods,configmaps,secrets verbs=delete,list,update,create
[778/1000] action=cross-tenant-access context=tenant-2-user@kubernetes operation=watch resource=configmap namespace=tenant-1
[779/1000] action=delete-rb ns=tenant-5 name=tenant-binding
[780/1000] action=cross-tenant-access context=tenant-1-user@kubernetes operation=list resource=configmap namespace=tenant-10
[781/1000] action=delete-clusterrole name=dev
[782/1000] action=cross-tenant-access context=tenant-2-user@kubernetes operation=list resource=configmap namespace=tenant-3
[783/1000] action=cross-tenant-access context=tenant-5-user@kubernetes operation=list resource=configmap namespace=tenant-4
[784/1000] action=cross-tenant-access context=tenant-1-user@kubernetes operation=get resource=configmap namespace=tenant-2
[785/1000] action=cross-tenant-access context=tenant-8-user@kubernetes operation=list resource=configmap namespace=tenant-3
[786/1000] action=create-clusterrole name=dev resources=services,configmaps,secrets verbs=patch,list,update
[787/1000] action=create-rb ns=tenant-5 name=tenant-binding group=tenant-5 role=view
[788/1000] action=delete-rb ns=tenant-3 name=tenant-binding
[789/1000] action=cross-tenant-access context=tenant-5-user@kubernetes operation=get resource=configmap namespace=tenant-9
[790/1000] action=cross-tenant-access context=tenant-1-user@kubernetes operation=get resource=configmap namespace=tenant-2
[791/1000] action=cross-tenant-access context=tenant-1-user@kubernetes operation=delete resource=configmap namespace=tenant-4
[792/1000] action=cross-tenant-access context=tenant-9-user@kubernetes operation=patch resource=configmap namespace=tenant-2
[793/1000] action=create-rb ns=tenant-9 name=tenant-binding group=tenant-9 role=dev
[794/1000] action=create-crb name=foo-global-binding group=tenant-7 role=dev
[795/1000] action=create-crb name=foo-global-binding group=tenant-9 role=edit
[796/1000] action=cross-tenant-access context=tenant-10-user@kubernetes operation=patch resource=configmap namespace=tenant-9
[797/1000] action=create-clusterrole name=dev resources=services,configmaps verbs=create,watch
[798/1000] action=delete-rb ns=tenant-4 name=tenant-binding
[799/1000] action=cross-tenant-access context=tenant-7-user@kubernetes operation=watch resource=configmap namespace=tenant-10
[800/1000] action=create-crb name=foo-global-binding group=tenant-3 role=dev
[801/1000] action=create-crb name=foo-global-binding group=tenant-1 role=edit
[802/1000] action=cross-tenant-access context=tenant-3-user@kubernetes operation=get resource=configmap namespace=tenant-5
[803/1000] action=create-rb ns=tenant-10 name=tenant-binding group=tenant-10 role=admin
[804/1000] action=create-clusterrole name=dev resources=secrets verbs=update
[805/1000] action=cross-tenant-access context=tenant-10-user@kubernetes operation=list resource=configmap namespace=tenant-1
[806/1000] action=create-rb ns=tenant-4 name=tenant-binding group=tenant-4 role=dev
[807/1000] action=create-clusterrole name=dev resources=configmaps verbs=deletecollection,get
[808/1000] action=create-rb ns=tenant-10 name=tenant-binding group=tenant-10 role=edit
[809/1000] action=cross-tenant-access context=tenant-7-user@kubernetes operation=watch resource=configmap namespace=tenant-5
[810/1000] action=cross-tenant-access context=tenant-7-user@kubernetes operation=delete resource=configmap namespace=tenant-5
[811/1000] action=create-rb ns=tenant-7 name=tenant-binding group=tenant-7 role=admin
[812/1000] action=delete-rb ns=tenant-8 name=tenant-binding
[813/1000] action=create-clusterrole name=dev resources=configmaps,secrets verbs=list,update,delete,watch,patch
[814/1000] action=delete-crb name=foo-global-binding
[815/1000] action=cross-tenant-access context=tenant-6-user@kubernetes operation=get resource=configmap namespace=tenant-5
[816/1000] action=cross-tenant-access context=tenant-7-user@kubernetes operation=list resource=configmap namespace=tenant-9
[817/1000] action=cross-tenant-access context=tenant-5-user@kubernetes operation=get resource=configmap namespace=tenant-3
[818/1000] action=create-rb ns=tenant-6 name=tenant-binding group=tenant-6 role=edit
[819/1000] action=cross-tenant-access context=tenant-7-user@kubernetes operation=watch resource=configmap namespace=tenant-1
[820/1000] action=delete-rb ns=tenant-9 name=tenant-binding
[821/1000] action=cross-tenant-access context=tenant-9-user@kubernetes operation=delete resource=configmap namespace=tenant-4
[822/1000] action=cross-tenant-access context=tenant-7-user@kubernetes operation=patch resource=configmap namespace=tenant-3
[823/1000] action=create-rb ns=tenant-7 name=tenant-binding group=tenant-7 role=cluster-admin
[824/1000] action=delete-crb name=foo-global-binding
[825/1000] action=delete-rb ns=tenant-8 name=tenant-binding
[826/1000] action=cross-tenant-access context=tenant-2-user@kubernetes operation=get resource=configmap namespace=tenant-10
[827/1000] action=cross-tenant-access context=tenant-5-user@kubernetes operation=list resource=configmap namespace=tenant-2
[828/1000] action=cross-tenant-access context=tenant-4-user@kubernetes operation=patch resource=configmap namespace=tenant-10
[829/1000] action=delete-rb ns=tenant-1 name=tenant-binding
[830/1000] action=cross-tenant-access context=tenant-9-user@kubernetes operation=get resource=configmap namespace=tenant-8
[831/1000] action=create-rb ns=tenant-10 name=tenant-binding group=tenant-10 role=view
[832/1000] action=create-clusterrole name=dev resources=secrets,configmaps verbs=watch,list,get
[833/1000] action=cross-tenant-access context=tenant-4-user@kubernetes operation=delete resource=configmap namespace=tenant-9
[834/1000] action=create-rb ns=tenant-5 name=tenant-binding group=tenant-5 role=edit
[835/1000] action=cross-tenant-access context=tenant-6-user@kubernetes operation=get resource=configmap namespace=tenant-10
[836/1000] action=delete-crb name=foo-global-binding
[837/1000] action=delete-clusterrole name=dev
[838/1000] action=cross-tenant-access context=tenant-6-user@kubernetes operation=watch resource=configmap namespace=tenant-9
[839/1000] action=delete-rb ns=tenant-1 name=tenant-binding
[840/1000] action=create-rb ns=tenant-1 name=tenant-binding group=tenant-1 role=edit
[841/1000] action=delete-clusterrole name=dev
[842/1000] action=delete-clusterrole name=dev
[843/1000] action=cross-tenant-access context=tenant-5-user@kubernetes operation=watch resource=configmap namespace=tenant-1
[844/1000] action=delete-rb ns=tenant-9 name=tenant-binding
[845/1000] action=cross-tenant-access context=tenant-4-user@kubernetes operation=watch resource=configmap namespace=tenant-10
[846/1000] action=create-rb ns=tenant-2 name=tenant-binding group=tenant-2 role=edit
[847/1000] action=delete-rb ns=tenant-6 name=tenant-binding
[848/1000] action=create-clusterrole name=dev resources=pods,configmaps,secrets verbs=get,create
[849/1000] action=cross-tenant-access context=tenant-2-user@kubernetes operation=patch resource=configmap namespace=tenant-5
[850/1000] action=create-rb ns=tenant-8 name=tenant-binding group=tenant-8 role=admin
[851/1000] action=create-rb ns=tenant-3 name=tenant-binding group=tenant-3 role=view
[852/1000] action=create-clusterrole name=dev resources=secrets,services,pods verbs=update
[853/1000] action=delete-clusterrole name=dev
[854/1000] action=create-rb ns=tenant-5 name=tenant-binding group=tenant-5 role=edit
[855/1000] action=delete-rb ns=tenant-10 name=tenant-binding
[856/1000] action=create-crb name=foo-global-binding group=tenant-6 role=view
[857/1000] action=cross-tenant-access context=tenant-9-user@kubernetes operation=get resource=configmap namespace=tenant-10
[858/1000] action=cross-tenant-access context=tenant-8-user@kubernetes operation=get resource=configmap namespace=tenant-9
[859/1000] action=delete-rb ns=tenant-3 name=tenant-binding
[860/1000] action=cross-tenant-access context=tenant-7-user@kubernetes operation=patch resource=configmap namespace=tenant-4
[861/1000] action=cross-tenant-access context=tenant-7-user@kubernetes operation=list resource=configmap namespace=tenant-4
[862/1000] action=create-crb name=foo-global-binding group=tenant-4 role=edit
[863/1000] action=cross-tenant-access context=tenant-10-user@kubernetes operation=get resource=configmap namespace=tenant-1
[864/1000] action=cross-tenant-access context=tenant-3-user@kubernetes operation=patch resource=configmap namespace=tenant-2
[865/1000] action=cross-tenant-access context=tenant-5-user@kubernetes operation=list resource=configmap namespace=tenant-10
[866/1000] action=cross-tenant-access context=tenant-1-user@kubernetes operation=list resource=configmap namespace=tenant-8
[867/1000] action=delete-rb ns=tenant-8 name=tenant-binding
[868/1000] action=create-clusterrole name=dev resources=pods,configmaps verbs=get,create,update
[869/1000] action=create-rb ns=tenant-3 name=tenant-binding group=tenant-3 role=edit
[870/1000] action=cross-tenant-access context=tenant-2-user@kubernetes operation=list resource=configmap namespace=tenant-9
[871/1000] action=create-crb name=foo-global-binding group=tenant-3 role=cluster-admin
[872/1000] action=create-rb ns=tenant-6 name=tenant-binding group=tenant-6 role=view
[873/1000] action=delete-clusterrole name=dev
[874/1000] action=delete-rb ns=tenant-10 name=tenant-binding
[875/1000] action=create-rb ns=tenant-3 name=tenant-binding group=tenant-3 role=view
[876/1000] action=create-crb name=foo-global-binding group=tenant-10 role=dev
[877/1000] action=delete-rb ns=tenant-6 name=tenant-binding
[878/1000] action=create-rb ns=tenant-5 name=tenant-binding group=tenant-5 role=view
[879/1000] action=cross-tenant-access context=tenant-7-user@kubernetes operation=get resource=configmap namespace=tenant-6
[880/1000] action=cross-tenant-access context=tenant-7-user@kubernetes operation=list resource=configmap namespace=tenant-3
[881/1000] action=cross-tenant-access context=tenant-6-user@kubernetes operation=get resource=configmap namespace=tenant-7
[882/1000] action=create-rb ns=tenant-10 name=tenant-binding group=tenant-10 role=view
[883/1000] action=cross-tenant-access context=tenant-5-user@kubernetes operation=delete resource=configmap namespace=tenant-10
[884/1000] action=create-rb ns=tenant-7 name=tenant-binding group=tenant-7 role=admin
[885/1000] action=create-rb ns=tenant-3 name=tenant-binding group=tenant-3 role=cluster-admin
[886/1000] action=cross-tenant-access context=tenant-5-user@kubernetes operation=watch resource=configmap namespace=tenant-9
[887/1000] action=create-rb ns=tenant-8 name=tenant-binding group=tenant-8 role=admin
[888/1000] action=delete-crb name=foo-global-binding
[889/1000] action=cross-tenant-access context=tenant-10-user@kubernetes operation=patch resource=configmap namespace=tenant-1
[890/1000] action=cross-tenant-access context=tenant-7-user@kubernetes operation=patch resource=configmap namespace=tenant-8
[891/1000] action=create-rb ns=tenant-5 name=tenant-binding group=tenant-5 role=view
[892/1000] action=cross-tenant-access context=tenant-6-user@kubernetes operation=list resource=configmap namespace=tenant-2
[893/1000] action=delete-rb ns=tenant-3 name=tenant-binding
[894/1000] action=cross-tenant-access context=tenant-1-user@kubernetes operation=list resource=configmap namespace=tenant-3
[895/1000] action=cross-tenant-access context=tenant-9-user@kubernetes operation=patch resource=configmap namespace=tenant-2
[896/1000] action=cross-tenant-access context=tenant-2-user@kubernetes operation=watch resource=configmap namespace=tenant-4
[897/1000] action=create-rb ns=tenant-1 name=tenant-binding group=tenant-1 role=view
[898/1000] action=delete-clusterrole name=dev
[899/1000] action=cross-tenant-access context=tenant-5-user@kubernetes operation=list resource=configmap namespace=tenant-10
[900/1000] action=cross-tenant-access context=tenant-2-user@kubernetes operation=list resource=configmap namespace=tenant-8
[901/1000] action=delete-crb name=foo-global-binding
[902/1000] action=cross-tenant-access context=tenant-6-user@kubernetes operation=patch resource=configmap namespace=tenant-9
[903/1000] action=cross-tenant-access context=tenant-7-user@kubernetes operation=list resource=configmap namespace=tenant-10
[904/1000] action=cross-tenant-access context=tenant-9-user@kubernetes operation=list resource=configmap namespace=tenant-1
[905/1000] action=delete-clusterrole name=dev
[906/1000] action=delete-clusterrole name=dev
[907/1000] action=delete-clusterrole name=dev
[908/1000] action=cross-tenant-access context=tenant-3-user@kubernetes operation=delete resource=configmap namespace=tenant-1
[909/1000] action=delete-crb name=foo-global-binding
[910/1000] action=delete-rb ns=tenant-9 name=tenant-binding
[911/1000] action=delete-rb ns=tenant-5 name=tenant-binding
[912/1000] action=delete-clusterrole name=dev
[913/1000] action=delete-crb name=foo-global-binding
[914/1000] action=delete-clusterrole name=dev
[915/1000] action=create-clusterrole name=dev resources=pods verbs=patch,deletecollection,get,list,delete
[916/1000] action=cross-tenant-access context=tenant-4-user@kubernetes operation=watch resource=configmap namespace=tenant-1
[917/1000] action=create-rb ns=tenant-7 name=tenant-binding group=tenant-7 role=admin
[918/1000] action=create-crb name=foo-global-binding group=tenant-10 role=view
[919/1000] action=cross-tenant-access context=tenant-3-user@kubernetes operation=patch resource=configmap namespace=tenant-5
[920/1000] action=create-crb name=foo-global-binding group=tenant-5 role=dev
[921/1000] action=delete-rb ns=tenant-8 name=tenant-binding
[922/1000] action=delete-clusterrole name=dev
[923/1000] action=cross-tenant-access context=tenant-9-user@kubernetes operation=list resource=configmap namespace=tenant-6
[924/1000] action=cross-tenant-access context=tenant-3-user@kubernetes operation=delete resource=configmap namespace=tenant-6
[925/1000] action=create-rb ns=tenant-7 name=tenant-binding group=tenant-7 role=view
[926/1000] action=delete-rb ns=tenant-8 name=tenant-binding
[927/1000] action=create-rb ns=tenant-1 name=tenant-binding group=tenant-1 role=view
[928/1000] action=cross-tenant-access context=tenant-7-user@kubernetes operation=list resource=configmap namespace=tenant-10
[929/1000] action=create-clusterrole name=dev resources=secrets,pods verbs=get,deletecollection,delete,update,patch
[930/1000] action=cross-tenant-access context=tenant-3-user@kubernetes operation=watch resource=configmap namespace=tenant-7
[931/1000] action=cross-tenant-access context=tenant-4-user@kubernetes operation=patch resource=configmap namespace=tenant-7
[932/1000] action=delete-rb ns=tenant-2 name=tenant-binding
[933/1000] action=delete-rb ns=tenant-5 name=tenant-binding
[934/1000] action=create-crb name=foo-global-binding group=tenant-2 role=cluster-admin
[935/1000] action=create-rb ns=tenant-7 name=tenant-binding group=tenant-7 role=view
[936/1000] action=cross-tenant-access context=tenant-5-user@kubernetes operation=list resource=configmap namespace=tenant-8
[937/1000] action=cross-tenant-access context=tenant-10-user@kubernetes operation=watch resource=configmap namespace=tenant-6
[938/1000] action=create-clusterrole name=dev resources=secrets,configmaps verbs=patch,get,watch
[939/1000] action=create-rb ns=tenant-8 name=tenant-binding group=tenant-8 role=admin
[940/1000] action=delete-clusterrole name=dev
[941/1000] action=create-clusterrole name=dev resources=services,secrets,configmaps verbs=get
[942/1000] action=cross-tenant-access context=tenant-4-user@kubernetes operation=list resource=configmap namespace=tenant-6
[943/1000] action=delete-rb ns=tenant-6 name=tenant-binding
[944/1000] action=cross-tenant-access context=tenant-5-user@kubernetes operation=get resource=configmap namespace=tenant-4
[945/1000] action=cross-tenant-access context=tenant-6-user@kubernetes operation=get resource=configmap namespace=tenant-5
[946/1000] action=cross-tenant-access context=tenant-1-user@kubernetes operation=patch resource=configmap namespace=tenant-8
[947/1000] action=create-rb ns=tenant-4 name=tenant-binding group=tenant-4 role=edit
[948/1000] action=cross-tenant-access context=tenant-3-user@kubernetes operation=patch resource=configmap namespace=tenant-6
[949/1000] action=create-rb ns=tenant-6 name=tenant-binding group=tenant-6 role=view
[950/1000] action=create-crb name=foo-global-binding group=tenant-5 role=view
[951/1000] action=delete-rb ns=tenant-10 name=tenant-binding
[952/1000] action=delete-rb ns=tenant-9 name=tenant-binding
[953/1000] action=delete-rb ns=tenant-10 name=tenant-binding
[954/1000] action=cross-tenant-access context=tenant-2-user@kubernetes operation=get resource=configmap namespace=tenant-9
[955/1000] action=cross-tenant-access context=tenant-1-user@kubernetes operation=delete resource=configmap namespace=tenant-6
[956/1000] action=create-rb ns=tenant-10 name=tenant-binding group=tenant-10 role=cluster-admin
[957/1000] action=cross-tenant-access context=tenant-1-user@kubernetes operation=patch resource=configmap namespace=tenant-9
[958/1000] action=cross-tenant-access context=tenant-8-user@kubernetes operation=list resource=configmap namespace=tenant-1
[959/1000] action=create-clusterrole name=dev resources=services verbs=deletecollection,watch
[960/1000] action=create-rb ns=tenant-3 name=tenant-binding group=tenant-3 role=cluster-admin
[961/1000] action=cross-tenant-access context=tenant-10-user@kubernetes operation=list resource=configmap namespace=tenant-7
[962/1000] action=cross-tenant-access context=tenant-7-user@kubernetes operation=patch resource=configmap namespace=tenant-5
[963/1000] action=create-clusterrole name=dev resources=secrets,configmaps,pods verbs=deletecollection,delete,list
[964/1000] action=cross-tenant-access context=tenant-6-user@kubernetes operation=list resource=configmap namespace=tenant-8
[965/1000] action=cross-tenant-access context=tenant-1-user@kubernetes operation=watch resource=configmap namespace=tenant-7
[966/1000] action=delete-rb ns=tenant-4 name=tenant-binding
[967/1000] action=cross-tenant-access context=tenant-5-user@kubernetes operation=list resource=configmap namespace=tenant-1
[968/1000] action=delete-crb name=foo-global-binding
[969/1000] action=create-crb name=foo-global-binding group=tenant-9 role=dev
[970/1000] action=cross-tenant-access context=tenant-9-user@kubernetes operation=patch resource=configmap namespace=tenant-1
[971/1000] action=cross-tenant-access context=tenant-8-user@kubernetes operation=patch resource=configmap namespace=tenant-9
[972/1000] action=create-rb ns=tenant-2 name=tenant-binding group=tenant-2 role=edit
[973/1000] action=cross-tenant-access context=tenant-2-user@kubernetes operation=list resource=configmap namespace=tenant-10
[974/1000] action=create-rb ns=tenant-6 name=tenant-binding group=tenant-6 role=cluster-admin
[975/1000] action=cross-tenant-access context=tenant-10-user@kubernetes operation=watch resource=configmap namespace=tenant-2
[976/1000] action=delete-rb ns=tenant-4 name=tenant-binding
[977/1000] action=create-rb ns=tenant-8 name=tenant-binding group=tenant-8 role=view
[978/1000] action=create-rb ns=tenant-3 name=tenant-binding group=tenant-3 role=view
[979/1000] action=create-crb name=foo-global-binding group=tenant-10 role=edit
[980/1000] action=cross-tenant-access context=tenant-4-user@kubernetes operation=watch resource=configmap namespace=tenant-8
[981/1000] action=cross-tenant-access context=tenant-5-user@kubernetes operation=watch resource=configmap namespace=tenant-3
[982/1000] action=cross-tenant-access context=tenant-1-user@kubernetes operation=delete resource=configmap namespace=tenant-4
[983/1000] action=create-rb ns=tenant-4 name=tenant-binding group=tenant-4 role=edit
[984/1000] action=delete-crb name=foo-global-binding
[985/1000] action=cross-tenant-access context=tenant-3-user@kubernetes operation=get resource=configmap namespace=tenant-5
[986/1000] action=create-crb name=foo-global-binding group=tenant-2 role=dev
[987/1000] action=delete-clusterrole name=dev
[988/1000] action=cross-tenant-access context=tenant-5-user@kubernetes operation=watch resource=configmap namespace=tenant-7
[989/1000] action=cross-tenant-access context=tenant-2-user@kubernetes operation=get resource=configmap namespace=tenant-3
[990/1000] action=delete-crb name=foo-global-binding
[991/1000] action=delete-crb name=foo-global-binding
[992/1000] action=delete-rb ns=tenant-7 name=tenant-binding
[993/1000] action=create-rb ns=tenant-1 name=tenant-binding group=tenant-1 role=view
[994/1000] action=delete-rb ns=tenant-8 name=tenant-binding
[995/1000] action=cross-tenant-access context=tenant-9-user@kubernetes operation=delete resource=configmap namespace=tenant-2
[996/1000] action=create-rb ns=tenant-2 name=tenant-binding group=tenant-2 role=edit
[997/1000] action=delete-rb ns=tenant-7 name=tenant-binding
[998/1000] action=delete-crb name=foo-global-binding
[999/1000] action=create-crb name=foo-global-binding group=tenant-1 role=view
[1000/1000] action=delete-rb ns=tenant-9 name=tenant-binding
