[1/50] action=cross-tenant-access context=tenant-1-user@kubernetes operation=list resource=configmap namespace=tenant-2
[2/50] action=create-rb ns=tenant-2 name=tenant-binding group=tenant-2 role=view
[3/50] action=cross-tenant-access context=tenant-1-user@kubernetes operation=watch resource=configmap namespace=tenant-2
[4/50] action=cross-tenant-access context=tenant-1-user@kubernetes operation=delete resource=configmap namespace=tenant-2
[5/50] action=create-rb ns=tenant-1 name=tenant-binding group=tenant-1 role=admin
[6/50] action=cross-tenant-access context=tenant-2-user@kubernetes operation=list resource=configmap namespace=tenant-1
[7/50] action=delete-rb ns=tenant-2 name=tenant-binding
[8/50] action=cross-tenant-access context=tenant-1-user@kubernetes operation=list resource=configmap namespace=tenant-2
[9/50] action=create-clusterrole name=dev resources=configmaps,pods,secrets verbs=get,patch,deletecollection,watch,update
[10/50] action=cross-tenant-access context=tenant-1-user@kubernetes operation=get resource=configmap namespace=tenant-2
[11/50] action=create-crb name=foo-global-binding group=tenant-2 role=dev
[12/50] action=cross-tenant-access context=tenant-1-user@kubernetes operation=list resource=configmap namespace=tenant-2
[13/50] action=delete-crb name=foo-global-binding
[14/50] action=delete-clusterrole name=dev
[15/50] action=create-rb ns=tenant-1 name=tenant-binding group=tenant-1 role=edit
[16/50] action=delete-clusterrole name=dev
[17/50] action=create-rb ns=tenant-2 name=tenant-binding group=tenant-2 role=view
[18/50] action=cross-tenant-access context=tenant-2-user@kubernetes operation=delete resource=configmap namespace=tenant-1
[19/50] action=cross-tenant-access context=tenant-1-user@kubernetes operation=patch resource=configmap namespace=tenant-2
[20/50] action=delete-rb ns=tenant-1 name=tenant-binding
[21/50] action=create-clusterrole name=dev resources=secrets verbs=watch,patch,update,get,deletecollection
[22/50] action=create-clusterrole name=dev resources=pods verbs=deletecollection,update,delete
[23/50] action=create-rb ns=tenant-1 name=tenant-binding group=tenant-1 role=view
[24/50] action=delete-rb ns=tenant-2 name=tenant-binding
[25/50] action=create-clusterrole name=dev resources=configmaps verbs=get,watch,create,deletecollection,delete
[26/50] action=delete-crb name=foo-global-binding
[27/50] action=cross-tenant-access context=tenant-1-user@kubernetes operation=patch resource=configmap namespace=tenant-2
[28/50] action=cross-tenant-access context=tenant-1-user@kubernetes operation=delete resource=configmap namespace=tenant-2
[29/50] action=delete-rb ns=tenant-1 name=tenant-binding
[30/50] action=delete-rb ns=tenant-2 name=tenant-binding
[31/50] action=create-crb name=foo-global-binding group=tenant-2 role=edit
[32/50] action=create-clusterrole name=dev resources=secrets,configmaps,pods verbs=get,deletecollection,patch,create,delete
[33/50] action=create-crb name=foo-global-binding group=tenant-1 role=cluster-admin
[34/50] action=delete-rb ns=tenant-2 name=tenant-binding
[35/50] action=cross-tenant-access context=tenant-2-user@kubernetes operation=watch resource=configmap namespace=tenant-1
[36/50] action=cross-tenant-access context=tenant-2-user@kubernetes operation=list resource=configmap namespace=tenant-1
[37/50] action=delete-rb ns=tenant-2 name=tenant-binding
[38/50] action=cross-tenant-access context=tenant-2-user@kubernetes operation=list resource=configmap namespace=tenant-1
[39/50] action=create-rb ns=tenant-2 name=tenant-binding group=tenant-2 role=cluster-admin
[40/50] action=cross-tenant-access context=tenant-2-user@kubernetes operation=watch resource=configmap namespace=tenant-1
[41/50] action=cross-tenant-access context=tenant-1-user@kubernetes operation=list resource=configmap namespace=tenant-2
[42/50] action=create-rb ns=tenant-2 name=tenant-binding group=tenant-2 role=dev
[43/50] action=cross-tenant-access context=tenant-1-user@kubernetes operation=patch resource=configmap namespace=tenant-2
[44/50] action=cross-tenant-access context=tenant-1-user@kubernetes operation=delete resource=configmap namespace=tenant-2
[45/50] action=cross-tenant-access context=tenant-2-user@kubernetes operation=watch resource=configmap namespace=tenant-1
[46/50] action=create-clusterrole name=dev resources=secrets,configmaps,services verbs=create,get,delete,list
[47/50] action=cross-tenant-access context=tenant-1-user@kubernetes operation=list resource=configmap namespace=tenant-2
[48/50] action=cross-tenant-access context=tenant-1-user@kubernetes operation=get resource=configmap namespace=tenant-2
[49/50] action=create-crb name=foo-global-binding group=tenant-2 role=view
[50/50] action=create-crb name=foo-global-binding group=tenant-2 role=dev
