[1/1000] action=delete-clusterrole name=dev
[2/1000] action=cross-tenant-access context=tenant-2-user@kubernetes operation=delete resource=configmap namespace=tenant-3
[3/1000] action=cross-tenant-access context=tenant-2-user@kubernetes operation=watch resource=configmap namespace=tenant-1
[4/1000] action=cross-tenant-access context=tenant-3-user@kubernetes operation=get resource=configmap namespace=tenant-2
[5/1000] action=cross-tenant-access context=tenant-3-user@kubernetes operation=watch resource=configmap namespace=tenant-4
[6/1000] action=delete-rb ns=tenant-3 name=tenant-binding
[7/1000] action=cross-tenant-access context=tenant-3-user@kubernetes operation=list resource=configmap namespace=tenant-1
[8/1000] action=delete-clusterrole name=dev
[9/1000] action=cross-tenant-access context=tenant-2-user@kubernetes operation=watch resource=configmap namespace=tenant-4
[10/1000] action=create-clusterrole name=dev resources=services,pods,configmaps verbs=list,patch,get
[11/1000] action=cross-tenant-access context=tenant-5-user@kubernetes operation=get resource=configmap namespace=tenant-1
[12/1000] action=cross-tenant-access context=tenant-4-user@kubernetes operation=watch resource=configmap namespace=tenant-5
[13/1000] action=delete-rb ns=tenant-3 name=tenant-binding
[14/1000] action=cross-tenant-access context=tenant-1-user@kubernetes operation=watch resource=configmap namespace=tenant-2
[15/1000] action=cross-tenant-access context=tenant-4-user@kubernetes operation=delete resource=configmap namespace=tenant-2
[16/1000] action=create-rb ns=tenant-3 name=tenant-binding group=tenant-3 role=edit
[17/1000] action=create-crb name=foo-global-binding group=tenant-5 role=admin
[18/1000] action=delete-rb ns=tenant-4 name=tenant-binding
[19/1000] action=cross-tenant-access context=tenant-2-user@kubernetes operation=list resource=configmap namespace=tenant-5
[20/1000] action=cross-tenant-access context=tenant-1-user@kubernetes operation=watch resource=configmap namespace=tenant-3
[21/1000] action=create-rb ns=tenant-1 name=tenant-binding group=tenant-1 role=view
[22/1000] action=create-clusterrole name=dev resources=pods verbs=delete,deletecollection,list
[23/1000] action=create-rb ns=tenant-4 name=tenant-binding group=tenant-4 role=cluster-admin
[24/1000] action=cross-tenant-access context=tenant-1-user@kubernetes operation=get resource=configmap namespace=tenant-4
[25/1000] action=cross-tenant-access context=tenant-3-user@kubernetes operation=get resource=configmap namespace=tenant-1
[26/1000] action=cross-tenant-access context=tenant-2-user@kubernetes operation=patch resource=configmap namespace=tenant-3
[27/1000] action=cross-tenant-access context=tenant-1-user@kubernetes operation=delete resource=configmap namespace=tenant-2
[28/1000] action=create-crb name=foo-global-binding group=tenant-2 role=edit
[29/1000] action=delete-rb ns=tenant-1 name=tenant-binding
[30/1000] action=create-rb ns=tenant-3 name=tenant-binding group=tenant-3 role=dev
[31/1000] action=delete-rb ns=tenant-4 name=tenant-binding
[32/1000] action=cross-tenant-access context=tenant-2-user@kubernetes operation=delete resource=configmap namespace=tenant-3
[33/1000] action=create-clusterrole name=dev resources=services,secrets,pods verbs=patch
[34/1000] action=delete-rb ns=tenant-5 name=tenant-binding
[35/1000] action=cross-tenant-access context=tenant-2-user@kubernetes operation=watch resource=configmap namespace=tenant-1
[36/1000] action=delete-crb name=foo-global-binding
[37/1000] action=cross-tenant-access context=tenant-5-user@kubernetes operation=delete resource=configmap namespace=tenant-3
[38/1000] action=create-rb ns=tenant-1 name=tenant-binding group=tenant-1 role=edit
[39/1000] action=cross-tenant-access context=tenant-3-user@kubernetes operation=watch resource=configmap namespace=tenant-5
[40/1000] action=cross-tenant-access context=tenant-4-user@kubernetes operation=patch resource=configmap namespace=tenant-3
[41/1000] action=cross-tenant-access context=tenant-4-user@kubernetes operation=watch resource=configmap namespace=tenant-5
[42/1000] action=cross-tenant-access context=tenant-4-user@kubernetes operation=get resource=configmap namespace=tenant-3
[43/1000] action=cross-tenant-access context=tenant-5-user@kubernetes operation=patch resource=configmap namespace=tenant-1
[44/1000] action=delete-crb name=foo-global-binding
[45/1000] action=create-clusterrole name=dev resources=configmaps,services,pods verbs=watch
[46/1000] action=cross-tenant-access context=tenant-2-user@kubernetes operation=watch resource=configmap namespace=tenant-3
[47/1000] action=delete-rb ns=tenant-5 name=tenant-binding
[48/1000] action=cross-tenant-access context=tenant-2-user@kubernetes operation=delete resource=configmap namespace=tenant-3
[49/1000] action=cross-tenant-access context=tenant-5-user@kubernetes operation=watch resource=configmap namespace=tenant-2
[50/1000] action=delete-crb name=foo-global-binding
[51/1000] action=cross-tenant-access context=tenant-2-user@kubernetes operation=watch resource=configmap namespace=tenant-4
[52/1000] action=create-clusterrole name=dev resources=services,pods,configmaps verbs=deletecollection,create,update
[53/1000] action=delete-crb name=foo-global-binding
[54/1000] action=delete-crb name=foo-global-binding
[55/1000] action=create-rb ns=tenant-3 name=tenant-binding group=tenant-3 role=edit
[56/1000] action=delete-rb ns=tenant-5 name=tenant-binding
[57/1000] action=create-clusterrole name=dev resources=services,pods,secrets verbs=create,delete,get,update
[58/1000] action=create-rb ns=tenant-3 name=tenant-binding group=tenant-3 role=view
[59/1000] action=delete-rb ns=tenant-2 name=tenant-binding
[60/1000] action=create-crb name=foo-global-binding group=tenant-2 role=admin
[61/1000] action=delete-rb ns=tenant-2 name=tenant-binding
[62/1000] action=cross-tenant-access context=tenant-5-user@kubernetes operation=delete resource=configmap namespace=tenant-4
[63/1000] action=delete-rb ns=tenant-4 name=tenant-binding
[64/1000] action=delete-clusterrole name=dev
[65/1000] action=cross-tenant-access context=tenant-4-user@kubernetes operation=patch resource=configmap namespace=tenant-3
[66/1000] action=create-rb ns=tenant-2 name=tenant-binding group=tenant-2 role=cluster-admin
[67/1000] action=cross-tenant-access context=tenant-1-user@kubernetes operation=watch resource=configmap namespace=tenant-5
[68/1000] action=cross-tenant-access context=tenant-3-user@kubernetes operation=watch resource=configmap namespace=tenant-5
[69/1000] action=delete-clusterrole name=dev
[70/1000] action=delete-rb ns=tenant-4 name=tenant-binding
[71/1000] action=cross-tenant-access context=tenant-4-user@kubernetes operation=patch resource=configmap namespace=tenant-1
[72/1000] action=create-crb name=foo-global-binding group=tenant-4 role=edit
[73/1000] action=cross-tenant-access context=tenant-5-user@kubernetes operation=list resource=configmap namespace=tenant-1
[74/1000] action=delete-crb name=foo-global-binding
[75/1000] action=create-clusterrole name=dev resources=services,secrets verbs=update
[76/1000] action=create-clusterrole name=dev resources=configmaps verbs=get,deletecollection
[77/1000] action=create-rb ns=tenant-3 name=tenant-binding group=tenant-3 role=admin
[78/1000] action=delete-crb name=foo-global-binding
[79/1000] action=create-clusterrole name=dev resources=secrets,services verbs=create,get
[80/1000] action=create-rb ns=tenant-4 name=tenant-binding group=tenant-4 role=admin
[81/1000] action=cross-tenant-access context=tenant-2-user@kubernetes operation=list resource=configmap namespace=tenant-4
[82/1000] action=delete-rb ns=tenant-5 name=tenant-binding
[83/1000] action=create-crb name=foo-global-binding group=tenant-2 role=dev
[84/1000] action=create-rb ns=tenant-5 name=tenant-binding group=tenant-5 role=edit
[85/1000] action=create-crb name=foo-global-binding group=tenant-3 role=cluster-admin
[86/1000] action=delete-rb ns=tenant-5 name=tenant-binding
[87/1000] action=delete-crb name=foo-global-binding
[88/1000] action=cross-tenant-access context=tenant-4-user@kubernetes operation=list resource=configmap namespace=tenant-2
[89/1000] action=cross-tenant-access context=tenant-3-user@kubernetes operation=patch resource=configmap namespace=tenant-1
[90/1000] action=create-rb ns=tenant-4 name=tenant-binding group=tenant-4 role=dev
[91/1000] action=delete-clusterrole name=dev
[92/1000] action=cross-tenant-access context=tenant-1-user@kubernetes operation=patch resource=configmap namespace=tenant-5
[93/1000] action=delete-clusterrole name=dev
[94/1000] action=cross-tenant-access context=tenant-4-user@kubernetes operation=list resource=configmap namespace=tenant-2
[95/1000] action=cross-tenant-access context=tenant-5-user@kubernetes operation=delete resource=configmap namespace=tenant-4
[96/1000] action=delete-rb ns=tenant-3 name=tenant-binding
[97/1000] action=delete-rb ns=tenant-4 name=tenant-binding
[98/1000] action=delete-rb ns=tenant-5 name=tenant-binding
[99/1000] action=create-rb ns=tenant-2 name=tenant-binding group=tenant-2 role=view
[100/1000] action=cross-tenant-access context=tenant-5-user@kubernetes operation=list resource=configmap namespace=tenant-2
[101/1000] action=create-rb ns=tenant-2 name=tenant-binding group=tenant-2 role=view
[102/1000] action=create-clusterrole name=dev resources=services verbs=update,get,deletecollection,watch
[103/1000] action=cross-tenant-access context=tenant-1-user@kubernetes operation=patch resource=configmap namespace=tenant-3
[104/1000] action=delete-crb name=foo-global-binding
[105/1000] action=cross-tenant-access context=tenant-5-user@kubernetes operation=list resource=configmap namespace=tenant-2
[106/1000] action=delete-clusterrole name=dev
[107/1000] action=create-rb ns=tenant-1 name=tenant-binding group=tenant-1 role=cluster-admin
[108/1000] action=delete-clusterrole name=dev
[109/1000] action=cross-tenant-access context=tenant-2-user@kubernetes operation=delete resource=configmap namespace=tenant-5
[110/1000] action=delete-crb name=foo-global-binding
[111/1000] action=cross-tenant-access context=tenant-3-user@kubernetes operation=watch resource=configmap namespace=tenant-2
[112/1000] action=create-rb ns=tenant-4 name=tenant-binding group=tenant-4 role=edit
[113/1000] action=create-rb ns=tenant-2 name=tenant-binding group=tenant-2 role=dev
[114/1000] action=create-rb ns=tenant-1 name=tenant-binding group=tenant-1 role=admin
[115/1000] action=create-rb ns=tenant-1 name=tenant-binding group=tenant-1 role=edit
[116/1000] action=delete-rb ns=tenant-4 name=tenant-binding
[117/1000] action=delete-rb ns=tenant-4 name=tenant-binding
[118/1000] action=create-rb ns=tenant-4 name=tenant-binding group=tenant-4 role=dev
[119/1000] action=delete-crb name=foo-global-binding
[120/1000] action=delete-clusterrole name=dev
[121/1000] action=cross-tenant-access context=tenant-5-user@kubernetes operation=delete resource=configmap namespace=tenant-2
[122/1000] action=cross-tenant-access context=tenant-4-user@kubernetes operation=delete resource=configmap namespace=tenant-3
[123/1000] action=cross-tenant-access context=tenant-2-user@kubernetes operation=delete resource=configmap namespace=tenant-1
[124/1000] action=delete-crb name=foo-global-binding
[125/1000] action=create-crb name=foo-global-binding group=tenant-1 role=admin
[126/1000] action=cross-tenant-access context=tenant-5-user@kubernetes operation=get resource=configmap namespace=tenant-4
[127/1000] action=create-crb name=foo-global-binding group=tenant-2 role=cluster-admin
[128/1000] action=create-rb ns=tenant-1 name=tenant-binding group=tenant-1 role=dev
[129/1000] action=cross-tenant-access context=tenant-3-user@kubernetes operation=watch resource=configmap namespace=tenant-2
[130/1000] action=create-rb ns=tenant-3 name=tenant-binding group=tenant-3 role=admin
[131/1000] action=create-crb name=foo-global-binding group=tenant-5 role=admin
[132/1000] action=cross-tenant-access context=tenant-1-user@kubernetes operation=delete resource=configmap namespace=tenant-4
[133/1000] action=cross-tenant-access context=tenant-5-user@kubernetes operation=patch resource=configmap namespace=tenant-4
[134/1000] action=create-clusterrole name=dev resources=secrets verbs=delete,patch,get,deletecollection
[135/1000] action=delete-rb ns=tenant-5 name=tenant-binding
[136/1000] action=create-rb ns=tenant-5 name=tenant-binding group=tenant-5 role=dev
[137/1000] action=create-crb name=foo-global-binding group=tenant-1 role=cluster-admin
[138/1000] action=cross-tenant-access context=tenant-2-user@kubernetes operation=delete resource=configmap namespace=tenant-1
[139/1000] action=delete-rb ns=tenant-1 name=tenant-binding
[140/1000] action=create-rb ns=tenant-5 name=tenant-binding group=tenant-5 role=edit
[141/1000] action=delete-rb ns=tenant-4 name=tenant-binding
[142/1000] action=create-crb name=foo-global-binding group=tenant-2 role=dev
[143/1000] action=delete-crb name=foo-global-binding
[144/1000] action=delete-rb ns=tenant-1 name=tenant-binding
[145/1000] action=create-clusterrole name=dev resources=secrets,pods,services verbs=delete,create
[146/1000] action=cross-tenant-access context=tenant-3-user@kubernetes operation=list resource=configmap namespace=tenant-4
[147/1000] action=cross-tenant-access context=tenant-5-user@kubernetes operation=delete resource=configmap namespace=tenant-4
[148/1000] action=cross-tenant-access context=tenant-2-user@kubernetes operation=delete resource=configmap namespace=tenant-1
[149/1000] action=cross-tenant-access context=tenant-1-user@kubernetes operation=watch resource=configmap namespace=tenant-2
[150/1000] action=cross-tenant-access context=tenant-1-user@kubernetes operation=get resource=configmap namespace=tenant-2
[151/1000] action=cross-tenant-access context=tenant-3-user@kubernetes operation=patch resource=configmap namespace=tenant-2
[152/1000] action=cross-tenant-access context=tenant-5-user@kubernetes operation=delete resource=configmap namespace=tenant-3
[153/1000] action=cross-tenant-access context=tenant-5-user@kubernetes operation=get resource=configmap namespace=tenant-4
[154/1000] action=delete-clusterrole name=dev
[155/1000] action=cross-tenant-access context=tenant-1-user@kubernetes operation=patch resource=configmap namespace=tenant-5
[156/1000] action=cross-tenant-access context=tenant-5-user@kubernetes operation=delete resource=configmap namespace=tenant-3
[157/1000] action=create-crb name=foo-global-binding group=tenant-3 role=cluster-admin
[158/1000] action=delete-rb ns=tenant-5 name=tenant-binding
[159/1000] action=create-rb ns=tenant-4 name=tenant-binding group=tenant-4 role=edit
[160/1000] action=create-rb ns=tenant-4 name=tenant-binding group=tenant-4 role=cluster-admin
[161/1000] action=cross-tenant-access context=tenant-3-user@kubernetes operation=delete resource=configmap namespace=tenant-4
[162/1000] action=delete-rb ns=tenant-4 name=tenant-binding
[163/1000] action=create-clusterrole name=dev resources=secrets,services,pods verbs=watch,deletecollection,get,list
[164/1000] action=create-rb ns=tenant-4 name=tenant-binding group=tenant-4 role=dev
[165/1000] action=create-rb ns=tenant-5 name=tenant-binding group=tenant-5 role=view
[166/1000] action=create-rb ns=tenant-2 name=tenant-binding group=tenant-2 role=view
[167/1000] action=cross-tenant-access context=tenant-2-user@kubernetes operation=list resource=configmap namespace=tenant-3
[168/1000] action=delete-rb ns=tenant-5 name=tenant-binding
[169/1000] action=cross-tenant-access context=tenant-4-user@kubernetes operation=list resource=configmap namespace=tenant-3
[170/1000] action=delete-rb ns=tenant-2 name=tenant-binding
[171/1000] action=cross-tenant-access context=tenant-4-user@kubernetes operation=get resource=configmap namespace=tenant-1
[172/1000] action=delete-rb ns=tenant-1 name=tenant-binding
[173/1000] action=cross-tenant-access context=tenant-2-user@kubernetes operation=watch resource=configmap namespace=tenant-3
[174/1000] action=create-crb name=foo-global-binding group=tenant-2 role=cluster-admin
[175/1000] action=cross-tenant-access context=tenant-5-user@kubernetes operation=list resource=configmap namespace=tenant-2
[176/1000] action=create-clusterrole name=dev resources=services,configmaps verbs=patch,deletecollection
[177/1000] action=cross-tenant-access context=tenant-1-user@kubernetes operation=list resource=configmap namespace=tenant-3
[178/1000] action=cross-tenant-access context=tenant-4-user@kubernetes operation=get resource=configmap namespace=tenant-3
[179/1000] action=delete-crb name=foo-global-binding
[180/1000] action=create-clusterrole name=dev resources=secrets,services verbs=watch,get,patch,create,deletecollection
[181/1000] action=cross-tenant-access context=tenant-1-user@kubernetes operation=get resource=configmap namespace=tenant-3
[182/1000] action=delete-rb ns=tenant-3 name=tenant-binding
[183/1000] action=cross-tenant-access context=tenant-2-user@kubernetes operation=list resource=configmap namespace=tenant-5
[184/1000] action=cross-tenant-access context=tenant-3-user@kubernetes operation=watch resource=configmap namespace=tenant-2
[185/1000] action=create-crb name=foo-global-binding group=tenant-5 role=admin
[186/1000] action=delete-clusterrole name=dev
[187/1000] action=delete-rb ns=tenant-4 name=tenant-binding
[188/1000] action=cross-tenant-access context=tenant-3-user@kubernetes operation=delete resource=configmap namespace=tenant-4
[189/1000] action=delete-rb ns=tenant-1 name=tenant-binding
[190/1000] action=cross-tenant-access context=tenant-5-user@kubernetes operation=patch resource=configmap namespace=tenant-1
[191/1000] action=create-crb name=foo-global-binding group=tenant-4 role=cluster-admin
[192/1000] action=delete-crb name=foo-global-binding
[193/1000] action=create-rb ns=tenant-1 name=tenant-binding group=tenant-1 role=dev
[194/1000] action=create-clusterrole name=dev resources=configmaps,secrets,pods verbs=list,create,patch,watch,get
[195/1000] action=cross-tenant-access context=tenant-1-user@kubernetes operation=get resource=configmap namespace=tenant-2
[196/1000] action=delete-rb ns=tenant-5 name=tenant-binding
[197/1000] action=create-clusterrole name=dev resources=secrets,services,pods verbs=watch,create,deletecollection,delete,get
[198/1000] action=delete-rb ns=tenant-3 name=tenant-binding
[199/1000] action=delete-clusterrole name=dev
[200/1000] action=create-clusterrole name=dev resources=services,secrets,pods verbs=delete,create,watch
[201/1000] action=cross-tenant-access context=tenant-5-user@kubernetes operation=watch resource=configmap namespace=tenant-2
[202/1000] action=delete-rb ns=tenant-2 name=tenant-binding
[203/1000] action=delete-rb ns=tenant-2 name=tenant-binding
[204/1000] action=create-rb ns=tenant-5 name=tenant-binding group=tenant-5 role=admin
[205/1000] action=delete-crb name=foo-global-binding
[206/1000] action=create-rb ns=tenant-1 name=tenant-binding group=tenant-1 role=edit
[207/1000] action=cross-tenant-access context=tenant-4-user@kubernetes operation=delete resource=configmap namespace=tenant-3
[208/1000] action=delete-crb name=foo-global-binding
[209/1000] action=create-clusterrole name=dev resources=secrets,pods verbs=watch,deletecollection,update,patch,create
[210/1000] action=cross-tenant-access context=tenant-5-user@kubernetes operation=patch resource=configmap namespace=tenant-4
[211/1000] action=cross-tenant-access context=tenant-3-user@kubernetes operation=patch resource=configmap namespace=tenant-4
[212/1000] action=delete-rb ns=tenant-1 name=tenant-binding
[213/1000] action=create-clusterrole name=dev resources=pods verbs=list,update
[214/1000] action=delete-clusterrole name=dev
[215/1000] action=create-rb ns=tenant-3 name=tenant-binding group=tenant-3 role=view
[216/1000] action=cross-tenant-access context=tenant-1-user@kubernetes operation=get resource=configmap namespace=tenant-4
[217/1000] action=delete-rb ns=tenant-3 name=tenant-binding
[218/1000] action=create-rb ns=tenant-4 name=tenant-binding group=tenant-4 role=dev
[219/1000] action=delete-clusterrole name=dev
[220/1000] action=cross-tenant-access context=tenant-3-user@kubernetes operation=get resource=configmap namespace=tenant-2
[221/1000] action=cross-tenant-access context=tenant-5-user@kubernetes operation=delete resource=configmap namespace=tenant-4
[222/1000] action=delete-rb ns=tenant-1 name=tenant-binding
[223/1000] action=cross-tenant-access context=tenant-2-user@kubernetes operation=list resource=configmap namespace=tenant-1
[224/1000] action=cross-tenant-access context=tenant-2-user@kubernetes operation=get resource=configmap namespace=tenant-4
[225/1000] action=delete-rb ns=tenant-1 name=tenant-binding
[226/1000] action=cross-tenant-access context=tenant-5-user@kubernetes operation=patch resource=configmap namespace=tenant-2
[227/1000] action=create-clusterrole name=dev resources=services,pods,secrets verbs=list,get,deletecollection
[228/1000] action=create-rb ns=tenant-1 name=tenant-binding group=tenant-1 role=view
[229/1000] action=delete-rb ns=tenant-2 name=tenant-binding
[230/1000] action=create-rb ns=tenant-5 name=tenant-binding group=tenant-5 role=edit
[231/1000] action=cross-tenant-access context=tenant-2-user@kubernetes operation=get resource=configmap namespace=tenant-3
[232/1000] action=cross-tenant-access context=tenant-5-user@kubernetes operation=patch resource=configmap namespace=tenant-1
[233/1000] action=delete-rb ns=tenant-4 name=tenant-binding
[234/1000] action=cross-tenant-access context=tenant-1-user@kubernetes operation=list resource=configmap namespace=tenant-4
[235/1000] action=create-clusterrole name=dev resources=pods,services verbs=get,update
[236/1000] action=delete-rb ns=tenant-4 name=tenant-binding
[237/1000] action=create-rb ns=tenant-4 name=tenant-binding group=tenant-4 role=dev
[238/1000] action=create-rb ns=tenant-4 name=tenant-binding group=tenant-4 role=dev
[239/1000] action=create-crb name=foo-global-binding group=tenant-2 role=cluster-admin
[240/1000] action=cross-tenant-access context=tenant-1-user@kubernetes operation=get resource=configmap namespace=tenant-2
[241/1000] action=cross-tenant-access context=tenant-5-user@kubernetes operation=delete resource=configmap namespace=tenant-1
[242/1000] action=create-rb ns=tenant-4 name=tenant-binding group=tenant-4 role=view
[243/1000] action=cross-tenant-access context=tenant-2-user@kubernetes operation=watch resource=configmap namespace=tenant-4
[244/1000] action=delete-rb ns=tenant-1 name=tenant-binding
[245/1000] action=cross-tenant-access context=tenant-2-user@kubernetes operation=list resource=configmap namespace=tenant-5
[246/1000] action=cross-tenant-access context=tenant-5-user@kubernetes operation=delete resource=configmap namespace=tenant-4
[247/1000] action=cross-tenant-access context=tenant-4-user@kubernetes operation=list resource=configmap namespace=tenant-2
[248/1000] action=delete-rb ns=tenant-1 name=tenant-binding
[249/1000] action=delete-crb name=foo-global-binding
[250/1000] action=delete-rb ns=tenant-4 name=tenant-binding
[251/1000] action=delete-crb name=foo-global-binding
[252/1000] action=delete-clusterrole name=dev
[253/1000] action=cross-tenant-access context=tenant-3-user@kubernetes operation=list resource=configmap namespace=tenant-5
[254/1000] action=delete-rb ns=tenant-1 name=tenant-binding
[255/1000] action=delete-rb ns=tenant-4 name=tenant-binding
[256/1000] action=create-clusterrole name=dev resources=configmaps,secrets verbs=watch,patch
[257/1000] action=cross-tenant-access context=tenant-1-user@kubernetes operation=list resource=configmap namespace=tenant-5
[258/1000] action=delete-rb ns=tenant-3 name=tenant-binding
[259/1000] action=delete-rb ns=tenant-4 name=tenant-binding
[260/1000] action=delete-rb ns=tenant-5 name=tenant-binding
[261/1000] action=cross-tenant-access context=tenant-4-user@kubernetes operation=watch resource=configmap namespace=tenant-3
[262/1000] action=cross-tenant-access context=tenant-5-user@kubernetes operation=get resource=configmap namespace=tenant-3
[263/1000] action=create-rb ns=tenant-2 name=tenant-binding group=tenant-2 role=dev
[264/1000] action=cross-tenant-access context=tenant-1-user@kubernetes operation=get resource=configmap namespace=tenant-5
[265/1000] action=cross-tenant-access context=tenant-2-user@kubernetes operation=get resource=configmap namespace=tenant-3
[266/1000] action=create-rb ns=tenant-5 name=tenant-binding group=tenant-5 role=cluster-admin
[267/1000] action=cross-tenant-access context=tenant-5-user@kubernetes operation=watch resource=configmap namespace=tenant-4
[268/1000] action=cross-tenant-access context=tenant-3-user@kubernetes operation=patch resource=configmap namespace=tenant-2
[269/1000] action=cross-tenant-access context=tenant-4-user@kubernetes operation=list resource=configmap namespace=tenant-5
[270/1000] action=cross-tenant-access context=tenant-1-user@kubernetes operation=watch resource=configmap namespace=tenant-5
[271/1000] action=create-crb name=foo-global-binding group=tenant-3 role=cluster-admin
[272/1000] action=cross-tenant-access context=tenant-4-user@kubernetes operation=list resource=configmap namespace=tenant-1
[273/1000] action=delete-clusterrole name=dev
[274/1000] action=create-crb name=foo-global-binding group=tenant-1 role=admin
[275/1000] action=create-rb ns=tenant-1 name=tenant-binding group=tenant-1 role=view
[276/1000] action=create-clusterrole name=dev resources=configmaps verbs=patch,update,deletecollection,watch
[277/1000] action=cross-tenant-access context=tenant-1-user@kubernetes operation=patch resource=configmap namespace=tenant-3
[278/1000] action=delete-rb ns=tenant-3 name=tenant-binding
[279/1000] action=create-rb ns=tenant-4 name=tenant-binding group=tenant-4 role=dev
[280/1000] action=cross-tenant-access context=tenant-3-user@kubernetes operation=get resource=configmap namespace=tenant-1
[281/1000] action=delete-clusterrole name=dev
[282/1000] action=cross-tenant-access context=tenant-5-user@kubernetes operation=get resource=configmap namespace=tenant-1
[283/1000] action=cross-tenant-access context=tenant-2-user@kubernetes operation=get resource=configmap namespace=tenant-5
[284/1000] action=cross-tenant-access context=tenant-5-user@kubernetes operation=delete resource=configmap namespace=tenant-1
[285/1000] action=delete-clusterrole name=dev
[286/1000] action=delete-crb name=foo-global-binding
[287/1000] action=create-clusterrole name=dev resources=pods,secrets verbs=patch
[288/1000] action=cross-tenant-access context=tenant-2-user@kubernetes operation=list resource=configmap namespace=tenant-5
[289/1000] action=create-rb ns=tenant-4 name=tenant-binding group=tenant-4 role=edit
[290/1000] action=cross-tenant-access context=tenant-5-user@kubernetes operation=watch resource=configmap namespace=tenant-3
[291/1000] action=create-rb ns=tenant-5 name=tenant-binding group=tenant-5 role=view
[292/1000] action=create-clusterrole name=dev resources=secrets,configmaps verbs=delete,deletecollection,create,watch,list
[293/1000] action=delete-rb ns=tenant-2 name=tenant-binding
[294/1000] action=cross-tenant-access context=tenant-2-user@kubernetes operation=get resource=configmap namespace=tenant-4
[295/1000] action=delete-clusterrole name=dev
[296/1000] action=delete-rb ns=tenant-2 name=tenant-binding
[297/1000] action=cross-tenant-access context=tenant-3-user@kubernetes operation=get resource=configmap namespace=tenant-4
[298/1000] action=cross-tenant-access context=tenant-1-user@kubernetes operation=patch resource=configmap namespace=tenant-3
[299/1000] action=delete-rb ns=tenant-3 name=tenant-binding
[300/1000] action=create-rb ns=tenant-5 name=tenant-binding group=tenant-5 role=dev
[301/1000] action=create-rb ns=tenant-3 name=tenant-binding group=tenant-3 role=view
[302/1000] action=cross-tenant-access context=tenant-5-user@kubernetes operation=patch resource=configmap namespace=tenant-2
[303/1000] action=create-clusterrole name=dev resources=configmaps,secrets,services verbs=get,patch,watch,create
[304/1000] action=create-rb ns=tenant-5 name=tenant-binding group=tenant-5 role=view
[305/1000] action=create-crb name=foo-global-binding group=tenant-1 role=edit
[306/1000] action=cross-tenant-access context=tenant-3-user@kubernetes operation=get resource=configmap namespace=tenant-1
[307/1000] action=cross-tenant-access context=tenant-2-user@kubernetes operation=get resource=configmap namespace=tenant-5
[308/1000] action=cross-tenant-access context=tenant-2-user@kubernetes operation=patch resource=configmap namespace=tenant-4
[309/1000] action=cross-tenant-access context=tenant-1-user@kubernetes operation=watch resource=configmap namespace=tenant-2
[310/1000] action=create-rb ns=tenant-2 name=tenant-binding group=tenant-2 role=admin
[311/1000] action=delete-crb name=foo-global-binding
[312/1000] action=cross-tenant-access context=tenant-2-user@kubernetes operation=delete resource=configmap namespace=tenant-3
[313/1000] action=delete-crb name=foo-global-binding
[314/1000] action=cross-tenant-access context=tenant-3-user@kubernetes operation=patch resource=configmap namespace=tenant-1
[315/1000] action=create-rb ns=tenant-3 name=tenant-binding group=tenant-3 role=dev
[316/1000] action=cross-tenant-access context=tenant-4-user@kubernetes operation=get resource=configmap namespace=tenant-1
[317/1000] action=create-crb name=foo-global-binding group=tenant-1 role=edit
[318/1000] action=cross-tenant-access context=tenant-1-user@kubernetes operation=patch resource=configmap namespace=tenant-3
[319/1000] action=cross-tenant-access context=tenant-2-user@kubernetes operation=delete resource=configmap namespace=tenant-3
[320/1000] action=delete-clusterrole name=dev
[321/1000] action=create-clusterrole name=dev resources=pods verbs=list,create
[322/1000] action=delete-rb ns=tenant-5 name=tenant-binding
[323/1000] action=delete-clusterrole name=dev
[324/1000] action=cross-tenant-access context=tenant-1-user@kubernetes operation=watch resource=configmap namespace=tenant-5
[325/1000] action=delete-rb ns=tenant-4 name=tenant-binding
[326/1000] action=create-rb ns=tenant-5 name=tenant-binding group=tenant-5 role=cluster-admin
[327/1000] action=create-rb ns=tenant-3 name=tenant-binding group=tenant-3 role=admin
[328/1000] action=create-rb ns=tenant-2 name=tenant-binding group=tenant-2 role=view
[329/1000] action=create-clusterrole name=dev resources=configmaps,secrets,pods verbs=patch,update,create
[330/1000] action=create-clusterrole name=dev resources=configmaps,pods,services verbs=patch,get,watch,delete,deletecollection
[331/1000] action=delete-rb ns=tenant-1 name=tenant-binding
[332/1000] action=delete-crb name=foo-global-binding
[333/1000] action=delete-clusterrole name=dev
[334/1000] action=delete-clusterrole name=dev
[335/1000] action=delete-rb ns=tenant-2 name=tenant-binding
[336/1000] action=create-crb name=foo-global-binding group=tenant-4 role=edit
[337/1000] action=delete-clusterrole name=dev
[338/1000] action=cross-tenant-access context=tenant-4-user@kubernetes operation=get resource=configmap namespace=tenant-2
[339/1000] action=cross-tenant-access context=tenant-2-user@kubernetes operation=watch resource=configmap namespace=tenant-4
[340/1000] action=create-rb ns=tenant-4 name=tenant-binding group=tenant-4 role=admin
[341/1000] action=cross-tenant-access context=tenant-1-user@kubernetes operation=watch resource=configmap namespace=tenant-4
[342/1000] action=delete-crb name=foo-global-binding
[343/1000] action=cross-tenant-access context=tenant-1-user@kubernetes operation=list resource=configmap namespace=tenant-2
[344/1000] action=cross-tenant-access context=tenant-1-user@kubernetes operation=watch resource=configmap namespace=tenant-3
[345/1000] action=cross-tenant-access context=tenant-1-user@kubernetes operation=patch resource=configmap namespace=tenant-5
[346/1000] action=delete-clusterrole name=dev
[347/1000] action=cross-tenant-access context=tenant-3-user@kubernetes operation=get resource=configmap namespace=tenant-4
[348/1000] action=delete-rb ns=tenant-1 name=tenant-binding
[349/1000] action=delete-rb ns=tenant-3 name=tenant-binding
[350/1000] action=delete-rb ns=tenant-2 name=tenant-binding
[351/1000] action=create-rb ns=tenant-4 name=tenant-binding group=tenant-4 role=cluster-admin
[352/1000] action=cross-tenant-access context=tenant-5-user@kubernetes operation=delete resource=configmap namespace=tenant-4
[353/1000] action=cross-tenant-access context=tenant-5-user@kubernetes operation=get resource=configmap namespace=tenant-2
[354/1000] action=delete-clusterrole name=dev
[355/1000] action=create-clusterrole name=dev resources=services verbs=get,delete,list,update
[356/1000] action=create-clusterrole name=dev resources=configmaps,pods,secrets verbs=deletecollection,get,list,delete,create
[357/1000] action=delete-clusterrole name=dev
[358/1000] action=delete-crb name=foo-global-binding
[359/1000] action=delete-rb ns=tenant-2 name=tenant-binding
[360/1000] action=cross-tenant-access context=tenant-2-user@kubernetes operation=get resource=configmap namespace=tenant-1
[361/1000] action=delete-crb name=foo-global-binding
[362/1000] action=cross-tenant-access context=tenant-1-user@kubernetes operation=patch resource=configmap namespace=tenant-5
[363/1000] action=cross-tenant-access context=tenant-2-user@kubernetes operation=patch resource=configmap namespace=tenant-4
[364/1000] action=cross-tenant-access context=tenant-3-user@kubernetes operation=watch resource=configmap namespace=tenant-5
[365/1000] action=cross-tenant-access context=tenant-1-user@kubernetes operation=patch resource=configmap namespace=tenant-2
[366/1000] action=delete-crb name=foo-global-binding
[367/1000] action=cross-tenant-access context=tenant-5-user@kubernetes operation=delete resource=configmap namespace=tenant-4
[368/1000] action=create-crb name=foo-global-binding group=tenant-5 role=view
[369/1000] action=delete-crb name=foo-global-binding
[370/1000] action=delete-rb ns=tenant-2 name=tenant-binding
[371/1000] action=cross-tenant-access context=tenant-1-user@kubernetes operation=delete resource=configmap namespace=tenant-4
[372/1000] action=cross-tenant-access context=tenant-4-user@kubernetes operation=patch resource=configmap namespace=tenant-1
[373/1000] action=create-clusterrole name=dev resources=services,pods verbs=update
[374/1000] action=delete-rb ns=tenant-2 name=tenant-binding
[375/1000] action=cross-tenant-access context=tenant-3-user@kubernetes operation=watch resource=configmap namespace=tenant-4
[376/1000] action=create-rb ns=tenant-5 name=tenant-binding group=tenant-5 role=admin
[377/1000] action=delete-rb ns=tenant-1 name=tenant-binding
[378/1000] action=delete-rb ns=tenant-2 name=tenant-binding
[379/1000] action=cross-tenant-access context=tenant-2-user@kubernetes operation=list resource=configmap namespace=tenant-5
[380/1000] action=delete-rb ns=tenant-1 name=tenant-binding
[381/1000] action=delete-rb ns=tenant-3 name=tenant-binding
[382/1000] action=create-crb name=foo-global-binding group=tenant-2 role=admin
[383/1000] action=delete-clusterrole name=dev
[384/1000] action=cross-tenant-access context=tenant-4-user@kubernetes operation=list resource=configmap namespace=tenant-1
[385/1000] action=cross-tenant-access context=tenant-1-user@kubernetes operation=patch resource=configmap namespace=tenant-2
[386/1000] action=cross-tenant-access context=tenant-2-user@kubernetes operation=get resource=configmap namespace=tenant-5
[387/1000] action=cross-tenant-access context=tenant-4-user@kubernetes operation=list resource=configmap namespace=tenant-3
[388/1000] action=create-clusterrole name=dev resources=services,pods,secrets verbs=patch,create,list,watch,update
[389/1000] action=create-rb ns=tenant-3 name=tenant-binding group=tenant-3 role=admin
[390/1000] action=delete-rb ns=tenant-3 name=tenant-binding
[391/1000] action=cross-tenant-access context=tenant-1-user@kubernetes operation=watch resource=configmap namespace=tenant-5
[392/1000] action=delete-crb name=foo-global-binding
[393/1000] action=delete-crb name=foo-global-binding
[394/1000] action=create-rb ns=tenant-5 name=tenant-binding group=tenant-5 role=admin
[395/1000] action=create-rb ns=tenant-2 name=tenant-binding group=tenant-2 role=dev
[396/1000] action=delete-clusterrole name=dev
[397/1000] action=delete-clusterrole name=dev
[398/1000] action=cross-tenant-access context=tenant-3-user@kubernetes operation=delete resource=configmap namespace=tenant-1
[399/1000] action=cross-tenant-access context=tenant-3-user@kubernetes operation=delete resource=configmap namespace=tenant-4
[400/1000] action=delete-rb ns=tenant-5 name=tenant-binding
[401/1000] action=create-rb ns=tenant-1 name=tenant-binding group=tenant-1 role=edit
[402/1000] action=create-clusterrole name=dev resources=configmaps,pods verbs=watch
[403/1000] action=create-rb ns=tenant-5 name=tenant-binding group=tenant-5 role=edit
[404/1000] action=cross-tenant-access context=tenant-1-user@kubernetes operation=list resource=configmap namespace=tenant-2
[405/1000] action=delete-rb ns=tenant-5 name=tenant-binding
[406/1000] action=delete-crb name=foo-global-binding
[407/1000] action=cross-tenant-access context=tenant-3-user@kubernetes operation=get resource=configmap namespace=tenant-5
[408/1000] action=delete-clusterrole name=dev
[409/1000] action=cross-tenant-access context=tenant-5-user@kubernetes operation=watch resource=configmap namespace=tenant-1
[410/1000] action=cross-tenant-access context=tenant-4-user@kubernetes operation=patch resource=configmap namespace=tenant-2
[411/1000] action=cross-tenant-access context=tenant-2-user@kubernetes operation=patch resource=configmap namespace=tenant-5
[412/1000] action=cross-tenant-access context=tenant-2-user@kubernetes operation=watch resource=configmap namespace=tenant-3
[413/1000] action=create-rb ns=tenant-5 name=tenant-binding group=tenant-5 role=view
[414/1000] action=cross-tenant-access context=tenant-3-user@kubernetes operation=list resource=configmap namespace=tenant-4
[415/1000] action=delete-crb name=foo-global-binding
[416/1000] action=create-rb ns=tenant-5 name=tenant-binding group=tenant-5 role=dev
[417/1000] action=create-rb ns=tenant-3 name=tenant-binding group=tenant-3 role=admin
[418/1000] action=cross-tenant-access context=tenant-4-user@kubernetes operation=list resource=configmap namespace=tenant-1
[419/1000] action=delete-crb name=foo-global-binding
[420/1000] action=cross-tenant-access context=tenant-3-user@kubernetes operation=watch resource=configmap namespace=tenant-5
[421/1000] action=cross-tenant-access context=tenant-4-user@kubernetes operation=get resource=configmap namespace=tenant-3
[422/1000] action=delete-rb ns=tenant-4 name=tenant-binding
[423/1000] action=delete-rb ns=tenant-5 name=tenant-binding
[424/1000] action=cross-tenant-access context=tenant-4-user@kubernetes operation=delete resource=configmap namespace=tenant-2
[425/1000] action=cross-tenant-access context=tenant-4-user@kubernetes operation=delete resource=configmap namespace=tenant-3
[426/1000] action=delete-clusterrole name=dev
[427/1000] action=create-crb name=foo-global-binding group=tenant-2 role=dev
[428/1000] action=create-rb ns=tenant-3 name=tenant-binding group=tenant-3 role=edit
[429/1000] action=cross-tenant-access context=tenant-5-user@kubernetes operation=delete resource=configmap namespace=tenant-4
[430/1000] action=cross-tenant-access context=tenant-3-user@kubernetes operation=delete resource=configmap namespace=tenant-1
[431/1000] action=create-rb ns=tenant-4 name=tenant-binding group=tenant-4 role=admin
[432/1000] action=create-crb name=foo-global-binding group=tenant-4 role=admin
[433/1000] action=create-clusterrole name=dev resources=secrets verbs=deletecollection
[434/1000] action=delete-clusterrole name=dev
[435/1000] action=cross-tenant-access context=tenant-3-user@kubernetes operation=watch resource=configmap namespace=tenant-1
[436/1000] action=create-rb ns=tenant-5 name=tenant-binding group=tenant-5 role=edit
[437/1000] action=delete-crb name=foo-global-binding
[438/1000] action=create-clusterrole name=dev resources=secrets,pods verbs=update,create,patch,deletecollection
[439/1000] action=cross-tenant-access context=tenant-1-user@kubernetes operation=watch resource=configmap namespace=tenant-4
[440/1000] action=cross-tenant-access context=tenant-1-user@kubernetes operation=patch resource=configmap namespace=tenant-3
[441/1000] action=cross-tenant-access context=tenant-1-user@kubernetes operation=watch resource=configmap namespace=tenant-2
[442/1000] action=cross-tenant-access context=tenant-2-user@kubernetes operation=list resource=configmap namespace=tenant-3
[443/1000] action=create-rb ns=tenant-3 name=tenant-binding group=tenant-3 role=admin
[444/1000] action=cross-tenant-access context=tenant-2-user@kubernetes operation=list resource=configmap namespace=tenant-4
[445/1000] action=cross-tenant-access context=tenant-3-user@kubernetes operation=delete resource=configmap namespace=tenant-4
[446/1000] action=cross-tenant-access context=tenant-5-user@kubernetes operation=list resource=configmap namespace=tenant-3
[447/1000] action=delete-clusterrole name=dev
[448/1000] action=delete-rb ns=tenant-2 name=tenant-binding
[449/1000] action=delete-crb name=foo-global-binding
[450/1000] action=delete-rb ns=tenant-3 name=tenant-binding
[451/1000] action=delete-clusterrole name=dev
[452/1000] action=cross-tenant-access context=tenant-3-user@kubernetes operation=list resource=configmap namespace=tenant-2
[453/1000] action=cross-tenant-access context=tenant-5-user@kubernetes operation=get resource=configmap namespace=tenant-4
[454/1000] action=create-crb name=foo-global-binding group=tenant-1 role=cluster-admin
[455/1000] action=delete-clusterrole name=dev
[456/1000] action=delete-rb ns=tenant-2 name=tenant-binding
[457/1000] action=cross-tenant-access context=tenant-4-user@kubernetes operation=delete resource=configmap namespace=tenant-3
[458/1000] action=delete-clusterrole name=dev
[459/1000] action=create-rb ns=tenant-3 name=tenant-binding group=tenant-3 role=view
[460/1000] action=cross-tenant-access context=tenant-1-user@kubernetes operation=delete resource=configmap namespace=tenant-4
[461/1000] action=delete-rb ns=tenant-5 name=tenant-binding
[462/1000] action=delete-rb ns=tenant-4 name=tenant-binding
[463/1000] action=create-crb name=foo-global-binding group=tenant-5 role=edit
[464/1000] action=create-clusterrole name=dev resources=services,configmaps,pods verbs=watch,get,list,create
[465/1000] action=cross-tenant-access context=tenant-3-user@kubernetes operation=get resource=configmap namespace=tenant-4
[466/1000] action=delete-clusterrole name=dev
[467/1000] action=delete-clusterrole name=dev
[468/1000] action=cross-tenant-access context=tenant-3-user@kubernetes operation=get resource=configmap namespace=tenant-2
[469/1000] action=create-crb name=foo-global-binding group=tenant-4 role=view
[470/1000] action=delete-rb ns=tenant-5 name=tenant-binding
[471/1000] action=create-crb name=foo-global-binding group=tenant-1 role=view
[472/1000] action=create-rb ns=tenant-1 name=tenant-binding group=tenant-1 role=edit
[473/1000] action=create-crb name=foo-global-binding group=tenant-4 role=cluster-admin
[474/1000] action=cross-tenant-access context=tenant-3-user@kubernetes operation=list resource=configmap namespace=tenant-1
[475/1000] action=create-crb name=foo-global-binding group=tenant-3 role=admin
[476/1000] action=delete-rb ns=tenant-4 name=tenant-binding
[477/1000] action=create-crb name=foo-global-binding group=tenant-1 role=dev
[478/1000] action=cross-tenant-access context=tenant-2-user@kubernetes operation=delete resource=configmap namespace=tenant-5
[479/1000] action=delete-rb ns=tenant-1 name=tenant-binding
[480/1000] action=create-crb name=foo-global-binding group=tenant-3 role=cluster-admin
[481/1000] action=create-clusterrole name=dev resources=services verbs=create,delete,patch
[482/1000] action=delete-rb ns=tenant-2 name=tenant-binding
[483/1000] action=cross-tenant-access context=tenant-3-user@kubernetes operation=list resource=configmap namespace=tenant-4
[484/1000] action=delete-crb name=foo-global-binding
[485/1000] action=create-clusterrole name=dev resources=pods,configmaps,services verbs=delete,create,deletecollection,get,update
[486/1000] action=cross-tenant-access context=tenant-3-user@kubernetes operation=list resource=configmap namespace=tenant-4
[487/1000] action=create-rb ns=tenant-4 name=tenant-binding group=tenant-4 role=cluster-admin
[488/1000] action=create-rb ns=tenant-3 name=tenant-binding group=tenant-3 role=view
[489/1000] action=create-clusterrole name=dev resources=configmaps verbs=list,update
[490/1000] action=cross-tenant-access context=tenant-4-user@kubernetes operation=watch resource=configmap namespace=tenant-2
[491/1000] action=cross-tenant-access context=tenant-4-user@kubernetes operation=watch resource=configmap namespace=tenant-5
[492/1000] action=delete-crb name=foo-global-binding
[493/1000] action=create-rb ns=tenant-2 name=tenant-binding group=tenant-2 role=edit
[494/1000] action=cross-tenant-access context=tenant-4-user@kubernetes operation=delete resource=configmap namespace=tenant-3
[495/1000] action=cross-tenant-access context=tenant-5-user@kubernetes operation=list resource=configmap namespace=tenant-4
[496/1000] action=delete-crb name=foo-global-binding
[497/1000] action=create-rb ns=tenant-5 name=tenant-binding group=tenant-5 role=view
[498/1000] action=create-rb ns=tenant-5 name=tenant-binding group=tenant-5 role=cluster-admin
[499/1000] action=cross-tenant-access context=tenant-4-user@kubernetes operation=patch resource=configmap namespace=tenant-2
[500/1000] action=delete-crb name=foo-global-binding
[501/1000] action=delete-clusterrole name=dev
[502/1000] action=create-clusterrole name=dev resources=configmaps verbs=deletecollection,watch,list,patch
[503/1000] action=create-rb ns=tenant-3 name=tenant-binding group=tenant-3 role=admin
[504/1000] action=cross-tenant-access context=tenant-2-user@kubernetes operation=delete resource=configmap namespace=tenant-5
[505/1000] action=delete-rb ns=tenant-1 name=tenant-binding
[506/1000] action=delete-rb ns=tenant-2 name=tenant-binding
[507/1000] action=delete-rb ns=tenant-5 name=tenant-binding
[508/1000] action=cross-tenant-access context=tenant-1-user@kubernetes operation=patch resource=configmap namespace=tenant-5
[509/1000] action=create-clusterrole name=dev resources=configmaps,pods,secrets verbs=deletecollection
[510/1000] action=create-rb ns=tenant-4 name=tenant-binding group=tenant-4 role=admin
[511/1000] action=delete-rb ns=tenant-2 name=tenant-binding
[512/1000] action=create-clusterrole name=dev resources=secrets verbs=delete,update,get
[513/1000] action=create-rb ns=tenant-3 name=tenant-binding group=tenant-3 role=dev
[514/1000] action=cross-tenant-access context=tenant-3-user@kubernetes operation=patch resource=configmap namespace=tenant-5
[515/1000] action=cross-tenant-access context=tenant-4-user@kubernetes operation=watch resource=configmap namespace=tenant-3
[516/1000] action=create-crb name=foo-global-binding group=tenant-2 role=cluster-admin
[517/1000] action=create-rb ns=tenant-3 name=tenant-binding group=tenant-3 role=admin
[518/1000] action=cross-tenant-access context=tenant-1-user@kubernetes operation=get resource=configmap namespace=tenant-3
[519/1000] action=cross-tenant-access context=tenant-1-user@kubernetes operation=list resource=configmap namespace=tenant-4
[520/1000] action=cross-tenant-access context=tenant-4-user@kubernetes operation=delete resource=configmap namespace=tenant-5
[521/1000] action=cross-tenant-access context=tenant-3-user@kubernetes operation=delete resource=configmap namespace=tenant-5
[522/1000] action=create-rb ns=tenant-5 name=tenant-binding group=tenant-5 role=cluster-admin
[523/1000] action=delete-clusterrole name=dev
[524/1000] action=delete-rb ns=tenant-5 name=tenant-binding
[525/1000] action=create-rb ns=tenant-5 name=tenant-binding group=tenant-5 role=admin
[526/1000] action=create-rb ns=tenant-3 name=tenant-binding group=tenant-3 role=dev
[527/1000] action=create-clusterrole name=dev resources=services verbs=list,get
[528/1000] action=delete-rb ns=tenant-5 name=tenant-binding
[529/1000] action=create-rb ns=tenant-4 name=tenant-binding group=tenant-4 role=dev
[530/1000] action=cross-tenant-access context=tenant-2-user@kubernetes operation=delete resource=configmap namespace=tenant-4
[531/1000] action=create-rb ns=tenant-5 name=tenant-binding group=tenant-5 role=edit
[532/1000] action=cross-tenant-access context=tenant-2-user@kubernetes operation=get resource=configmap namespace=tenant-3
[533/1000] action=delete-clusterrole name=dev
[534/1000] action=create-rb ns=tenant-5 name=tenant-binding group=tenant-5 role=edit
[535/1000] action=delete-rb ns=tenant-1 name=tenant-binding
[536/1000] action=delete-crb name=foo-global-binding
[537/1000] action=create-clusterrole name=dev resources=services,pods verbs=update
[538/1000] action=delete-crb name=foo-global-binding
[539/1000] action=delete-clusterrole name=dev
[540/1000] action=create-rb ns=tenant-1 name=tenant-binding group=tenant-1 role=view
[541/1000] action=cross-tenant-access context=tenant-3-user@kubernetes operation=list resource=configmap namespace=tenant-2
[542/1000] action=cross-tenant-access context=tenant-4-user@kubernetes operation=delete resource=configmap namespace=tenant-2
[543/1000] action=create-crb name=foo-global-binding group=tenant-2 role=admin
[544/1000] action=create-rb ns=tenant-2 name=tenant-binding group=tenant-2 role=dev
[545/1000] action=cross-tenant-access context=tenant-4-user@kubernetes operation=get resource=configmap namespace=tenant-2
[546/1000] action=create-rb ns=tenant-4 name=tenant-binding group=tenant-4 role=cluster-admin
[547/1000] action=delete-crb name=foo-global-binding
[548/1000] action=create-rb ns=tenant-2 name=tenant-binding group=tenant-2 role=cluster-admin
[549/1000] action=delete-crb name=foo-global-binding
[550/1000] action=cross-tenant-access context=tenant-5-user@kubernetes operation=get resource=configmap namespace=tenant-4
[551/1000] action=create-rb ns=tenant-2 name=tenant-binding group=tenant-2 role=edit
[552/1000] action=cross-tenant-access context=tenant-3-user@kubernetes operation=watch resource=configmap namespace=tenant-4
[553/1000] action=cross-tenant-access context=tenant-5-user@kubernetes operation=delete resource=configmap namespace=tenant-4
[554/1000] action=cross-tenant-access context=tenant-4-user@kubernetes operation=list resource=configmap namespace=tenant-1
[555/1000] action=create-clusterrole name=dev resources=configmaps,services,secrets verbs=get
[556/1000] action=delete-rb ns=tenant-4 name=tenant-binding
[557/1000] action=cross-tenant-access context=tenant-1-user@kubernetes operation=list resource=configmap namespace=tenant-2
[558/1000] action=delete-clusterrole name=dev
[559/1000] action=cross-tenant-access context=tenant-3-user@kubernetes operation=delete resource=configmap namespace=tenant-5
[560/1000] action=create-crb name=foo-global-binding group=tenant-4 role=view
[561/1000] action=delete-rb ns=tenant-1 name=tenant-binding
[562/1000] action=cross-tenant-access context=tenant-4-user@kubernetes operation=patch resource=configmap namespace=tenant-3
[563/1000] action=cross-tenant-access context=tenant-5-user@kubernetes operation=list resource=configmap namespace=tenant-2
[564/1000] action=cross-tenant-access context=tenant-2-user@kubernetes operation=list resource=configmap namespace=tenant-3
[565/1000] action=create-rb ns=tenant-4 name=tenant-binding group=tenant-4 role=admin
[566/1000] action=create-rb ns=tenant-3 name=tenant-binding group=tenant-3 role=cluster-admin
[567/1000] action=create-clusterrole name=dev resources=pods,secrets,configmaps verbs=deletecollection,get
[568/1000] action=delete-rb ns=tenant-1 name=tenant-binding
[569/1000] action=create-rb ns=tenant-1 name=tenant-binding group=tenant-1 role=cluster-admin
[570/1000] action=create-rb ns=tenant-2 name=tenant-binding group=tenant-2 role=edit
[571/1000] action=delete-rb ns=tenant-3 name=tenant-binding
[572/1000] action=delete-rb ns=tenant-4 name=tenant-binding
[573/1000] action=create-rb ns=tenant-4 name=tenant-binding group=tenant-4 role=admin
[574/1000] action=cross-tenant-access context=tenant-5-user@kubernetes operation=patch resource=configmap namespace=tenant-2
[575/1000] action=delete-clusterrole name=dev
[576/1000] action=cross-tenant-access context=tenant-3-user@kubernetes operation=patch resource=configmap namespace=tenant-1
[577/1000] action=delete-rb ns=tenant-4 name=tenant-binding
[578/1000] action=delete-rb ns=tenant-4 name=tenant-binding
[579/1000] action=cross-tenant-access context=tenant-3-user@kubernetes operation=list resource=configmap namespace=tenant-5
[580/1000] action=delete-clusterrole name=dev
[581/1000] action=create-clusterrole name=dev resources=services,configmaps verbs=delete,get,patch,list,create
[582/1000] action=delete-crb name=foo-global-binding
[583/1000] action=delete-rb ns=tenant-5 name=tenant-binding
[584/1000] action=create-crb name=foo-global-binding group=tenant-1 role=edit
[585/1000] action=cross-tenant-access context=tenant-2-user@kubernetes operation=delete resource=configmap namespace=tenant-4
[586/1000] action=cross-tenant-access context=tenant-4-user@kubernetes operation=watch resource=configmap namespace=tenant-5
[587/1000] action=create-rb ns=tenant-3 name=tenant-binding group=tenant-3 role=edit
[588/1000] action=cross-tenant-access context=tenant-3-user@kubernetes operation=delete resource=configmap namespace=tenant-4
[589/1000] action=create-rb ns=tenant-3 name=tenant-binding group=tenant-3 role=admin
[590/1000] action=delete-clusterrole name=dev
[591/1000] action=cross-tenant-access context=tenant-3-user@kubernetes operation=get resource=configmap namespace=tenant-1
[592/1000] action=delete-clusterrole name=dev
[593/1000] action=create-clusterrole name=dev resources=configmaps verbs=deletecollection,watch,get
[594/1000] action=cross-tenant-access context=tenant-3-user@kubernetes operation=list resource=configmap namespace=tenant-4
[595/1000] action=delete-rb ns=tenant-1 name=tenant-binding
[596/1000] action=create-crb name=foo-global-binding group=tenant-1 role=cluster-admin
[597/1000] action=delete-rb ns=tenant-1 name=tenant-binding
[598/1000] action=create-rb ns=tenant-3 name=tenant-binding group=tenant-3 role=edit
[599/1000] action=create-clusterrole name=dev resources=configmaps verbs=update,deletecollection,watch,delete
[600/1000] action=cross-tenant-access context=tenant-1-user@kubernetes operation=delete resource=configmap namespace=tenant-5
[601/1000] action=create-clusterrole name=dev resources=configmaps,secrets verbs=watch,delete,create
[602/1000] action=delete-clusterrole name=dev
[603/1000] action=delete-crb name=foo-global-binding
[604/1000] action=cross-tenant-access context=tenant-4-user@kubernetes operation=list resource=configmap namespace=tenant-1
[605/1000] action=cross-tenant-access context=tenant-4-user@kubernetes operation=delete resource=configmap namespace=tenant-1
[606/1000] action=create-rb ns=tenant-4 name=tenant-binding group=tenant-4 role=dev
[607/1000] action=delete-rb ns=tenant-4 name=tenant-binding
[608/1000] action=create-crb name=foo-global-binding group=tenant-4 role=view
[609/1000] action=delete-rb ns=tenant-4 name=tenant-binding
[610/1000] action=cross-tenant-access context=tenant-4-user@kubernetes operation=delete resource=configmap namespace=tenant-2
[611/1000] action=delete-rb ns=tenant-5 name=tenant-binding
[612/1000] action=create-rb ns=tenant-5 name=tenant-binding group=tenant-5 role=edit
[613/1000] action=cross-tenant-access context=tenant-2-user@kubernetes operation=delete resource=configmap namespace=tenant-4
[614/1000] action=delete-crb name=foo-global-binding
[615/1000] action=delete-rb ns=tenant-5 name=tenant-binding
[616/1000] action=cross-tenant-access context=tenant-2-user@kubernetes operation=delete resource=configmap namespace=tenant-1
[617/1000] action=delete-crb name=foo-global-binding
[618/1000] action=delete-clusterrole name=dev
[619/1000] action=cross-tenant-access context=tenant-3-user@kubernetes operation=delete resource=configmap namespace=tenant-5
[620/1000] action=cross-tenant-access context=tenant-5-user@kubernetes operation=list resource=configmap namespace=tenant-3
[621/1000] action=cross-tenant-access context=tenant-1-user@kubernetes operation=watch resource=configmap namespace=tenant-3
[622/1000] action=cross-tenant-access context=tenant-2-user@kubernetes operation=list resource=configmap namespace=tenant-3
[623/1000] action=cross-tenant-access context=tenant-1-user@kubernetes operation=get resource=configmap namespace=tenant-2
[624/1000] action=create-crb name=foo-global-binding group=tenant-5 role=view
[625/1000] action=delete-rb ns=tenant-1 name=tenant-binding
[626/1000] action=create-rb ns=tenant-3 name=tenant-binding group=tenant-3 role=cluster-admin
[627/1000] action=create-rb ns=tenant-3 name=tenant-binding group=tenant-3 role=dev
[628/1000] action=create-clusterrole name=dev resources=pods,services,secrets verbs=create,list,get,deletecollection
[629/1000] action=create-clusterrole name=dev resources=configmaps,secrets verbs=create,get
[630/1000] action=delete-clusterrole name=dev
[631/1000] action=delete-crb name=foo-global-binding
[632/1000] action=cross-tenant-access context=tenant-5-user@kubernetes operation=delete resource=configmap namespace=tenant-3
[633/1000] action=create-rb ns=tenant-5 name=tenant-binding group=tenant-5 role=admin
[634/1000] action=cross-tenant-access context=tenant-1-user@kubernetes operation=list resource=configmap namespace=tenant-5
[635/1000] action=delete-rb ns=tenant-1 name=tenant-binding
[636/1000] action=cross-tenant-access context=tenant-5-user@kubernetes operation=list resource=configmap namespace=tenant-3
[637/1000] action=delete-clusterrole name=dev
[638/1000] action=create-rb ns=tenant-3 name=tenant-binding group=tenant-3 role=dev
[639/1000] action=delete-rb ns=tenant-4 name=tenant-binding
[640/1000] action=cross-tenant-access context=tenant-3-user@kubernetes operation=list resource=configmap namespace=tenant-2
[641/1000] action=cross-tenant-access context=tenant-2-user@kubernetes operation=delete resource=configmap namespace=tenant-4
[642/1000] action=cross-tenant-access context=tenant-2-user@kubernetes operation=get resource=configmap namespace=tenant-5
[643/1000] action=delete-crb name=foo-global-binding
[644/1000] action=create-crb name=foo-global-binding group=tenant-2 role=cluster-admin
[645/1000] action=create-rb ns=tenant-2 name=tenant-binding group=tenant-2 role=dev
[646/1000] action=delete-clusterrole name=dev
[647/1000] action=cross-tenant-access context=tenant-1-user@kubernetes operation=delete resource=configmap namespace=tenant-4
[648/1000] action=create-rb ns=tenant-3 name=tenant-binding group=tenant-3 role=view
[649/1000] action=create-clusterrole name=dev resources=configmaps verbs=create,deletecollection,update,list,watch
[650/1000] action=delete-crb name=foo-global-binding
[651/1000] action=create-rb ns=tenant-4 name=tenant-binding group=tenant-4 role=dev
[652/1000] action=create-rb ns=tenant-3 name=tenant-binding group=tenant-3 role=cluster-admin
[653/1000] action=cross-tenant-access context=tenant-3-user@kubernetes operation=patch resource=configmap namespace=tenant-2
[654/1000] action=cross-tenant-access context=tenant-4-user@kubernetes operation=delete resource=configmap namespace=tenant-3
[655/1000] action=cross-tenant-access context=tenant-3-user@kubernetes operation=list resource=configmap namespace=tenant-1
[656/1000] action=create-rb ns=tenant-2 name=tenant-binding group=tenant-2 role=dev
[657/1000] action=cross-tenant-access context=tenant-4-user@kubernetes operation=watch resource=configmap namespace=tenant-5
[658/1000] action=create-rb ns=tenant-2 name=tenant-binding group=tenant-2 role=view
[659/1000] action=delete-rb ns=tenant-3 name=tenant-binding
[660/1000] action=delete-clusterrole name=dev
[661/1000] action=cross-tenant-access context=tenant-2-user@kubernetes operation=list resource=configmap namespace=tenant-5
[662/1000] action=create-rb ns=tenant-2 name=tenant-binding group=tenant-2 role=edit
[663/1000] action=cross-tenant-access context=tenant-1-user@kubernetes operation=get resource=configmap namespace=tenant-3
[664/1000] action=cross-tenant-access context=tenant-4-user@kubernetes operation=delete resource=configmap namespace=tenant-3
[665/1000] action=create-clusterrole name=dev resources=configmaps,services verbs=watch,patch,deletecollection,update
[666/1000] action=delete-crb name=foo-global-binding
[667/1000] action=cross-tenant-access context=tenant-4-user@kubernetes operation=patch resource=configmap namespace=tenant-1
[668/1000] action=delete-rb ns=tenant-1 name=tenant-binding
[669/1000] action=cross-tenant-access context=tenant-4-user@kubernetes operation=get resource=configmap namespace=tenant-2
[670/1000] action=delete-rb ns=tenant-4 name=tenant-binding
[671/1000] action=cross-tenant-access context=tenant-1-user@kubernetes operation=delete resource=configmap namespace=tenant-4
[672/1000] action=create-clusterrole name=dev resources=secrets verbs=patch,watch
[673/1000] action=delete-rb ns=tenant-4 name=tenant-binding
[674/1000] action=cross-tenant-access context=tenant-5-user@kubernetes operation=patch resource=configmap namespace=tenant-4
[675/1000] action=cross-tenant-access context=tenant-4-user@kubernetes operation=patch resource=configmap namespace=tenant-3
[676/1000] action=delete-clusterrole name=dev
[677/1000] action=delete-rb ns=tenant-1 name=tenant-binding
[678/1000] action=cross-tenant-access context=tenant-2-user@kubernetes operation=list resource=configmap namespace=tenant-3
[679/1000] action=cross-tenant-access context=tenant-5-user@kubernetes operation=get resource=configmap namespace=tenant-3
[680/1000] action=delete-rb ns=tenant-3 name=tenant-binding
[681/1000] action=create-crb name=foo-global-binding group=tenant-3 role=edit
[682/1000] action=cross-tenant-access context=tenant-3-user@kubernetes operation=patch resource=configmap namespace=tenant-2
[683/1000] action=cross-tenant-access context=tenant-5-user@kubernetes operation=watch resource=configmap namespace=tenant-4
[684/1000] action=delete-clusterrole name=dev
[685/1000] action=delete-rb ns=tenant-5 name=tenant-binding
[686/1000] action=create-rb ns=tenant-1 name=tenant-binding group=tenant-1 role=edit
[687/1000] action=cross-tenant-access context=tenant-2-user@kubernetes operation=delete resource=configmap namespace=tenant-1
[688/1000] action=delete-rb ns=tenant-2 name=tenant-binding
[689/1000] action=cross-tenant-access context=tenant-3-user@kubernetes operation=delete resource=configmap namespace=tenant-1
[690/1000] action=create-rb ns=tenant-3 name=tenant-binding group=tenant-3 role=dev
[691/1000] action=create-crb name=foo-global-binding group=tenant-4 role=dev
[692/1000] action=cross-tenant-access context=tenant-5-user@kubernetes operation=patch resource=configmap namespace=tenant-4
[693/1000] action=delete-crb name=foo-global-binding
[694/1000] action=create-crb name=foo-global-binding group=tenant-3 role=cluster-admin
[695/1000] action=cross-tenant-access context=tenant-4-user@kubernetes operation=get resource=configmap namespace=tenant-2
[696/1000] action=cross-tenant-access context=tenant-1-user@kubernetes operation=get resource=configmap namespace=tenant-5
[697/1000] action=create-crb name=foo-global-binding group=tenant-2 role=view
[698/1000] action=create-clusterrole name=dev resources=secrets,configmaps verbs=update,list
[699/1000] action=cross-tenant-access context=tenant-5-user@kubernetes operation=list resource=configmap namespace=tenant-2
[700/1000] action=create-crb name=foo-global-binding group=tenant-1 role=view
[701/1000] action=create-rb ns=tenant-1 name=tenant-binding group=tenant-1 role=edit
[702/1000] action=delete-clusterrole name=dev
[703/1000] action=delete-crb name=foo-global-binding
[704/1000] action=cross-tenant-access context=tenant-5-user@kubernetes operation=get resource=configmap namespace=tenant-1
[705/1000] action=cross-tenant-access context=tenant-5-user@kubernetes operation=get resource=configmap namespace=tenant-1
[706/1000] action=cross-tenant-access context=tenant-5-user@kubernetes operation=delete resource=configmap namespace=tenant-4
[707/1000] action=cross-tenant-access context=tenant-5-user@kubernetes operation=watch resource=configmap namespace=tenant-1
[708/1000] action=cross-tenant-access context=tenant-5-user@kubernetes operation=list resource=configmap namespace=tenant-4
[709/1000] action=create-rb ns=tenant-5 name=tenant-binding group=tenant-5 role=edit
[710/1000] action=delete-clusterrole name=dev
[711/1000] action=cross-tenant-access context=tenant-2-user@kubernetes operation=watch resource=configmap namespace=tenant-1
[712/1000] action=delete-crb name=foo-global-binding
[713/1000] action=create-crb name=foo-global-binding group=tenant-3 role=view
[714/1000] action=cross-tenant-access context=tenant-2-user@kubernetes operation=watch resource=configmap namespace=tenant-5
[715/1000] action=cross-tenant-access context=tenant-3-user@kubernetes operation=patch resource=configmap namespace=tenant-2
[716/1000] action=create-rb ns=tenant-5 name=tenant-binding group=tenant-5 role=cluster-admin
[717/1000] action=create-rb ns=tenant-1 name=tenant-binding group=tenant-1 role=edit
[718/1000] action=cross-tenant-access context=tenant-2-user@kubernetes operation=watch resource=configmap namespace=tenant-5
[719/1000] action=create-crb name=foo-global-binding group=tenant-1 role=cluster-admin
[720/1000] action=cross-tenant-access context=tenant-4-user@kubernetes operation=get resource=configmap namespace=tenant-1
[721/1000] action=cross-tenant-access context=tenant-2-user@kubernetes operation=watch resource=configmap namespace=tenant-3
[722/1000] action=create-rb ns=tenant-2 name=tenant-binding group=tenant-2 role=view
[723/1000] action=create-crb name=foo-global-binding group=tenant-3 role=dev
[724/1000] action=delete-rb ns=tenant-4 name=tenant-binding
[725/1000] action=delete-rb ns=tenant-4 name=tenant-binding
[726/1000] action=delete-clusterrole name=dev
[727/1000] action=cross-tenant-access context=tenant-4-user@kubernetes operation=get resource=configmap namespace=tenant-1
[728/1000] action=cross-tenant-access context=tenant-4-user@kubernetes operation=patch resource=configmap namespace=tenant-3
[729/1000] action=delete-rb ns=tenant-4 name=tenant-binding
[730/1000] action=cross-tenant-access context=tenant-5-user@kubernetes operation=list resource=configmap namespace=tenant-4
[731/1000] action=delete-rb ns=tenant-1 name=tenant-binding
[732/1000] action=delete-rb ns=tenant-1 name=tenant-binding
[733/1000] action=delete-rb ns=tenant-5 name=tenant-binding
[734/1000] action=create-clusterrole name=dev resources=configmaps verbs=patch,watch,list
[735/1000] action=cross-tenant-access context=tenant-2-user@kubernetes operation=list resource=configmap namespace=tenant-4
[736/1000] action=delete-rb ns=tenant-4 name=tenant-binding
[737/1000] action=create-rb ns=tenant-2 name=tenant-binding group=tenant-2 role=admin
[738/1000] action=cross-tenant-access context=tenant-2-user@kubernetes operation=list resource=configmap namespace=tenant-4
[739/1000] action=delete-crb name=foo-global-binding
[740/1000] action=delete-crb name=foo-global-binding
[741/1000] action=create-clusterrole name=dev resources=services,configmaps verbs=watch,get
[742/1000] action=cross-tenant-access context=tenant-1-user@kubernetes operation=get resource=configmap namespace=tenant-3
[743/1000] action=create-rb ns=tenant-1 name=tenant-binding group=tenant-1 role=dev
[744/1000] action=cross-tenant-access context=tenant-3-user@kubernetes operation=patch resource=configmap namespace=tenant-4
[745/1000] action=delete-rb ns=tenant-4 name=tenant-binding
[746/1000] action=create-clusterrole name=dev resources=pods,services verbs=create
[747/1000] action=delete-rb ns=tenant-4 name=tenant-binding
[748/1000] action=create-clusterrole name=dev resources=configmaps,secrets,services verbs=patch,deletecollection
[749/1000] action=cross-tenant-access context=tenant-4-user@kubernetes operation=patch resource=configmap namespace=tenant-1
[750/1000] action=create-rb ns=tenant-2 name=tenant-binding group=tenant-2 role=view
[751/1000] action=cross-tenant-access context=tenant-1-user@kubernetes operation=patch resource=configmap namespace=tenant-4
[752/1000] action=create-clusterrole name=dev resources=services,secrets verbs=update,create,delete
[753/1000] action=cross-tenant-access context=tenant-3-user@kubernetes operation=patch resource=configmap namespace=tenant-1
[754/1000] action=create-rb ns=tenant-2 name=tenant-binding group=tenant-2 role=view
[755/1000] action=create-rb ns=tenant-2 name=tenant-binding group=tenant-2 role=edit
[756/1000] action=delete-clusterrole name=dev
[757/1000] action=create-rb ns=tenant-2 name=tenant-binding group=tenant-2 role=dev
[758/1000] action=create-rb ns=tenant-5 name=tenant-binding group=tenant-5 role=dev
[759/1000] action=delete-rb ns=tenant-5 name=tenant-binding
[760/1000] action=create-rb ns=tenant-5 name=tenant-binding group=tenant-5 role=cluster-admin
[761/1000] action=cross-tenant-access context=tenant-2-user@kubernetes operation=watch resource=configmap namespace=tenant-1
[762/1000] action=delete-rb ns=tenant-1 name=tenant-binding
[763/1000] action=create-crb name=foo-global-binding group=tenant-4 role=cluster-admin
[764/1000] action=create-rb ns=tenant-5 name=tenant-binding group=tenant-5 role=view
[765/1000] action=create-crb name=foo-global-binding group=tenant-2 role=dev
[766/1000] action=cross-tenant-access context=tenant-1-user@kubernetes operation=list resource=configmap namespace=tenant-5
[767/1000] action=delete-crb name=foo-global-binding
[768/1000] action=create-rb ns=tenant-1 name=tenant-binding group=tenant-1 role=view
[769/1000] action=create-rb ns=tenant-5 name=tenant-binding group=tenant-5 role=dev
[770/1000] action=create-crb name=foo-global-binding group=tenant-1 role=dev
[771/1000] action=cross-tenant-access context=tenant-4-user@kubernetes operation=watch resource=configmap namespace=tenant-1
[772/1000] action=cross-tenant-access context=tenant-1-user@kubernetes operation=delete resource=configmap namespace=tenant-2
[773/1000] action=delete-rb ns=tenant-2 name=tenant-binding
[774/1000] action=cross-tenant-access context=tenant-2-user@kubernetes operation=patch resource=configmap namespace=tenant-5
[775/1000] action=create-rb ns=tenant-3 name=tenant-binding group=tenant-3 role=cluster-admin
[776/1000] action=cross-tenant-access context=tenant-5-user@kubernetes operation=watch resource=configmap namespace=tenant-4
[777/1000] action=create-clusterrole name=dev resources=pods verbs=create,watch,update,get
[778/1000] action=create-rb ns=tenant-1 name=tenant-binding group=tenant-1 role=admin
[779/1000] action=create-clusterrole name=dev resources=secrets,services,configmaps verbs=create
[780/1000] action=delete-clusterrole name=dev
[781/1000] action=cross-tenant-access context=tenant-3-user@kubernetes operation=patch resource=configmap namespace=tenant-5
[782/1000] action=cross-tenant-access context=tenant-2-user@kubernetes operation=list resource=configmap namespace=tenant-1
[783/1000] action=delete-rb ns=tenant-1 name=tenant-binding
[784/1000] action=delete-crb name=foo-global-binding
[785/1000] action=delete-rb ns=tenant-4 name=tenant-binding
[786/1000] action=cross-tenant-access context=tenant-2-user@kubernetes operation=get resource=configmap namespace=tenant-4
[787/1000] action=create-rb ns=tenant-3 name=tenant-binding group=tenant-3 role=view
[788/1000] action=delete-crb name=foo-global-binding
[789/1000] action=cross-tenant-access context=tenant-5-user@kubernetes operation=watch resource=configmap namespace=tenant-2
[790/1000] action=delete-crb name=foo-global-binding
[791/1000] action=create-rb ns=tenant-4 name=tenant-binding group=tenant-4 role=view
[792/1000] action=create-crb name=foo-global-binding group=tenant-3 role=dev
[793/1000] action=cross-tenant-access context=tenant-5-user@kubernetes operation=watch resource=configmap namespace=tenant-1
[794/1000] action=delete-rb ns=tenant-4 name=tenant-binding
[795/1000] action=create-clusterrole name=dev resources=secrets,services verbs=deletecollection,watch,update,list,patch
[796/1000] action=delete-crb name=foo-global-binding
[797/1000] action=cross-tenant-access context=tenant-3-user@kubernetes operation=watch resource=configmap namespace=tenant-4
[798/1000] action=create-rb ns=tenant-1 name=tenant-binding group=tenant-1 role=cluster-admin
[799/1000] action=delete-clusterrole name=dev
[800/1000] action=create-rb ns=tenant-3 name=tenant-binding group=tenant-3 role=cluster-admin
[801/1000] action=cross-tenant-access context=tenant-3-user@kubernetes operation=watch resource=configmap namespace=tenant-4
[802/1000] action=delete-rb ns=tenant-4 name=tenant-binding
[803/1000] action=cross-tenant-access context=tenant-5-user@kubernetes operation=get resource=configmap namespace=tenant-2
[804/1000] action=create-rb ns=tenant-1 name=tenant-binding group=tenant-1 role=edit
[805/1000] action=create-clusterrole name=dev resources=secrets,configmaps,services verbs=deletecollection,update,get
[806/1000] action=delete-rb ns=tenant-5 name=tenant-binding
[807/1000] action=cross-tenant-access context=tenant-4-user@kubernetes operation=get resource=configmap namespace=tenant-2
[808/1000] action=cross-tenant-access context=tenant-1-user@kubernetes operation=list resource=configmap namespace=tenant-4
[809/1000] action=cross-tenant-access context=tenant-1-user@kubernetes operation=get resource=configmap namespace=tenant-4
[810/1000] action=create-rb ns=tenant-2 name=tenant-binding group=tenant-2 role=edit
[811/1000] action=delete-rb ns=tenant-4 name=tenant-binding
[812/1000] action=create-crb name=foo-global-binding group=tenant-5 role=admin
[813/1000] action=delete-clusterrole name=dev
[814/1000] action=create-crb name=foo-global-binding group=tenant-4 role=admin
[815/1000] action=cross-tenant-access context=tenant-4-user@kubernetes operation=delete resource=configmap namespace=tenant-2
[816/1000] action=cross-tenant-access context=tenant-1-user@kubernetes operation=watch resource=configmap namespace=tenant-3
[817/1000] action=create-rb ns=tenant-4 name=tenant-binding group=tenant-4 role=cluster-admin
[818/1000] action=create-clusterrole name=dev resources=secrets verbs=update
[819/1000] action=cross-tenant-access context=tenant-2-user@kubernetes operation=patch resource=configmap namespace=tenant-1
[820/1000] action=cross-tenant-access context=tenant-2-user@kubernetes operation=delete resource=configmap namespace=tenant-5
[821/1000] action=cross-tenant-access context=tenant-4-user@kubernetes operation=patch resource=configmap namespace=tenant-1
[822/1000] action=delete-crb name=foo-global-binding
[823/1000] action=delete-rb ns=tenant-1 name=tenant-binding
[824/1000] action=cross-tenant-access context=tenant-5-user@kubernetes operation=patch resource=configmap namespace=tenant-2
[825/1000] action=cross-tenant-access context=tenant-1-user@kubernetes operation=get resource=configmap namespace=tenant-4
[826/1000] action=delete-rb ns=tenant-3 name=tenant-binding
[827/1000] action=cross-tenant-access context=tenant-5-user@kubernetes operation=get resource=configmap namespace=tenant-2
[828/1000] action=cross-tenant-access context=tenant-5-user@kubernetes operation=patch resource=configmap namespace=tenant-3
[829/1000] action=delete-rb ns=tenant-3 name=tenant-binding
[830/1000] action=create-rb ns=tenant-2 name=tenant-binding group=tenant-2 role=dev
[831/1000] action=cross-tenant-access context=tenant-2-user@kubernetes operation=get resource=configmap namespace=tenant-4
[832/1000] action=cross-tenant-access context=tenant-2-user@kubernetes operation=watch resource=configmap namespace=tenant-4
[833/1000] action=delete-clusterrole name=dev
[834/1000] action=cross-tenant-access context=tenant-4-user@kubernetes operation=list resource=configmap namespace=tenant-2
[835/1000] action=delete-crb name=foo-global-binding
[836/1000] action=create-rb ns=tenant-1 name=tenant-binding group=tenant-1 role=edit
[837/1000] action=create-rb ns=tenant-2 name=tenant-binding group=tenant-2 role=edit
[838/1000] action=create-clusterrole name=dev resources=pods verbs=create,patch,list,watch
[839/1000] action=create-rb ns=tenant-2 name=tenant-binding group=tenant-2 role=edit
[840/1000] action=cross-tenant-access context=tenant-2-user@kubernetes operation=get resource=configmap namespace=tenant-4
[841/1000] action=create-rb ns=tenant-5 name=tenant-binding group=tenant-5 role=dev
[842/1000] action=delete-rb ns=tenant-5 name=tenant-binding
[843/1000] action=delete-rb ns=tenant-5 name=tenant-binding
[844/1000] action=cross-tenant-access context=tenant-4-user@kubernetes operation=patch resource=configmap namespace=tenant-2
[845/1000] action=delete-crb name=foo-global-binding
[846/1000] action=delete-rb ns=tenant-5 name=tenant-binding
[847/1000] action=cross-tenant-access context=tenant-2-user@kubernetes operation=watch resource=configmap namespace=tenant-3
[848/1000] action=cross-tenant-access context=tenant-1-user@kubernetes operation=get resource=configmap namespace=tenant-2
[849/1000] action=cross-tenant-access context=tenant-4-user@kubernetes operation=list resource=configmap namespace=tenant-5
[850/1000] action=create-clusterrole name=dev resources=secrets,pods verbs=update,deletecollection
[851/1000] action=delete-clusterrole name=dev
[852/1000] action=delete-rb ns=tenant-3 name=tenant-binding
[853/1000] action=cross-tenant-access context=tenant-3-user@kubernetes operation=delete resource=configmap namespace=tenant-1
[854/1000] action=cross-tenant-access context=tenant-2-user@kubernetes operation=patch resource=configmap namespace=tenant-1
[855/1000] action=create-crb name=foo-global-binding group=tenant-4 role=view
[856/1000] action=create-crb name=foo-global-binding group=tenant-1 role=cluster-admin
[857/1000] action=create-crb name=foo-global-binding group=tenant-3 role=admin
[858/1000] action=delete-rb ns=tenant-2 name=tenant-binding
[859/1000] action=create-rb ns=tenant-3 name=tenant-binding group=tenant-3 role=admin
[860/1000] action=delete-rb ns=tenant-1 name=tenant-binding
[861/1000] action=create-clusterrole name=dev resources=services verbs=patch,get
[862/1000] action=delete-rb ns=tenant-3 name=tenant-binding
[863/1000] action=cross-tenant-access context=tenant-4-user@kubernetes operation=list resource=configmap namespace=tenant-3
[864/1000] action=cross-tenant-access context=tenant-5-user@kubernetes operation=delete resource=configmap namespace=tenant-3
[865/1000] action=delete-clusterrole name=dev
[866/1000] action=cross-tenant-access context=tenant-2-user@kubernetes operation=patch resource=configmap namespace=tenant-4
[867/1000] action=cross-tenant-access context=tenant-2-user@kubernetes operation=patch resource=configmap namespace=tenant-5
[868/1000] action=create-rb ns=tenant-2 name=tenant-binding group=tenant-2 role=cluster-admin
[869/1000] action=cross-tenant-access context=tenant-1-user@kubernetes operation=patch resource=configmap namespace=tenant-5
[870/1000] action=create-clusterrole name=dev resources=pods,secrets,services verbs=update
[871/1000] action=cross-tenant-access context=tenant-4-user@kubernetes operation=patch resource=configmap namespace=tenant-3
[872/1000] action=cross-tenant-access context=tenant-1-user@kubernetes operation=list resource=configmap namespace=tenant-2
[873/1000] action=delete-clusterrole name=dev
[874/1000] action=create-crb name=foo-global-binding group=tenant-5 role=admin
[875/1000] action=cross-tenant-access context=tenant-2-user@kubernetes operation=list resource=configmap namespace=tenant-4
[876/1000] action=create-clusterrole name=dev resources=pods verbs=watch,create
[877/1000] action=cross-tenant-access context=tenant-1-user@kubernetes operation=get resource=configmap namespace=tenant-5
[878/1000] action=cross-tenant-access context=tenant-4-user@kubernetes operation=watch resource=configmap namespace=tenant-5
[879/1000] action=cross-tenant-access context=tenant-3-user@kubernetes operation=list resource=configmap namespace=tenant-2
[880/1000] action=cross-tenant-access context=tenant-2-user@kubernetes operation=list resource=configmap namespace=tenant-3
[881/1000] action=create-clusterrole name=dev resources=configmaps verbs=list,patch,create,update
[882/1000] action=delete-rb ns=tenant-5 name=tenant-binding
[883/1000] action=delete-clusterrole name=dev
[884/1000] action=delete-rb ns=tenant-2 name=tenant-binding
[885/1000] action=delete-crb name=foo-global-binding
[886/1000] action=delete-rb ns=tenant-4 name=tenant-binding
[887/1000] action=cross-tenant-access context=tenant-1-user@kubernetes operation=delete resource=configmap namespace=tenant-2
[888/1000] action=delete-crb name=foo-global-binding
[889/1000] action=delete-rb ns=tenant-4 name=tenant-binding
[890/1000] action=cross-tenant-access context=tenant-2-user@kubernetes operation=delete resource=configmap namespace=tenant-5
[891/1000] action=create-clusterrole name=dev resources=configmaps verbs=get,list,update,watch
[892/1000] action=delete-clusterrole name=dev
[893/1000] action=delete-crb name=foo-global-binding
[894/1000] action=delete-crb name=foo-global-binding
[895/1000] action=delete-rb ns=tenant-4 name=tenant-binding
[896/1000] action=delete-rb ns=tenant-5 name=tenant-binding
[897/1000] action=cross-tenant-access context=tenant-5-user@kubernetes operation=patch resource=configmap namespace=tenant-3
[898/1000] action=cross-tenant-access context=tenant-1-user@kubernetes operation=list resource=configmap namespace=tenant-4
[899/1000] action=cross-tenant-access context=tenant-5-user@kubernetes operation=list resource=configmap namespace=tenant-3
[900/1000] action=create-rb ns=tenant-4 name=tenant-binding group=tenant-4 role=admin
[901/1000] action=create-crb name=foo-global-binding group=tenant-4 role=admin
[902/1000] action=delete-rb ns=tenant-2 name=tenant-binding
[903/1000] action=cross-tenant-access context=tenant-2-user@kubernetes operation=list resource=configmap namespace=tenant-3
[904/1000] action=cross-tenant-access context=tenant-3-user@kubernetes operation=list resource=configmap namespace=tenant-2
[905/1000] action=cross-tenant-access context=tenant-3-user@kubernetes operation=delete resource=configmap namespace=tenant-1
[906/1000] action=cross-tenant-access context=tenant-4-user@kubernetes operation=watch resource=configmap namespace=tenant-5
[907/1000] action=delete-rb ns=tenant-4 name=tenant-binding
[908/1000] action=create-rb ns=tenant-5 name=tenant-binding group=tenant-5 role=admin
[909/1000] action=delete-crb name=foo-global-binding
[910/1000] action=delete-clusterrole name=dev
[911/1000] action=create-crb name=foo-global-binding group=tenant-4 role=dev
[912/1000] action=cross-tenant-access context=tenant-5-user@kubernetes operation=get resource=configmap namespace=tenant-1
[913/1000] action=delete-rb ns=tenant-5 name=tenant-binding
[914/1000] action=cross-tenant-access context=tenant-5-user@kubernetes operation=list resource=configmap namespace=tenant-4
[915/1000] action=cross-tenant-access context=tenant-1-user@kubernetes operation=list resource=configmap namespace=tenant-4
[916/1000] action=create-clusterrole name=dev resources=pods,secrets verbs=delete,patch,watch,deletecollection
[917/1000] action=create-crb name=foo-global-binding group=tenant-3 role=admin
[918/1000] action=cross-tenant-access context=tenant-2-user@kubernetes operation=patch resource=configmap namespace=tenant-5
[919/1000] action=cross-tenant-access context=tenant-1-user@kubernetes operation=patch resource=configmap namespace=tenant-2
[920/1000] action=cross-tenant-access context=tenant-2-user@kubernetes operation=watch resource=configmap namespace=tenant-5
[921/1000] action=cross-tenant-access context=tenant-1-user@kubernetes operation=watch resource=configmap namespace=tenant-5
[922/1000] action=cross-tenant-access context=tenant-1-user@kubernetes operation=get resource=configmap namespace=tenant-5
[923/1000] action=cross-tenant-access context=tenant-4-user@kubernetes operation=list resource=configmap namespace=tenant-2
[924/1000] action=delete-rb ns=tenant-1 name=tenant-binding
[925/1000] action=create-rb ns=tenant-2 name=tenant-binding group=tenant-2 role=dev
[926/1000] action=cross-tenant-access context=tenant-2-user@kubernetes operation=delete resource=configmap namespace=tenant-3
[927/1000] action=cross-tenant-access context=tenant-4-user@kubernetes operation=delete resource=configmap namespace=tenant-5
[928/1000] action=create-clusterrole name=dev resources=pods verbs=delete,create,deletecollection,list,get
[929/1000] action=create-rb ns=tenant-2 name=tenant-binding group=tenant-2 role=admin
[930/1000] action=cross-tenant-access context=tenant-3-user@kubernetes operation=get resource=configmap namespace=tenant-1
[931/1000] action=cross-tenant-access context=tenant-4-user@kubernetes operation=list resource=configmap namespace=tenant-3
[932/1000] action=cross-tenant-access context=tenant-4-user@kubernetes operation=delete resource=configmap namespace=tenant-3
[933/1000] action=create-clusterrole name=dev resources=secrets,configmaps,pods verbs=deletecollection
[934/1000] action=cross-tenant-access context=tenant-1-user@kubernetes operation=get resource=configmap namespace=tenant-4
[935/1000] action=cross-tenant-access context=tenant-2-user@kubernetes operation=get resource=configmap namespace=tenant-1
[936/1000] action=delete-clusterrole name=dev
[937/1000] action=create-rb ns=tenant-3 name=tenant-binding group=tenant-3 role=cluster-admin
[938/1000] action=delete-rb ns=tenant-4 name=tenant-binding
[939/1000] action=create-clusterrole name=dev resources=configmaps verbs=list,deletecollection,watch,create,update
[940/1000] action=cross-tenant-access context=tenant-3-user@kubernetes operation=delete resource=configmap namespace=tenant-4
[941/1000] action=delete-crb name=foo-global-binding
[942/1000] action=cross-tenant-access context=tenant-5-user@kubernetes operation=delete resource=configmap namespace=tenant-4
[943/1000] action=delete-clusterrole name=dev
[944/1000] action=cross-tenant-access context=tenant-3-user@kubernetes operation=get resource=configmap namespace=tenant-4
[945/1000] action=cross-tenant-access context=tenant-1-user@kubernetes operation=get resource=configmap namespace=tenant-3
[946/1000] action=cross-tenant-access context=tenant-3-user@kubernetes operation=get resource=configmap namespace=tenant-5
[947/1000] action=cross-tenant-access context=tenant-1-user@kubernetes operation=list resource=configmap namespace=tenant-3
[948/1000] action=create-rb ns=tenant-4 name=tenant-binding group=tenant-4 role=dev
[949/1000] action=delete-rb ns=tenant-5 name=tenant-binding
[950/1000] action=cross-tenant-access context=tenant-5-user@kubernetes operation=watch resource=configmap namespace=tenant-4
[951/1000] action=delete-rb ns=tenant-1 name=tenant-binding
[952/1000] action=cross-tenant-access context=tenant-1-user@kubernetes operation=delete resource=configmap namespace=tenant-3
[953/1000] action=create-clusterrole name=dev resources=secrets,pods verbs=deletecollection,update,create,patch,delete
[954/1000] action=delete-crb name=foo-global-binding
[955/1000] action=create-rb ns=tenant-1 name=tenant-binding group=tenant-1 role=dev
[956/1000] action=create-clusterrole name=dev resources=configmaps verbs=deletecollection,patch,list,get,watch
[957/1000] action=delete-rb ns=tenant-2 name=tenant-binding
[958/1000] action=create-crb name=foo-global-binding group=tenant-2 role=edit
[959/1000] action=delete-clusterrole name=dev
[960/1000] action=cross-tenant-access context=tenant-5-user@kubernetes operation=delete resource=configmap namespace=tenant-3
[961/1000] action=cross-tenant-access context=tenant-1-user@kubernetes operation=get resource=configmap namespace=tenant-3
[962/1000] action=delete-rb ns=tenant-5 name=tenant-binding
[963/1000] action=delete-clusterrole name=dev
[964/1000] action=cross-tenant-access context=tenant-1-user@kubernetes operation=patch resource=configmap namespace=tenant-5
[965/1000] action=create-clusterrole name=dev resources=secrets verbs=create,watch,patch
[966/1000] action=create-rb ns=tenant-3 name=tenant-binding group=tenant-3 role=cluster-admin
[967/1000] action=create-clusterrole name=dev resources=pods,configmaps verbs=create,list,delete,patch
[968/1000] action=create-crb name=foo-global-binding group=tenant-3 role=dev
[969/1000] action=cross-tenant-access context=tenant-3-user@kubernetes operation=patch resource=configmap namespace=tenant-4
[970/1000] action=cross-tenant-access context=tenant-5-user@kubernetes operation=watch resource=configmap namespace=tenant-2
[971/1000] action=delete-clusterrole name=dev
[972/1000] action=create-rb ns=tenant-5 name=tenant-binding group=tenant-5 role=view
[973/1000] action=cross-tenant-access context=tenant-4-user@kubernetes operation=get resource=configmap namespace=tenant-5
[974/1000] action=delete-clusterrole name=dev
[975/1000] action=cross-tenant-access context=tenant-1-user@kubernetes operation=list resource=configmap namespace=tenant-3
[976/1000] action=create-rb ns=tenant-1 name=tenant-binding group=tenant-1 role=cluster-admin
[977/1000] action=cross-tenant-access context=tenant-2-user@kubernetes operation=list resource=configmap namespace=tenant-1
[978/1000] action=cross-tenant-access context=tenant-4-user@kubernetes operation=get resource=configmap namespace=tenant-3
[979/1000] action=delete-rb ns=tenant-3 name=tenant-binding
[980/1000] action=delete-clusterrole name=dev
[981/1000] action=cross-tenant-access context=tenant-3-user@kubernetes operation=patch resource=configmap namespace=tenant-1
[982/1000] action=create-rb ns=tenant-3 name=tenant-binding group=tenant-3 role=edit
[983/1000] action=cross-tenant-access context=tenant-5-user@kubernetes operation=list resource=configmap namespace=tenant-1
[984/1000] action=delete-crb name=foo-global-binding
[985/1000] action=create-clusterrole name=dev resources=pods,configmaps verbs=watch,get,deletecollection
[986/1000] action=delete-crb name=foo-global-binding
[987/1000] action=cross-tenant-access context=tenant-5-user@kubernetes operation=patch resource=configmap namespace=tenant-4
[988/1000] action=delete-rb ns=tenant-4 name=tenant-binding
[989/1000] action=delete-rb ns=tenant-4 name=tenant-binding
[990/1000] action=delete-rb ns=tenant-1 name=tenant-binding
[991/1000] action=cross-tenant-access context=tenant-2-user@kubernetes operation=get resource=configmap namespace=tenant-1
[992/1000] action=delete-rb ns=tenant-5 name=tenant-binding
[993/1000] action=cross-tenant-access context=tenant-3-user@kubernetes operation=delete resource=configmap namespace=tenant-5
[994/1000] action=delete-rb ns=tenant-2 name=tenant-binding
[995/1000] action=cross-tenant-access context=tenant-5-user@kubernetes operation=get resource=configmap namespace=tenant-3
[996/1000] action=create-rb ns=tenant-3 name=tenant-binding group=tenant-3 role=edit
[997/1000] action=cross-tenant-access context=tenant-1-user@kubernetes operation=list resource=configmap namespace=tenant-4
[998/1000] action=create-rb ns=tenant-2 name=tenant-binding group=tenant-2 role=edit
[999/1000] action=create-rb ns=tenant-3 name=tenant-binding group=tenant-3 role=edit
[1000/1000] action=cross-tenant-access context=tenant-2-user@kubernetes operation=get resource=configmap namespace=tenant-4
