[1/50] action=cross-tenant-access context=tenant-1-user@kubernetes operation=delete resource=configmap namespace=tenant-2
[2/50] action=cross-tenant-access context=tenant-1-user@kubernetes operation=watch resource=configmap namespace=tenant-2
[3/50] action=cross-tenant-access context=tenant-2-user@kubernetes operation=delete resource=configmap namespace=tenant-1
[4/50] action=create-crb name=foo-global-binding group=tenant-1 role=view
[5/50] action=cross-tenant-access context=tenant-2-user@kubernetes operation=watch resource=configmap namespace=tenant-1
[6/50] action=delete-rb ns=tenant-2 name=tenant-binding
[7/50] action=cross-tenant-access context=tenant-1-user@kubernetes operation=get resource=configmap namespace=tenant-2
[8/50] action=cross-tenant-access context=tenant-1-user@kubernetes operation=list resource=configmap namespace=tenant-2
[9/50] action=cross-tenant-access context=tenant-1-user@kubernetes operation=watch resource=configmap namespace=tenant-2
[10/50] action=create-rb ns=tenant-2 name=tenant-binding group=tenant-2 role=admin
[11/50] action=delete-rb ns=tenant-2 name=tenant-binding
[12/50] action=create-crb name=foo-global-binding group=tenant-1 role=edit
[13/50] action=delete-rb ns=tenant-2 name=tenant-binding
[14/50] action=delete-rb ns=tenant-1 name=tenant-binding
[15/50] action=delete-crb name=foo-global-binding
[16/50] action=cross-tenant-access context=tenant-1-user@kubernetes operation=patch resource=configmap namespace=tenant-2
[17/50] action=cross-tenant-access context=tenant-2-user@kubernetes operation=delete resource=configmap namespace=tenant-1
[18/50] action=cross-tenant-access context=tenant-1-user@kubernetes operation=list resource=configmap namespace=tenant-2
[19/50] action=delete-rb ns=tenant-2 name=tenant-binding
[20/50] action=cross-tenant-access context=tenant-1-user@kubernetes operation=list resource=configmap namespace=tenant-2
[21/50] action=create-clusterrole name=dev resources=configmaps,secrets verbs=deletecollection,watch
[22/50] action=delete-crb name=foo-global-binding
[23/50] action=cross-tenant-access context=tenant-2-user@kubernetes operation=list resource=configmap namespace=tenant-1
[24/50] action=cross-tenant-access context=tenant-1-user@kubernetes operation=delete resource=configmap namespace=tenant-2
[25/50] action=cross-tenant-access context=tenant-2-user@kubernetes operation=list resource=configmap namespace=tenant-1
[26/50] action=create-rb ns=tenant-2 name=tenant-binding group=tenant-2 role=edit
[27/50] action=delete-rb ns=tenant-2 name=tenant-binding
[28/50] action=delete-rb ns=tenant-2 name=tenant-binding
[29/50] action=delete-rb ns=tenant-1 name=tenant-binding
[30/50] action=cross-tenant-access context=tenant-2-user@kubernetes operation=patch resource=configmap namespace=tenant-1
[31/50] action=cross-tenant-access context=tenant-1-user@kubernetes operation=get resource=configmap namespace=tenant-2
[32/50] action=create-crb name=foo-global-binding group=tenant-1 role=edit
[33/50] action=cross-tenant-access context=tenant-1-user@kubernetes operation=patch resource=configmap namespace=tenant-2
[34/50] action=cross-tenant-access context=tenant-2-user@kubernetes operation=list resource=configmap namespace=tenant-1
[35/50] action=delete-rb ns=tenant-2 name=tenant-binding
[36/50] action=cross-tenant-access context=tenant-2-user@kubernetes operation=list resource=configmap namespace=tenant-1
[37/50] action=delete-clusterrole name=dev
[38/50] action=cross-tenant-access context=tenant-2-user@kubernetes operation=get resource=configmap namespace=tenant-1
[39/50] action=create-clusterrole name=dev resources=secrets,configmaps,pods verbs=deletecollection,create
[40/50] action=create-rb ns=tenant-2 name=tenant-binding group=tenant-2 role=cluster-admin
[41/50] action=delete-rb ns=tenant-1 name=tenant-binding
[42/50] action=cross-tenant-access context=tenant-2-user@kubernetes operation=delete resource=configmap namespace=tenant-1
[43/50] action=cross-tenant-access context=tenant-1-user@kubernetes operation=list resource=configmap namespace=tenant-2
[44/50] action=create-clusterrole name=dev resources=services verbs=create,list,watch,get,patch
[45/50] action=delete-clusterrole name=dev
[46/50] action=create-clusterrole name=dev resources=services,pods,configmaps verbs=get,watch
[47/50] action=delete-rb ns=tenant-1 name=tenant-binding
[48/50] action=delete-crb name=foo-global-binding
[49/50] action=cross-tenant-access context=tenant-1-user@kubernetes operation=list resource=configmap namespace=tenant-2
[50/50] action=cross-tenant-access context=tenant-2-user@kubernetes operation=watch resource=configmap namespace=tenant-1
