[1/50] action=cross-tenant-access context=tenant-8-user@kubernetes operation=patch resource=configmap namespace=tenant-10
[2/50] action=cross-tenant-access context=tenant-10-user@kubernetes operation=delete resource=configmap namespace=tenant-2
[3/50] action=cross-tenant-access context=tenant-5-user@kubernetes operation=delete resource=configmap namespace=tenant-8
[4/50] action=delete-clusterrole name=dev
[5/50] action=create-clusterrole name=dev resources=configmaps,pods verbs=get,deletecollection,delete,patch
[6/50] action=cross-tenant-access context=tenant-6-user@kubernetes operation=patch resource=configmap namespace=tenant-5
[7/50] action=cross-tenant-access context=tenant-3-user@kubernetes operation=list resource=configmap namespace=tenant-9
[8/50] action=delete-rb ns=tenant-4 name=tenant-binding
[9/50] action=cross-tenant-access context=tenant-3-user@kubernetes operation=patch resource=configmap namespace=tenant-5
[10/50] action=create-crb name=foo-global-binding group=tenant-6 role=cluster-admin
[11/50] action=create-rb ns=tenant-9 name=tenant-binding group=tenant-9 role=cluster-admin
[12/50] action=cross-tenant-access context=tenant-9-user@kubernetes operation=get resource=configmap namespace=tenant-2
[13/50] action=delete-clusterrole name=dev
[14/50] action=cross-tenant-access context=tenant-9-user@kubernetes operation=patch resource=configmap namespace=tenant-10
[15/50] action=cross-tenant-access context=tenant-5-user@kubernetes operation=patch resource=configmap namespace=tenant-9
[16/50] action=cross-tenant-access context=tenant-8-user@kubernetes operation=watch resource=configmap namespace=tenant-1
[17/50] action=cross-tenant-access context=tenant-7-user@kubernetes operation=watch resource=configmap namespace=tenant-10
[18/50] action=delete-rb ns=tenant-1 name=tenant-binding
[19/50] action=delete-crb name=foo-global-binding
[20/50] action=delete-rb ns=tenant-9 name=tenant-binding
[21/50] action=cross-tenant-access context=tenant-10-user@kubernetes operation=list resource=configmap namespace=tenant-1
[22/50] action=create-rb ns=tenant-3 name=tenant-binding group=tenant-3 role=edit
[23/50] action=delete-rb ns=tenant-1 name=tenant-binding
[24/50] action=cross-tenant-access context=tenant-1-user@kubernetes operation=list resource=configmap namespace=tenant-6
[25/50] action=create-rb ns=tenant-1 name=tenant-binding group=tenant-1 role=edit
[26/50] action=cross-tenant-access context=tenant-2-user@kubernetes operation=watch resource=configmap namespace=tenant-10
[27/50] action=create-rb ns=tenant-2 name=tenant-binding group=tenant-2 role=edit
[28/50] action=delete-clusterrole name=dev
[29/50] action=cross-tenant-access context=tenant-8-user@kubernetes operation=watch resource=configmap namespace=tenant-10
[30/50] action=create-rb ns=tenant-7 name=tenant-binding group=tenant-7 role=view
[31/50] action=cross-tenant-access context=tenant-1-user@kubernetes operation=delete resource=configmap namespace=tenant-2
[32/50] action=create-crb name=foo-global-binding group=tenant-10 role=view
[33/50] action=cross-tenant-access context=tenant-9-user@kubernetes operation=delete resource=configmap namespace=tenant-5
[34/50] action=create-crb name=foo-global-binding group=tenant-4 role=cluster-admin
[35/50] action=delete-clusterrole name=dev
[36/50] action=cross-tenant-access context=tenant-1-user@kubernetes operation=patch resource=configmap namespace=tenant-4
[37/50] action=create-rb ns=tenant-8 name=tenant-binding group=tenant-8 role=edit
[38/50] action=create-rb ns=tenant-8 name=tenant-binding group=tenant-8 role=cluster-admin
[39/50] action=cross-tenant-access context=tenant-5-user@kubernetes operation=patch resource=configmap namespace=tenant-4
[40/50] action=cross-tenant-access context=tenant-7-user@kubernetes operation=delete resource=configmap namespace=tenant-10
[41/50] action=cross-tenant-access context=tenant-10-user@kubernetes operation=delete resource=configmap namespace=tenant-5
[42/50] action=cross-tenant-access context=tenant-4-user@kubernetes operation=patch resource=configmap namespace=tenant-2
[43/50] action=cross-tenant-access context=tenant-3-user@kubernetes operation=get resource=configmap namespace=tenant-1
[44/50] action=cross-tenant-access context=tenant-9-user@kubernetes operation=delete resource=configmap namespace=tenant-10
[45/50] action=delete-rb ns=tenant-8 name=tenant-binding
[46/50] action=cross-tenant-access context=tenant-6-user@kubernetes operation=delete resource=configmap namespace=tenant-5
[47/50] action=delete-crb name=foo-global-binding
[48/50] action=cross-tenant-access context=tenant-1-user@kubernetes operation=patch resource=configmap namespace=tenant-10
[49/50] action=create-rb ns=tenant-6 name=tenant-binding group=tenant-6 role=view
[50/50] action=create-crb name=foo-global-binding group=tenant-4 role=dev
