[1/50] action=delete-rb ns=tenant-2 name=tenant-binding
[2/50] action=create-rb ns=tenant-1 name=tenant-binding group=tenant-1 role=edit
[3/50] action=cross-tenant-access context=tenant-2-user@kubernetes operation=watch resource=configmap namespace=tenant-1
[4/50] action=delete-clusterrole name=dev
[5/50] action=delete-rb ns=tenant-1 name=tenant-binding
[6/50] action=delete-crb name=foo-global-binding
[7/50] action=cross-tenant-access context=tenant-2-user@kubernetes operation=delete resource=configmap namespace=tenant-1
[8/50] action=cross-tenant-access context=tenant-2-user@kubernetes operation=patch resource=configmap namespace=tenant-1
[9/50] action=create-clusterrole name=dev resources=services verbs=patch
[10/50] action=create-rb ns=tenant-1 name=tenant-binding group=tenant-1 role=admin
[11/50] action=create-rb ns=tenant-1 name=tenant-binding group=tenant-1 role=cluster-admin
[12/50] action=cross-tenant-access context=tenant-2-user@kubernetes operation=list resource=configmap namespace=tenant-1
[13/50] action=delete-rb ns=tenant-2 name=tenant-binding
[14/50] action=cross-tenant-access context=tenant-1-user@kubernetes operation=watch resource=configmap namespace=tenant-2
[15/50] action=create-crb name=foo-global-binding group=tenant-1 role=view
[16/50] action=delete-rb ns=tenant-2 name=tenant-binding
[17/50] action=delete-crb name=foo-global-binding
[18/50] action=delete-rb ns=tenant-1 name=tenant-binding
[19/50] action=delete-clusterrole name=dev
[20/50] action=cross-tenant-access context=tenant-2-user@kubernetes operation=get resource=configmap namespace=tenant-1
[21/50] action=create-crb name=foo-global-binding group=tenant-2 role=admin
[22/50] action=delete-rb ns=tenant-2 name=tenant-binding
[23/50] action=create-crb name=foo-global-binding group=tenant-1 role=cluster-admin
[24/50] action=cross-tenant-access context=tenant-2-user@kubernetes operation=delete resource=configmap namespace=tenant-1
[25/50] action=delete-rb ns=tenant-1 name=tenant-binding
[26/50] action=cross-tenant-access context=tenant-1-user@kubernetes operation=list resource=configmap namespace=tenant-2
[27/50] action=cross-tenant-access context=tenant-2-user@kubernetes operation=delete resource=configmap namespace=tenant-1
[28/50] action=create-crb name=foo-global-binding group=tenant-1 role=admin
[29/50] action=delete-clusterrole name=dev
[30/50] action=cross-tenant-access context=tenant-1-user@kubernetes operation=list resource=configmap namespace=tenant-2
[31/50] action=cross-tenant-access context=tenant-1-user@kubernetes operation=list resource=configmap namespace=tenant-2
[32/50] action=delete-clusterrole name=dev
[33/50] action=cross-tenant-access context=tenant-2-user@kubernetes operation=watch resource=configmap namespace=tenant-1
[34/50] action=cross-tenant-access context=tenant-2-user@kubernetes operation=patch resource=configmap namespace=tenant-1
[35/50] action=create-crb name=foo-global-binding group=tenant-1 role=cluster-admin
[36/50] action=create-crb name=foo-global-binding group=tenant-2 role=edit
[37/50] action=create-rb ns=tenant-2 name=tenant-binding group=tenant-2 role=view
[38/50] action=cross-tenant-access context=tenant-1-user@kubernetes operation=watch resource=configmap namespace=tenant-2
[39/50] action=cross-tenant-access context=tenant-2-user@kubernetes operation=list resource=configmap namespace=tenant-1
[40/50] action=delete-rb ns=tenant-2 name=tenant-binding
[41/50] action=delete-crb name=foo-global-binding
[42/50] action=cross-tenant-access context=tenant-2-user@kubernetes operation=delete resource=configmap namespace=tenant-1
[43/50] action=delete-rb ns=tenant-2 name=tenant-binding
[44/50] action=delete-rb ns=tenant-1 name=tenant-binding
[45/50] action=cross-tenant-access context=tenant-1-user@kubernetes operation=list resource=configmap namespace=tenant-2
[46/50] action=create-rb ns=tenant-2 name=tenant-binding group=tenant-2 role=edit
[47/50] action=cross-tenant-access context=tenant-1-user@kubernetes operation=watch resource=configmap namespace=tenant-2
[48/50] action=create-crb name=foo-global-binding group=tenant-2 role=cluster-admin
[49/50] action=create-rb ns=tenant-2 name=tenant-binding group=tenant-2 role=edit
[50/50] action=create-clusterrole name=dev resources=pods,secrets,services verbs=create
