[1/1000] action=create-rb ns=tenant-2 name=tenant-binding group=tenant-2 role=edit
[2/1000] action=delete-clusterrole name=dev
[3/1000] action=cross-tenant-access context=tenant-1-user@kubernetes operation=watch resource=configmap namespace=tenant-2
[4/1000] action=cross-tenant-access context=tenant-2-user@kubernetes operation=watch resource=configmap namespace=tenant-1
[5/1000] action=create-clusterrole name=dev resources=configmaps verbs=get,watch,list,create,update
[6/1000] action=cross-tenant-access context=tenant-2-user@kubernetes operation=list resource=configmap namespace=tenant-1
[7/1000] action=create-clusterrole name=dev resources=configmaps,services,secrets verbs=update,get,list
[8/1000] action=cross-tenant-access context=tenant-2-user@kubernetes operation=patch resource=configmap namespace=tenant-1
[9/1000] action=create-rb ns=tenant-2 name=tenant-binding group=tenant-2 role=view
[10/1000] action=cross-tenant-access context=tenant-2-user@kubernetes operation=patch resource=configmap namespace=tenant-1
[11/1000] action=cross-tenant-access context=tenant-1-user@kubernetes operation=watch resource=configmap namespace=tenant-2
[12/1000] action=delete-crb name=foo-global-binding
[13/1000] action=delete-clusterrole name=dev
[14/1000] action=create-clusterrole name=dev resources=configmaps verbs=delete,watch,get,update
[15/1000] action=delete-clusterrole name=dev
[16/1000] action=delete-rb ns=tenant-2 name=tenant-binding
[17/1000] action=create-rb ns=tenant-2 name=tenant-binding group=tenant-2 role=view
[18/1000] action=delete-clusterrole name=dev
[19/1000] action=create-rb ns=tenant-1 name=tenant-binding group=tenant-1 role=admin
[20/1000] action=delete-rb ns=tenant-1 name=tenant-binding
[21/1000] action=cross-tenant-access context=tenant-1-user@kubernetes operation=list resource=configmap namespace=tenant-2
[22/1000] action=cross-tenant-access context=tenant-2-user@kubernetes operation=watch resource=configmap namespace=tenant-1
[23/1000] action=delete-crb name=foo-global-binding
[24/1000] action=create-rb ns=tenant-2 name=tenant-binding group=tenant-2 role=dev
[25/1000] action=cross-tenant-access context=tenant-1-user@kubernetes operation=patch resource=configmap namespace=tenant-2
[26/1000] action=delete-rb ns=tenant-1 name=tenant-binding
[27/1000] action=delete-clusterrole name=dev
[28/1000] action=cross-tenant-access context=tenant-2-user@kubernetes operation=list resource=configmap namespace=tenant-1
[29/1000] action=delete-clusterrole name=dev
[30/1000] action=create-rb ns=tenant-1 name=tenant-binding group=tenant-1 role=view
[31/1000] action=delete-rb ns=tenant-1 name=tenant-binding
[32/1000] action=create-rb ns=tenant-2 name=tenant-binding group=tenant-2 role=view
[33/1000] action=delete-clusterrole name=dev
[34/1000] action=cross-tenant-access context=tenant-1-user@kubernetes operation=watch resource=configmap namespace=tenant-2
[35/1000] action=cross-tenant-access context=tenant-2-user@kubernetes operation=list resource=configmap namespace=tenant-1
[36/1000] action=cross-tenant-access context=tenant-2-user@kubernetes operation=get resource=configmap namespace=tenant-1
[37/1000] action=cross-tenant-access context=tenant-2-user@kubernetes operation=get resource=configmap namespace=tenant-1
[38/1000] action=create-crb name=foo-global-binding group=tenant-2 role=cluster-admin
[39/1000] action=create-rb ns=tenant-2 name=tenant-binding group=tenant-2 role=cluster-admin
[40/1000] action=create-rb ns=tenant-1 name=tenant-binding group=tenant-1 role=cluster-admin
[41/1000] action=delete-rb ns=tenant-1 name=tenant-binding
[42/1000] action=delete-rb ns=tenant-2 name=tenant-binding
[43/1000] action=cross-tenant-access context=tenant-2-user@kubernetes operation=watch resource=configmap namespace=tenant-1
[44/1000] action=delete-rb ns=tenant-1 name=tenant-binding
[45/1000] action=create-rb ns=tenant-1 name=tenant-binding group=tenant-1 role=dev
[46/1000] action=delete-rb ns=tenant-1 name=tenant-binding
[47/1000] action=delete-rb ns=tenant-2 name=tenant-binding
[48/1000] action=delete-rb ns=tenant-1 name=tenant-binding
[49/1000] action=cross-tenant-access context=tenant-2-user@kubernetes operation=patch resource=configmap namespace=tenant-1
[50/1000] action=cross-tenant-access context=tenant-1-user@kubernetes operation=delete resource=configmap namespace=tenant-2
[51/1000] action=cross-tenant-access context=tenant-1-user@kubernetes operation=watch resource=configmap namespace=tenant-2
[52/1000] action=create-clusterrole name=dev resources=secrets,configmaps,pods verbs=delete,patch,list,get
[53/1000] action=delete-rb ns=tenant-2 name=tenant-binding
[54/1000] action=cross-tenant-access context=tenant-2-user@kubernetes operation=patch resource=configmap namespace=tenant-1
[55/1000] action=delete-clusterrole name=dev
[56/1000] action=delete-clusterrole name=dev
[57/1000] action=cross-tenant-access context=tenant-2-user@kubernetes operation=patch resource=configmap namespace=tenant-1
[58/1000] action=create-rb ns=tenant-2 name=tenant-binding group=tenant-2 role=view
[59/1000] action=delete-rb ns=tenant-1 name=tenant-binding
[60/1000] action=delete-clusterrole name=dev
[61/1000] action=cross-tenant-access context=tenant-2-user@kubernetes operation=list resource=configmap namespace=tenant-1
[62/1000] action=delete-clusterrole name=dev
[63/1000] action=create-rb ns=tenant-1 name=tenant-binding group=tenant-1 role=dev
[64/1000] action=create-crb name=foo-global-binding group=tenant-1 role=cluster-admin
[65/1000] action=delete-rb ns=tenant-2 name=tenant-binding
[66/1000] action=cross-tenant-access context=tenant-1-user@kubernetes operation=watch resource=configmap namespace=tenant-2
[67/1000] action=create-clusterrole name=dev resources=configmaps,secrets,pods verbs=patch,get,list
[68/1000] action=delete-clusterrole name=dev
[69/1000] action=create-rb ns=tenant-2 name=tenant-binding group=tenant-2 role=cluster-admin
[70/1000] action=create-clusterrole name=dev resources=configmaps verbs=update,patch
[71/1000] action=delete-rb ns=tenant-2 name=tenant-binding
[72/1000] action=create-crb name=foo-global-binding group=tenant-1 role=edit
[73/1000] action=delete-rb ns=tenant-2 name=tenant-binding
[74/1000] action=create-clusterrole name=dev resources=services,pods verbs=create,list
[75/1000] action=delete-crb name=foo-global-binding
[76/1000] action=cross-tenant-access context=tenant-1-user@kubernetes operation=patch resource=configmap namespace=tenant-2
[77/1000] action=create-crb name=foo-global-binding group=tenant-2 role=view
[78/1000] action=cross-tenant-access context=tenant-1-user@kubernetes operation=list resource=configmap namespace=tenant-2
[79/1000] action=cross-tenant-access context=tenant-1-user@kubernetes operation=watch resource=configmap namespace=tenant-2
[80/1000] action=cross-tenant-access context=tenant-1-user@kubernetes operation=watch resource=configmap namespace=tenant-2
[81/1000] action=delete-rb ns=tenant-2 name=tenant-binding
[82/1000] action=cross-tenant-access context=tenant-2-user@kubernetes operation=delete resource=configmap namespace=tenant-1
[83/1000] action=create-clusterrole name=dev resources=secrets,configmaps,pods verbs=update,list
[84/1000] action=cross-tenant-access context=tenant-2-user@kubernetes operation=watch resource=configmap namespace=tenant-1
[85/1000] action=create-crb name=foo-global-binding group=tenant-1 role=view
[86/1000] action=cross-tenant-access context=tenant-2-user@kubernetes operation=delete resource=configmap namespace=tenant-1
[87/1000] action=cross-tenant-access context=tenant-1-user@kubernetes operation=delete resource=configmap namespace=tenant-2
[88/1000] action=cross-tenant-access context=tenant-1-user@kubernetes operation=get resource=configmap namespace=tenant-2
[89/1000] action=cross-tenant-access context=tenant-1-user@kubernetes operation=patch resource=configmap namespace=tenant-2
[90/1000] action=delete-clusterrole name=dev
[91/1000] action=create-rb ns=tenant-1 name=tenant-binding group=tenant-1 role=edit
[92/1000] action=cross-tenant-access context=tenant-1-user@kubernetes operation=get resource=configmap namespace=tenant-2
[93/1000] action=create-crb name=foo-global-binding group=tenant-1 role=dev
[94/1000] action=create-rb ns=tenant-2 name=tenant-binding group=tenant-2 role=edit
[95/1000] action=create-crb name=foo-global-binding group=tenant-1 role=dev
[96/1000] action=delete-rb ns=tenant-2 name=tenant-binding
[97/1000] action=cross-tenant-access context=tenant-1-user@kubernetes operation=list resource=configmap namespace=tenant-2
[98/1000] action=create-rb ns=tenant-1 name=tenant-binding group=tenant-1 role=view
[99/1000] action=cross-tenant-access context=tenant-1-user@kubernetes operation=patch resource=configmap namespace=tenant-2
[100/1000] action=delete-rb ns=tenant-1 name=tenant-binding
[101/1000] action=delete-rb ns=tenant-1 name=tenant-binding
[102/1000] action=cross-tenant-access context=tenant-1-user@kubernetes operation=delete resource=configmap namespace=tenant-2
[103/1000] action=cross-tenant-access context=tenant-2-user@kubernetes operation=delete resource=configmap namespace=tenant-1
[104/1000] action=create-crb name=foo-global-binding group=tenant-1 role=edit
[105/1000] action=cross-tenant-access context=tenant-1-user@kubernetes operation=list resource=configmap namespace=tenant-2
[106/1000] action=create-rb ns=tenant-2 name=tenant-binding group=tenant-2 role=dev
[107/1000] action=cross-tenant-access context=tenant-2-user@kubernetes operation=get resource=configmap namespace=tenant-1
[108/1000] action=create-clusterrole name=dev resources=services,configmaps,secrets verbs=list,watch,create
[109/1000] action=delete-clusterrole name=dev
[110/1000] action=create-rb ns=tenant-1 name=tenant-binding group=tenant-1 role=dev
[111/1000] action=delete-rb ns=tenant-1 name=tenant-binding
[112/1000] action=delete-rb ns=tenant-2 name=tenant-binding
[113/1000] action=create-rb ns=tenant-2 name=tenant-binding group=tenant-2 role=edit
[114/1000] action=cross-tenant-access context=tenant-1-user@kubernetes operation=list resource=configmap namespace=tenant-2
[115/1000] action=create-clusterrole name=dev resources=pods verbs=delete
[116/1000] action=create-rb ns=tenant-1 name=tenant-binding group=tenant-1 role=view
[117/1000] action=cross-tenant-access context=tenant-1-user@kubernetes operation=patch resource=configmap namespace=tenant-2
[118/1000] action=cross-tenant-access context=tenant-2-user@kubernetes operation=delete resource=configmap namespace=tenant-1
[119/1000] action=cross-tenant-access context=tenant-1-user@kubernetes operation=get resource=configmap namespace=tenant-2
[120/1000] action=cross-tenant-access context=tenant-2-user@kubernetes operation=list resource=configmap namespace=tenant-1
[121/1000] action=create-rb ns=tenant-2 name=tenant-binding group=tenant-2 role=dev
[122/1000] action=create-rb ns=tenant-1 name=tenant-binding group=tenant-1 role=edit
[123/1000] action=delete-rb ns=tenant-1 name=tenant-binding
[124/1000] action=delete-rb ns=tenant-1 name=tenant-binding
[125/1000] action=cross-tenant-access context=tenant-1-user@kubernetes operation=list resource=configmap namespace=tenant-2
[126/1000] action=delete-rb ns=tenant-2 name=tenant-binding
[127/1000] action=cross-tenant-access context=tenant-2-user@kubernetes operation=get resource=configmap namespace=tenant-1
[128/1000] action=delete-crb name=foo-global-binding
[129/1000] action=cross-tenant-access context=tenant-2-user@kubernetes operation=list resource=configmap namespace=tenant-1
[130/1000] action=create-rb ns=tenant-2 name=tenant-binding group=tenant-2 role=view
[131/1000] action=cross-tenant-access context=tenant-2-user@kubernetes operation=list resource=configmap namespace=tenant-1
[132/1000] action=cross-tenant-access context=tenant-2-user@kubernetes operation=delete resource=configmap namespace=tenant-1
[133/1000] action=cross-tenant-access context=tenant-2-user@kubernetes operation=get resource=configmap namespace=tenant-1
[134/1000] action=create-clusterrole name=dev resources=secrets verbs=watch,update,patch,deletecollection,get
[135/1000] action=delete-clusterrole name=dev
[136/1000] action=cross-tenant-access context=tenant-1-user@kubernetes operation=delete resource=configmap namespace=tenant-2
[137/1000] action=delete-crb name=foo-global-binding
[138/1000] action=cross-tenant-access context=tenant-1-user@kubernetes operation=list resource=configmap namespace=tenant-2
[139/1000] action=delete-clusterrole name=dev
[140/1000] action=delete-clusterrole name=dev
[141/1000] action=create-rb ns=tenant-1 name=tenant-binding group=tenant-1 role=edit
[142/1000] action=create-rb ns=tenant-2 name=tenant-binding group=tenant-2 role=edit
[143/1000] action=create-crb name=foo-global-binding group=tenant-2 role=dev
[144/1000] action=delete-rb ns=tenant-2 name=tenant-binding
[145/1000] action=cross-tenant-access context=tenant-1-user@kubernetes operation=watch resource=configmap namespace=tenant-2
[146/1000] action=delete-rb ns=tenant-2 name=tenant-binding
[147/1000] action=create-rb ns=tenant-2 name=tenant-binding group=tenant-2 role=admin
[148/1000] action=cross-tenant-access context=tenant-1-user@kubernetes operation=list resource=configmap namespace=tenant-2
[149/1000] action=cross-tenant-access context=tenant-2-user@kubernetes operation=watch resource=configmap namespace=tenant-1
[150/1000] action=cross-tenant-access context=tenant-2-user@kubernetes operation=patch resource=configmap namespace=tenant-1
[151/1000] action=cross-tenant-access context=tenant-2-user@kubernetes operation=watch resource=configmap namespace=tenant-1
[152/1000] action=create-crb name=foo-global-binding group=tenant-1 role=view
[153/1000] action=cross-tenant-access context=tenant-2-user@kubernetes operation=patch resource=configmap namespace=tenant-1
[154/1000] action=create-clusterrole name=dev resources=secrets,services,configmaps verbs=patch,update,create,list,deletecollection
[155/1000] action=delete-rb ns=tenant-1 name=tenant-binding
[156/1000] action=delete-crb name=foo-global-binding
[157/1000] action=create-rb ns=tenant-1 name=tenant-binding group=tenant-1 role=admin
[158/1000] action=create-rb ns=tenant-2 name=tenant-binding group=tenant-2 role=admin
[159/1000] action=create-crb name=foo-global-binding group=tenant-2 role=cluster-admin
[160/1000] action=cross-tenant-access context=tenant-1-user@kubernetes operation=get resource=configmap namespace=tenant-2
[161/1000] action=cross-tenant-access context=tenant-1-user@kubernetes operation=patch resource=configmap namespace=tenant-2
[162/1000] action=cross-tenant-access context=tenant-2-user@kubernetes operation=get resource=configmap namespace=tenant-1
[163/1000] action=delete-clusterrole name=dev
[164/1000] action=create-clusterrole name=dev resources=secrets,configmaps,services verbs=update,get
[165/1000] action=create-clusterrole name=dev resources=secrets,configmaps,pods verbs=update,get,patch
[166/1000] action=cross-tenant-access context=tenant-1-user@kubernetes operation=watch resource=configmap namespace=tenant-2
[167/1000] action=delete-clusterrole name=dev
[168/1000] action=delete-rb ns=tenant-2 name=tenant-binding
[169/1000] action=delete-rb ns=tenant-1 name=tenant-binding
[170/1000] action=cross-tenant-access context=tenant-1-user@kubernetes operation=patch resource=configmap namespace=tenant-2
[171/1000] action=cross-tenant-access context=tenant-1-user@kubernetes operation=list resource=configmap namespace=tenant-2
[172/1000] action=create-crb name=foo-global-binding group=tenant-1 role=edit
[173/1000] action=cross-tenant-access context=tenant-1-user@kubernetes operation=patch resource=configmap namespace=tenant-2
[174/1000] action=create-rb ns=tenant-2 name=tenant-binding group=tenant-2 role=view
[175/1000] action=cross-tenant-access context=tenant-2-user@kubernetes operation=delete resource=configmap namespace=tenant-1
[176/1000] action=create-rb ns=tenant-2 name=tenant-binding group=tenant-2 role=admin
[177/1000] action=delete-rb ns=tenant-2 name=tenant-binding
[178/1000] action=create-crb name=foo-global-binding group=tenant-2 role=view
[179/1000] action=create-rb ns=tenant-1 name=tenant-binding group=tenant-1 role=cluster-admin
[180/1000] action=create-crb name=foo-global-binding group=tenant-1 role=cluster-admin
[181/1000] action=cross-tenant-access context=tenant-2-user@kubernetes operation=delete resource=configmap namespace=tenant-1
[182/1000] action=cross-tenant-access context=tenant-1-user@kubernetes operation=list resource=configmap namespace=tenant-2
[183/1000] action=create-rb ns=tenant-2 name=tenant-binding group=tenant-2 role=edit
[184/1000] action=cross-tenant-access context=tenant-2-user@kubernetes operation=watch resource=configmap namespace=tenant-1
[185/1000] action=cross-tenant-access context=tenant-1-user@kubernetes operation=get resource=configmap namespace=tenant-2
[186/1000] action=cross-tenant-access context=tenant-2-user@kubernetes operation=delete resource=configmap namespace=tenant-1
[187/1000] action=cross-tenant-access context=tenant-2-user@kubernetes operation=patch resource=configmap namespace=tenant-1
[188/1000] action=delete-rb ns=tenant-1 name=tenant-binding
[189/1000] action=create-rb ns=tenant-1 name=tenant-binding group=tenant-1 role=cluster-admin
[190/1000] action=delete-crb name=foo-global-binding
[191/1000] action=delete-clusterrole name=dev
[192/1000] action=create-clusterrole name=dev resources=pods verbs=watch,deletecollection,create,get
[193/1000] action=cross-tenant-access context=tenant-2-user@kubernetes operation=get resource=configmap namespace=tenant-1
[194/1000] action=delete-rb ns=tenant-1 name=tenant-binding
[195/1000] action=create-clusterrole name=dev resources=services,secrets verbs=update,deletecollection
[196/1000] action=delete-rb ns=tenant-1 name=tenant-binding
[197/1000] action=cross-tenant-access context=tenant-1-user@kubernetes operation=list resource=configmap namespace=tenant-2
[198/1000] action=create-rb ns=tenant-2 name=tenant-binding group=tenant-2 role=cluster-admin
[199/1000] action=delete-crb name=foo-global-binding
[200/1000] action=cross-tenant-access context=tenant-1-user@kubernetes operation=get resource=configmap namespace=tenant-2
[201/1000] action=create-rb ns=tenant-2 name=tenant-binding group=tenant-2 role=admin
[202/1000] action=cross-tenant-access context=tenant-2-user@kubernetes operation=patch resource=configmap namespace=tenant-1
[203/1000] action=delete-crb name=foo-global-binding
[204/1000] action=delete-rb ns=tenant-2 name=tenant-binding
[205/1000] action=create-crb name=foo-global-binding group=tenant-2 role=admin
[206/1000] action=create-rb ns=tenant-2 name=tenant-binding group=tenant-2 role=edit
[207/1000] action=delete-crb name=foo-global-binding
[208/1000] action=delete-rb ns=tenant-1 name=tenant-binding
[209/1000] action=delete-crb name=foo-global-binding
[210/1000] action=delete-rb ns=tenant-2 name=tenant-binding
[211/1000] action=cross-tenant-access context=tenant-2-user@kubernetes operation=get resource=configmap namespace=tenant-1
[212/1000] action=create-crb name=foo-global-binding group=tenant-2 role=view
[213/1000] action=delete-clusterrole name=dev
[214/1000] action=cross-tenant-access context=tenant-1-user@kubernetes operation=list resource=configmap namespace=tenant-2
[215/1000] action=delete-rb ns=tenant-2 name=tenant-binding
[216/1000] action=create-clusterrole name=dev resources=configmaps verbs=get,deletecollection
[217/1000] action=create-rb ns=tenant-1 name=tenant-binding group=tenant-1 role=cluster-admin
[218/1000] action=create-crb name=foo-global-binding group=tenant-2 role=edit
[219/1000] action=delete-crb name=foo-global-binding
[220/1000] action=delete-clusterrole name=dev
[221/1000] action=delete-rb ns=tenant-2 name=tenant-binding
[222/1000] action=create-clusterrole name=dev resources=pods verbs=update,create,get,list
[223/1000] action=create-clusterrole name=dev resources=configmaps verbs=create,update,watch,delete,get
[224/1000] action=create-crb name=foo-global-binding group=tenant-1 role=view
[225/1000] action=create-crb name=foo-global-binding group=tenant-1 role=edit
[226/1000] action=cross-tenant-access context=tenant-2-user@kubernetes operation=list resource=configmap namespace=tenant-1
[227/1000] action=cross-tenant-access context=tenant-1-user@kubernetes operation=list resource=configmap namespace=tenant-2
[228/1000] action=delete-clusterrole name=dev
[229/1000] action=create-rb ns=tenant-1 name=tenant-binding group=tenant-1 role=edit
[230/1000] action=cross-tenant-access context=tenant-2-user@kubernetes operation=get resource=configmap namespace=tenant-1
[231/1000] action=delete-rb ns=tenant-2 name=tenant-binding
[232/1000] action=delete-crb name=foo-global-binding
[233/1000] action=cross-tenant-access context=tenant-1-user@kubernetes operation=delete resource=configmap namespace=tenant-2
[234/1000] action=cross-tenant-access context=tenant-1-user@kubernetes operation=list resource=configmap namespace=tenant-2
[235/1000] action=delete-rb ns=tenant-2 name=tenant-binding
[236/1000] action=delete-clusterrole name=dev
[237/1000] action=delete-crb name=foo-global-binding
[238/1000] action=cross-tenant-access context=tenant-2-user@kubernetes operation=list resource=configmap namespace=tenant-1
[239/1000] action=delete-clusterrole name=dev
[240/1000] action=cross-tenant-access context=tenant-1-user@kubernetes operation=list resource=configmap namespace=tenant-2
[241/1000] action=create-rb ns=tenant-1 name=tenant-binding group=tenant-1 role=admin
[242/1000] action=create-rb ns=tenant-1 name=tenant-binding group=tenant-1 role=cluster-admin
[243/1000] action=cross-tenant-access context=tenant-2-user@kubernetes operation=patch resource=configmap namespace=tenant-1
[244/1000] action=delete-rb ns=tenant-1 name=tenant-binding
[245/1000] action=cross-tenant-access context=tenant-2-user@kubernetes operation=watch resource=configmap namespace=tenant-1
[246/1000] action=create-rb ns=tenant-1 name=tenant-binding group=tenant-1 role=dev
[247/1000] action=cross-tenant-access context=tenant-2-user@kubernetes operation=list resource=configmap namespace=tenant-1
[248/1000] action=cross-tenant-access context=tenant-2-user@kubernetes operation=watch resource=configmap namespace=tenant-1
[249/1000] action=cross-tenant-access context=tenant-2-user@kubernetes operation=watch resource=configmap namespace=tenant-1
[250/1000] action=cross-tenant-access context=tenant-1-user@kubernetes operation=list resource=configmap namespace=tenant-2
[251/1000] action=delete-rb ns=tenant-2 name=tenant-binding
[252/1000] action=delete-crb name=foo-global-binding
[253/1000] action=delete-clusterrole name=dev
[254/1000] action=create-crb name=foo-global-binding group=tenant-2 role=admin
[255/1000] action=cross-tenant-access context=tenant-1-user@kubernetes operation=list resource=configmap namespace=tenant-2
[256/1000] action=create-rb ns=tenant-2 name=tenant-binding group=tenant-2 role=edit
[257/1000] action=cross-tenant-access context=tenant-2-user@kubernetes operation=watch resource=configmap namespace=tenant-1
[258/1000] action=create-clusterrole name=dev resources=secrets,services verbs=get,create,list
[259/1000] action=cross-tenant-access context=tenant-1-user@kubernetes operation=watch resource=configmap namespace=tenant-2
[260/1000] action=cross-tenant-access context=tenant-2-user@kubernetes operation=delete resource=configmap namespace=tenant-1
[261/1000] action=delete-crb name=foo-global-binding
[262/1000] action=create-clusterrole name=dev resources=configmaps,secrets verbs=create,list,watch
[263/1000] action=cross-tenant-access context=tenant-2-user@kubernetes operation=watch resource=configmap namespace=tenant-1
[264/1000] action=cross-tenant-access context=tenant-2-user@kubernetes operation=delete resource=configmap namespace=tenant-1
[265/1000] action=create-rb ns=tenant-1 name=tenant-binding group=tenant-1 role=view
[266/1000] action=cross-tenant-access context=tenant-1-user@kubernetes operation=get resource=configmap namespace=tenant-2
[267/1000] action=create-crb name=foo-global-binding group=tenant-2 role=dev
[268/1000] action=cross-tenant-access context=tenant-2-user@kubernetes operation=patch resource=configmap namespace=tenant-1
[269/1000] action=cross-tenant-access context=tenant-1-user@kubernetes operation=get resource=configmap namespace=tenant-2
[270/1000] action=create-rb ns=tenant-2 name=tenant-binding group=tenant-2 role=cluster-admin
[271/1000] action=create-rb ns=tenant-2 name=tenant-binding group=tenant-2 role=cluster-admin
[272/1000] action=cross-tenant-access context=tenant-2-user@kubernetes operation=patch resource=configmap namespace=tenant-1
[273/1000] action=delete-crb name=foo-global-binding
[274/1000] action=delete-crb name=foo-global-binding
[275/1000] action=create-rb ns=tenant-2 name=tenant-binding group=tenant-2 role=view
[276/1000] action=delete-crb name=foo-global-binding
[277/1000] action=delete-rb ns=tenant-2 name=tenant-binding
[278/1000] action=cross-tenant-access context=tenant-2-user@kubernetes operation=patch resource=configmap namespace=tenant-1
[279/1000] action=create-rb ns=tenant-1 name=tenant-binding group=tenant-1 role=view
[280/1000] action=cross-tenant-access context=tenant-2-user@kubernetes operation=delete resource=configmap namespace=tenant-1
[281/1000] action=cross-tenant-access context=tenant-2-user@kubernetes operation=delete resource=configmap namespace=tenant-1
[282/1000] action=cross-tenant-access context=tenant-1-user@kubernetes operation=delete resource=configmap namespace=tenant-2
[283/1000] action=delete-rb ns=tenant-2 name=tenant-binding
[284/1000] action=delete-rb ns=tenant-1 name=tenant-binding
[285/1000] action=cross-tenant-access context=tenant-2-user@kubernetes operation=delete resource=configmap namespace=tenant-1
[286/1000] action=delete-clusterrole name=dev
[287/1000] action=cross-tenant-access context=tenant-1-user@kubernetes operation=get resource=configmap namespace=tenant-2
[288/1000] action=cross-tenant-access context=tenant-2-user@kubernetes operation=delete resource=configmap namespace=tenant-1
[289/1000] action=delete-crb name=foo-global-binding
[290/1000] action=cross-tenant-access context=tenant-2-user@kubernetes operation=watch resource=configmap namespace=tenant-1
[291/1000] action=delete-rb ns=tenant-2 name=tenant-binding
[292/1000] action=cross-tenant-access context=tenant-1-user@kubernetes operation=watch resource=configmap namespace=tenant-2
[293/1000] action=cross-tenant-access context=tenant-2-user@kubernetes operation=patch resource=configmap namespace=tenant-1
[294/1000] action=cross-tenant-access context=tenant-2-user@kubernetes operation=list resource=configmap namespace=tenant-1
[295/1000] action=delete-clusterrole name=dev
[296/1000] action=delete-crb name=foo-global-binding
[297/1000] action=delete-rb ns=tenant-1 name=tenant-binding
[298/1000] action=cross-tenant-access context=tenant-1-user@kubernetes operation=get resource=configmap namespace=tenant-2
[299/1000] action=cross-tenant-access context=tenant-2-user@kubernetes operation=patch resource=configmap namespace=tenant-1
[300/1000] action=cross-tenant-access context=tenant-2-user@kubernetes operation=list resource=configmap namespace=tenant-1
[301/1000] action=create-clusterrole name=dev resources=configmaps,services verbs=watch,get,delete
[302/1000] action=create-clusterrole name=dev resources=pods,configmaps,services verbs=watch,delete
[303/1000] action=cross-tenant-access context=tenant-2-user@kubernetes operation=get resource=configmap namespace=tenant-1
[304/1000] action=create-rb ns=tenant-1 name=tenant-binding group=tenant-1 role=admin
[305/1000] action=delete-rb ns=tenant-1 name=tenant-binding
[306/1000] action=create-clusterrole name=dev resources=services,pods verbs=get,patch,deletecollection,list,watch
[307/1000] action=create-clusterrole name=dev resources=configmaps verbs=get,watch
[308/1000] action=delete-rb ns=tenant-1 name=tenant-binding
[309/1000] action=cross-tenant-access context=tenant-2-user@kubernetes operation=list resource=configmap namespace=tenant-1
[310/1000] action=delete-rb ns=tenant-1 name=tenant-binding
[311/1000] action=delete-crb name=foo-global-binding
[312/1000] action=create-crb name=foo-global-binding group=tenant-1 role=cluster-admin
[313/1000] action=cross-tenant-access context=tenant-2-user@kubernetes operation=get resource=configmap namespace=tenant-1
[314/1000] action=create-rb ns=tenant-2 name=tenant-binding group=tenant-2 role=dev
[315/1000] action=delete-rb ns=tenant-2 name=tenant-binding
[316/1000] action=create-rb ns=tenant-1 name=tenant-binding group=tenant-1 role=view
[317/1000] action=create-rb ns=tenant-2 name=tenant-binding group=tenant-2 role=edit
[318/1000] action=delete-rb ns=tenant-2 name=tenant-binding
[319/1000] action=cross-tenant-access context=tenant-1-user@kubernetes operation=list resource=configmap namespace=tenant-2
[320/1000] action=delete-clusterrole name=dev
[321/1000] action=delete-rb ns=tenant-2 name=tenant-binding
[322/1000] action=delete-rb ns=tenant-2 name=tenant-binding
[323/1000] action=cross-tenant-access context=tenant-2-user@kubernetes operation=watch resource=configmap namespace=tenant-1
[324/1000] action=cross-tenant-access context=tenant-2-user@kubernetes operation=patch resource=configmap namespace=tenant-1
[325/1000] action=create-crb name=foo-global-binding group=tenant-1 role=dev
[326/1000] action=create-rb ns=tenant-1 name=tenant-binding group=tenant-1 role=dev
[327/1000] action=create-clusterrole name=dev resources=configmaps,secrets,services verbs=delete,get,patch
[328/1000] action=cross-tenant-access context=tenant-1-user@kubernetes operation=list resource=configmap namespace=tenant-2
[329/1000] action=delete-clusterrole name=dev
[330/1000] action=create-clusterrole name=dev resources=services,secrets,pods verbs=watch,deletecollection,create,list,get
[331/1000] action=delete-rb ns=tenant-2 name=tenant-binding
[332/1000] action=cross-tenant-access context=tenant-2-user@kubernetes operation=patch resource=configmap namespace=tenant-1
[333/1000] action=cross-tenant-access context=tenant-2-user@kubernetes operation=get resource=configmap namespace=tenant-1
[334/1000] action=create-clusterrole name=dev resources=services,pods verbs=delete,watch
[335/1000] action=create-clusterrole name=dev resources=services,pods,configmaps verbs=update,deletecollection,create
[336/1000] action=delete-crb name=foo-global-binding
[337/1000] action=cross-tenant-access context=tenant-2-user@kubernetes operation=list resource=configmap namespace=tenant-1
[338/1000] action=delete-clusterrole name=dev
[339/1000] action=create-rb ns=tenant-1 name=tenant-binding group=tenant-1 role=edit
[340/1000] action=create-rb ns=tenant-2 name=tenant-binding group=tenant-2 role=cluster-admin
[341/1000] action=create-rb ns=tenant-2 name=tenant-binding group=tenant-2 role=edit
[342/1000] action=cross-tenant-access context=tenant-2-user@kubernetes operation=patch resource=configmap namespace=tenant-1
[343/1000] action=delete-rb ns=tenant-2 name=tenant-binding
[344/1000] action=delete-clusterrole name=dev
[345/1000] action=cross-tenant-access context=tenant-2-user@kubernetes operation=watch resource=configmap namespace=tenant-1
[346/1000] action=create-clusterrole name=dev resources=pods verbs=watch,deletecollection,create,update
[347/1000] action=create-crb name=foo-global-binding group=tenant-1 role=cluster-admin
[348/1000] action=delete-rb ns=tenant-2 name=tenant-binding
[349/1000] action=cross-tenant-access context=tenant-2-user@kubernetes operation=watch resource=configmap namespace=tenant-1
[350/1000] action=create-crb name=foo-global-binding group=tenant-1 role=view
[351/1000] action=create-clusterrole name=dev resources=pods,configmaps,services verbs=create
[352/1000] action=delete-rb ns=tenant-1 name=tenant-binding
[353/1000] action=create-rb ns=tenant-2 name=tenant-binding group=tenant-2 role=edit
[354/1000] action=delete-rb ns=tenant-2 name=tenant-binding
[355/1000] action=create-rb ns=tenant-2 name=tenant-binding group=tenant-2 role=view
[356/1000] action=cross-tenant-access context=tenant-1-user@kubernetes operation=get resource=configmap namespace=tenant-2
[357/1000] action=cross-tenant-access context=tenant-1-user@kubernetes operation=delete resource=configmap namespace=tenant-2
[358/1000] action=delete-rb ns=tenant-2 name=tenant-binding
[359/1000] action=cross-tenant-access context=tenant-2-user@kubernetes operation=get resource=configmap namespace=tenant-1
[360/1000] action=cross-tenant-access context=tenant-1-user@kubernetes operation=watch resource=configmap namespace=tenant-2
[361/1000] action=delete-rb ns=tenant-2 name=tenant-binding
[362/1000] action=cross-tenant-access context=tenant-2-user@kubernetes operation=delete resource=configmap namespace=tenant-1
[363/1000] action=create-rb ns=tenant-1 name=tenant-binding group=tenant-1 role=cluster-admin
[364/1000] action=cross-tenant-access context=tenant-1-user@kubernetes operation=delete resource=configmap namespace=tenant-2
[365/1000] action=cross-tenant-access context=tenant-2-user@kubernetes operation=patch resource=configmap namespace=tenant-1
[366/1000] action=create-clusterrole name=dev resources=configmaps,secrets verbs=delete,watch,update,patch,list
[367/1000] action=cross-tenant-access context=tenant-1-user@kubernetes operation=list resource=configmap namespace=tenant-2
[368/1000] action=cross-tenant-access context=tenant-1-user@kubernetes operation=get resource=configmap namespace=tenant-2
[369/1000] action=cross-tenant-access context=tenant-1-user@kubernetes operation=watch resource=configmap namespace=tenant-2
[370/1000] action=delete-rb ns=tenant-1 name=tenant-binding
[371/1000] action=delete-rb ns=tenant-1 name=tenant-binding
[372/1000] action=create-rb ns=tenant-1 name=tenant-binding group=tenant-1 role=cluster-admin
[373/1000] action=create-crb name=foo-global-binding group=tenant-2 role=admin
[374/1000] action=delete-rb ns=tenant-1 name=tenant-binding
[375/1000] action=create-rb ns=tenant-2 name=tenant-binding group=tenant-2 role=admin
[376/1000] action=cross-tenant-access context=tenant-1-user@kubernetes operation=list resource=configmap namespace=tenant-2
[377/1000] action=cross-tenant-access context=tenant-2-user@kubernetes operation=get resource=configmap namespace=tenant-1
[378/1000] action=create-clusterrole name=dev resources=services,secrets,configmaps verbs=create,delete
[379/1000] action=create-clusterrole name=dev resources=services,configmaps,pods verbs=create,patch,delete
[380/1000] action=create-crb name=foo-global-binding group=tenant-2 role=cluster-admin
[381/1000] action=create-rb ns=tenant-2 name=tenant-binding group=tenant-2 role=cluster-admin
[382/1000] action=cross-tenant-access context=tenant-2-user@kubernetes operation=delete resource=configmap namespace=tenant-1
[383/1000] action=cross-tenant-access context=tenant-2-user@kubernetes operation=delete resource=configmap namespace=tenant-1
[384/1000] action=cross-tenant-access context=tenant-2-user@kubernetes operation=watch resource=configmap namespace=tenant-1
[385/1000] action=create-rb ns=tenant-1 name=tenant-binding group=tenant-1 role=edit
[386/1000] action=create-clusterrole name=dev resources=configmaps,pods verbs=watch,create,update
[387/1000] action=create-rb ns=tenant-1 name=tenant-binding group=tenant-1 role=cluster-admin
[388/1000] action=create-rb ns=tenant-2 name=tenant-binding group=tenant-2 role=dev
[389/1000] action=cross-tenant-access context=tenant-1-user@kubernetes operation=get resource=configmap namespace=tenant-2
[390/1000] action=create-clusterrole name=dev resources=pods,services verbs=deletecollection
[391/1000] action=delete-clusterrole name=dev
[392/1000] action=create-rb ns=tenant-1 name=tenant-binding group=tenant-1 role=edit
[393/1000] action=delete-crb name=foo-global-binding
[394/1000] action=delete-rb ns=tenant-1 name=tenant-binding
[395/1000] action=cross-tenant-access context=tenant-1-user@kubernetes operation=list resource=configmap namespace=tenant-2
[396/1000] action=cross-tenant-access context=tenant-2-user@kubernetes operation=watch resource=configmap namespace=tenant-1
[397/1000] action=create-clusterrole name=dev resources=configmaps verbs=list,watch,create,patch
[398/1000] action=delete-clusterrole name=dev
[399/1000] action=cross-tenant-access context=tenant-1-user@kubernetes operation=list resource=configmap namespace=tenant-2
[400/1000] action=cross-tenant-access context=tenant-1-user@kubernetes operation=patch resource=configmap namespace=tenant-2
[401/1000] action=cross-tenant-access context=tenant-1-user@kubernetes operation=delete resource=configmap namespace=tenant-2
[402/1000] action=cross-tenant-access context=tenant-1-user@kubernetes operation=list resource=configmap namespace=tenant-2
[403/1000] action=cross-tenant-access context=tenant-1-user@kubernetes operation=watch resource=configmap namespace=tenant-2
[404/1000] action=cross-tenant-access context=tenant-1-user@kubernetes operation=get resource=configmap namespace=tenant-2
[405/1000] action=create-clusterrole name=dev resources=secrets,services,configmaps verbs=delete,list,patch,create
[406/1000] action=delete-rb ns=tenant-1 name=tenant-binding
[407/1000] action=cross-tenant-access context=tenant-1-user@kubernetes operation=patch resource=configmap namespace=tenant-2
[408/1000] action=create-clusterrole name=dev resources=pods verbs=list,create,update,watch,patch
[409/1000] action=delete-rb ns=tenant-2 name=tenant-binding
[410/1000] action=delete-rb ns=tenant-1 name=tenant-binding
[411/1000] action=delete-rb ns=tenant-2 name=tenant-binding
[412/1000] action=delete-rb ns=tenant-1 name=tenant-binding
[413/1000] action=cross-tenant-access context=tenant-1-user@kubernetes operation=watch resource=configmap namespace=tenant-2
[414/1000] action=cross-tenant-access context=tenant-2-user@kubernetes operation=watch resource=configmap namespace=tenant-1
[415/1000] action=create-rb ns=tenant-2 name=tenant-binding group=tenant-2 role=edit
[416/1000] action=create-crb name=foo-global-binding group=tenant-2 role=edit
[417/1000] action=create-rb ns=tenant-2 name=tenant-binding group=tenant-2 role=dev
[418/1000] action=cross-tenant-access context=tenant-1-user@kubernetes operation=patch resource=configmap namespace=tenant-2
[419/1000] action=delete-rb ns=tenant-1 name=tenant-binding
[420/1000] action=delete-rb ns=tenant-2 name=tenant-binding
[421/1000] action=create-rb ns=tenant-1 name=tenant-binding group=tenant-1 role=view
[422/1000] action=create-clusterrole name=dev resources=services,configmaps,secrets verbs=create
[423/1000] action=create-clusterrole name=dev resources=secrets verbs=patch,deletecollection,delete,list,create
[424/1000] action=create-rb ns=tenant-2 name=tenant-binding group=tenant-2 role=dev
[425/1000] action=cross-tenant-access context=tenant-2-user@kubernetes operation=patch resource=configmap namespace=tenant-1
[426/1000] action=cross-tenant-access context=tenant-2-user@kubernetes operation=delete resource=configmap namespace=tenant-1
[427/1000] action=create-rb ns=tenant-2 name=tenant-binding group=tenant-2 role=cluster-admin
[428/1000] action=create-rb ns=tenant-1 name=tenant-binding group=tenant-1 role=cluster-admin
[429/1000] action=cross-tenant-access context=tenant-1-user@kubernetes operation=list resource=configmap namespace=tenant-2
[430/1000] action=cross-tenant-access context=tenant-2-user@kubernetes operation=get resource=configmap namespace=tenant-1
[431/1000] action=create-rb ns=tenant-2 name=tenant-binding group=tenant-2 role=edit
[432/1000] action=cross-tenant-access context=tenant-2-user@kubernetes operation=get resource=configmap namespace=tenant-1
[433/1000] action=create-clusterrole name=dev resources=configmaps,secrets,pods verbs=deletecollection,patch,list,delete,watch
[434/1000] action=create-clusterrole name=dev resources=pods verbs=create,get
[435/1000] action=create-rb ns=tenant-2 name=tenant-binding group=tenant-2 role=edit
[436/1000] action=delete-clusterrole name=dev
[437/1000] action=delete-rb ns=tenant-2 name=tenant-binding
[438/1000] action=delete-crb name=foo-global-binding
[439/1000] action=cross-tenant-access context=tenant-1-user@kubernetes operation=delete resource=configmap namespace=tenant-2
[440/1000] action=cross-tenant-access context=tenant-2-user@kubernetes operation=delete resource=configmap namespace=tenant-1
[441/1000] action=delete-crb name=foo-global-binding
[442/1000] action=create-rb ns=tenant-1 name=tenant-binding group=tenant-1 role=cluster-admin
[443/1000] action=create-clusterrole name=dev resources=services,configmaps,pods verbs=patch,update,deletecollection
[444/1000] action=cross-tenant-access context=tenant-2-user@kubernetes operation=get resource=configmap namespace=tenant-1
[445/1000] action=cross-tenant-access context=tenant-1-user@kubernetes operation=patch resource=configmap namespace=tenant-2
[446/1000] action=delete-rb ns=tenant-2 name=tenant-binding
[447/1000] action=cross-tenant-access context=tenant-2-user@kubernetes operation=delete resource=configmap namespace=tenant-1
[448/1000] action=delete-clusterrole name=dev
[449/1000] action=cross-tenant-access context=tenant-1-user@kubernetes operation=list resource=configmap namespace=tenant-2
[450/1000] action=cross-tenant-access context=tenant-1-user@kubernetes operation=delete resource=configmap namespace=tenant-2
[451/1000] action=cross-tenant-access context=tenant-1-user@kubernetes operation=list resource=configmap namespace=tenant-2
[452/1000] action=create-clusterrole name=dev resources=services verbs=deletecollection,watch,list
[453/1000] action=cross-tenant-access context=tenant-1-user@kubernetes operation=patch resource=configmap namespace=tenant-2
[454/1000] action=cross-tenant-access context=tenant-1-user@kubernetes operation=get resource=configmap namespace=tenant-2
[455/1000] action=delete-rb ns=tenant-1 name=tenant-binding
[456/1000] action=cross-tenant-access context=tenant-2-user@kubernetes operation=delete resource=configmap namespace=tenant-1
[457/1000] action=cross-tenant-access context=tenant-1-user@kubernetes operation=patch resource=configmap namespace=tenant-2
[458/1000] action=cross-tenant-access context=tenant-2-user@kubernetes operation=list resource=configmap namespace=tenant-1
[459/1000] action=delete-rb ns=tenant-1 name=tenant-binding
[460/1000] action=cross-tenant-access context=tenant-1-user@kubernetes operation=delete resource=configmap namespace=tenant-2
[461/1000] action=delete-clusterrole name=dev
[462/1000] action=delete-rb ns=tenant-1 name=tenant-binding
[463/1000] action=delete-crb name=foo-global-binding
[464/1000] action=cross-tenant-access context=tenant-1-user@kubernetes operation=list resource=configmap namespace=tenant-2
[465/1000] action=cross-tenant-access context=tenant-1-user@kubernetes operation=get resource=configmap namespace=tenant-2
[466/1000] action=delete-crb name=foo-global-binding
[467/1000] action=cross-tenant-access context=tenant-2-user@kubernetes operation=watch resource=configmap namespace=tenant-1
[468/1000] action=create-rb ns=tenant-1 name=tenant-binding group=tenant-1 role=admin
[469/1000] action=create-crb name=foo-global-binding group=tenant-1 role=admin
[470/1000] action=cross-tenant-access context=tenant-1-user@kubernetes operation=watch resource=configmap namespace=tenant-2
[471/1000] action=delete-crb name=foo-global-binding
[472/1000] action=cross-tenant-access context=tenant-1-user@kubernetes operation=delete resource=configmap namespace=tenant-2
[473/1000] action=delete-rb ns=tenant-2 name=tenant-binding
[474/1000] action=delete-rb ns=tenant-2 name=tenant-binding
[475/1000] action=cross-tenant-access context=tenant-1-user@kubernetes operation=list resource=configmap namespace=tenant-2
[476/1000] action=cross-tenant-access context=tenant-2-user@kubernetes operation=get resource=configmap namespace=tenant-1
[477/1000] action=delete-crb name=foo-global-binding
[478/1000] action=create-rb ns=tenant-1 name=tenant-binding group=tenant-1 role=edit
[479/1000] action=create-rb ns=tenant-1 name=tenant-binding group=tenant-1 role=edit
[480/1000] action=cross-tenant-access context=tenant-1-user@kubernetes operation=get resource=configmap namespace=tenant-2
[481/1000] action=create-rb ns=tenant-2 name=tenant-binding group=tenant-2 role=dev
[482/1000] action=cross-tenant-access context=tenant-1-user@kubernetes operation=get resource=configmap namespace=tenant-2
[483/1000] action=delete-rb ns=tenant-1 name=tenant-binding
[484/1000] action=cross-tenant-access context=tenant-2-user@kubernetes operation=delete resource=configmap namespace=tenant-1
[485/1000] action=delete-rb ns=tenant-1 name=tenant-binding
[486/1000] action=create-rb ns=tenant-2 name=tenant-binding group=tenant-2 role=dev
[487/1000] action=cross-tenant-access context=tenant-1-user@kubernetes operation=list resource=configmap namespace=tenant-2
[488/1000] action=delete-crb name=foo-global-binding
[489/1000] action=cross-tenant-access context=tenant-1-user@kubernetes operation=patch resource=configmap namespace=tenant-2
[490/1000] action=cross-tenant-access context=tenant-1-user@kubernetes operation=get resource=configmap namespace=tenant-2
[491/1000] action=cross-tenant-access context=tenant-1-user@kubernetes operation=get resource=configmap namespace=tenant-2
[492/1000] action=create-clusterrole name=dev resources=services,pods,secrets verbs=deletecollection,watch
[493/1000] action=cross-tenant-access context=tenant-2-user@kubernetes operation=list resource=configmap namespace=tenant-1
[494/1000] action=create-crb name=foo-global-binding group=tenant-2 role=edit
[495/1000] action=cross-tenant-access context=tenant-2-user@kubernetes operation=delete resource=configmap namespace=tenant-1
[496/1000] action=cross-tenant-access context=tenant-1-user@kubernetes operation=delete resource=configmap namespace=tenant-2
[497/1000] action=cross-tenant-access context=tenant-1-user@kubernetes operation=list resource=configmap namespace=tenant-2
[498/1000] action=cross-tenant-access context=tenant-2-user@kubernetes operation=watch resource=configmap namespace=tenant-1
[499/1000] action=create-crb name=foo-global-binding group=tenant-1 role=edit
[500/1000] action=cross-tenant-access context=tenant-1-user@kubernetes operation=delete resource=configmap namespace=tenant-2
[501/1000] action=delete-rb ns=tenant-1 name=tenant-binding
[502/1000] action=cross-tenant-access context=tenant-1-user@kubernetes operation=watch resource=configmap namespace=tenant-2
[503/1000] action=delete-rb ns=tenant-1 name=tenant-binding
[504/1000] action=delete-rb ns=tenant-1 name=tenant-binding
[505/1000] action=delete-crb name=foo-global-binding
[506/1000] action=create-rb ns=tenant-1 name=tenant-binding group=tenant-1 role=admin
[507/1000] action=delete-rb ns=tenant-1 name=tenant-binding
[508/1000] action=create-rb ns=tenant-2 name=tenant-binding group=tenant-2 role=admin
[509/1000] action=delete-crb name=foo-global-binding
[510/1000] action=delete-rb ns=tenant-1 name=tenant-binding
[511/1000] action=create-clusterrole name=dev resources=pods,services,secrets verbs=watch,create,get,list
[512/1000] action=cross-tenant-access context=tenant-1-user@kubernetes operation=watch resource=configmap namespace=tenant-2
[513/1000] action=create-clusterrole name=dev resources=pods verbs=delete,get,list
[514/1000] action=delete-crb name=foo-global-binding
[515/1000] action=delete-clusterrole name=dev
[516/1000] action=delete-crb name=foo-global-binding
[517/1000] action=cross-tenant-access context=tenant-2-user@kubernetes operation=watch resource=configmap namespace=tenant-1
[518/1000] action=create-rb ns=tenant-1 name=tenant-binding group=tenant-1 role=cluster-admin
[519/1000] action=create-rb ns=tenant-1 name=tenant-binding group=tenant-1 role=cluster-admin
[520/1000] action=cross-tenant-access context=tenant-2-user@kubernetes operation=watch resource=configmap namespace=tenant-1
[521/1000] action=delete-clusterrole name=dev
[522/1000] action=create-rb ns=tenant-2 name=tenant-binding group=tenant-2 role=cluster-admin
[523/1000] action=cross-tenant-access context=tenant-1-user@kubernetes operation=get resource=configmap namespace=tenant-2
[524/1000] action=create-crb name=foo-global-binding group=tenant-1 role=view
[525/1000] action=cross-tenant-access context=tenant-2-user@kubernetes operation=list resource=configmap namespace=tenant-1
[526/1000] action=cross-tenant-access context=tenant-1-user@kubernetes operation=get resource=configmap namespace=tenant-2
[527/1000] action=cross-tenant-access context=tenant-1-user@kubernetes operation=watch resource=configmap namespace=tenant-2
[528/1000] action=delete-crb name=foo-global-binding
[529/1000] action=create-crb name=foo-global-binding group=tenant-2 role=admin
[530/1000] action=create-rb ns=tenant-1 name=tenant-binding group=tenant-1 role=view
[531/1000] action=delete-rb ns=tenant-2 name=tenant-binding
[532/1000] action=delete-rb ns=tenant-1 name=tenant-binding
[533/1000] action=create-clusterrole name=dev resources=configmaps verbs=watch,update,create,delete,get
[534/1000] action=delete-clusterrole name=dev
[535/1000] action=delete-rb ns=tenant-2 name=tenant-binding
[536/1000] action=delete-crb name=foo-global-binding
[537/1000] action=create-rb ns=tenant-1 name=tenant-binding group=tenant-1 role=admin
[538/1000] action=cross-tenant-access context=tenant-2-user@kubernetes operation=watch resource=configmap namespace=tenant-1
[539/1000] action=delete-rb ns=tenant-1 name=tenant-binding
[540/1000] action=create-crb name=foo-global-binding group=tenant-1 role=admin
[541/1000] action=delete-rb ns=tenant-1 name=tenant-binding
[542/1000] action=create-rb ns=tenant-2 name=tenant-binding group=tenant-2 role=view
[543/1000] action=cross-tenant-access context=tenant-1-user@kubernetes operation=get resource=configmap namespace=tenant-2
[544/1000] action=create-clusterrole name=dev resources=pods,services,configmaps verbs=create
[545/1000] action=cross-tenant-access context=tenant-2-user@kubernetes operation=patch resource=configmap namespace=tenant-1
[546/1000] action=create-rb ns=tenant-1 name=tenant-binding group=tenant-1 role=view
[547/1000] action=cross-tenant-access context=tenant-2-user@kubernetes operation=get resource=configmap namespace=tenant-1
[548/1000] action=create-rb ns=tenant-2 name=tenant-binding group=tenant-2 role=dev
[549/1000] action=create-rb ns=tenant-1 name=tenant-binding group=tenant-1 role=edit
[550/1000] action=cross-tenant-access context=tenant-1-user@kubernetes operation=patch resource=configmap namespace=tenant-2
[551/1000] action=delete-clusterrole name=dev
[552/1000] action=delete-crb name=foo-global-binding
[553/1000] action=create-rb ns=tenant-1 name=tenant-binding group=tenant-1 role=dev
[554/1000] action=delete-crb name=foo-global-binding
[555/1000] action=delete-crb name=foo-global-binding
[556/1000] action=delete-crb name=foo-global-binding
[557/1000] action=cross-tenant-access context=tenant-1-user@kubernetes operation=patch resource=configmap namespace=tenant-2
[558/1000] action=cross-tenant-access context=tenant-2-user@kubernetes operation=patch resource=configmap namespace=tenant-1
[559/1000] action=cross-tenant-access context=tenant-1-user@kubernetes operation=patch resource=configmap namespace=tenant-2
[560/1000] action=create-crb name=foo-global-binding group=tenant-1 role=edit
[561/1000] action=delete-clusterrole name=dev
[562/1000] action=create-rb ns=tenant-1 name=tenant-binding group=tenant-1 role=cluster-admin
[563/1000] action=create-rb ns=tenant-1 name=tenant-binding group=tenant-1 role=dev
[564/1000] action=cross-tenant-access context=tenant-2-user@kubernetes operation=patch resource=configmap namespace=tenant-1
[565/1000] action=create-clusterrole name=dev resources=secrets,pods,services verbs=patch,list,delete,update,get
[566/1000] action=create-rb ns=tenant-2 name=tenant-binding group=tenant-2 role=cluster-admin
[567/1000] action=delete-crb name=foo-global-binding
[568/1000] action=create-crb name=foo-global-binding group=tenant-1 role=view
[569/1000] action=cross-tenant-access context=tenant-1-user@kubernetes operation=get resource=configmap namespace=tenant-2
[570/1000] action=cross-tenant-access context=tenant-1-user@kubernetes operation=delete resource=configmap namespace=tenant-2
[571/1000] action=create-clusterrole name=dev resources=pods,configmaps,services verbs=create,list,get
[572/1000] action=create-clusterrole name=dev resources=services,pods verbs=create,get,patch,delete
[573/1000] action=delete-crb name=foo-global-binding
[574/1000] action=delete-crb name=foo-global-binding
[575/1000] action=create-rb ns=tenant-2 name=tenant-binding group=tenant-2 role=view
[576/1000] action=cross-tenant-access context=tenant-1-user@kubernetes operation=get resource=configmap namespace=tenant-2
[577/1000] action=delete-rb ns=tenant-2 name=tenant-binding
[578/1000] action=cross-tenant-access context=tenant-2-user@kubernetes operation=watch resource=configmap namespace=tenant-1
[579/1000] action=create-clusterrole name=dev resources=services,pods verbs=update
[580/1000] action=cross-tenant-access context=tenant-1-user@kubernetes operation=list resource=configmap namespace=tenant-2
[581/1000] action=create-clusterrole name=dev resources=secrets verbs=update,deletecollection,delete,list
[582/1000] action=create-clusterrole name=dev resources=secrets,pods verbs=delete,create,patch
[583/1000] action=delete-rb ns=tenant-2 name=tenant-binding
[584/1000] action=cross-tenant-access context=tenant-1-user@kubernetes operation=watch resource=configmap namespace=tenant-2
[585/1000] action=create-crb name=foo-global-binding group=tenant-2 role=dev
[586/1000] action=delete-crb name=foo-global-binding
[587/1000] action=delete-rb ns=tenant-2 name=tenant-binding
[588/1000] action=delete-clusterrole name=dev
[589/1000] action=cross-tenant-access context=tenant-2-user@kubernetes operation=watch resource=configmap namespace=tenant-1
[590/1000] action=create-clusterrole name=dev resources=configmaps,secrets,pods verbs=patch,deletecollection,create
[591/1000] action=cross-tenant-access context=tenant-2-user@kubernetes operation=watch resource=configmap namespace=tenant-1
[592/1000] action=create-clusterrole name=dev resources=configmaps,pods,services verbs=create
[593/1000] action=create-crb name=foo-global-binding group=tenant-1 role=dev
[594/1000] action=cross-tenant-access context=tenant-2-user@kubernetes operation=watch resource=configmap namespace=tenant-1
[595/1000] action=create-rb ns=tenant-1 name=tenant-binding group=tenant-1 role=view
[596/1000] action=cross-tenant-access context=tenant-1-user@kubernetes operation=list resource=configmap namespace=tenant-2
[597/1000] action=delete-crb name=foo-global-binding
[598/1000] action=create-crb name=foo-global-binding group=tenant-2 role=dev
[599/1000] action=cross-tenant-access context=tenant-1-user@kubernetes operation=watch resource=configmap namespace=tenant-2
[600/1000] action=cross-tenant-access context=tenant-1-user@kubernetes operation=list resource=configmap namespace=tenant-2
[601/1000] action=cross-tenant-access context=tenant-2-user@kubernetes operation=list resource=configmap namespace=tenant-1
[602/1000] action=create-rb ns=tenant-2 name=tenant-binding group=tenant-2 role=view
[603/1000] action=create-rb ns=tenant-1 name=tenant-binding group=tenant-1 role=admin
[604/1000] action=cross-tenant-access context=tenant-2-user@kubernetes operation=delete resource=configmap namespace=tenant-1
[605/1000] action=create-crb name=foo-global-binding group=tenant-1 role=admin
[606/1000] action=cross-tenant-access context=tenant-2-user@kubernetes operation=watch resource=configmap namespace=tenant-1
[607/1000] action=cross-tenant-access context=tenant-2-user@kubernetes operation=delete resource=configmap namespace=tenant-1
[608/1000] action=delete-rb ns=tenant-2 name=tenant-binding
[609/1000] action=create-rb ns=tenant-2 name=tenant-binding group=tenant-2 role=view
[610/1000] action=delete-clusterrole name=dev
[611/1000] action=cross-tenant-access context=tenant-1-user@kubernetes operation=watch resource=configmap namespace=tenant-2
[612/1000] action=delete-clusterrole name=dev
[613/1000] action=delete-clusterrole name=dev
[614/1000] action=cross-tenant-access context=tenant-2-user@kubernetes operation=delete resource=configmap namespace=tenant-1
[615/1000] action=delete-rb ns=tenant-1 name=tenant-binding
[616/1000] action=create-clusterrole name=dev resources=secrets,pods verbs=watch,create,get
[617/1000] action=delete-clusterrole name=dev
[618/1000] action=create-rb ns=tenant-2 name=tenant-binding group=tenant-2 role=view
[619/1000] action=delete-rb ns=tenant-2 name=tenant-binding
[620/1000] action=create-rb ns=tenant-1 name=tenant-binding group=tenant-1 role=view
[621/1000] action=cross-tenant-access context=tenant-2-user@kubernetes operation=get resource=configmap namespace=tenant-1
[622/1000] action=cross-tenant-access context=tenant-2-user@kubernetes operation=watch resource=configmap namespace=tenant-1
[623/1000] action=cross-tenant-access context=tenant-2-user@kubernetes operation=delete resource=configmap namespace=tenant-1
[624/1000] action=cross-tenant-access context=tenant-2-user@kubernetes operation=list resource=configmap namespace=tenant-1
[625/1000] action=cross-tenant-access context=tenant-1-user@kubernetes operation=watch resource=configmap namespace=tenant-2
[626/1000] action=create-crb name=foo-global-binding group=tenant-1 role=cluster-admin
[627/1000] action=delete-rb ns=tenant-1 name=tenant-binding
[628/1000] action=delete-clusterrole name=dev
[629/1000] action=create-crb name=foo-global-binding group=tenant-1 role=cluster-admin
[630/1000] action=create-rb ns=tenant-2 name=tenant-binding group=tenant-2 role=view
[631/1000] action=create-rb ns=tenant-2 name=tenant-binding group=tenant-2 role=edit
[632/1000] action=delete-crb name=foo-global-binding
[633/1000] action=create-rb ns=tenant-2 name=tenant-binding group=tenant-2 role=cluster-admin
[634/1000] action=delete-rb ns=tenant-1 name=tenant-binding
[635/1000] action=create-clusterrole name=dev resources=pods,configmaps verbs=patch,get
[636/1000] action=create-rb ns=tenant-1 name=tenant-binding group=tenant-1 role=admin
[637/1000] action=delete-clusterrole name=dev
[638/1000] action=create-clusterrole name=dev resources=pods,services,secrets verbs=deletecollection,patch,create
[639/1000] action=create-clusterrole name=dev resources=configmaps,pods verbs=delete,list,create,deletecollection
[640/1000] action=delete-clusterrole name=dev
[641/1000] action=create-clusterrole name=dev resources=services,pods verbs=create,get,delete,patch
[642/1000] action=create-rb ns=tenant-2 name=tenant-binding group=tenant-2 role=dev
[643/1000] action=delete-crb name=foo-global-binding
[644/1000] action=cross-tenant-access context=tenant-1-user@kubernetes operation=watch resource=configmap namespace=tenant-2
[645/1000] action=cross-tenant-access context=tenant-2-user@kubernetes operation=get resource=configmap namespace=tenant-1
[646/1000] action=create-rb ns=tenant-2 name=tenant-binding group=tenant-2 role=dev
[647/1000] action=cross-tenant-access context=tenant-1-user@kubernetes operation=watch resource=configmap namespace=tenant-2
[648/1000] action=delete-clusterrole name=dev
[649/1000] action=create-rb ns=tenant-2 name=tenant-binding group=tenant-2 role=cluster-admin
[650/1000] action=cross-tenant-access context=tenant-2-user@kubernetes operation=patch resource=configmap namespace=tenant-1
[651/1000] action=delete-rb ns=tenant-2 name=tenant-binding
[652/1000] action=delete-crb name=foo-global-binding
[653/1000] action=cross-tenant-access context=tenant-1-user@kubernetes operation=watch resource=configmap namespace=tenant-2
[654/1000] action=delete-clusterrole name=dev
[655/1000] action=delete-rb ns=tenant-1 name=tenant-binding
[656/1000] action=create-crb name=foo-global-binding group=tenant-2 role=dev
[657/1000] action=create-clusterrole name=dev resources=configmaps verbs=deletecollection,get,list,watch,patch
[658/1000] action=cross-tenant-access context=tenant-1-user@kubernetes operation=delete resource=configmap namespace=tenant-2
[659/1000] action=cross-tenant-access context=tenant-2-user@kubernetes operation=watch resource=configmap namespace=tenant-1
[660/1000] action=delete-rb ns=tenant-2 name=tenant-binding
[661/1000] action=create-crb name=foo-global-binding group=tenant-2 role=edit
[662/1000] action=create-rb ns=tenant-2 name=tenant-binding group=tenant-2 role=view
[663/1000] action=create-rb ns=tenant-2 name=tenant-binding group=tenant-2 role=edit
[664/1000] action=create-rb ns=tenant-2 name=tenant-binding group=tenant-2 role=dev
[665/1000] action=delete-rb ns=tenant-2 name=tenant-binding
[666/1000] action=cross-tenant-access context=tenant-2-user@kubernetes operation=patch resource=configmap namespace=tenant-1
[667/1000] action=create-crb name=foo-global-binding group=tenant-2 role=cluster-admin
[668/1000] action=cross-tenant-access context=tenant-1-user@kubernetes operation=get resource=configmap namespace=tenant-2
[669/1000] action=create-rb ns=tenant-1 name=tenant-binding group=tenant-1 role=admin
[670/1000] action=create-crb name=foo-global-binding group=tenant-2 role=admin
[671/1000] action=create-clusterrole name=dev resources=pods,services,secrets verbs=create,deletecollection,list,get,delete
[672/1000] action=create-crb name=foo-global-binding group=tenant-2 role=view
[673/1000] action=create-rb ns=tenant-2 name=tenant-binding group=tenant-2 role=dev
[674/1000] action=cross-tenant-access context=tenant-1-user@kubernetes operation=list resource=configmap namespace=tenant-2
[675/1000] action=cross-tenant-access context=tenant-2-user@kubernetes operation=list resource=configmap namespace=tenant-1
[676/1000] action=delete-rb ns=tenant-2 name=tenant-binding
[677/1000] action=cross-tenant-access context=tenant-2-user@kubernetes operation=watch resource=configmap namespace=tenant-1
[678/1000] action=cross-tenant-access context=tenant-1-user@kubernetes operation=patch resource=configmap namespace=tenant-2
[679/1000] action=cross-tenant-access context=tenant-2-user@kubernetes operation=watch resource=configmap namespace=tenant-1
[680/1000] action=cross-tenant-access context=tenant-2-user@kubernetes operation=delete resource=configmap namespace=tenant-1
[681/1000] action=cross-tenant-access context=tenant-2-user@kubernetes operation=get resource=configmap namespace=tenant-1
[682/1000] action=delete-clusterrole name=dev
[683/1000] action=create-rb ns=tenant-2 name=tenant-binding group=tenant-2 role=admin
[684/1000] action=delete-rb ns=tenant-1 name=tenant-binding
[685/1000] action=create-rb ns=tenant-1 name=tenant-binding group=tenant-1 role=cluster-admin
[686/1000] action=cross-tenant-access context=tenant-1-user@kubernetes operation=list resource=configmap namespace=tenant-2
[687/1000] action=create-rb ns=tenant-2 name=tenant-binding group=tenant-2 role=cluster-admin
[688/1000] action=create-rb ns=tenant-1 name=tenant-binding group=tenant-1 role=edit
[689/1000] action=create-crb name=foo-global-binding group=tenant-2 role=admin
[690/1000] action=create-rb ns=tenant-1 name=tenant-binding group=tenant-1 role=admin
[691/1000] action=cross-tenant-access context=tenant-2-user@kubernetes operation=delete resource=configmap namespace=tenant-1
[692/1000] action=delete-rb ns=tenant-1 name=tenant-binding
[693/1000] action=create-rb ns=tenant-1 name=tenant-binding group=tenant-1 role=cluster-admin
[694/1000] action=cross-tenant-access context=tenant-1-user@kubernetes operation=watch resource=configmap namespace=tenant-2
[695/1000] action=create-rb ns=tenant-2 name=tenant-binding group=tenant-2 role=cluster-admin
[696/1000] action=create-clusterrole name=dev resources=services,pods,secrets verbs=create
[697/1000] action=cross-tenant-access context=tenant-2-user@kubernetes operation=get resource=configmap namespace=tenant-1
[698/1000] action=delete-clusterrole name=dev
[699/1000] action=create-rb ns=tenant-1 name=tenant-binding group=tenant-1 role=view
[700/1000] action=delete-rb ns=tenant-2 name=tenant-binding
[701/1000] action=create-rb ns=tenant-2 name=tenant-binding group=tenant-2 role=admin
[702/1000] action=cross-tenant-access context=tenant-1-user@kubernetes operation=list resource=configmap namespace=tenant-2
[703/1000] action=cross-tenant-access context=tenant-2-user@kubernetes operation=watch resource=configmap namespace=tenant-1
[704/1000] action=cross-tenant-access context=tenant-1-user@kubernetes operation=get resource=configmap namespace=tenant-2
[705/1000] action=delete-rb ns=tenant-1 name=tenant-binding
[706/1000] action=delete-rb ns=tenant-2 name=tenant-binding
[707/1000] action=create-crb name=foo-global-binding group=tenant-1 role=admin
[708/1000] action=cross-tenant-access context=tenant-1-user@kubernetes operation=get resource=configmap namespace=tenant-2
[709/1000] action=cross-tenant-access context=tenant-1-user@kubernetes operation=delete resource=configmap namespace=tenant-2
[710/1000] action=create-rb ns=tenant-1 name=tenant-binding group=tenant-1 role=admin
[711/1000] action=create-clusterrole name=dev resources=secrets verbs=create,list,get,patch
[712/1000] action=delete-crb name=foo-global-binding
[713/1000] action=create-rb ns=tenant-2 name=tenant-binding group=tenant-2 role=view
[714/1000] action=cross-tenant-access context=tenant-2-user@kubernetes operation=list resource=configmap namespace=tenant-1
[715/1000] action=delete-rb ns=tenant-1 name=tenant-binding
[716/1000] action=create-rb ns=tenant-1 name=tenant-binding group=tenant-1 role=admin
[717/1000] action=create-clusterrole name=dev resources=services verbs=deletecollection,update,get,patch,delete
[718/1000] action=cross-tenant-access context=tenant-1-user@kubernetes operation=get resource=configmap namespace=tenant-2
[719/1000] action=cross-tenant-access context=tenant-1-user@kubernetes operation=watch resource=configmap namespace=tenant-2
[720/1000] action=delete-crb name=foo-global-binding
[721/1000] action=cross-tenant-access context=tenant-1-user@kubernetes operation=watch resource=configmap namespace=tenant-2
[722/1000] action=delete-rb ns=tenant-2 name=tenant-binding
[723/1000] action=create-clusterrole name=dev resources=configmaps,services verbs=update,delete,watch,create
[724/1000] action=create-rb ns=tenant-2 name=tenant-binding group=tenant-2 role=view
[725/1000] action=create-rb ns=tenant-2 name=tenant-binding group=tenant-2 role=edit
[726/1000] action=create-clusterrole name=dev resources=pods verbs=update,get,watch,patch,create
[727/1000] action=cross-tenant-access context=tenant-1-user@kubernetes operation=list resource=configmap namespace=tenant-2
[728/1000] action=cross-tenant-access context=tenant-1-user@kubernetes operation=watch resource=configmap namespace=tenant-2
[729/1000] action=delete-clusterrole name=dev
[730/1000] action=create-crb name=foo-global-binding group=tenant-2 role=admin
[731/1000] action=delete-clusterrole name=dev
[732/1000] action=delete-crb name=foo-global-binding
[733/1000] action=create-rb ns=tenant-2 name=tenant-binding group=tenant-2 role=cluster-admin
[734/1000] action=delete-crb name=foo-global-binding
[735/1000] action=delete-clusterrole name=dev
[736/1000] action=create-clusterrole name=dev resources=services,secrets verbs=deletecollection
[737/1000] action=cross-tenant-access context=tenant-1-user@kubernetes operation=watch resource=configmap namespace=tenant-2
[738/1000] action=create-crb name=foo-global-binding group=tenant-2 role=dev
[739/1000] action=create-rb ns=tenant-1 name=tenant-binding group=tenant-1 role=cluster-admin
[740/1000] action=cross-tenant-access context=tenant-1-user@kubernetes operation=delete resource=configmap namespace=tenant-2
[741/1000] action=cross-tenant-access context=tenant-2-user@kubernetes operation=watch resource=configmap namespace=tenant-1
[742/1000] action=create-crb name=foo-global-binding group=tenant-2 role=edit
[743/1000] action=create-rb ns=tenant-1 name=tenant-binding group=tenant-1 role=edit
[744/1000] action=create-rb ns=tenant-2 name=tenant-binding group=tenant-2 role=dev
[745/1000] action=delete-crb name=foo-global-binding
[746/1000] action=cross-tenant-access context=tenant-1-user@kubernetes operation=patch resource=configmap namespace=tenant-2
[747/1000] action=delete-rb ns=tenant-2 name=tenant-binding
[748/1000] action=create-rb ns=tenant-1 name=tenant-binding group=tenant-1 role=cluster-admin
[749/1000] action=delete-rb ns=tenant-1 name=tenant-binding
[750/1000] action=cross-tenant-access context=tenant-1-user@kubernetes operation=get resource=configmap namespace=tenant-2
[751/1000] action=delete-rb ns=tenant-2 name=tenant-binding
[752/1000] action=create-crb name=foo-global-binding group=tenant-2 role=admin
[753/1000] action=cross-tenant-access context=tenant-2-user@kubernetes operation=watch resource=configmap namespace=tenant-1
[754/1000] action=cross-tenant-access context=tenant-1-user@kubernetes operation=watch resource=configmap namespace=tenant-2
[755/1000] action=cross-tenant-access context=tenant-2-user@kubernetes operation=watch resource=configmap namespace=tenant-1
[756/1000] action=cross-tenant-access context=tenant-2-user@kubernetes operation=get resource=configmap namespace=tenant-1
[757/1000] action=create-crb name=foo-global-binding group=tenant-1 role=view
[758/1000] action=cross-tenant-access context=tenant-1-user@kubernetes operation=list resource=configmap namespace=tenant-2
[759/1000] action=cross-tenant-access context=tenant-1-user@kubernetes operation=delete resource=configmap namespace=tenant-2
[760/1000] action=cross-tenant-access context=tenant-1-user@kubernetes operation=patch resource=configmap namespace=tenant-2
[761/1000] action=cross-tenant-access context=tenant-1-user@kubernetes operation=watch resource=configmap namespace=tenant-2
[762/1000] action=delete-rb ns=tenant-2 name=tenant-binding
[763/1000] action=delete-rb ns=tenant-2 name=tenant-binding
[764/1000] action=create-rb ns=tenant-2 name=tenant-binding group=tenant-2 role=cluster-admin
[765/1000] action=create-clusterrole name=dev resources=pods,configmaps,services verbs=list,delete
[766/1000] action=delete-clusterrole name=dev
[767/1000] action=cross-tenant-access context=tenant-2-user@kubernetes operation=delete resource=configmap namespace=tenant-1
[768/1000] action=create-rb ns=tenant-2 name=tenant-binding group=tenant-2 role=edit
[769/1000] action=create-rb ns=tenant-1 name=tenant-binding group=tenant-1 role=edit
[770/1000] action=create-rb ns=tenant-1 name=tenant-binding group=tenant-1 role=cluster-admin
[771/1000] action=delete-clusterrole name=dev
[772/1000] action=delete-clusterrole name=dev
[773/1000] action=delete-crb name=foo-global-binding
[774/1000] action=cross-tenant-access context=tenant-2-user@kubernetes operation=get resource=configmap namespace=tenant-1
[775/1000] action=delete-crb name=foo-global-binding
[776/1000] action=delete-clusterrole name=dev
[777/1000] action=delete-rb ns=tenant-2 name=tenant-binding
[778/1000] action=cross-tenant-access context=tenant-1-user@kubernetes operation=list resource=configmap namespace=tenant-2
[779/1000] action=delete-rb ns=tenant-1 name=tenant-binding
[780/1000] action=delete-clusterrole name=dev
[781/1000] action=cross-tenant-access context=tenant-2-user@kubernetes operation=list resource=configmap namespace=tenant-1
[782/1000] action=create-crb name=foo-global-binding group=tenant-2 role=dev
[783/1000] action=create-rb ns=tenant-1 name=tenant-binding group=tenant-1 role=view
[784/1000] action=create-crb name=foo-global-binding group=tenant-2 role=admin
[785/1000] action=create-clusterrole name=dev resources=secrets,pods,services verbs=update
[786/1000] action=cross-tenant-access context=tenant-2-user@kubernetes operation=delete resource=configmap namespace=tenant-1
[787/1000] action=delete-clusterrole name=dev
[788/1000] action=create-rb ns=tenant-1 name=tenant-binding group=tenant-1 role=dev
[789/1000] action=cross-tenant-access context=tenant-1-user@kubernetes operation=watch resource=configmap namespace=tenant-2
[790/1000] action=delete-clusterrole name=dev
[791/1000] action=create-clusterrole name=dev resources=secrets,configmaps,pods verbs=list
[792/1000] action=cross-tenant-access context=tenant-2-user@kubernetes operation=patch resource=configmap namespace=tenant-1
[793/1000] action=create-clusterrole name=dev resources=configmaps,secrets,pods verbs=update,deletecollection,list,get
[794/1000] action=cross-tenant-access context=tenant-2-user@kubernetes operation=delete resource=configmap namespace=tenant-1
[795/1000] action=create-rb ns=tenant-2 name=tenant-binding group=tenant-2 role=admin
[796/1000] action=cross-tenant-access context=tenant-1-user@kubernetes operation=delete resource=configmap namespace=tenant-2
[797/1000] action=cross-tenant-access context=tenant-2-user@kubernetes operation=watch resource=configmap namespace=tenant-1
[798/1000] action=delete-rb ns=tenant-2 name=tenant-binding
[799/1000] action=delete-rb ns=tenant-2 name=tenant-binding
[800/1000] action=delete-rb ns=tenant-2 name=tenant-binding
[801/1000] action=create-clusterrole name=dev resources=secrets verbs=deletecollection,list,delete,create,get
[802/1000] action=delete-rb ns=tenant-2 name=tenant-binding
[803/1000] action=cross-tenant-access context=tenant-1-user@kubernetes operation=watch resource=configmap namespace=tenant-2
[804/1000] action=create-clusterrole name=dev resources=configmaps verbs=deletecollection,get,list,watch
[805/1000] action=cross-tenant-access context=tenant-1-user@kubernetes operation=patch resource=configmap namespace=tenant-2
[806/1000] action=delete-crb name=foo-global-binding
[807/1000] action=cross-tenant-access context=tenant-1-user@kubernetes operation=list resource=configmap namespace=tenant-2
[808/1000] action=delete-clusterrole name=dev
[809/1000] action=cross-tenant-access context=tenant-1-user@kubernetes operation=watch resource=configmap namespace=tenant-2
[810/1000] action=delete-rb ns=tenant-2 name=tenant-binding
[811/1000] action=delete-crb name=foo-global-binding
[812/1000] action=delete-clusterrole name=dev
[813/1000] action=create-clusterrole name=dev resources=pods,secrets,configmaps verbs=list
[814/1000] action=create-crb name=foo-global-binding group=tenant-1 role=edit
[815/1000] action=create-clusterrole name=dev resources=configmaps,secrets,pods verbs=list,update,create,get
[816/1000] action=cross-tenant-access context=tenant-1-user@kubernetes operation=list resource=configmap namespace=tenant-2
[817/1000] action=create-rb ns=tenant-1 name=tenant-binding group=tenant-1 role=cluster-admin
[818/1000] action=cross-tenant-access context=tenant-2-user@kubernetes operation=delete resource=configmap namespace=tenant-1
[819/1000] action=create-rb ns=tenant-2 name=tenant-binding group=tenant-2 role=dev
[820/1000] action=delete-rb ns=tenant-2 name=tenant-binding
[821/1000] action=delete-rb ns=tenant-2 name=tenant-binding
[822/1000] action=cross-tenant-access context=tenant-1-user@kubernetes operation=delete resource=configmap namespace=tenant-2
[823/1000] action=delete-crb name=foo-global-binding
[824/1000] action=cross-tenant-access context=tenant-2-user@kubernetes operation=list resource=configmap namespace=tenant-1
[825/1000] action=cross-tenant-access context=tenant-1-user@kubernetes operation=watch resource=configmap namespace=tenant-2
[826/1000] action=create-rb ns=tenant-1 name=tenant-binding group=tenant-1 role=admin
[827/1000] action=cross-tenant-access context=tenant-1-user@kubernetes operation=get resource=configmap namespace=tenant-2
[828/1000] action=delete-clusterrole name=dev
[829/1000] action=cross-tenant-access context=tenant-1-user@kubernetes operation=delete resource=configmap namespace=tenant-2
[830/1000] action=cross-tenant-access context=tenant-1-user@kubernetes operation=get resource=configmap namespace=tenant-2
[831/1000] action=cross-tenant-access context=tenant-1-user@kubernetes operation=delete resource=configmap namespace=tenant-2
[832/1000] action=cross-tenant-access context=tenant-1-user@kubernetes operation=list resource=configmap namespace=tenant-2
[833/1000] action=create-rb ns=tenant-2 name=tenant-binding group=tenant-2 role=dev
[834/1000] action=cross-tenant-access context=tenant-1-user@kubernetes operation=delete resource=configmap namespace=tenant-2
[835/1000] action=cross-tenant-access context=tenant-1-user@kubernetes operation=patch resource=configmap namespace=tenant-2
[836/1000] action=cross-tenant-access context=tenant-2-user@kubernetes operation=list resource=configmap namespace=tenant-1
[837/1000] action=cross-tenant-access context=tenant-1-user@kubernetes operation=watch resource=configmap namespace=tenant-2
[838/1000] action=create-crb name=foo-global-binding group=tenant-1 role=view
[839/1000] action=create-crb name=foo-global-binding group=tenant-1 role=admin
[840/1000] action=delete-crb name=foo-global-binding
[841/1000] action=create-crb name=foo-global-binding group=tenant-1 role=dev
[842/1000] action=create-rb ns=tenant-1 name=tenant-binding group=tenant-1 role=dev
[843/1000] action=cross-tenant-access context=tenant-2-user@kubernetes operation=watch resource=configmap namespace=tenant-1
[844/1000] action=create-crb name=foo-global-binding group=tenant-1 role=admin
[845/1000] action=cross-tenant-access context=tenant-1-user@kubernetes operation=get resource=configmap namespace=tenant-2
[846/1000] action=delete-clusterrole name=dev
[847/1000] action=cross-tenant-access context=tenant-2-user@kubernetes operation=get resource=configmap namespace=tenant-1
[848/1000] action=cross-tenant-access context=tenant-2-user@kubernetes operation=list resource=configmap namespace=tenant-1
[849/1000] action=cross-tenant-access context=tenant-2-user@kubernetes operation=watch resource=configmap namespace=tenant-1
[850/1000] action=create-clusterrole name=dev resources=pods,configmaps verbs=list,get,delete
[851/1000] action=cross-tenant-access context=tenant-2-user@kubernetes operation=delete resource=configmap namespace=tenant-1
[852/1000] action=cross-tenant-access context=tenant-2-user@kubernetes operation=delete resource=configmap namespace=tenant-1
[853/1000] action=create-rb ns=tenant-2 name=tenant-binding group=tenant-2 role=cluster-admin
[854/1000] action=create-rb ns=tenant-1 name=tenant-binding group=tenant-1 role=cluster-admin
[855/1000] action=cross-tenant-access context=tenant-1-user@kubernetes operation=watch resource=configmap namespace=tenant-2
[856/1000] action=cross-tenant-access context=tenant-2-user@kubernetes operation=delete resource=configmap namespace=tenant-1
[857/1000] action=cross-tenant-access context=tenant-1-user@kubernetes operation=watch resource=configmap namespace=tenant-2
[858/1000] action=cross-tenant-access context=tenant-1-user@kubernetes operation=list resource=configmap namespace=tenant-2
[859/1000] action=create-clusterrole name=dev resources=pods verbs=update
[860/1000] action=cross-tenant-access context=tenant-2-user@kubernetes operation=watch resource=configmap namespace=tenant-1
[861/1000] action=delete-clusterrole name=dev
[862/1000] action=delete-rb ns=tenant-2 name=tenant-binding
[863/1000] action=delete-rb ns=tenant-2 name=tenant-binding
[864/1000] action=cross-tenant-access context=tenant-2-user@kubernetes operation=list resource=configmap namespace=tenant-1
[865/1000] action=delete-clusterrole name=dev
[866/1000] action=create-rb ns=tenant-2 name=tenant-binding group=tenant-2 role=view
[867/1000] action=cross-tenant-access context=tenant-2-user@kubernetes operation=patch resource=configmap namespace=tenant-1
[868/1000] action=cross-tenant-access context=tenant-1-user@kubernetes operation=patch resource=configmap namespace=tenant-2
[869/1000] action=cross-tenant-access context=tenant-2-user@kubernetes operation=patch resource=configmap namespace=tenant-1
[870/1000] action=create-rb ns=tenant-1 name=tenant-binding group=tenant-1 role=view
[871/1000] action=cross-tenant-access context=tenant-2-user@kubernetes operation=patch resource=configmap namespace=tenant-1
[872/1000] action=cross-tenant-access context=tenant-1-user@kubernetes operation=delete resource=configmap namespace=tenant-2
[873/1000] action=cross-tenant-access context=tenant-2-user@kubernetes operation=delete resource=configmap namespace=tenant-1
[874/1000] action=cross-tenant-access context=tenant-1-user@kubernetes operation=list resource=configmap namespace=tenant-2
[875/1000] action=delete-rb ns=tenant-2 name=tenant-binding
[876/1000] action=create-crb name=foo-global-binding group=tenant-2 role=dev
[877/1000] action=cross-tenant-access context=tenant-2-user@kubernetes operation=patch resource=configmap namespace=tenant-1
[878/1000] action=create-rb ns=tenant-2 name=tenant-binding group=tenant-2 role=admin
[879/1000] action=delete-rb ns=tenant-1 name=tenant-binding
[880/1000] action=cross-tenant-access context=tenant-2-user@kubernetes operation=delete resource=configmap namespace=tenant-1
[881/1000] action=cross-tenant-access context=tenant-1-user@kubernetes operation=list resource=configmap namespace=tenant-2
[882/1000] action=delete-crb name=foo-global-binding
[883/1000] action=cross-tenant-access context=tenant-2-user@kubernetes operation=delete resource=configmap namespace=tenant-1
[884/1000] action=cross-tenant-access context=tenant-2-user@kubernetes operation=patch resource=configmap namespace=tenant-1
[885/1000] action=create-clusterrole name=dev resources=configmaps,services verbs=patch
[886/1000] action=create-clusterrole name=dev resources=secrets,services verbs=list,patch,watch
[887/1000] action=delete-rb ns=tenant-2 name=tenant-binding
[888/1000] action=cross-tenant-access context=tenant-1-user@kubernetes operation=list resource=configmap namespace=tenant-2
[889/1000] action=create-clusterrole name=dev resources=configmaps,services verbs=delete,patch,update,list
[890/1000] action=delete-crb name=foo-global-binding
[891/1000] action=delete-rb ns=tenant-2 name=tenant-binding
[892/1000] action=create-rb ns=tenant-2 name=tenant-binding group=tenant-2 role=view
[893/1000] action=cross-tenant-access context=tenant-2-user@kubernetes operation=delete resource=configmap namespace=tenant-1
[894/1000] action=create-clusterrole name=dev resources=configmaps,pods verbs=watch,delete,create
[895/1000] action=delete-clusterrole name=dev
[896/1000] action=create-crb name=foo-global-binding group=tenant-2 role=edit
[897/1000] action=cross-tenant-access context=tenant-2-user@kubernetes operation=watch resource=configmap namespace=tenant-1
[898/1000] action=cross-tenant-access context=tenant-1-user@kubernetes operation=list resource=configmap namespace=tenant-2
[899/1000] action=create-rb ns=tenant-1 name=tenant-binding group=tenant-1 role=cluster-admin
[900/1000] action=create-crb name=foo-global-binding group=tenant-1 role=edit
[901/1000] action=create-rb ns=tenant-1 name=tenant-binding group=tenant-1 role=admin
[902/1000] action=cross-tenant-access context=tenant-1-user@kubernetes operation=delete resource=configmap namespace=tenant-2
[903/1000] action=delete-crb name=foo-global-binding
[904/1000] action=delete-rb ns=tenant-1 name=tenant-binding
[905/1000] action=create-clusterrole name=dev resources=configmaps verbs=create
[906/1000] action=delete-clusterrole name=dev
[907/1000] action=cross-tenant-access context=tenant-2-user@kubernetes operation=list resource=configmap namespace=tenant-1
[908/1000] action=cross-tenant-access context=tenant-1-user@kubernetes operation=list resource=configmap namespace=tenant-2
[909/1000] action=cross-tenant-access context=tenant-1-user@kubernetes operation=watch resource=configmap namespace=tenant-2
[910/1000] action=delete-rb ns=tenant-1 name=tenant-binding
[911/1000] action=delete-rb ns=tenant-2 name=tenant-binding
[912/1000] action=delete-rb ns=tenant-2 name=tenant-binding
[913/1000] action=delete-clusterrole name=dev
[914/1000] action=create-clusterrole name=dev resources=pods,services,configmaps verbs=watch,deletecollection,delete
[915/1000] action=cross-tenant-access context=tenant-2-user@kubernetes operation=get resource=configmap namespace=tenant-1
[916/1000] action=delete-rb ns=tenant-1 name=tenant-binding
[917/1000] action=delete-clusterrole name=dev
[918/1000] action=cross-tenant-access context=tenant-2-user@kubernetes operation=patch resource=configmap namespace=tenant-1
[919/1000] action=cross-tenant-access context=tenant-1-user@kubernetes operation=get resource=configmap namespace=tenant-2
[920/1000] action=create-clusterrole name=dev resources=services,pods verbs=list,get,watch
[921/1000] action=delete-rb ns=tenant-2 name=tenant-binding
[922/1000] action=create-clusterrole name=dev resources=pods,configmaps,secrets verbs=delete,create,list
[923/1000] action=create-rb ns=tenant-1 name=tenant-binding group=tenant-1 role=dev
[924/1000] action=create-clusterrole name=dev resources=configmaps verbs=list,deletecollection,create,get,patch
[925/1000] action=cross-tenant-access context=tenant-1-user@kubernetes operation=watch resource=configmap namespace=tenant-2
[926/1000] action=cross-tenant-access context=tenant-1-user@kubernetes operation=watch resource=configmap namespace=tenant-2
[927/1000] action=delete-clusterrole name=dev
[928/1000] action=cross-tenant-access context=tenant-2-user@kubernetes operation=delete resource=configmap namespace=tenant-1
[929/1000] action=create-rb ns=tenant-1 name=tenant-binding group=tenant-1 role=dev
[930/1000] action=delete-crb name=foo-global-binding
[931/1000] action=delete-clusterrole name=dev
[932/1000] action=create-crb name=foo-global-binding group=tenant-1 role=edit
[933/1000] action=cross-tenant-access context=tenant-2-user@kubernetes operation=delete resource=configmap namespace=tenant-1
[934/1000] action=cross-tenant-access context=tenant-2-user@kubernetes operation=watch resource=configmap namespace=tenant-1
[935/1000] action=create-crb name=foo-global-binding group=tenant-2 role=cluster-admin
[936/1000] action=delete-rb ns=tenant-2 name=tenant-binding
[937/1000] action=create-clusterrole name=dev resources=pods,services verbs=create,watch,get,update,deletecollection
[938/1000] action=cross-tenant-access context=tenant-1-user@kubernetes operation=delete resource=configmap namespace=tenant-2
[939/1000] action=delete-crb name=foo-global-binding
[940/1000] action=create-clusterrole name=dev resources=services verbs=deletecollection,update,watch
[941/1000] action=create-rb ns=tenant-2 name=tenant-binding group=tenant-2 role=admin
[942/1000] action=delete-rb ns=tenant-2 name=tenant-binding
[943/1000] action=create-rb ns=tenant-1 name=tenant-binding group=tenant-1 role=dev
[944/1000] action=create-rb ns=tenant-1 name=tenant-binding group=tenant-1 role=edit
[945/1000] action=cross-tenant-access context=tenant-2-user@kubernetes operation=get resource=configmap namespace=tenant-1
[946/1000] action=create-rb ns=tenant-2 name=tenant-binding group=tenant-2 role=view
[947/1000] action=delete-rb ns=tenant-2 name=tenant-binding
[948/1000] action=delete-clusterrole name=dev
[949/1000] action=cross-tenant-access context=tenant-1-user@kubernetes operation=watch resource=configmap namespace=tenant-2
[950/1000] action=create-rb ns=tenant-1 name=tenant-binding group=tenant-1 role=view
[951/1000] action=cross-tenant-access context=tenant-1-user@kubernetes operation=list resource=configmap namespace=tenant-2
[952/1000] action=cross-tenant-access context=tenant-1-user@kubernetes operation=list resource=configmap namespace=tenant-2
[953/1000] action=cross-tenant-access context=tenant-2-user@kubernetes operation=patch resource=configmap namespace=tenant-1
[954/1000] action=cross-tenant-access context=tenant-1-user@kubernetes operation=watch resource=configmap namespace=tenant-2
[955/1000] action=create-clusterrole name=dev resources=pods,configmaps,services verbs=create,delete,update,patch
[956/1000] action=delete-rb ns=tenant-2 name=tenant-binding
[957/1000] action=create-rb ns=tenant-2 name=tenant-binding group=tenant-2 role=dev
[958/1000] action=create-crb name=foo-global-binding group=tenant-2 role=edit
[959/1000] action=delete-clusterrole name=dev
[960/1000] action=delete-rb ns=tenant-1 name=tenant-binding
[961/1000] action=create-rb ns=tenant-2 name=tenant-binding group=tenant-2 role=edit
[962/1000] action=create-rb ns=tenant-2 name=tenant-binding group=tenant-2 role=view
[963/1000] action=delete-clusterrole name=dev
[964/1000] action=cross-tenant-access context=tenant-1-user@kubernetes operation=watch resource=configmap namespace=tenant-2
[965/1000] action=cross-tenant-access context=tenant-2-user@kubernetes operation=get resource=configmap namespace=tenant-1
[966/1000] action=delete-clusterrole name=dev
[967/1000] action=delete-rb ns=tenant-1 name=tenant-binding
[968/1000] action=create-rb ns=tenant-1 name=tenant-binding group=tenant-1 role=cluster-admin
[969/1000] action=delete-clusterrole name=dev
[970/1000] action=delete-rb ns=tenant-1 name=tenant-binding
[971/1000] action=cross-tenant-access context=tenant-2-user@kubernetes operation=get resource=configmap namespace=tenant-1
[972/1000] action=create-clusterrole name=dev resources=services,configmaps verbs=update,deletecollection,list,watch,get
[973/1000] action=create-clusterrole name=dev resources=services,secrets,configmaps verbs=list,create,update,watch,get
[974/1000] action=create-clusterrole name=dev resources=pods verbs=delete,update,patch
[975/1000] action=cross-tenant-access context=tenant-2-user@kubernetes operation=list resource=configmap namespace=tenant-1
[976/1000] action=cross-tenant-access context=tenant-1-user@kubernetes operation=patch resource=configmap namespace=tenant-2
[977/1000] action=cross-tenant-access context=tenant-2-user@kubernetes operation=watch resource=configmap namespace=tenant-1
[978/1000] action=cross-tenant-access context=tenant-2-user@kubernetes operation=list resource=configmap namespace=tenant-1
[979/1000] action=create-rb ns=tenant-2 name=tenant-binding group=tenant-2 role=edit
[980/1000] action=delete-clusterrole name=dev
[981/1000] action=delete-rb ns=tenant-2 name=tenant-binding
[982/1000] action=create-clusterrole name=dev resources=services,pods verbs=get
[983/1000] action=create-rb ns=tenant-2 name=tenant-binding group=tenant-2 role=dev
[984/1000] action=delete-rb ns=tenant-2 name=tenant-binding
[985/1000] action=create-clusterrole name=dev resources=configmaps,pods,secrets verbs=watch
[986/1000] action=delete-rb ns=tenant-1 name=tenant-binding
[987/1000] action=cross-tenant-access context=tenant-2-user@kubernetes operation=get resource=configmap namespace=tenant-1
[988/1000] action=delete-clusterrole name=dev
[989/1000] action=cross-tenant-access context=tenant-2-user@kubernetes operation=delete resource=configmap namespace=tenant-1
[990/1000] action=create-rb ns=tenant-2 name=tenant-binding group=tenant-2 role=dev
[991/1000] action=create-clusterrole name=dev resources=secrets verbs=list,patch
[992/1000] action=create-crb name=foo-global-binding group=tenant-2 role=cluster-admin
[993/1000] action=cross-tenant-access context=tenant-2-user@kubernetes operation=delete resource=configmap namespace=tenant-1
[994/1000] action=delete-rb ns=tenant-1 name=tenant-binding
[995/1000] action=delete-rb ns=tenant-1 name=tenant-binding
[996/1000] action=create-clusterrole name=dev resources=configmaps verbs=watch,patch,list
[997/1000] action=create-rb ns=tenant-2 name=tenant-binding group=tenant-2 role=view
[998/1000] action=delete-crb name=foo-global-binding
[999/1000] action=delete-rb ns=tenant-1 name=tenant-binding
[1000/1000] action=cross-tenant-access context=tenant-1-user@kubernetes operation=delete resource=configmap namespace=tenant-2
