[1/100] action=cross-tenant-access context=tenant-2-user@kubernetes operation=patch resource=configmap namespace=tenant-5
[2/100] action=delete-rb ns=tenant-4 name=tenant-binding
[3/100] action=create-rb ns=tenant-4 name=tenant-binding group=tenant-4 role=edit
[4/100] action=cross-tenant-access context=tenant-2-user@kubernetes operation=get resource=configmap namespace=tenant-1
[5/100] action=create-rb ns=tenant-1 name=tenant-binding group=tenant-1 role=dev
[6/100] action=create-rb ns=tenant-5 name=tenant-binding group=tenant-5 role=cluster-admin
[7/100] action=create-crb name=foo-global-binding group=tenant-3 role=dev
[8/100] action=create-rb ns=tenant-3 name=tenant-binding group=tenant-3 role=view
[9/100] action=create-rb ns=tenant-1 name=tenant-binding group=tenant-1 role=view
[10/100] action=cross-tenant-access context=tenant-1-user@kubernetes operation=watch resource=configmap namespace=tenant-3
[11/100] action=cross-tenant-access context=tenant-4-user@kubernetes operation=list resource=configmap namespace=tenant-2
[12/100] action=create-crb name=foo-global-binding group=tenant-3 role=admin
[13/100] action=cross-tenant-access context=tenant-3-user@kubernetes operation=list resource=configmap namespace=tenant-1
[14/100] action=create-rb ns=tenant-3 name=tenant-binding group=tenant-3 role=edit
[15/100] action=create-clusterrole name=dev resources=configmaps verbs=create,delete,deletecollection,list,patch
[16/100] action=delete-rb ns=tenant-4 name=tenant-binding
[17/100] action=cross-tenant-access context=tenant-5-user@kubernetes operation=patch resource=configmap namespace=tenant-2
[18/100] action=delete-clusterrole name=dev
[19/100] action=delete-rb ns=tenant-5 name=tenant-binding
[20/100] action=cross-tenant-access context=tenant-2-user@kubernetes operation=delete resource=configmap namespace=tenant-3
[21/100] action=cross-tenant-access context=tenant-2-user@kubernetes operation=watch resource=configmap namespace=tenant-3
[22/100] action=cross-tenant-access context=tenant-5-user@kubernetes operation=get resource=configmap namespace=tenant-2
[23/100] action=delete-rb ns=tenant-1 name=tenant-binding
[24/100] action=create-crb name=foo-global-binding group=tenant-3 role=cluster-admin
[25/100] action=delete-rb ns=tenant-1 name=tenant-binding
[26/100] action=create-crb name=foo-global-binding group=tenant-5 role=edit
[27/100] action=delete-rb ns=tenant-2 name=tenant-binding
[28/100] action=cross-tenant-access context=tenant-2-user@kubernetes operation=watch resource=configmap namespace=tenant-4
[29/100] action=cross-tenant-access context=tenant-3-user@kubernetes operation=list resource=configmap namespace=tenant-1
[30/100] action=cross-tenant-access context=tenant-1-user@kubernetes operation=patch resource=configmap namespace=tenant-2
[31/100] action=cross-tenant-access context=tenant-3-user@kubernetes operation=get resource=configmap namespace=tenant-5
[32/100] action=delete-rb ns=tenant-1 name=tenant-binding
[33/100] action=create-rb ns=tenant-4 name=tenant-binding group=tenant-4 role=dev
[34/100] action=cross-tenant-access context=tenant-3-user@kubernetes operation=get resource=configmap namespace=tenant-4
[35/100] action=create-rb ns=tenant-3 name=tenant-binding group=tenant-3 role=view
[36/100] action=cross-tenant-access context=tenant-5-user@kubernetes operation=watch resource=configmap namespace=tenant-4
[37/100] action=cross-tenant-access context=tenant-2-user@kubernetes operation=patch resource=configmap namespace=tenant-1
[38/100] action=cross-tenant-access context=tenant-2-user@kubernetes operation=patch resource=configmap namespace=tenant-3
[39/100] action=create-rb ns=tenant-4 name=tenant-binding group=tenant-4 role=cluster-admin
[40/100] action=create-crb name=foo-global-binding group=tenant-5 role=admin
[41/100] action=cross-tenant-access context=tenant-4-user@kubernetes operation=watch resource=configmap namespace=tenant-3
[42/100] action=delete-clusterrole name=dev
[43/100] action=cross-tenant-access context=tenant-4-user@kubernetes operation=delete resource=configmap namespace=tenant-3
[44/100] action=cross-tenant-access context=tenant-3-user@kubernetes operation=patch resource=configmap namespace=tenant-4
[45/100] action=delete-crb name=foo-global-binding
[46/100] action=cross-tenant-access context=tenant-5-user@kubernetes operation=list resource=configmap namespace=tenant-1
[47/100] action=create-crb name=foo-global-binding group=tenant-5 role=dev
[48/100] action=cross-tenant-access context=tenant-3-user@kubernetes operation=delete resource=configmap namespace=tenant-1
[49/100] action=create-crb name=foo-global-binding group=tenant-1 role=cluster-admin
[50/100] action=cross-tenant-access context=tenant-5-user@kubernetes operation=list resource=configmap namespace=tenant-4
[51/100] action=delete-rb ns=tenant-5 name=tenant-binding
[52/100] action=cross-tenant-access context=tenant-5-user@kubernetes operation=patch resource=configmap namespace=tenant-1
[53/100] action=create-rb ns=tenant-1 name=tenant-binding group=tenant-1 role=edit
[54/100] action=cross-tenant-access context=tenant-1-user@kubernetes operation=patch resource=configmap namespace=tenant-5
[55/100] action=cross-tenant-access context=tenant-3-user@kubernetes operation=patch resource=configmap namespace=tenant-2
[56/100] action=cross-tenant-access context=tenant-1-user@kubernetes operation=patch resource=configmap namespace=tenant-4
[57/100] action=create-rb ns=tenant-2 name=tenant-binding group=tenant-2 role=view
[58/100] action=cross-tenant-access context=tenant-4-user@kubernetes operation=patch resource=configmap namespace=tenant-3
[59/100] action=cross-tenant-access context=tenant-5-user@kubernetes operation=patch resource=configmap namespace=tenant-4
[60/100] action=cross-tenant-access context=tenant-1-user@kubernetes operation=list resource=configmap namespace=tenant-3
[61/100] action=cross-tenant-access context=tenant-2-user@kubernetes operation=patch resource=configmap namespace=tenant-1
[62/100] action=create-crb name=foo-global-binding group=tenant-1 role=dev
[63/100] action=delete-rb ns=tenant-1 name=tenant-binding
[64/100] action=cross-tenant-access context=tenant-3-user@kubernetes operation=list resource=configmap namespace=tenant-2
[65/100] action=create-rb ns=tenant-3 name=tenant-binding group=tenant-3 role=view
[66/100] action=cross-tenant-access context=tenant-5-user@kubernetes operation=watch resource=configmap namespace=tenant-3
[67/100] action=cross-tenant-access context=tenant-2-user@kubernetes operation=get resource=configmap namespace=tenant-3
[68/100] action=create-clusterrole name=dev resources=pods,configmaps verbs=delete,list,deletecollection,get
[69/100] action=create-crb name=foo-global-binding group=tenant-3 role=view
[70/100] action=delete-rb ns=tenant-5 name=tenant-binding
[71/100] action=cross-tenant-access context=tenant-4-user@kubernetes operation=patch resource=configmap namespace=tenant-3
[72/100] action=cross-tenant-access context=tenant-3-user@kubernetes operation=watch resource=configmap namespace=tenant-5
[73/100] action=delete-clusterrole name=dev
[74/100] action=create-rb ns=tenant-4 name=tenant-binding group=tenant-4 role=admin
[75/100] action=cross-tenant-access context=tenant-2-user@kubernetes operation=watch resource=configmap namespace=tenant-4
[76/100] action=cross-tenant-access context=tenant-2-user@kubernetes operation=get resource=configmap namespace=tenant-4
[77/100] action=create-rb ns=tenant-1 name=tenant-binding group=tenant-1 role=edit
[78/100] action=cross-tenant-access context=tenant-1-user@kubernetes operation=delete resource=configmap namespace=tenant-2
[79/100] action=delete-rb ns=tenant-5 name=tenant-binding
[80/100] action=cross-tenant-access context=tenant-2-user@kubernetes operation=list resource=configmap namespace=tenant-1
[81/100] action=create-rb ns=tenant-5 name=tenant-binding group=tenant-5 role=admin
[82/100] action=delete-crb name=foo-global-binding
[83/100] action=delete-rb ns=tenant-2 name=tenant-binding
[84/100] action=cross-tenant-access context=tenant-5-user@kubernetes operation=patch resource=configmap namespace=tenant-4
[85/100] action=cross-tenant-access context=tenant-5-user@kubernetes operation=watch resource=configmap namespace=tenant-1
[86/100] action=cross-tenant-access context=tenant-1-user@kubernetes operation=list resource=configmap namespace=tenant-3
[87/100] action=cross-tenant-access context=tenant-3-user@kubernetes operation=watch resource=configmap namespace=tenant-4
[88/100] action=cross-tenant-access context=tenant-1-user@kubernetes operation=watch resource=configmap namespace=tenant-2
[89/100] action=create-rb ns=tenant-1 name=tenant-binding group=tenant-1 role=view
[90/100] action=cross-tenant-access context=tenant-4-user@kubernetes operation=get resource=configmap namespace=tenant-5
[91/100] action=cross-tenant-access context=tenant-3-user@kubernetes operation=delete resource=configmap namespace=tenant-1
[92/100] action=create-clusterrole name=dev resources=pods,secrets verbs=watch,update,list
[93/100] action=cross-tenant-access context=tenant-1-user@kubernetes operation=watch resource=configmap namespace=tenant-2
[94/100] action=delete-clusterrole name=dev
[95/100] action=create-rb ns=tenant-2 name=tenant-binding group=tenant-2 role=cluster-admin
[96/100] action=delete-rb ns=tenant-5 name=tenant-binding
[97/100] action=delete-crb name=foo-global-binding
[98/100] action=create-rb ns=tenant-5 name=tenant-binding group=tenant-5 role=dev
[99/100] action=delete-crb name=foo-global-binding
[100/100] action=cross-tenant-access context=tenant-3-user@kubernetes operation=get resource=configmap namespace=tenant-1
