[1/50] action=cross-tenant-access context=tenant-2-user@kubernetes operation=patch resource=configmap namespace=tenant-1
[2/50] action=delete-crb name=foo-global-binding
[3/50] action=delete-clusterrole name=dev
[4/50] action=create-rb ns=tenant-2 name=tenant-binding group=tenant-2 role=admin
[5/50] action=cross-tenant-access context=tenant-2-user@kubernetes operation=delete resource=configmap namespace=tenant-1
[6/50] action=create-crb name=foo-global-binding group=tenant-1 role=admin
[7/50] action=cross-tenant-access context=tenant-2-user@kubernetes operation=get resource=configmap namespace=tenant-1
[8/50] action=cross-tenant-access context=tenant-2-user@kubernetes operation=get resource=configmap namespace=tenant-1
[9/50] action=create-crb name=foo-global-binding group=tenant-2 role=view
[10/50] action=create-rb ns=tenant-2 name=tenant-binding group=tenant-2 role=dev
[11/50] action=cross-tenant-access context=tenant-1-user@kubernetes operation=patch resource=configmap namespace=tenant-2
[12/50] action=cross-tenant-access context=tenant-1-user@kubernetes operation=delete resource=configmap namespace=tenant-2
[13/50] action=delete-rb ns=tenant-2 name=tenant-binding
[14/50] action=create-crb name=foo-global-binding group=tenant-1 role=edit
[15/50] action=cross-tenant-access context=tenant-2-user@kubernetes operation=watch resource=configmap namespace=tenant-1
[16/50] action=delete-rb ns=tenant-1 name=tenant-binding
[17/50] action=cross-tenant-access context=tenant-2-user@kubernetes operation=list resource=configmap namespace=tenant-1
[18/50] action=cross-tenant-access context=tenant-1-user@kubernetes operation=patch resource=configmap namespace=tenant-2
[19/50] action=cross-tenant-access context=tenant-1-user@kubernetes operation=patch resource=configmap namespace=tenant-2
[20/50] action=cross-tenant-access context=tenant-2-user@kubernetes operation=delete resource=configmap namespace=tenant-1
[21/50] action=create-crb name=foo-global-binding group=tenant-2 role=cluster-admin
[22/50] action=cross-tenant-access context=tenant-2-user@kubernetes operation=patch resource=configmap namespace=tenant-1
[23/50] action=delete-crb name=foo-global-binding
[24/50] action=create-rb ns=tenant-2 name=tenant-binding group=tenant-2 role=dev
[25/50] action=cross-tenant-access context=tenant-1-user@kubernetes operation=delete resource=configmap namespace=tenant-2
[26/50] action=create-rb ns=tenant-1 name=tenant-binding group=tenant-1 role=admin
[27/50] action=create-rb ns=tenant-1 name=tenant-binding group=tenant-1 role=view
[28/50] action=create-clusterrole name=dev resources=secrets,services verbs=list
[29/50] action=delete-rb ns=tenant-1 name=tenant-binding
[30/50] action=delete-rb ns=tenant-1 name=tenant-binding
[31/50] action=delete-rb ns=tenant-2 name=tenant-binding
[32/50] action=create-rb ns=tenant-2 name=tenant-binding group=tenant-2 role=edit
[33/50] action=create-rb ns=tenant-1 name=tenant-binding group=tenant-1 role=cluster-admin
[34/50] action=delete-rb ns=tenant-2 name=tenant-binding
[35/50] action=delete-rb ns=tenant-2 name=tenant-binding
[36/50] action=create-rb ns=tenant-1 name=tenant-binding group=tenant-1 role=edit
[37/50] action=create-clusterrole name=dev resources=pods verbs=get,update,delete,create
[38/50] action=cross-tenant-access context=tenant-2-user@kubernetes operation=delete resource=configmap namespace=tenant-1
[39/50] action=cross-tenant-access context=tenant-1-user@kubernetes operation=delete resource=configmap namespace=tenant-2
[40/50] action=cross-tenant-access context=tenant-2-user@kubernetes operation=list resource=configmap namespace=tenant-1
[41/50] action=create-clusterrole name=dev resources=secrets,configmaps,pods verbs=get,patch,list
[42/50] action=delete-crb name=foo-global-binding
[43/50] action=create-clusterrole name=dev resources=pods,configmaps verbs=deletecollection,patch,create,delete
[44/50] action=create-crb name=foo-global-binding group=tenant-2 role=view
[45/50] action=delete-crb name=foo-global-binding
[46/50] action=delete-crb name=foo-global-binding
[47/50] action=cross-tenant-access context=tenant-2-user@kubernetes operation=patch resource=configmap namespace=tenant-1
[48/50] action=create-clusterrole name=dev resources=secrets,pods verbs=patch,list,delete,update,deletecollection
[49/50] action=create-clusterrole name=dev resources=configmaps verbs=patch,watch,delete
[50/50] action=delete-rb ns=tenant-1 name=tenant-binding
