[1/50] action=delete-clusterrole name=dev
[2/50] action=cross-tenant-access context=tenant-1-user@kubernetes operation=list resource=configmap namespace=tenant-2
[3/50] action=cross-tenant-access context=tenant-1-user@kubernetes operation=get resource=configmap namespace=tenant-4
[4/50] action=create-crb name=foo-global-binding group=tenant-5 role=view
[5/50] action=create-rb ns=tenant-5 name=tenant-binding group=tenant-5 role=dev
[6/50] action=create-crb name=foo-global-binding group=tenant-5 role=admin
[7/50] action=delete-rb ns=tenant-3 name=tenant-binding
[8/50] action=cross-tenant-access context=tenant-2-user@kubernetes operation=watch resource=configmap namespace=tenant-1
[9/50] action=create-rb ns=tenant-2 name=tenant-binding group=tenant-2 role=edit
[10/50] action=create-rb ns=tenant-4 name=tenant-binding group=tenant-4 role=edit
[11/50] action=cross-tenant-access context=tenant-3-user@kubernetes operation=delete resource=configmap namespace=tenant-5
[12/50] action=create-crb name=foo-global-binding group=tenant-2 role=admin
[13/50] action=cross-tenant-access context=tenant-1-user@kubernetes operation=get resource=configmap namespace=tenant-2
[14/50] action=cross-tenant-access context=tenant-1-user@kubernetes operation=delete resource=configmap namespace=tenant-5
[15/50] action=cross-tenant-access context=tenant-5-user@kubernetes operation=list resource=configmap namespace=tenant-1
[16/50] action=create-rb ns=tenant-4 name=tenant-binding group=tenant-4 role=edit
[17/50] action=create-crb name=foo-global-binding group=tenant-2 role=edit
[18/50] action=cross-tenant-access context=tenant-3-user@kubernetes operation=list resource=configmap namespace=tenant-1
[19/50] action=cross-tenant-access context=tenant-4-user@kubernetes operation=delete resource=configmap namespace=tenant-5
[20/50] action=cross-tenant-access context=tenant-3-user@kubernetes operation=delete resource=configmap namespace=tenant-2
[21/50] action=create-rb ns=tenant-4 name=tenant-binding group=tenant-4 role=edit
[22/50] action=delete-rb ns=tenant-5 name=tenant-binding
[23/50] action=cross-tenant-access context=tenant-4-user@kubernetes operation=delete resource=configmap namespace=tenant-3
[24/50] action=delete-rb ns=tenant-1 name=tenant-binding
[25/50] action=delete-rb ns=tenant-4 name=tenant-binding
[26/50] action=delete-clusterrole name=dev
[27/50] action=delete-crb name=foo-global-binding
[28/50] action=create-crb name=foo-global-binding group=tenant-1 role=edit
[29/50] action=delete-rb ns=tenant-5 name=tenant-binding
[30/50] action=create-rb ns=tenant-5 name=tenant-binding group=tenant-5 role=view
[31/50] action=delete-clusterrole name=dev
[32/50] action=cross-tenant-access context=tenant-2-user@kubernetes operation=list resource=configmap namespace=tenant-3
[33/50] action=delete-crb name=foo-global-binding
[34/50] action=create-clusterrole name=dev resources=pods,services verbs=patch
[35/50] action=cross-tenant-access context=tenant-4-user@kubernetes operation=patch resource=configmap namespace=tenant-1
[36/50] action=cross-tenant-access context=tenant-5-user@kubernetes operation=watch resource=configmap namespace=tenant-1
[37/50] action=delete-clusterrole name=dev
[38/50] action=cross-tenant-access context=tenant-4-user@kubernetes operation=patch resource=configmap namespace=tenant-1
[39/50] action=delete-crb name=foo-global-binding
[40/50] action=create-clusterrole name=dev resources=services,pods verbs=get,watch,patch,list
[41/50] action=create-crb name=foo-global-binding group=tenant-1 role=admin
[42/50] action=delete-clusterrole name=dev
[43/50] action=delete-rb ns=tenant-4 name=tenant-binding
[44/50] action=delete-clusterrole name=dev
[45/50] action=create-rb ns=tenant-5 name=tenant-binding group=tenant-5 role=admin
[46/50] action=cross-tenant-access context=tenant-5-user@kubernetes operation=list resource=configmap namespace=tenant-1
[47/50] action=delete-crb name=foo-global-binding
[48/50] action=create-rb ns=tenant-3 name=tenant-binding group=tenant-3 role=view
[49/50] action=delete-clusterrole name=dev
[50/50] action=create-rb ns=tenant-4 name=tenant-binding group=tenant-4 role=view
