[1/100] action=delete-rb ns=tenant-1 name=tenant-binding
[2/100] action=delete-rb ns=tenant-2 name=tenant-binding
[3/100] action=delete-rb ns=tenant-2 name=tenant-binding
[4/100] action=cross-tenant-access context=tenant-2-user@kubernetes operation=patch resource=configmap namespace=tenant-1
[5/100] action=cross-tenant-access context=tenant-1-user@kubernetes operation=delete resource=configmap namespace=tenant-2
[6/100] action=create-rb ns=tenant-2 name=tenant-binding group=tenant-2 role=view
[7/100] action=create-clusterrole name=dev resources=configmaps,pods,services verbs=list
[8/100] action=delete-rb ns=tenant-2 name=tenant-binding
[9/100] action=create-crb name=foo-global-binding group=tenant-2 role=cluster-admin
[10/100] action=cross-tenant-access context=tenant-2-user@kubernetes operation=watch resource=configmap namespace=tenant-1
[11/100] action=cross-tenant-access context=tenant-2-user@kubernetes operation=list resource=configmap namespace=tenant-1
[12/100] action=cross-tenant-access context=tenant-2-user@kubernetes operation=get resource=configmap namespace=tenant-1
[13/100] action=create-rb ns=tenant-1 name=tenant-binding group=tenant-1 role=view
[14/100] action=create-rb ns=tenant-1 name=tenant-binding group=tenant-1 role=dev
[15/100] action=cross-tenant-access context=tenant-2-user@kubernetes operation=list resource=configmap namespace=tenant-1
[16/100] action=cross-tenant-access context=tenant-2-user@kubernetes operation=patch resource=configmap namespace=tenant-1
[17/100] action=create-crb name=foo-global-binding group=tenant-2 role=edit
[18/100] action=delete-clusterrole name=dev
[19/100] action=delete-crb name=foo-global-binding
[20/100] action=delete-rb ns=tenant-1 name=tenant-binding
[21/100] action=delete-crb name=foo-global-binding
[22/100] action=cross-tenant-access context=tenant-1-user@kubernetes operation=list resource=configmap namespace=tenant-2
[23/100] action=cross-tenant-access context=tenant-1-user@kubernetes operation=watch resource=configmap namespace=tenant-2
[24/100] action=delete-rb ns=tenant-2 name=tenant-binding
[25/100] action=create-rb ns=tenant-1 name=tenant-binding group=tenant-1 role=view
[26/100] action=delete-crb name=foo-global-binding
[27/100] action=delete-crb name=foo-global-binding
[28/100] action=cross-tenant-access context=tenant-1-user@kubernetes operation=watch resource=configmap namespace=tenant-2
[29/100] action=delete-crb name=foo-global-binding
[30/100] action=cross-tenant-access context=tenant-1-user@kubernetes operation=delete resource=configmap namespace=tenant-2
[31/100] action=create-rb ns=tenant-1 name=tenant-binding group=tenant-1 role=edit
[32/100] action=delete-rb ns=tenant-1 name=tenant-binding
[33/100] action=create-crb name=foo-global-binding group=tenant-1 role=cluster-admin
[34/100] action=delete-rb ns=tenant-2 name=tenant-binding
[35/100] action=cross-tenant-access context=tenant-2-user@kubernetes operation=delete resource=configmap namespace=tenant-1
[36/100] action=cross-tenant-access context=tenant-1-user@kubernetes operation=list resource=configmap namespace=tenant-2
[37/100] action=delete-clusterrole name=dev
[38/100] action=delete-clusterrole name=dev
[39/100] action=create-rb ns=tenant-2 name=tenant-binding group=tenant-2 role=edit
[40/100] action=cross-tenant-access context=tenant-1-user@kubernetes operation=delete resource=configmap namespace=tenant-2
[41/100] action=delete-crb name=foo-global-binding
[42/100] action=cross-tenant-access context=tenant-2-user@kubernetes operation=list resource=configmap namespace=tenant-1
[43/100] action=delete-rb ns=tenant-1 name=tenant-binding
[44/100] action=cross-tenant-access context=tenant-1-user@kubernetes operation=get resource=configmap namespace=tenant-2
[45/100] action=cross-tenant-access context=tenant-2-user@kubernetes operation=watch resource=configmap namespace=tenant-1
[46/100] action=delete-rb ns=tenant-2 name=tenant-binding
[47/100] action=cross-tenant-access context=tenant-1-user@kubernetes operation=watch resource=configmap namespace=tenant-2
[48/100] action=cross-tenant-access context=tenant-2-user@kubernetes operation=list resource=configmap namespace=tenant-1
[49/100] action=delete-clusterrole name=dev
[50/100] action=create-clusterrole name=dev resources=secrets,services,pods verbs=update,watch
[51/100] action=delete-clusterrole name=dev
[52/100] action=cross-tenant-access context=tenant-1-user@kubernetes operation=watch resource=configmap namespace=tenant-2
[53/100] action=create-rb ns=tenant-1 name=tenant-binding group=tenant-1 role=edit
[54/100] action=delete-crb name=foo-global-binding
[55/100] action=delete-rb ns=tenant-2 name=tenant-binding
[56/100] action=delete-rb ns=tenant-2 name=tenant-binding
[57/100] action=create-crb name=foo-global-binding group=tenant-2 role=edit
[58/100] action=delete-rb ns=tenant-2 name=tenant-binding
[59/100] action=create-crb name=foo-global-binding group=tenant-1 role=view
[60/100] action=create-rb ns=tenant-2 name=tenant-binding group=tenant-2 role=dev
[61/100] action=cross-tenant-access context=tenant-2-user@kubernetes operation=get resource=configmap namespace=tenant-1
[62/100] action=cross-tenant-access context=tenant-1-user@kubernetes operation=get resource=configmap namespace=tenant-2
[63/100] action=delete-rb ns=tenant-2 name=tenant-binding
[64/100] action=cross-tenant-access context=tenant-2-user@kubernetes operation=delete resource=configmap namespace=tenant-1
[65/100] action=create-crb name=foo-global-binding group=tenant-2 role=dev
[66/100] action=cross-tenant-access context=tenant-1-user@kubernetes operation=watch resource=configmap namespace=tenant-2
[67/100] action=create-rb ns=tenant-1 name=tenant-binding group=tenant-1 role=cluster-admin
[68/100] action=delete-crb name=foo-global-binding
[69/100] action=delete-crb name=foo-global-binding
[70/100] action=cross-tenant-access context=tenant-1-user@kubernetes operation=patch resource=configmap namespace=tenant-2
[71/100] action=delete-rb ns=tenant-1 name=tenant-binding
[72/100] action=delete-rb ns=tenant-2 name=tenant-binding
[73/100] action=create-rb ns=tenant-2 name=tenant-binding group=tenant-2 role=view
[74/100] action=cross-tenant-access context=tenant-1-user@kubernetes operation=patch resource=configmap namespace=tenant-2
[75/100] action=create-rb ns=tenant-2 name=tenant-binding group=tenant-2 role=cluster-admin
[76/100] action=create-clusterrole name=dev resources=services,secrets verbs=update,deletecollection,list,patch
[77/100] action=delete-rb ns=tenant-1 name=tenant-binding
[78/100] action=delete-rb ns=tenant-1 name=tenant-binding
[79/100] action=delete-clusterrole name=dev
[80/100] action=create-clusterrole name=dev resources=secrets,configmaps verbs=delete,deletecollection,patch,watch
[81/100] action=delete-clusterrole name=dev
[82/100] action=delete-crb name=foo-global-binding
[83/100] action=delete-rb ns=tenant-2 name=tenant-binding
[84/100] action=cross-tenant-access context=tenant-1-user@kubernetes operation=delete resource=configmap namespace=tenant-2
[85/100] action=create-rb ns=tenant-1 name=tenant-binding group=tenant-1 role=admin
[86/100] action=delete-rb ns=tenant-2 name=tenant-binding
[87/100] action=delete-rb ns=tenant-1 name=tenant-binding
[88/100] action=delete-rb ns=tenant-2 name=tenant-binding
[89/100] action=delete-rb ns=tenant-2 name=tenant-binding
[90/100] action=cross-tenant-access context=tenant-2-user@kubernetes operation=list resource=configmap namespace=tenant-1
[91/100] action=create-crb name=foo-global-binding group=tenant-1 role=edit
[92/100] action=cross-tenant-access context=tenant-2-user@kubernetes operation=patch resource=configmap namespace=tenant-1
[93/100] action=delete-crb name=foo-global-binding
[94/100] action=cross-tenant-access context=tenant-2-user@kubernetes operation=patch resource=configmap namespace=tenant-1
[95/100] action=delete-clusterrole name=dev
[96/100] action=create-clusterrole name=dev resources=secrets verbs=watch,get,delete,update,patch
[97/100] action=create-clusterrole name=dev resources=services verbs=update,deletecollection,patch,watch
[98/100] action=create-clusterrole name=dev resources=configmaps verbs=update,delete
[99/100] action=create-clusterrole name=dev resources=pods verbs=create,patch,get,update,delete
[100/100] action=cross-tenant-access context=tenant-2-user@kubernetes operation=delete resource=configmap namespace=tenant-1
