[1/100] action=cross-tenant-access context=tenant-1-user@kubernetes operation=get resource=configmap namespace=tenant-5
[2/100] action=create-rb ns=tenant-2 name=tenant-binding group=tenant-2 role=view
[3/100] action=delete-crb name=foo-global-binding
[4/100] action=delete-crb name=foo-global-binding
[5/100] action=cross-tenant-access context=tenant-3-user@kubernetes operation=patch resource=configmap namespace=tenant-1
[6/100] action=create-rb ns=tenant-3 name=tenant-binding group=tenant-3 role=cluster-admin
[7/100] action=create-crb name=foo-global-binding group=tenant-1 role=dev
[8/100] action=create-clusterrole name=dev resources=pods verbs=list,create,delete,watch,get
[9/100] action=cross-tenant-access context=tenant-3-user@kubernetes operation=patch resource=configmap namespace=tenant-1
[10/100] action=create-rb ns=tenant-1 name=tenant-binding group=tenant-1 role=dev
[11/100] action=cross-tenant-access context=tenant-1-user@kubernetes operation=list resource=configmap namespace=tenant-4
[12/100] action=delete-rb ns=tenant-2 name=tenant-binding
[13/100] action=create-clusterrole name=dev resources=secrets verbs=deletecollection,watch
[14/100] action=cross-tenant-access context=tenant-5-user@kubernetes operation=list resource=configmap namespace=tenant-3
[15/100] action=cross-tenant-access context=tenant-5-user@kubernetes operation=get resource=configmap namespace=tenant-2
[16/100] action=create-rb ns=tenant-2 name=tenant-binding group=tenant-2 role=cluster-admin
[17/100] action=cross-tenant-access context=tenant-3-user@kubernetes operation=get resource=configmap namespace=tenant-4
[18/100] action=cross-tenant-access context=tenant-1-user@kubernetes operation=list resource=configmap namespace=tenant-2
[19/100] action=cross-tenant-access context=tenant-1-user@kubernetes operation=get resource=configmap namespace=tenant-4
[20/100] action=cross-tenant-access context=tenant-3-user@kubernetes operation=get resource=configmap namespace=tenant-5
[21/100] action=create-crb name=foo-global-binding group=tenant-4 role=dev
[22/100] action=create-clusterrole name=dev resources=pods,configmaps verbs=create,delete,list
[23/100] action=delete-crb name=foo-global-binding
[24/100] action=cross-tenant-access context=tenant-3-user@kubernetes operation=patch resource=configmap namespace=tenant-5
[25/100] action=cross-tenant-access context=tenant-3-user@kubernetes operation=patch resource=configmap namespace=tenant-2
[26/100] action=create-rb ns=tenant-1 name=tenant-binding group=tenant-1 role=dev
[27/100] action=delete-rb ns=tenant-5 name=tenant-binding
[28/100] action=cross-tenant-access context=tenant-5-user@kubernetes operation=get resource=configmap namespace=tenant-2
[29/100] action=cross-tenant-access context=tenant-1-user@kubernetes operation=list resource=configmap namespace=tenant-3
[30/100] action=delete-rb ns=tenant-2 name=tenant-binding
[31/100] action=cross-tenant-access context=tenant-5-user@kubernetes operation=watch resource=configmap namespace=tenant-2
[32/100] action=delete-crb name=foo-global-binding
[33/100] action=delete-crb name=foo-global-binding
[34/100] action=cross-tenant-access context=tenant-2-user@kubernetes operation=delete resource=configmap namespace=tenant-1
[35/100] action=delete-crb name=foo-global-binding
[36/100] action=create-rb ns=tenant-2 name=tenant-binding group=tenant-2 role=view
[37/100] action=delete-rb ns=tenant-4 name=tenant-binding
[38/100] action=cross-tenant-access context=tenant-1-user@kubernetes operation=get resource=configmap namespace=tenant-4
[39/100] action=delete-crb name=foo-global-binding
[40/100] action=create-clusterrole name=dev resources=pods,configmaps,secrets verbs=delete,watch
[41/100] action=create-clusterrole name=dev resources=services,pods,configmaps verbs=get
[42/100] action=delete-rb ns=tenant-1 name=tenant-binding
[43/100] action=cross-tenant-access context=tenant-2-user@kubernetes operation=get resource=configmap namespace=tenant-3
[44/100] action=delete-clusterrole name=dev
[45/100] action=create-rb ns=tenant-1 name=tenant-binding group=tenant-1 role=dev
[46/100] action=cross-tenant-access context=tenant-1-user@kubernetes operation=patch resource=configmap namespace=tenant-3
[47/100] action=delete-crb name=foo-global-binding
[48/100] action=cross-tenant-access context=tenant-4-user@kubernetes operation=watch resource=configmap namespace=tenant-1
[49/100] action=delete-rb ns=tenant-2 name=tenant-binding
[50/100] action=create-crb name=foo-global-binding group=tenant-3 role=cluster-admin
[51/100] action=delete-rb ns=tenant-5 name=tenant-binding
[52/100] action=create-crb name=foo-global-binding group=tenant-1 role=admin
[53/100] action=cross-tenant-access context=tenant-2-user@kubernetes operation=delete resource=configmap namespace=tenant-4
[54/100] action=create-crb name=foo-global-binding group=tenant-1 role=edit
[55/100] action=delete-crb name=foo-global-binding
[56/100] action=create-clusterrole name=dev resources=services verbs=patch,get,update
[57/100] action=cross-tenant-access context=tenant-2-user@kubernetes operation=list resource=configmap namespace=tenant-5
[58/100] action=cross-tenant-access context=tenant-2-user@kubernetes operation=patch resource=configmap namespace=tenant-3
[59/100] action=create-rb ns=tenant-5 name=tenant-binding group=tenant-5 role=cluster-admin
[60/100] action=delete-rb ns=tenant-1 name=tenant-binding
[61/100] action=cross-tenant-access context=tenant-3-user@kubernetes operation=delete resource=configmap namespace=tenant-5
[62/100] action=cross-tenant-access context=tenant-1-user@kubernetes operation=delete resource=configmap namespace=tenant-3
[63/100] action=create-clusterrole name=dev resources=pods,services verbs=list,watch
[64/100] action=cross-tenant-access context=tenant-3-user@kubernetes operation=get resource=configmap namespace=tenant-2
[65/100] action=cross-tenant-access context=tenant-3-user@kubernetes operation=patch resource=configmap namespace=tenant-1
[66/100] action=delete-crb name=foo-global-binding
[67/100] action=delete-crb name=foo-global-binding
[68/100] action=create-crb name=foo-global-binding group=tenant-5 role=dev
[69/100] action=cross-tenant-access context=tenant-4-user@kubernetes operation=list resource=configmap namespace=tenant-1
[70/100] action=cross-tenant-access context=tenant-2-user@kubernetes operation=list resource=configmap namespace=tenant-5
[71/100] action=cross-tenant-access context=tenant-2-user@kubernetes operation=list resource=configmap namespace=tenant-1
[72/100] action=delete-clusterrole name=dev
[73/100] action=cross-tenant-access context=tenant-4-user@kubernetes operation=list resource=configmap namespace=tenant-2
[74/100] action=create-crb name=foo-global-binding group=tenant-3 role=dev
[75/100] action=create-rb ns=tenant-5 name=tenant-binding group=tenant-5 role=cluster-admin
[76/100] action=delete-crb name=foo-global-binding
[77/100] action=cross-tenant-access context=tenant-1-user@kubernetes operation=delete resource=configmap namespace=tenant-3
[78/100] action=delete-clusterrole name=dev
[79/100] action=delete-clusterrole name=dev
[80/100] action=delete-rb ns=tenant-5 name=tenant-binding
[81/100] action=delete-rb ns=tenant-4 name=tenant-binding
[82/100] action=delete-rb ns=tenant-4 name=tenant-binding
[83/100] action=create-rb ns=tenant-3 name=tenant-binding group=tenant-3 role=dev
[84/100] action=create-crb name=foo-global-binding group=tenant-4 role=admin
[85/100] action=cross-tenant-access context=tenant-3-user@kubernetes operation=watch resource=configmap namespace=tenant-4
[86/100] action=cross-tenant-access context=tenant-4-user@kubernetes operation=get resource=configmap namespace=tenant-5
[87/100] action=create-rb ns=tenant-5 name=tenant-binding group=tenant-5 role=dev
[88/100] action=cross-tenant-access context=tenant-2-user@kubernetes operation=patch resource=configmap namespace=tenant-3
[89/100] action=delete-crb name=foo-global-binding
[90/100] action=create-rb ns=tenant-4 name=tenant-binding group=tenant-4 role=view
[91/100] action=cross-tenant-access context=tenant-1-user@kubernetes operation=watch resource=configmap namespace=tenant-4
[92/100] action=cross-tenant-access context=tenant-3-user@kubernetes operation=list resource=configmap namespace=tenant-1
[93/100] action=create-crb name=foo-global-binding group=tenant-4 role=edit
[94/100] action=cross-tenant-access context=tenant-2-user@kubernetes operation=watch resource=configmap namespace=tenant-4
[95/100] action=delete-crb name=foo-global-binding
[96/100] action=cross-tenant-access context=tenant-4-user@kubernetes operation=list resource=configmap namespace=tenant-1
[97/100] action=create-crb name=foo-global-binding group=tenant-5 role=view
[98/100] action=cross-tenant-access context=tenant-3-user@kubernetes operation=watch resource=configmap namespace=tenant-2
[99/100] action=create-clusterrole name=dev resources=services verbs=patch,update,delete,deletecollection
[100/100] action=create-rb ns=tenant-3 name=tenant-binding group=tenant-3 role=admin
