[1/1000] action=cross-tenant-access context=tenant-3-user@kubernetes operation=list resource=configmap namespace=tenant-4
[2/1000] action=create-clusterrole name=dev resources=secrets,configmaps,services verbs=patch,deletecollection
[3/1000] action=create-clusterrole name=dev resources=pods,configmaps verbs=get
[4/1000] action=create-crb name=foo-global-binding group=tenant-5 role=dev
[5/1000] action=delete-clusterrole name=dev
[6/1000] action=cross-tenant-access context=tenant-1-user@kubernetes operation=watch resource=configmap namespace=tenant-4
[7/1000] action=cross-tenant-access context=tenant-3-user@kubernetes operation=get resource=configmap namespace=tenant-5
[8/1000] action=cross-tenant-access context=tenant-3-user@kubernetes operation=watch resource=configmap namespace=tenant-5
[9/1000] action=create-crb name=foo-global-binding group=tenant-2 role=edit
[10/1000] action=create-clusterrole name=dev resources=pods verbs=list,create
[11/1000] action=create-rb ns=tenant-5 name=tenant-binding group=tenant-5 role=view
[12/1000] action=delete-clusterrole name=dev
[13/1000] action=cross-tenant-access context=tenant-5-user@kubernetes operation=patch resource=configmap namespace=tenant-1
[14/1000] action=delete-rb ns=tenant-4 name=tenant-binding
[15/1000] action=delete-rb ns=tenant-5 name=tenant-binding
[16/1000] action=delete-rb ns=tenant-2 name=tenant-binding
[17/1000] action=cross-tenant-access context=tenant-1-user@kubernetes operation=get resource=configmap namespace=tenant-3
[18/1000] action=create-clusterrole name=dev resources=secrets,configmaps verbs=deletecollection,patch
[19/1000] action=cross-tenant-access context=tenant-1-user@kubernetes operation=get resource=configmap namespace=tenant-2
[20/1000] action=delete-rb ns=tenant-2 name=tenant-binding
[21/1000] action=delete-rb ns=tenant-4 name=tenant-binding
[22/1000] action=cross-tenant-access context=tenant-3-user@kubernetes operation=watch resource=configmap namespace=tenant-4
[23/1000] action=delete-rb ns=tenant-2 name=tenant-binding
[24/1000] action=cross-tenant-access context=tenant-5-user@kubernetes operation=watch resource=configmap namespace=tenant-3
[25/1000] action=create-crb name=foo-global-binding group=tenant-4 role=dev
[26/1000] action=delete-crb name=foo-global-binding
[27/1000] action=delete-crb name=foo-global-binding
[28/1000] action=cross-tenant-access context=tenant-5-user@kubernetes operation=delete resource=configmap namespace=tenant-1
[29/1000] action=delete-rb ns=tenant-3 name=tenant-binding
[30/1000] action=create-clusterrole name=dev resources=secrets,services,pods verbs=list
[31/1000] action=create-rb ns=tenant-3 name=tenant-binding group=tenant-3 role=dev
[32/1000] action=cross-tenant-access context=tenant-1-user@kubernetes operation=patch resource=configmap namespace=tenant-2
[33/1000] action=create-crb name=foo-global-binding group=tenant-1 role=edit
[34/1000] action=create-crb name=foo-global-binding group=tenant-3 role=cluster-admin
[35/1000] action=delete-crb name=foo-global-binding
[36/1000] action=create-crb name=foo-global-binding group=tenant-3 role=view
[37/1000] action=cross-tenant-access context=tenant-3-user@kubernetes operation=watch resource=configmap namespace=tenant-2
[38/1000] action=create-rb ns=tenant-2 name=tenant-binding group=tenant-2 role=admin
[39/1000] action=cross-tenant-access context=tenant-2-user@kubernetes operation=get resource=configmap namespace=tenant-4
[40/1000] action=delete-crb name=foo-global-binding
[41/1000] action=delete-rb ns=tenant-4 name=tenant-binding
[42/1000] action=cross-tenant-access context=tenant-3-user@kubernetes operation=get resource=configmap namespace=tenant-2
[43/1000] action=cross-tenant-access context=tenant-5-user@kubernetes operation=watch resource=configmap namespace=tenant-2
[44/1000] action=create-rb ns=tenant-3 name=tenant-binding group=tenant-3 role=view
[45/1000] action=delete-crb name=foo-global-binding
[46/1000] action=delete-rb ns=tenant-2 name=tenant-binding
[47/1000] action=delete-rb ns=tenant-4 name=tenant-binding
[48/1000] action=delete-rb ns=tenant-4 name=tenant-binding
[49/1000] action=create-rb ns=tenant-2 name=tenant-binding group=tenant-2 role=dev
[50/1000] action=cross-tenant-access context=tenant-5-user@kubernetes operation=list resource=configmap namespace=tenant-2
[51/1000] action=create-clusterrole name=dev resources=services,secrets,pods verbs=list,delete
[52/1000] action=create-rb ns=tenant-4 name=tenant-binding group=tenant-4 role=edit
[53/1000] action=cross-tenant-access context=tenant-1-user@kubernetes operation=list resource=configmap namespace=tenant-5
[54/1000] action=create-rb ns=tenant-2 name=tenant-binding group=tenant-2 role=dev
[55/1000] action=cross-tenant-access context=tenant-2-user@kubernetes operation=get resource=configmap namespace=tenant-3
[56/1000] action=create-crb name=foo-global-binding group=tenant-5 role=dev
[57/1000] action=create-rb ns=tenant-3 name=tenant-binding group=tenant-3 role=edit
[58/1000] action=cross-tenant-access context=tenant-2-user@kubernetes operation=list resource=configmap namespace=tenant-4
[59/1000] action=create-rb ns=tenant-1 name=tenant-binding group=tenant-1 role=dev
[60/1000] action=delete-rb ns=tenant-3 name=tenant-binding
[61/1000] action=cross-tenant-access context=tenant-1-user@kubernetes operation=list resource=configmap namespace=tenant-5
[62/1000] action=delete-rb ns=tenant-2 name=tenant-binding
[63/1000] action=cross-tenant-access context=tenant-2-user@kubernetes operation=patch resource=configmap namespace=tenant-4
[64/1000] action=create-crb name=foo-global-binding group=tenant-1 role=cluster-admin
[65/1000] action=create-crb name=foo-global-binding group=tenant-1 role=cluster-admin
[66/1000] action=delete-rb ns=tenant-1 name=tenant-binding
[67/1000] action=cross-tenant-access context=tenant-1-user@kubernetes operation=patch resource=configmap namespace=tenant-4
[68/1000] action=delete-rb ns=tenant-3 name=tenant-binding
[69/1000] action=cross-tenant-access context=tenant-3-user@kubernetes operation=list resource=configmap namespace=tenant-5
[70/1000] action=create-clusterrole name=dev resources=configmaps verbs=get,deletecollection,create,update,watch
[71/1000] action=delete-rb ns=tenant-4 name=tenant-binding
[72/1000] action=delete-rb ns=tenant-4 name=tenant-binding
[73/1000] action=cross-tenant-access context=tenant-5-user@kubernetes operation=watch resource=configmap namespace=tenant-1
[74/1000] action=cross-tenant-access context=tenant-5-user@kubernetes operation=list resource=configmap namespace=tenant-4
[75/1000] action=create-clusterrole name=dev resources=pods verbs=update,watch,get
[76/1000] action=create-crb name=foo-global-binding group=tenant-3 role=admin
[77/1000] action=cross-tenant-access context=tenant-1-user@kubernetes operation=patch resource=configmap namespace=tenant-5
[78/1000] action=delete-rb ns=tenant-3 name=tenant-binding
[79/1000] action=delete-crb name=foo-global-binding
[80/1000] action=create-rb ns=tenant-1 name=tenant-binding group=tenant-1 role=admin
[81/1000] action=cross-tenant-access context=tenant-2-user@kubernetes operation=get resource=configmap namespace=tenant-4
[82/1000] action=create-crb name=foo-global-binding group=tenant-5 role=view
[83/1000] action=create-rb ns=tenant-4 name=tenant-binding group=tenant-4 role=dev
[84/1000] action=create-rb ns=tenant-5 name=tenant-binding group=tenant-5 role=dev
[85/1000] action=create-crb name=foo-global-binding group=tenant-1 role=dev
[86/1000] action=delete-crb name=foo-global-binding
[87/1000] action=delete-rb ns=tenant-4 name=tenant-binding
[88/1000] action=create-rb ns=tenant-3 name=tenant-binding group=tenant-3 role=dev
[89/1000] action=cross-tenant-access context=tenant-4-user@kubernetes operation=list resource=configmap namespace=tenant-2
[90/1000] action=delete-rb ns=tenant-5 name=tenant-binding
[91/1000] action=create-crb name=foo-global-binding group=tenant-3 role=view
[92/1000] action=delete-crb name=foo-global-binding
[93/1000] action=cross-tenant-access context=tenant-5-user@kubernetes operation=list resource=configmap namespace=tenant-3
[94/1000] action=cross-tenant-access context=tenant-1-user@kubernetes operation=get resource=configmap namespace=tenant-5
[95/1000] action=delete-rb ns=tenant-3 name=tenant-binding
[96/1000] action=cross-tenant-access context=tenant-2-user@kubernetes operation=watch resource=configmap namespace=tenant-3
[97/1000] action=create-rb ns=tenant-2 name=tenant-binding group=tenant-2 role=edit
[98/1000] action=cross-tenant-access context=tenant-3-user@kubernetes operation=patch resource=configmap namespace=tenant-2
[99/1000] action=cross-tenant-access context=tenant-5-user@kubernetes operation=get resource=configmap namespace=tenant-2
[100/1000] action=create-rb ns=tenant-5 name=tenant-binding group=tenant-5 role=cluster-admin
[101/1000] action=cross-tenant-access context=tenant-4-user@kubernetes operation=patch resource=configmap namespace=tenant-2
[102/1000] action=delete-crb name=foo-global-binding
[103/1000] action=cross-tenant-access context=tenant-1-user@kubernetes operation=patch resource=configmap namespace=tenant-3
[104/1000] action=cross-tenant-access context=tenant-5-user@kubernetes operation=patch resource=configmap namespace=tenant-3
[105/1000] action=delete-clusterrole name=dev
[106/1000] action=cross-tenant-access context=tenant-4-user@kubernetes operation=delete resource=configmap namespace=tenant-2
[107/1000] action=create-rb ns=tenant-5 name=tenant-binding group=tenant-5 role=edit
[108/1000] action=cross-tenant-access context=tenant-5-user@kubernetes operation=list resource=configmap namespace=tenant-3
[109/1000] action=cross-tenant-access context=tenant-4-user@kubernetes operation=watch resource=configmap namespace=tenant-1
[110/1000] action=delete-clusterrole name=dev
[111/1000] action=cross-tenant-access context=tenant-3-user@kubernetes operation=watch resource=configmap namespace=tenant-1
[112/1000] action=create-rb ns=tenant-3 name=tenant-binding group=tenant-3 role=edit
[113/1000] action=create-rb ns=tenant-1 name=tenant-binding group=tenant-1 role=edit
[114/1000] action=create-rb ns=tenant-1 name=tenant-binding group=tenant-1 role=admin
[115/1000] action=cross-tenant-access context=tenant-5-user@kubernetes operation=watch resource=configmap namespace=tenant-3
[116/1000] action=cross-tenant-access context=tenant-5-user@kubernetes operation=get resource=configmap namespace=tenant-4
[117/1000] action=create-rb ns=tenant-5 name=tenant-binding group=tenant-5 role=edit
[118/1000] action=delete-crb name=foo-global-binding
[119/1000] action=delete-crb name=foo-global-binding
[120/1000] action=cross-tenant-access context=tenant-2-user@kubernetes operation=patch resource=configmap namespace=tenant-1
[121/1000] action=create-clusterrole name=dev resources=services,pods verbs=create,delete,watch,get,list
[122/1000] action=create-crb name=foo-global-binding group=tenant-2 role=admin
[123/1000] action=cross-tenant-access context=tenant-3-user@kubernetes operation=list resource=configmap namespace=tenant-5
[124/1000] action=delete-rb ns=tenant-5 name=tenant-binding
[125/1000] action=delete-crb name=foo-global-binding
[126/1000] action=create-crb name=foo-global-binding group=tenant-3 role=view
[127/1000] action=create-rb ns=tenant-1 name=tenant-binding group=tenant-1 role=cluster-admin
[128/1000] action=cross-tenant-access context=tenant-5-user@kubernetes operation=list resource=configmap namespace=tenant-3
[129/1000] action=create-crb name=foo-global-binding group=tenant-2 role=dev
[130/1000] action=delete-rb ns=tenant-1 name=tenant-binding
[131/1000] action=delete-crb name=foo-global-binding
[132/1000] action=cross-tenant-access context=tenant-1-user@kubernetes operation=list resource=configmap namespace=tenant-3
[133/1000] action=create-crb name=foo-global-binding group=tenant-3 role=cluster-admin
[134/1000] action=cross-tenant-access context=tenant-1-user@kubernetes operation=get resource=configmap namespace=tenant-2
[135/1000] action=create-rb ns=tenant-1 name=tenant-binding group=tenant-1 role=dev
[136/1000] action=delete-rb ns=tenant-5 name=tenant-binding
[137/1000] action=cross-tenant-access context=tenant-3-user@kubernetes operation=list resource=configmap namespace=tenant-4
[138/1000] action=delete-crb name=foo-global-binding
[139/1000] action=create-clusterrole name=dev resources=services verbs=patch,list,watch,delete
[140/1000] action=create-clusterrole name=dev resources=pods,services verbs=create,watch,patch,delete
[141/1000] action=delete-clusterrole name=dev
[142/1000] action=delete-crb name=foo-global-binding
[143/1000] action=delete-rb ns=tenant-2 name=tenant-binding
[144/1000] action=delete-rb ns=tenant-1 name=tenant-binding
[145/1000] action=create-rb ns=tenant-3 name=tenant-binding group=tenant-3 role=dev
[146/1000] action=delete-crb name=foo-global-binding
[147/1000] action=cross-tenant-access context=tenant-5-user@kubernetes operation=get resource=configmap namespace=tenant-1
[148/1000] action=delete-clusterrole name=dev
[149/1000] action=create-clusterrole name=dev resources=pods verbs=create,list
[150/1000] action=create-crb name=foo-global-binding group=tenant-1 role=admin
[151/1000] action=delete-rb ns=tenant-4 name=tenant-binding
[152/1000] action=delete-rb ns=tenant-3 name=tenant-binding
[153/1000] action=create-rb ns=tenant-2 name=tenant-binding group=tenant-2 role=dev
[154/1000] action=cross-tenant-access context=tenant-5-user@kubernetes operation=watch resource=configmap namespace=tenant-4
[155/1000] action=cross-tenant-access context=tenant-5-user@kubernetes operation=patch resource=configmap namespace=tenant-1
[156/1000] action=cross-tenant-access context=tenant-5-user@kubernetes operation=get resource=configmap namespace=tenant-3
[157/1000] action=delete-crb name=foo-global-binding
[158/1000] action=delete-rb ns=tenant-5 name=tenant-binding
[159/1000] action=delete-rb ns=tenant-5 name=tenant-binding
[160/1000] action=delete-clusterrole name=dev
[161/1000] action=create-clusterrole name=dev resources=configmaps verbs=list,get,create
[162/1000] action=delete-crb name=foo-global-binding
[163/1000] action=cross-tenant-access context=tenant-3-user@kubernetes operation=list resource=configmap namespace=tenant-2
[164/1000] action=delete-rb ns=tenant-2 name=tenant-binding
[165/1000] action=create-rb ns=tenant-1 name=tenant-binding group=tenant-1 role=cluster-admin
[166/1000] action=create-rb ns=tenant-3 name=tenant-binding group=tenant-3 role=dev
[167/1000] action=cross-tenant-access context=tenant-5-user@kubernetes operation=patch resource=configmap namespace=tenant-4
[168/1000] action=cross-tenant-access context=tenant-1-user@kubernetes operation=list resource=configmap namespace=tenant-3
[169/1000] action=delete-rb ns=tenant-3 name=tenant-binding
[170/1000] action=cross-tenant-access context=tenant-5-user@kubernetes operation=get resource=configmap namespace=tenant-1
[171/1000] action=create-crb name=foo-global-binding group=tenant-1 role=dev
[172/1000] action=create-rb ns=tenant-5 name=tenant-binding group=tenant-5 role=edit
[173/1000] action=create-clusterrole name=dev resources=pods,secrets verbs=patch,create
[174/1000] action=delete-rb ns=tenant-2 name=tenant-binding
[175/1000] action=cross-tenant-access context=tenant-5-user@kubernetes operation=patch resource=configmap namespace=tenant-1
[176/1000] action=delete-crb name=foo-global-binding
[177/1000] action=cross-tenant-access context=tenant-4-user@kubernetes operation=patch resource=configmap namespace=tenant-3
[178/1000] action=create-crb name=foo-global-binding group=tenant-3 role=admin
[179/1000] action=cross-tenant-access context=tenant-1-user@kubernetes operation=patch resource=configmap namespace=tenant-5
[180/1000] action=create-crb name=foo-global-binding group=tenant-3 role=admin
[181/1000] action=create-rb ns=tenant-3 name=tenant-binding group=tenant-3 role=edit
[182/1000] action=cross-tenant-access context=tenant-1-user@kubernetes operation=patch resource=configmap namespace=tenant-3
[183/1000] action=cross-tenant-access context=tenant-1-user@kubernetes operation=get resource=configmap namespace=tenant-5
[184/1000] action=create-clusterrole name=dev resources=pods,secrets verbs=update,patch
[185/1000] action=delete-clusterrole name=dev
[186/1000] action=cross-tenant-access context=tenant-5-user@kubernetes operation=watch resource=configmap namespace=tenant-3
[187/1000] action=create-rb ns=tenant-4 name=tenant-binding group=tenant-4 role=edit
[188/1000] action=cross-tenant-access context=tenant-5-user@kubernetes operation=patch resource=configmap namespace=tenant-3
[189/1000] action=delete-rb ns=tenant-1 name=tenant-binding
[190/1000] action=cross-tenant-access context=tenant-2-user@kubernetes operation=get resource=configmap namespace=tenant-5
[191/1000] action=delete-crb name=foo-global-binding
[192/1000] action=delete-crb name=foo-global-binding
[193/1000] action=create-crb name=foo-global-binding group=tenant-3 role=view
[194/1000] action=cross-tenant-access context=tenant-4-user@kubernetes operation=list resource=configmap namespace=tenant-5
[195/1000] action=delete-rb ns=tenant-5 name=tenant-binding
[196/1000] action=cross-tenant-access context=tenant-4-user@kubernetes operation=delete resource=configmap namespace=tenant-2
[197/1000] action=cross-tenant-access context=tenant-5-user@kubernetes operation=patch resource=configmap namespace=tenant-3
[198/1000] action=delete-clusterrole name=dev
[199/1000] action=delete-crb name=foo-global-binding
[200/1000] action=delete-crb name=foo-global-binding
[201/1000] action=delete-crb name=foo-global-binding
[202/1000] action=delete-clusterrole name=dev
[203/1000] action=delete-rb ns=tenant-5 name=tenant-binding
[204/1000] action=create-crb name=foo-global-binding group=tenant-1 role=edit
[205/1000] action=delete-rb ns=tenant-2 name=tenant-binding
[206/1000] action=create-rb ns=tenant-1 name=tenant-binding group=tenant-1 role=view
[207/1000] action=create-clusterrole name=dev resources=services,configmaps,pods verbs=watch,deletecollection,update
[208/1000] action=cross-tenant-access context=tenant-1-user@kubernetes operation=watch resource=configmap namespace=tenant-3
[209/1000] action=cross-tenant-access context=tenant-4-user@kubernetes operation=watch resource=configmap namespace=tenant-1
[210/1000] action=cross-tenant-access context=tenant-3-user@kubernetes operation=get resource=configmap namespace=tenant-2
[211/1000] action=delete-rb ns=tenant-3 name=tenant-binding
[212/1000] action=create-clusterrole name=dev resources=services,configmaps,pods verbs=create
[213/1000] action=delete-rb ns=tenant-3 name=tenant-binding
[214/1000] action=delete-rb ns=tenant-5 name=tenant-binding
[215/1000] action=create-crb name=foo-global-binding group=tenant-4 role=edit
[216/1000] action=cross-tenant-access context=tenant-3-user@kubernetes operation=list resource=configmap namespace=tenant-4
[217/1000] action=delete-clusterrole name=dev
[218/1000] action=cross-tenant-access context=tenant-5-user@kubernetes operation=patch resource=configmap namespace=tenant-1
[219/1000] action=cross-tenant-access context=tenant-4-user@kubernetes operation=patch resource=configmap namespace=tenant-3
[220/1000] action=delete-clusterrole name=dev
[221/1000] action=cross-tenant-access context=tenant-1-user@kubernetes operation=delete resource=configmap namespace=tenant-5
[222/1000] action=cross-tenant-access context=tenant-2-user@kubernetes operation=delete resource=configmap namespace=tenant-5
[223/1000] action=create-clusterrole name=dev resources=secrets verbs=deletecollection,get,update,patch
[224/1000] action=delete-crb name=foo-global-binding
[225/1000] action=delete-crb name=foo-global-binding
[226/1000] action=cross-tenant-access context=tenant-4-user@kubernetes operation=patch resource=configmap namespace=tenant-3
[227/1000] action=create-clusterrole name=dev resources=secrets,services verbs=get
[228/1000] action=cross-tenant-access context=tenant-4-user@kubernetes operation=delete resource=configmap namespace=tenant-5
[229/1000] action=cross-tenant-access context=tenant-3-user@kubernetes operation=patch resource=configmap namespace=tenant-4
[230/1000] action=cross-tenant-access context=tenant-4-user@kubernetes operation=patch resource=configmap namespace=tenant-3
[231/1000] action=cross-tenant-access context=tenant-5-user@kubernetes operation=patch resource=configmap namespace=tenant-1
[232/1000] action=cross-tenant-access context=tenant-2-user@kubernetes operation=get resource=configmap namespace=tenant-3
[233/1000] action=cross-tenant-access context=tenant-1-user@kubernetes operation=delete resource=configmap namespace=tenant-3
[234/1000] action=delete-rb ns=tenant-5 name=tenant-binding
[235/1000] action=cross-tenant-access context=tenant-4-user@kubernetes operation=patch resource=configmap namespace=tenant-5
[236/1000] action=cross-tenant-access context=tenant-3-user@kubernetes operation=patch resource=configmap namespace=tenant-4
[237/1000] action=cross-tenant-access context=tenant-2-user@kubernetes operation=get resource=configmap namespace=tenant-5
[238/1000] action=create-rb ns=tenant-4 name=tenant-binding group=tenant-4 role=dev
[239/1000] action=create-clusterrole name=dev resources=services,configmaps verbs=watch,deletecollection
[240/1000] action=cross-tenant-access context=tenant-1-user@kubernetes operation=delete resource=configmap namespace=tenant-5
[241/1000] action=cross-tenant-access context=tenant-2-user@kubernetes operation=delete resource=configmap namespace=tenant-3
[242/1000] action=delete-rb ns=tenant-2 name=tenant-binding
[243/1000] action=delete-rb ns=tenant-3 name=tenant-binding
[244/1000] action=delete-rb ns=tenant-1 name=tenant-binding
[245/1000] action=delete-crb name=foo-global-binding
[246/1000] action=create-rb ns=tenant-4 name=tenant-binding group=tenant-4 role=edit
[247/1000] action=delete-rb ns=tenant-4 name=tenant-binding
[248/1000] action=delete-clusterrole name=dev
[249/1000] action=delete-crb name=foo-global-binding
[250/1000] action=create-rb ns=tenant-1 name=tenant-binding group=tenant-1 role=cluster-admin
[251/1000] action=create-rb ns=tenant-4 name=tenant-binding group=tenant-4 role=admin
[252/1000] action=delete-crb name=foo-global-binding
[253/1000] action=create-rb ns=tenant-4 name=tenant-binding group=tenant-4 role=admin
[254/1000] action=delete-rb ns=tenant-1 name=tenant-binding
[255/1000] action=cross-tenant-access context=tenant-3-user@kubernetes operation=list resource=configmap namespace=tenant-2
[256/1000] action=cross-tenant-access context=tenant-2-user@kubernetes operation=watch resource=configmap namespace=tenant-3
[257/1000] action=create-rb ns=tenant-5 name=tenant-binding group=tenant-5 role=view
[258/1000] action=delete-rb ns=tenant-5 name=tenant-binding
[259/1000] action=delete-rb ns=tenant-1 name=tenant-binding
[260/1000] action=create-clusterrole name=dev resources=secrets,services verbs=update,delete,get,patch
[261/1000] action=delete-rb ns=tenant-5 name=tenant-binding
[262/1000] action=delete-rb ns=tenant-4 name=tenant-binding
[263/1000] action=delete-rb ns=tenant-2 name=tenant-binding
[264/1000] action=delete-rb ns=tenant-5 name=tenant-binding
[265/1000] action=create-clusterrole name=dev resources=pods verbs=update,get,delete
[266/1000] action=create-clusterrole name=dev resources=pods,configmaps,secrets verbs=get,watch,delete,list
[267/1000] action=cross-tenant-access context=tenant-1-user@kubernetes operation=patch resource=configmap namespace=tenant-3
[268/1000] action=create-crb name=foo-global-binding group=tenant-3 role=admin
[269/1000] action=cross-tenant-access context=tenant-4-user@kubernetes operation=list resource=configmap namespace=tenant-3
[270/1000] action=cross-tenant-access context=tenant-1-user@kubernetes operation=patch resource=configmap namespace=tenant-5
[271/1000] action=create-crb name=foo-global-binding group=tenant-4 role=dev
[272/1000] action=cross-tenant-access context=tenant-5-user@kubernetes operation=list resource=configmap namespace=tenant-3
[273/1000] action=create-rb ns=tenant-1 name=tenant-binding group=tenant-1 role=view
[274/1000] action=create-clusterrole name=dev resources=configmaps,services,secrets verbs=deletecollection,delete
[275/1000] action=cross-tenant-access context=tenant-4-user@kubernetes operation=delete resource=configmap namespace=tenant-2
[276/1000] action=delete-crb name=foo-global-binding
[277/1000] action=create-rb ns=tenant-2 name=tenant-binding group=tenant-2 role=admin
[278/1000] action=cross-tenant-access context=tenant-1-user@kubernetes operation=delete resource=configmap namespace=tenant-4
[279/1000] action=create-rb ns=tenant-4 name=tenant-binding group=tenant-4 role=admin
[280/1000] action=create-clusterrole name=dev resources=configmaps,services verbs=patch,delete,deletecollection,update,get
[281/1000] action=cross-tenant-access context=tenant-5-user@kubernetes operation=delete resource=configmap namespace=tenant-1
[282/1000] action=create-rb ns=tenant-3 name=tenant-binding group=tenant-3 role=admin
[283/1000] action=cross-tenant-access context=tenant-4-user@kubernetes operation=list resource=configmap namespace=tenant-5
[284/1000] action=create-rb ns=tenant-1 name=tenant-binding group=tenant-1 role=view
[285/1000] action=create-rb ns=tenant-3 name=tenant-binding group=tenant-3 role=edit
[286/1000] action=cross-tenant-access context=tenant-3-user@kubernetes operation=patch resource=configmap namespace=tenant-1
[287/1000] action=cross-tenant-access context=tenant-3-user@kubernetes operation=patch resource=configmap namespace=tenant-4
[288/1000] action=cross-tenant-access context=tenant-3-user@kubernetes operation=get resource=configmap namespace=tenant-5
[289/1000] action=create-crb name=foo-global-binding group=tenant-1 role=edit
[290/1000] action=cross-tenant-access context=tenant-4-user@kubernetes operation=list resource=configmap namespace=tenant-3
[291/1000] action=create-clusterrole name=dev resources=pods,services verbs=get
[292/1000] action=cross-tenant-access context=tenant-5-user@kubernetes operation=patch resource=configmap namespace=tenant-1
[293/1000] action=cross-tenant-access context=tenant-3-user@kubernetes operation=patch resource=configmap namespace=tenant-2
[294/1000] action=cross-tenant-access context=tenant-5-user@kubernetes operation=get resource=configmap namespace=tenant-2
[295/1000] action=delete-crb name=foo-global-binding
[296/1000] action=cross-tenant-access context=tenant-5-user@kubernetes operation=patch resource=configmap namespace=tenant-1
[297/1000] action=create-crb name=foo-global-binding group=tenant-4 role=dev
[298/1000] action=create-rb ns=tenant-5 name=tenant-binding group=tenant-5 role=admin
[299/1000] action=cross-tenant-access context=tenant-1-user@kubernetes operation=list resource=configmap namespace=tenant-4
[300/1000] action=create-rb ns=tenant-1 name=tenant-binding group=tenant-1 role=cluster-admin
[301/1000] action=cross-tenant-access context=tenant-4-user@kubernetes operation=delete resource=configmap namespace=tenant-3
[302/1000] action=cross-tenant-access context=tenant-5-user@kubernetes operation=list resource=configmap namespace=tenant-2
[303/1000] action=create-rb ns=tenant-2 name=tenant-binding group=tenant-2 role=admin
[304/1000] action=cross-tenant-access context=tenant-2-user@kubernetes operation=list resource=configmap namespace=tenant-4
[305/1000] action=create-rb ns=tenant-5 name=tenant-binding group=tenant-5 role=view
[306/1000] action=create-clusterrole name=dev resources=secrets verbs=watch
[307/1000] action=create-rb ns=tenant-1 name=tenant-binding group=tenant-1 role=dev
[308/1000] action=delete-rb ns=tenant-2 name=tenant-binding
[309/1000] action=create-rb ns=tenant-1 name=tenant-binding group=tenant-1 role=cluster-admin
[310/1000] action=create-rb ns=tenant-3 name=tenant-binding group=tenant-3 role=dev
[311/1000] action=cross-tenant-access context=tenant-4-user@kubernetes operation=watch resource=configmap namespace=tenant-3
[312/1000] action=delete-clusterrole name=dev
[313/1000] action=cross-tenant-access context=tenant-1-user@kubernetes operation=patch resource=configmap namespace=tenant-3
[314/1000] action=delete-rb ns=tenant-3 name=tenant-binding
[315/1000] action=delete-rb ns=tenant-1 name=tenant-binding
[316/1000] action=cross-tenant-access context=tenant-5-user@kubernetes operation=get resource=configmap namespace=tenant-2
[317/1000] action=cross-tenant-access context=tenant-5-user@kubernetes operation=patch resource=configmap namespace=tenant-4
[318/1000] action=create-rb ns=tenant-3 name=tenant-binding group=tenant-3 role=dev
[319/1000] action=cross-tenant-access context=tenant-3-user@kubernetes operation=watch resource=configmap namespace=tenant-2
[320/1000] action=create-clusterrole name=dev resources=secrets verbs=deletecollection,watch,update
[321/1000] action=delete-clusterrole name=dev
[322/1000] action=delete-rb ns=tenant-3 name=tenant-binding
[323/1000] action=cross-tenant-access context=tenant-3-user@kubernetes operation=watch resource=configmap namespace=tenant-1
[324/1000] action=create-rb ns=tenant-1 name=tenant-binding group=tenant-1 role=edit
[325/1000] action=delete-crb name=foo-global-binding
[326/1000] action=cross-tenant-access context=tenant-4-user@kubernetes operation=patch resource=configmap namespace=tenant-1
[327/1000] action=delete-clusterrole name=dev
[328/1000] action=cross-tenant-access context=tenant-4-user@kubernetes operation=get resource=configmap namespace=tenant-1
[329/1000] action=cross-tenant-access context=tenant-3-user@kubernetes operation=delete resource=configmap namespace=tenant-5
[330/1000] action=cross-tenant-access context=tenant-1-user@kubernetes operation=patch resource=configmap namespace=tenant-3
[331/1000] action=cross-tenant-access context=tenant-1-user@kubernetes operation=list resource=configmap namespace=tenant-4
[332/1000] action=cross-tenant-access context=tenant-5-user@kubernetes operation=delete resource=configmap namespace=tenant-2
[333/1000] action=delete-rb ns=tenant-3 name=tenant-binding
[334/1000] action=delete-clusterrole name=dev
[335/1000] action=create-rb ns=tenant-4 name=tenant-binding group=tenant-4 role=view
[336/1000] action=create-rb ns=tenant-3 name=tenant-binding group=tenant-3 role=view
[337/1000] action=cross-tenant-access context=tenant-3-user@kubernetes operation=delete resource=configmap namespace=tenant-1
[338/1000] action=cross-tenant-access context=tenant-4-user@kubernetes operation=patch resource=configmap namespace=tenant-5
[339/1000] action=create-clusterrole name=dev resources=secrets,configmaps,services verbs=list
[340/1000] action=cross-tenant-access context=tenant-3-user@kubernetes operation=watch resource=configmap namespace=tenant-5
[341/1000] action=create-clusterrole name=dev resources=services,pods verbs=patch,update
[342/1000] action=create-crb name=foo-global-binding group=tenant-4 role=view
[343/1000] action=delete-rb ns=tenant-1 name=tenant-binding
[344/1000] action=cross-tenant-access context=tenant-5-user@kubernetes operation=patch resource=configmap namespace=tenant-3
[345/1000] action=delete-rb ns=tenant-1 name=tenant-binding
[346/1000] action=create-rb ns=tenant-1 name=tenant-binding group=tenant-1 role=edit
[347/1000] action=cross-tenant-access context=tenant-1-user@kubernetes operation=watch resource=configmap namespace=tenant-2
[348/1000] action=cross-tenant-access context=tenant-3-user@kubernetes operation=delete resource=configmap namespace=tenant-2
[349/1000] action=delete-clusterrole name=dev
[350/1000] action=create-clusterrole name=dev resources=services,secrets,configmaps verbs=watch,create,deletecollection,get
[351/1000] action=delete-crb name=foo-global-binding
[352/1000] action=cross-tenant-access context=tenant-4-user@kubernetes operation=delete resource=configmap namespace=tenant-1
[353/1000] action=cross-tenant-access context=tenant-2-user@kubernetes operation=list resource=configmap namespace=tenant-3
[354/1000] action=delete-crb name=foo-global-binding
[355/1000] action=delete-rb ns=tenant-2 name=tenant-binding
[356/1000] action=cross-tenant-access context=tenant-5-user@kubernetes operation=watch resource=configmap namespace=tenant-2
[357/1000] action=create-clusterrole name=dev resources=pods verbs=get
[358/1000] action=delete-rb ns=tenant-5 name=tenant-binding
[359/1000] action=cross-tenant-access context=tenant-5-user@kubernetes operation=delete resource=configmap namespace=tenant-2
[360/1000] action=cross-tenant-access context=tenant-5-user@kubernetes operation=watch resource=configmap namespace=tenant-1
[361/1000] action=cross-tenant-access context=tenant-5-user@kubernetes operation=list resource=configmap namespace=tenant-1
[362/1000] action=delete-rb ns=tenant-2 name=tenant-binding
[363/1000] action=create-crb name=foo-global-binding group=tenant-1 role=cluster-admin
[364/1000] action=create-rb ns=tenant-2 name=tenant-binding group=tenant-2 role=view
[365/1000] action=create-rb ns=tenant-1 name=tenant-binding group=tenant-1 role=view
[366/1000] action=cross-tenant-access context=tenant-5-user@kubernetes operation=get resource=configmap namespace=tenant-2
[367/1000] action=create-rb ns=tenant-3 name=tenant-binding group=tenant-3 role=dev
[368/1000] action=create-crb name=foo-global-binding group=tenant-5 role=dev
[369/1000] action=delete-rb ns=tenant-3 name=tenant-binding
[370/1000] action=cross-tenant-access context=tenant-3-user@kubernetes operation=list resource=configmap namespace=tenant-5
[371/1000] action=delete-crb name=foo-global-binding
[372/1000] action=delete-rb ns=tenant-3 name=tenant-binding
[373/1000] action=cross-tenant-access context=tenant-5-user@kubernetes operation=patch resource=configmap namespace=tenant-2
[374/1000] action=delete-crb name=foo-global-binding
[375/1000] action=delete-crb name=foo-global-binding
[376/1000] action=delete-rb ns=tenant-2 name=tenant-binding
[377/1000] action=delete-crb name=foo-global-binding
[378/1000] action=cross-tenant-access context=tenant-4-user@kubernetes operation=get resource=configmap namespace=tenant-1
[379/1000] action=delete-rb ns=tenant-2 name=tenant-binding
[380/1000] action=delete-rb ns=tenant-1 name=tenant-binding
[381/1000] action=cross-tenant-access context=tenant-2-user@kubernetes operation=list resource=configmap namespace=tenant-1
[382/1000] action=delete-rb ns=tenant-3 name=tenant-binding
[383/1000] action=cross-tenant-access context=tenant-3-user@kubernetes operation=watch resource=configmap namespace=tenant-4
[384/1000] action=create-rb ns=tenant-2 name=tenant-binding group=tenant-2 role=cluster-admin
[385/1000] action=create-crb name=foo-global-binding group=tenant-2 role=cluster-admin
[386/1000] action=create-rb ns=tenant-5 name=tenant-binding group=tenant-5 role=admin
[387/1000] action=create-clusterrole name=dev resources=configmaps,pods,secrets verbs=delete,update
[388/1000] action=create-rb ns=tenant-2 name=tenant-binding group=tenant-2 role=cluster-admin
[389/1000] action=cross-tenant-access context=tenant-4-user@kubernetes operation=delete resource=configmap namespace=tenant-2
[390/1000] action=delete-crb name=foo-global-binding
[391/1000] action=delete-crb name=foo-global-binding
[392/1000] action=create-crb name=foo-global-binding group=tenant-1 role=edit
[393/1000] action=create-crb name=foo-global-binding group=tenant-1 role=dev
[394/1000] action=cross-tenant-access context=tenant-3-user@kubernetes operation=patch resource=configmap namespace=tenant-2
[395/1000] action=cross-tenant-access context=tenant-1-user@kubernetes operation=list resource=configmap namespace=tenant-3
[396/1000] action=cross-tenant-access context=tenant-2-user@kubernetes operation=get resource=configmap namespace=tenant-5
[397/1000] action=cross-tenant-access context=tenant-1-user@kubernetes operation=patch resource=configmap namespace=tenant-2
[398/1000] action=create-rb ns=tenant-4 name=tenant-binding group=tenant-4 role=view
[399/1000] action=delete-crb name=foo-global-binding
[400/1000] action=delete-rb ns=tenant-3 name=tenant-binding
[401/1000] action=delete-rb ns=tenant-3 name=tenant-binding
[402/1000] action=delete-clusterrole name=dev
[403/1000] action=create-clusterrole name=dev resources=pods,configmaps verbs=list,update,delete,deletecollection
[404/1000] action=create-rb ns=tenant-4 name=tenant-binding group=tenant-4 role=view
[405/1000] action=cross-tenant-access context=tenant-5-user@kubernetes operation=list resource=configmap namespace=tenant-1
[406/1000] action=create-clusterrole name=dev resources=pods,services,secrets verbs=get
[407/1000] action=create-rb ns=tenant-3 name=tenant-binding group=tenant-3 role=edit
[408/1000] action=delete-crb name=foo-global-binding
[409/1000] action=cross-tenant-access context=tenant-2-user@kubernetes operation=get resource=configmap namespace=tenant-1
[410/1000] action=create-clusterrole name=dev resources=pods verbs=watch,delete
[411/1000] action=create-crb name=foo-global-binding group=tenant-5 role=cluster-admin
[412/1000] action=cross-tenant-access context=tenant-5-user@kubernetes operation=get resource=configmap namespace=tenant-4
[413/1000] action=cross-tenant-access context=tenant-5-user@kubernetes operation=delete resource=configmap namespace=tenant-2
[414/1000] action=cross-tenant-access context=tenant-2-user@kubernetes operation=patch resource=configmap namespace=tenant-4
[415/1000] action=cross-tenant-access context=tenant-2-user@kubernetes operation=delete resource=configmap namespace=tenant-1
[416/1000] action=cross-tenant-access context=tenant-2-user@kubernetes operation=list resource=configmap namespace=tenant-1
[417/1000] action=cross-tenant-access context=tenant-3-user@kubernetes operation=patch resource=configmap namespace=tenant-4
[418/1000] action=cross-tenant-access context=tenant-3-user@kubernetes operation=get resource=configmap namespace=tenant-4
[419/1000] action=delete-crb name=foo-global-binding
[420/1000] action=create-clusterrole name=dev resources=configmaps,pods,services verbs=deletecollection,update,list,patch
[421/1000] action=cross-tenant-access context=tenant-3-user@kubernetes operation=patch resource=configmap namespace=tenant-4
[422/1000] action=delete-clusterrole name=dev
[423/1000] action=create-rb ns=tenant-3 name=tenant-binding group=tenant-3 role=view
[424/1000] action=create-rb ns=tenant-3 name=tenant-binding group=tenant-3 role=dev
[425/1000] action=delete-rb ns=tenant-3 name=tenant-binding
[426/1000] action=create-rb ns=tenant-2 name=tenant-binding group=tenant-2 role=admin
[427/1000] action=cross-tenant-access context=tenant-3-user@kubernetes operation=get resource=configmap namespace=tenant-1
[428/1000] action=cross-tenant-access context=tenant-3-user@kubernetes operation=list resource=configmap namespace=tenant-4
[429/1000] action=cross-tenant-access context=tenant-4-user@kubernetes operation=list resource=configmap namespace=tenant-2
[430/1000] action=cross-tenant-access context=tenant-3-user@kubernetes operation=delete resource=configmap namespace=tenant-2
[431/1000] action=create-rb ns=tenant-2 name=tenant-binding group=tenant-2 role=view
[432/1000] action=cross-tenant-access context=tenant-4-user@kubernetes operation=patch resource=configmap namespace=tenant-2
[433/1000] action=cross-tenant-access context=tenant-3-user@kubernetes operation=delete resource=configmap namespace=tenant-5
[434/1000] action=create-rb ns=tenant-3 name=tenant-binding group=tenant-3 role=admin
[435/1000] action=cross-tenant-access context=tenant-5-user@kubernetes operation=watch resource=configmap namespace=tenant-4
[436/1000] action=cross-tenant-access context=tenant-4-user@kubernetes operation=list resource=configmap namespace=tenant-2
[437/1000] action=cross-tenant-access context=tenant-4-user@kubernetes operation=get resource=configmap namespace=tenant-5
[438/1000] action=create-crb name=foo-global-binding group=tenant-3 role=edit
[439/1000] action=cross-tenant-access context=tenant-2-user@kubernetes operation=list resource=configmap namespace=tenant-4
[440/1000] action=delete-clusterrole name=dev
[441/1000] action=cross-tenant-access context=tenant-3-user@kubernetes operation=list resource=configmap namespace=tenant-4
[442/1000] action=create-rb ns=tenant-4 name=tenant-binding group=tenant-4 role=view
[443/1000] action=delete-rb ns=tenant-2 name=tenant-binding
[444/1000] action=create-rb ns=tenant-3 name=tenant-binding group=tenant-3 role=cluster-admin
[445/1000] action=cross-tenant-access context=tenant-4-user@kubernetes operation=list resource=configmap namespace=tenant-1
[446/1000] action=delete-rb ns=tenant-1 name=tenant-binding
[447/1000] action=create-crb name=foo-global-binding group=tenant-3 role=view
[448/1000] action=create-rb ns=tenant-1 name=tenant-binding group=tenant-1 role=admin
[449/1000] action=create-clusterrole name=dev resources=services,configmaps,secrets verbs=patch,get,update,deletecollection
[450/1000] action=create-crb name=foo-global-binding group=tenant-2 role=cluster-admin
[451/1000] action=cross-tenant-access context=tenant-5-user@kubernetes operation=delete resource=configmap namespace=tenant-4
[452/1000] action=create-rb ns=tenant-3 name=tenant-binding group=tenant-3 role=cluster-admin
[453/1000] action=delete-crb name=foo-global-binding
[454/1000] action=create-clusterrole name=dev resources=secrets,configmaps,services verbs=create,list,get,delete,update
[455/1000] action=create-crb name=foo-global-binding group=tenant-3 role=admin
[456/1000] action=cross-tenant-access context=tenant-5-user@kubernetes operation=patch resource=configmap namespace=tenant-3
[457/1000] action=delete-rb ns=tenant-5 name=tenant-binding
[458/1000] action=create-crb name=foo-global-binding group=tenant-4 role=view
[459/1000] action=cross-tenant-access context=tenant-5-user@kubernetes operation=watch resource=configmap namespace=tenant-4
[460/1000] action=delete-rb ns=tenant-4 name=tenant-binding
[461/1000] action=create-crb name=foo-global-binding group=tenant-1 role=edit
[462/1000] action=cross-tenant-access context=tenant-3-user@kubernetes operation=delete resource=configmap namespace=tenant-4
[463/1000] action=create-clusterrole name=dev resources=services,pods verbs=create,update,deletecollection,list,patch
[464/1000] action=create-rb ns=tenant-2 name=tenant-binding group=tenant-2 role=admin
[465/1000] action=delete-rb ns=tenant-3 name=tenant-binding
[466/1000] action=create-crb name=foo-global-binding group=tenant-3 role=dev
[467/1000] action=cross-tenant-access context=tenant-3-user@kubernetes operation=watch resource=configmap namespace=tenant-1
[468/1000] action=create-rb ns=tenant-4 name=tenant-binding group=tenant-4 role=view
[469/1000] action=create-clusterrole name=dev resources=pods verbs=create
[470/1000] action=cross-tenant-access context=tenant-3-user@kubernetes operation=list resource=configmap namespace=tenant-2
[471/1000] action=cross-tenant-access context=tenant-1-user@kubernetes operation=patch resource=configmap namespace=tenant-2
[472/1000] action=cross-tenant-access context=tenant-4-user@kubernetes operation=list resource=configmap namespace=tenant-3
[473/1000] action=create-rb ns=tenant-2 name=tenant-binding group=tenant-2 role=cluster-admin
[474/1000] action=cross-tenant-access context=tenant-2-user@kubernetes operation=get resource=configmap namespace=tenant-4
[475/1000] action=delete-rb ns=tenant-2 name=tenant-binding
[476/1000] action=delete-rb ns=tenant-4 name=tenant-binding
[477/1000] action=create-clusterrole name=dev resources=services,pods,secrets verbs=watch,get,deletecollection
[478/1000] action=cross-tenant-access context=tenant-3-user@kubernetes operation=get resource=configmap namespace=tenant-2
[479/1000] action=delete-clusterrole name=dev
[480/1000] action=create-clusterrole name=dev resources=configmaps,secrets,services verbs=delete,patch,list,create,update
[481/1000] action=delete-clusterrole name=dev
[482/1000] action=cross-tenant-access context=tenant-4-user@kubernetes operation=watch resource=configmap namespace=tenant-2
[483/1000] action=delete-clusterrole name=dev
[484/1000] action=delete-rb ns=tenant-2 name=tenant-binding
[485/1000] action=cross-tenant-access context=tenant-1-user@kubernetes operation=delete resource=configmap namespace=tenant-5
[486/1000] action=cross-tenant-access context=tenant-3-user@kubernetes operation=get resource=configmap namespace=tenant-5
[487/1000] action=create-rb ns=tenant-4 name=tenant-binding group=tenant-4 role=cluster-admin
[488/1000] action=cross-tenant-access context=tenant-1-user@kubernetes operation=patch resource=configmap namespace=tenant-4
[489/1000] action=create-rb ns=tenant-1 name=tenant-binding group=tenant-1 role=view
[490/1000] action=create-crb name=foo-global-binding group=tenant-3 role=dev
[491/1000] action=delete-rb ns=tenant-1 name=tenant-binding
[492/1000] action=cross-tenant-access context=tenant-4-user@kubernetes operation=get resource=configmap namespace=tenant-5
[493/1000] action=cross-tenant-access context=tenant-4-user@kubernetes operation=watch resource=configmap namespace=tenant-1
[494/1000] action=cross-tenant-access context=tenant-4-user@kubernetes operation=patch resource=configmap namespace=tenant-5
[495/1000] action=delete-clusterrole name=dev
[496/1000] action=delete-rb ns=tenant-1 name=tenant-binding
[497/1000] action=cross-tenant-access context=tenant-5-user@kubernetes operation=watch resource=configmap namespace=tenant-3
[498/1000] action=create-clusterrole name=dev resources=services verbs=update,patch,watch
[499/1000] action=delete-clusterrole name=dev
[500/1000] action=create-clusterrole name=dev resources=services,pods verbs=create,patch
[501/1000] action=delete-rb ns=tenant-2 name=tenant-binding
[502/1000] action=cross-tenant-access context=tenant-4-user@kubernetes operation=list resource=configmap namespace=tenant-3
[503/1000] action=cross-tenant-access context=tenant-1-user@kubernetes operation=get resource=configmap namespace=tenant-5
[504/1000] action=delete-clusterrole name=dev
[505/1000] action=create-rb ns=tenant-2 name=tenant-binding group=tenant-2 role=view
[506/1000] action=cross-tenant-access context=tenant-5-user@kubernetes operation=patch resource=configmap namespace=tenant-2
[507/1000] action=cross-tenant-access context=tenant-2-user@kubernetes operation=watch resource=configmap namespace=tenant-1
[508/1000] action=create-rb ns=tenant-3 name=tenant-binding group=tenant-3 role=admin
[509/1000] action=create-rb ns=tenant-3 name=tenant-binding group=tenant-3 role=cluster-admin
[510/1000] action=cross-tenant-access context=tenant-4-user@kubernetes operation=watch resource=configmap namespace=tenant-3
[511/1000] action=create-rb ns=tenant-1 name=tenant-binding group=tenant-1 role=admin
[512/1000] action=cross-tenant-access context=tenant-4-user@kubernetes operation=patch resource=configmap namespace=tenant-5
[513/1000] action=create-clusterrole name=dev resources=services,pods,secrets verbs=list
[514/1000] action=delete-crb name=foo-global-binding
[515/1000] action=cross-tenant-access context=tenant-4-user@kubernetes operation=delete resource=configmap namespace=tenant-5
[516/1000] action=cross-tenant-access context=tenant-4-user@kubernetes operation=get resource=configmap namespace=tenant-1
[517/1000] action=delete-rb ns=tenant-5 name=tenant-binding
[518/1000] action=delete-crb name=foo-global-binding
[519/1000] action=cross-tenant-access context=tenant-1-user@kubernetes operation=get resource=configmap namespace=tenant-3
[520/1000] action=create-crb name=foo-global-binding group=tenant-2 role=admin
[521/1000] action=cross-tenant-access context=tenant-4-user@kubernetes operation=get resource=configmap namespace=tenant-1
[522/1000] action=create-clusterrole name=dev resources=pods,services verbs=deletecollection,update,create,watch
[523/1000] action=delete-rb ns=tenant-3 name=tenant-binding
[524/1000] action=delete-rb ns=tenant-3 name=tenant-binding
[525/1000] action=cross-tenant-access context=tenant-3-user@kubernetes operation=list resource=configmap namespace=tenant-5
[526/1000] action=create-rb ns=tenant-4 name=tenant-binding group=tenant-4 role=cluster-admin
[527/1000] action=cross-tenant-access context=tenant-3-user@kubernetes operation=get resource=configmap namespace=tenant-1
[528/1000] action=create-rb ns=tenant-3 name=tenant-binding group=tenant-3 role=dev
[529/1000] action=delete-crb name=foo-global-binding
[530/1000] action=delete-clusterrole name=dev
[531/1000] action=delete-rb ns=tenant-1 name=tenant-binding
[532/1000] action=cross-tenant-access context=tenant-3-user@kubernetes operation=patch resource=configmap namespace=tenant-5
[533/1000] action=delete-rb ns=tenant-5 name=tenant-binding
[534/1000] action=create-rb ns=tenant-1 name=tenant-binding group=tenant-1 role=edit
[535/1000] action=delete-clusterrole name=dev
[536/1000] action=create-rb ns=tenant-2 name=tenant-binding group=tenant-2 role=cluster-admin
[537/1000] action=create-clusterrole name=dev resources=secrets,configmaps,pods verbs=list,delete,patch,create,deletecollection
[538/1000] action=delete-rb ns=tenant-4 name=tenant-binding
[539/1000] action=delete-rb ns=tenant-4 name=tenant-binding
[540/1000] action=delete-rb ns=tenant-1 name=tenant-binding
[541/1000] action=cross-tenant-access context=tenant-4-user@kubernetes operation=delete resource=configmap namespace=tenant-5
[542/1000] action=cross-tenant-access context=tenant-5-user@kubernetes operation=get resource=configmap namespace=tenant-3
[543/1000] action=create-rb ns=tenant-1 name=tenant-binding group=tenant-1 role=cluster-admin
[544/1000] action=delete-rb ns=tenant-3 name=tenant-binding
[545/1000] action=delete-rb ns=tenant-2 name=tenant-binding
[546/1000] action=delete-rb ns=tenant-5 name=tenant-binding
[547/1000] action=create-rb ns=tenant-1 name=tenant-binding group=tenant-1 role=cluster-admin
[548/1000] action=create-clusterrole name=dev resources=secrets,services verbs=patch,get
[549/1000] action=delete-rb ns=tenant-1 name=tenant-binding
[550/1000] action=cross-tenant-access context=tenant-1-user@kubernetes operation=get resource=configmap namespace=tenant-4
[551/1000] action=cross-tenant-access context=tenant-3-user@kubernetes operation=patch resource=configmap namespace=tenant-4
[552/1000] action=cross-tenant-access context=tenant-3-user@kubernetes operation=delete resource=configmap namespace=tenant-2
[553/1000] action=cross-tenant-access context=tenant-3-user@kubernetes operation=patch resource=configmap namespace=tenant-5
[554/1000] action=cross-tenant-access context=tenant-4-user@kubernetes operation=patch resource=configmap namespace=tenant-1
[555/1000] action=delete-rb ns=tenant-2 name=tenant-binding
[556/1000] action=create-clusterrole name=dev resources=configmaps verbs=deletecollection,get,delete,create,update
[557/1000] action=cross-tenant-access context=tenant-1-user@kubernetes operation=patch resource=configmap namespace=tenant-2
[558/1000] action=cross-tenant-access context=tenant-3-user@kubernetes operation=watch resource=configmap namespace=tenant-4
[559/1000] action=create-clusterrole name=dev resources=configmaps,services,secrets verbs=update
[560/1000] action=create-rb ns=tenant-2 name=tenant-binding group=tenant-2 role=edit
[561/1000] action=cross-tenant-access context=tenant-2-user@kubernetes operation=delete resource=configmap namespace=tenant-4
[562/1000] action=delete-clusterrole name=dev
[563/1000] action=create-rb ns=tenant-2 name=tenant-binding group=tenant-2 role=cluster-admin
[564/1000] action=cross-tenant-access context=tenant-3-user@kubernetes operation=patch resource=configmap namespace=tenant-5
[565/1000] action=delete-clusterrole name=dev
[566/1000] action=cross-tenant-access context=tenant-4-user@kubernetes operation=get resource=configmap namespace=tenant-3
[567/1000] action=delete-rb ns=tenant-5 name=tenant-binding
[568/1000] action=delete-clusterrole name=dev
[569/1000] action=create-rb ns=tenant-3 name=tenant-binding group=tenant-3 role=cluster-admin
[570/1000] action=cross-tenant-access context=tenant-5-user@kubernetes operation=delete resource=configmap namespace=tenant-3
[571/1000] action=create-rb ns=tenant-3 name=tenant-binding group=tenant-3 role=view
[572/1000] action=create-crb name=foo-global-binding group=tenant-1 role=dev
[573/1000] action=cross-tenant-access context=tenant-2-user@kubernetes operation=list resource=configmap namespace=tenant-4
[574/1000] action=cross-tenant-access context=tenant-2-user@kubernetes operation=list resource=configmap namespace=tenant-1
[575/1000] action=cross-tenant-access context=tenant-5-user@kubernetes operation=watch resource=configmap namespace=tenant-2
[576/1000] action=create-rb ns=tenant-5 name=tenant-binding group=tenant-5 role=edit
[577/1000] action=delete-crb name=foo-global-binding
[578/1000] action=cross-tenant-access context=tenant-4-user@kubernetes operation=watch resource=configmap namespace=tenant-2
[579/1000] action=delete-crb name=foo-global-binding
[580/1000] action=create-clusterrole name=dev resources=services,secrets verbs=watch,deletecollection,create
[581/1000] action=delete-clusterrole name=dev
[582/1000] action=cross-tenant-access context=tenant-4-user@kubernetes operation=patch resource=configmap namespace=tenant-1
[583/1000] action=cross-tenant-access context=tenant-1-user@kubernetes operation=list resource=configmap namespace=tenant-4
[584/1000] action=delete-clusterrole name=dev
[585/1000] action=delete-rb ns=tenant-5 name=tenant-binding
[586/1000] action=delete-rb ns=tenant-5 name=tenant-binding
[587/1000] action=cross-tenant-access context=tenant-4-user@kubernetes operation=get resource=configmap namespace=tenant-3
[588/1000] action=delete-clusterrole name=dev
[589/1000] action=create-clusterrole name=dev resources=pods,configmaps verbs=delete
[590/1000] action=create-rb ns=tenant-5 name=tenant-binding group=tenant-5 role=admin
[591/1000] action=create-rb ns=tenant-4 name=tenant-binding group=tenant-4 role=view
[592/1000] action=create-rb ns=tenant-5 name=tenant-binding group=tenant-5 role=dev
[593/1000] action=create-crb name=foo-global-binding group=tenant-3 role=edit
[594/1000] action=create-clusterrole name=dev resources=pods,configmaps verbs=watch,get,create,update
[595/1000] action=cross-tenant-access context=tenant-2-user@kubernetes operation=get resource=configmap namespace=tenant-5
[596/1000] action=delete-rb ns=tenant-1 name=tenant-binding
[597/1000] action=cross-tenant-access context=tenant-3-user@kubernetes operation=watch resource=configmap namespace=tenant-2
[598/1000] action=delete-rb ns=tenant-5 name=tenant-binding
[599/1000] action=delete-rb ns=tenant-3 name=tenant-binding
[600/1000] action=cross-tenant-access context=tenant-3-user@kubernetes operation=list resource=configmap namespace=tenant-4
[601/1000] action=delete-clusterrole name=dev
[602/1000] action=create-crb name=foo-global-binding group=tenant-1 role=admin
[603/1000] action=delete-rb ns=tenant-1 name=tenant-binding
[604/1000] action=create-rb ns=tenant-3 name=tenant-binding group=tenant-3 role=view
[605/1000] action=cross-tenant-access context=tenant-1-user@kubernetes operation=delete resource=configmap namespace=tenant-3
[606/1000] action=cross-tenant-access context=tenant-1-user@kubernetes operation=watch resource=configmap namespace=tenant-4
[607/1000] action=create-rb ns=tenant-3 name=tenant-binding group=tenant-3 role=dev
[608/1000] action=cross-tenant-access context=tenant-3-user@kubernetes operation=get resource=configmap namespace=tenant-1
[609/1000] action=delete-rb ns=tenant-1 name=tenant-binding
[610/1000] action=cross-tenant-access context=tenant-4-user@kubernetes operation=get resource=configmap namespace=tenant-1
[611/1000] action=delete-rb ns=tenant-5 name=tenant-binding
[612/1000] action=cross-tenant-access context=tenant-1-user@kubernetes operation=patch resource=configmap namespace=tenant-5
[613/1000] action=create-clusterrole name=dev resources=services verbs=get,update,create,watch
[614/1000] action=cross-tenant-access context=tenant-4-user@kubernetes operation=watch resource=configmap namespace=tenant-2
[615/1000] action=delete-rb ns=tenant-1 name=tenant-binding
[616/1000] action=cross-tenant-access context=tenant-1-user@kubernetes operation=get resource=configmap namespace=tenant-3
[617/1000] action=cross-tenant-access context=tenant-3-user@kubernetes operation=list resource=configmap namespace=tenant-5
[618/1000] action=create-rb ns=tenant-2 name=tenant-binding group=tenant-2 role=cluster-admin
[619/1000] action=delete-crb name=foo-global-binding
[620/1000] action=cross-tenant-access context=tenant-2-user@kubernetes operation=get resource=configmap namespace=tenant-4
[621/1000] action=create-rb ns=tenant-5 name=tenant-binding group=tenant-5 role=cluster-admin
[622/1000] action=create-crb name=foo-global-binding group=tenant-1 role=cluster-admin
[623/1000] action=cross-tenant-access context=tenant-3-user@kubernetes operation=watch resource=configmap namespace=tenant-2
[624/1000] action=create-clusterrole name=dev resources=pods,services verbs=deletecollection,update,delete,watch
[625/1000] action=delete-clusterrole name=dev
[626/1000] action=cross-tenant-access context=tenant-4-user@kubernetes operation=list resource=configmap namespace=tenant-1
[627/1000] action=cross-tenant-access context=tenant-2-user@kubernetes operation=delete resource=configmap namespace=tenant-5
[628/1000] action=cross-tenant-access context=tenant-5-user@kubernetes operation=watch resource=configmap namespace=tenant-1
[629/1000] action=create-rb ns=tenant-1 name=tenant-binding group=tenant-1 role=dev
[630/1000] action=delete-crb name=foo-global-binding
[631/1000] action=cross-tenant-access context=tenant-3-user@kubernetes operation=list resource=configmap namespace=tenant-1
[632/1000] action=create-rb ns=tenant-1 name=tenant-binding group=tenant-1 role=cluster-admin
[633/1000] action=create-clusterrole name=dev resources=pods,secrets verbs=list,patch,update,get
[634/1000] action=create-crb name=foo-global-binding group=tenant-4 role=dev
[635/1000] action=cross-tenant-access context=tenant-2-user@kubernetes operation=watch resource=configmap namespace=tenant-4
[636/1000] action=delete-crb name=foo-global-binding
[637/1000] action=cross-tenant-access context=tenant-2-user@kubernetes operation=watch resource=configmap namespace=tenant-4
[638/1000] action=cross-tenant-access context=tenant-2-user@kubernetes operation=delete resource=configmap namespace=tenant-1
[639/1000] action=create-crb name=foo-global-binding group=tenant-5 role=dev
[640/1000] action=create-clusterrole name=dev resources=pods,configmaps,services verbs=delete,deletecollection,update
[641/1000] action=delete-rb ns=tenant-3 name=tenant-binding
[642/1000] action=create-clusterrole name=dev resources=configmaps verbs=update,get,create,list
[643/1000] action=cross-tenant-access context=tenant-4-user@kubernetes operation=delete resource=configmap namespace=tenant-5
[644/1000] action=create-clusterrole name=dev resources=services,configmaps,secrets verbs=update
[645/1000] action=delete-rb ns=tenant-4 name=tenant-binding
[646/1000] action=cross-tenant-access context=tenant-2-user@kubernetes operation=patch resource=configmap namespace=tenant-5
[647/1000] action=delete-rb ns=tenant-5 name=tenant-binding
[648/1000] action=delete-rb ns=tenant-2 name=tenant-binding
[649/1000] action=create-rb ns=tenant-4 name=tenant-binding group=tenant-4 role=edit
[650/1000] action=create-rb ns=tenant-3 name=tenant-binding group=tenant-3 role=view
[651/1000] action=cross-tenant-access context=tenant-5-user@kubernetes operation=list resource=configmap namespace=tenant-2
[652/1000] action=cross-tenant-access context=tenant-2-user@kubernetes operation=patch resource=configmap namespace=tenant-4
[653/1000] action=cross-tenant-access context=tenant-5-user@kubernetes operation=delete resource=configmap namespace=tenant-1
[654/1000] action=cross-tenant-access context=tenant-5-user@kubernetes operation=patch resource=configmap namespace=tenant-4
[655/1000] action=create-rb ns=tenant-4 name=tenant-binding group=tenant-4 role=cluster-admin
[656/1000] action=create-crb name=foo-global-binding group=tenant-1 role=dev
[657/1000] action=delete-clusterrole name=dev
[658/1000] action=cross-tenant-access context=tenant-4-user@kubernetes operation=patch resource=configmap namespace=tenant-2
[659/1000] action=cross-tenant-access context=tenant-1-user@kubernetes operation=get resource=configmap namespace=tenant-4
[660/1000] action=cross-tenant-access context=tenant-3-user@kubernetes operation=get resource=configmap namespace=tenant-5
[661/1000] action=create-crb name=foo-global-binding group=tenant-3 role=admin
[662/1000] action=cross-tenant-access context=tenant-5-user@kubernetes operation=watch resource=configmap namespace=tenant-4
[663/1000] action=cross-tenant-access context=tenant-2-user@kubernetes operation=delete resource=configmap namespace=tenant-4
[664/1000] action=create-rb ns=tenant-2 name=tenant-binding group=tenant-2 role=view
[665/1000] action=delete-crb name=foo-global-binding
[666/1000] action=delete-rb ns=tenant-5 name=tenant-binding
[667/1000] action=cross-tenant-access context=tenant-4-user@kubernetes operation=patch resource=configmap namespace=tenant-5
[668/1000] action=cross-tenant-access context=tenant-1-user@kubernetes operation=watch resource=configmap namespace=tenant-3
[669/1000] action=delete-crb name=foo-global-binding
[670/1000] action=delete-clusterrole name=dev
[671/1000] action=delete-rb ns=tenant-1 name=tenant-binding
[672/1000] action=delete-rb ns=tenant-3 name=tenant-binding
[673/1000] action=create-clusterrole name=dev resources=configmaps verbs=patch,get,list,update
[674/1000] action=delete-rb ns=tenant-5 name=tenant-binding
[675/1000] action=create-crb name=foo-global-binding group=tenant-5 role=view
[676/1000] action=delete-crb name=foo-global-binding
[677/1000] action=create-crb name=foo-global-binding group=tenant-1 role=admin
[678/1000] action=create-crb name=foo-global-binding group=tenant-1 role=cluster-admin
[679/1000] action=cross-tenant-access context=tenant-4-user@kubernetes operation=patch resource=configmap namespace=tenant-3
[680/1000] action=cross-tenant-access context=tenant-1-user@kubernetes operation=list resource=configmap namespace=tenant-3
[681/1000] action=delete-rb ns=tenant-1 name=tenant-binding
[682/1000] action=create-rb ns=tenant-2 name=tenant-binding group=tenant-2 role=edit
[683/1000] action=create-rb ns=tenant-2 name=tenant-binding group=tenant-2 role=dev
[684/1000] action=create-crb name=foo-global-binding group=tenant-5 role=admin
[685/1000] action=delete-clusterrole name=dev
[686/1000] action=cross-tenant-access context=tenant-3-user@kubernetes operation=get resource=configmap namespace=tenant-1
[687/1000] action=cross-tenant-access context=tenant-4-user@kubernetes operation=list resource=configmap namespace=tenant-2
[688/1000] action=create-rb ns=tenant-2 name=tenant-binding group=tenant-2 role=dev
[689/1000] action=create-rb ns=tenant-4 name=tenant-binding group=tenant-4 role=edit
[690/1000] action=delete-crb name=foo-global-binding
[691/1000] action=cross-tenant-access context=tenant-3-user@kubernetes operation=delete resource=configmap namespace=tenant-1
[692/1000] action=cross-tenant-access context=tenant-2-user@kubernetes operation=patch resource=configmap namespace=tenant-1
[693/1000] action=delete-rb ns=tenant-5 name=tenant-binding
[694/1000] action=delete-clusterrole name=dev
[695/1000] action=cross-tenant-access context=tenant-2-user@kubernetes operation=get resource=configmap namespace=tenant-4
[696/1000] action=cross-tenant-access context=tenant-1-user@kubernetes operation=watch resource=configmap namespace=tenant-5
[697/1000] action=cross-tenant-access context=tenant-2-user@kubernetes operation=get resource=configmap namespace=tenant-5
[698/1000] action=cross-tenant-access context=tenant-2-user@kubernetes operation=get resource=configmap namespace=tenant-4
[699/1000] action=cross-tenant-access context=tenant-2-user@kubernetes operation=list resource=configmap namespace=tenant-1
[700/1000] action=create-rb ns=tenant-4 name=tenant-binding group=tenant-4 role=dev
[701/1000] action=cross-tenant-access context=tenant-2-user@kubernetes operation=get resource=configmap namespace=tenant-1
[702/1000] action=create-clusterrole name=dev resources=configmaps,pods verbs=get,patch,delete
[703/1000] action=cross-tenant-access context=tenant-3-user@kubernetes operation=patch resource=configmap namespace=tenant-5
[704/1000] action=cross-tenant-access context=tenant-3-user@kubernetes operation=delete resource=configmap namespace=tenant-4
[705/1000] action=delete-crb name=foo-global-binding
[706/1000] action=create-rb ns=tenant-5 name=tenant-binding group=tenant-5 role=edit
[707/1000] action=cross-tenant-access context=tenant-4-user@kubernetes operation=patch resource=configmap namespace=tenant-5
[708/1000] action=delete-crb name=foo-global-binding
[709/1000] action=create-crb name=foo-global-binding group=tenant-2 role=admin
[710/1000] action=create-clusterrole name=dev resources=services verbs=watch,create
[711/1000] action=cross-tenant-access context=tenant-2-user@kubernetes operation=watch resource=configmap namespace=tenant-3
[712/1000] action=cross-tenant-access context=tenant-4-user@kubernetes operation=watch resource=configmap namespace=tenant-1
[713/1000] action=cross-tenant-access context=tenant-4-user@kubernetes operation=get resource=configmap namespace=tenant-3
[714/1000] action=create-rb ns=tenant-3 name=tenant-binding group=tenant-3 role=dev
[715/1000] action=cross-tenant-access context=tenant-4-user@kubernetes operation=delete resource=configmap namespace=tenant-2
[716/1000] action=cross-tenant-access context=tenant-1-user@kubernetes operation=get resource=configmap namespace=tenant-4
[717/1000] action=cross-tenant-access context=tenant-4-user@kubernetes operation=patch resource=configmap namespace=tenant-5
[718/1000] action=create-rb ns=tenant-2 name=tenant-binding group=tenant-2 role=cluster-admin
[719/1000] action=cross-tenant-access context=tenant-2-user@kubernetes operation=watch resource=configmap namespace=tenant-3
[720/1000] action=cross-tenant-access context=tenant-2-user@kubernetes operation=watch resource=configmap namespace=tenant-5
[721/1000] action=cross-tenant-access context=tenant-4-user@kubernetes operation=delete resource=configmap namespace=tenant-3
[722/1000] action=delete-clusterrole name=dev
[723/1000] action=cross-tenant-access context=tenant-3-user@kubernetes operation=delete resource=configmap namespace=tenant-5
[724/1000] action=delete-rb ns=tenant-3 name=tenant-binding
[725/1000] action=cross-tenant-access context=tenant-4-user@kubernetes operation=list resource=configmap namespace=tenant-2
[726/1000] action=create-crb name=foo-global-binding group=tenant-2 role=view
[727/1000] action=cross-tenant-access context=tenant-2-user@kubernetes operation=list resource=configmap namespace=tenant-1
[728/1000] action=create-crb name=foo-global-binding group=tenant-5 role=cluster-admin
[729/1000] action=create-rb ns=tenant-5 name=tenant-binding group=tenant-5 role=admin
[730/1000] action=delete-rb ns=tenant-1 name=tenant-binding
[731/1000] action=cross-tenant-access context=tenant-5-user@kubernetes operation=list resource=configmap namespace=tenant-1
[732/1000] action=create-crb name=foo-global-binding group=tenant-2 role=edit
[733/1000] action=create-rb ns=tenant-5 name=tenant-binding group=tenant-5 role=view
[734/1000] action=create-clusterrole name=dev resources=pods,secrets,configmaps verbs=delete
[735/1000] action=create-clusterrole name=dev resources=secrets,pods verbs=deletecollection,list,watch,update,delete
[736/1000] action=create-crb name=foo-global-binding group=tenant-2 role=edit
[737/1000] action=delete-crb name=foo-global-binding
[738/1000] action=cross-tenant-access context=tenant-3-user@kubernetes operation=get resource=configmap namespace=tenant-5
[739/1000] action=delete-clusterrole name=dev
[740/1000] action=cross-tenant-access context=tenant-5-user@kubernetes operation=watch resource=configmap namespace=tenant-3
[741/1000] action=delete-rb ns=tenant-1 name=tenant-binding
[742/1000] action=delete-crb name=foo-global-binding
[743/1000] action=cross-tenant-access context=tenant-1-user@kubernetes operation=watch resource=configmap namespace=tenant-4
[744/1000] action=delete-crb name=foo-global-binding
[745/1000] action=cross-tenant-access context=tenant-3-user@kubernetes operation=delete resource=configmap namespace=tenant-1
[746/1000] action=create-crb name=foo-global-binding group=tenant-3 role=edit
[747/1000] action=delete-rb ns=tenant-5 name=tenant-binding
[748/1000] action=cross-tenant-access context=tenant-1-user@kubernetes operation=list resource=configmap namespace=tenant-2
[749/1000] action=delete-crb name=foo-global-binding
[750/1000] action=cross-tenant-access context=tenant-5-user@kubernetes operation=get resource=configmap namespace=tenant-1
[751/1000] action=cross-tenant-access context=tenant-2-user@kubernetes operation=delete resource=configmap namespace=tenant-1
[752/1000] action=cross-tenant-access context=tenant-1-user@kubernetes operation=watch resource=configmap namespace=tenant-2
[753/1000] action=cross-tenant-access context=tenant-5-user@kubernetes operation=watch resource=configmap namespace=tenant-3
[754/1000] action=delete-rb ns=tenant-2 name=tenant-binding
[755/1000] action=create-rb ns=tenant-1 name=tenant-binding group=tenant-1 role=dev
[756/1000] action=delete-clusterrole name=dev
[757/1000] action=create-clusterrole name=dev resources=secrets,configmaps,pods verbs=list,watch
[758/1000] action=create-rb ns=tenant-4 name=tenant-binding group=tenant-4 role=edit
[759/1000] action=delete-rb ns=tenant-1 name=tenant-binding
[760/1000] action=create-crb name=foo-global-binding group=tenant-1 role=view
[761/1000] action=cross-tenant-access context=tenant-1-user@kubernetes operation=delete resource=configmap namespace=tenant-4
[762/1000] action=create-rb ns=tenant-3 name=tenant-binding group=tenant-3 role=cluster-admin
[763/1000] action=cross-tenant-access context=tenant-1-user@kubernetes operation=patch resource=configmap namespace=tenant-5
[764/1000] action=delete-rb ns=tenant-3 name=tenant-binding
[765/1000] action=delete-clusterrole name=dev
[766/1000] action=delete-crb name=foo-global-binding
[767/1000] action=delete-clusterrole name=dev
[768/1000] action=delete-crb name=foo-global-binding
[769/1000] action=create-crb name=foo-global-binding group=tenant-4 role=cluster-admin
[770/1000] action=create-clusterrole name=dev resources=pods,services,configmaps verbs=watch,patch,list
[771/1000] action=cross-tenant-access context=tenant-4-user@kubernetes operation=list resource=configmap namespace=tenant-5
[772/1000] action=cross-tenant-access context=tenant-3-user@kubernetes operation=delete resource=configmap namespace=tenant-2
[773/1000] action=cross-tenant-access context=tenant-4-user@kubernetes operation=get resource=configmap namespace=tenant-2
[774/1000] action=delete-crb name=foo-global-binding
[775/1000] action=delete-rb ns=tenant-4 name=tenant-binding
[776/1000] action=cross-tenant-access context=tenant-3-user@kubernetes operation=delete resource=configmap namespace=tenant-4
[777/1000] action=cross-tenant-access context=tenant-1-user@kubernetes operation=delete resource=configmap namespace=tenant-3
[778/1000] action=cross-tenant-access context=tenant-2-user@kubernetes operation=patch resource=configmap namespace=tenant-3
[779/1000] action=create-crb name=foo-global-binding group=tenant-4 role=edit
[780/1000] action=delete-rb ns=tenant-1 name=tenant-binding
[781/1000] action=create-crb name=foo-global-binding group=tenant-3 role=view
[782/1000] action=cross-tenant-access context=tenant-2-user@kubernetes operation=delete resource=configmap namespace=tenant-1
[783/1000] action=cross-tenant-access context=tenant-2-user@kubernetes operation=delete resource=configmap namespace=tenant-3
[784/1000] action=create-crb name=foo-global-binding group=tenant-5 role=dev
[785/1000] action=create-crb name=foo-global-binding group=tenant-1 role=admin
[786/1000] action=delete-clusterrole name=dev
[787/1000] action=cross-tenant-access context=tenant-3-user@kubernetes operation=get resource=configmap namespace=tenant-5
[788/1000] action=cross-tenant-access context=tenant-4-user@kubernetes operation=delete resource=configmap namespace=tenant-3
[789/1000] action=cross-tenant-access context=tenant-1-user@kubernetes operation=get resource=configmap namespace=tenant-2
[790/1000] action=cross-tenant-access context=tenant-5-user@kubernetes operation=list resource=configmap namespace=tenant-3
[791/1000] action=cross-tenant-access context=tenant-3-user@kubernetes operation=list resource=configmap namespace=tenant-2
[792/1000] action=delete-crb name=foo-global-binding
[793/1000] action=create-rb ns=tenant-1 name=tenant-binding group=tenant-1 role=view
[794/1000] action=delete-rb ns=tenant-2 name=tenant-binding
[795/1000] action=cross-tenant-access context=tenant-5-user@kubernetes operation=get resource=configmap namespace=tenant-4
[796/1000] action=cross-tenant-access context=tenant-5-user@kubernetes operation=watch resource=configmap namespace=tenant-2
[797/1000] action=create-crb name=foo-global-binding group=tenant-3 role=admin
[798/1000] action=cross-tenant-access context=tenant-3-user@kubernetes operation=watch resource=configmap namespace=tenant-2
[799/1000] action=delete-rb ns=tenant-5 name=tenant-binding
[800/1000] action=delete-rb ns=tenant-4 name=tenant-binding
[801/1000] action=delete-rb ns=tenant-4 name=tenant-binding
[802/1000] action=delete-crb name=foo-global-binding
[803/1000] action=delete-clusterrole name=dev
[804/1000] action=cross-tenant-access context=tenant-5-user@kubernetes operation=delete resource=configmap namespace=tenant-1
[805/1000] action=delete-clusterrole name=dev
[806/1000] action=create-clusterrole name=dev resources=secrets verbs=create,update,list,deletecollection,delete
[807/1000] action=delete-crb name=foo-global-binding
[808/1000] action=create-clusterrole name=dev resources=pods,secrets verbs=create,watch
[809/1000] action=cross-tenant-access context=tenant-4-user@kubernetes operation=get resource=configmap namespace=tenant-2
[810/1000] action=cross-tenant-access context=tenant-4-user@kubernetes operation=get resource=configmap namespace=tenant-5
[811/1000] action=create-clusterrole name=dev resources=configmaps,secrets,pods verbs=create,patch
[812/1000] action=cross-tenant-access context=tenant-2-user@kubernetes operation=list resource=configmap namespace=tenant-3
[813/1000] action=cross-tenant-access context=tenant-2-user@kubernetes operation=list resource=configmap namespace=tenant-4
[814/1000] action=cross-tenant-access context=tenant-1-user@kubernetes operation=watch resource=configmap namespace=tenant-5
[815/1000] action=create-rb ns=tenant-5 name=tenant-binding group=tenant-5 role=admin
[816/1000] action=cross-tenant-access context=tenant-5-user@kubernetes operation=get resource=configmap namespace=tenant-3
[817/1000] action=cross-tenant-access context=tenant-4-user@kubernetes operation=get resource=configmap namespace=tenant-2
[818/1000] action=cross-tenant-access context=tenant-5-user@kubernetes operation=watch resource=configmap namespace=tenant-3
[819/1000] action=delete-rb ns=tenant-2 name=tenant-binding
[820/1000] action=cross-tenant-access context=tenant-3-user@kubernetes operation=get resource=configmap namespace=tenant-4
[821/1000] action=create-rb ns=tenant-5 name=tenant-binding group=tenant-5 role=cluster-admin
[822/1000] action=delete-clusterrole name=dev
[823/1000] action=create-crb name=foo-global-binding group=tenant-3 role=edit
[824/1000] action=create-crb name=foo-global-binding group=tenant-3 role=view
[825/1000] action=cross-tenant-access context=tenant-5-user@kubernetes operation=patch resource=configmap namespace=tenant-4
[826/1000] action=cross-tenant-access context=tenant-2-user@kubernetes operation=patch resource=configmap namespace=tenant-1
[827/1000] action=create-crb name=foo-global-binding group=tenant-5 role=cluster-admin
[828/1000] action=cross-tenant-access context=tenant-3-user@kubernetes operation=watch resource=configmap namespace=tenant-5
[829/1000] action=cross-tenant-access context=tenant-1-user@kubernetes operation=patch resource=configmap namespace=tenant-2
[830/1000] action=cross-tenant-access context=tenant-5-user@kubernetes operation=list resource=configmap namespace=tenant-3
[831/1000] action=cross-tenant-access context=tenant-4-user@kubernetes operation=patch resource=configmap namespace=tenant-5
[832/1000] action=cross-tenant-access context=tenant-2-user@kubernetes operation=list resource=configmap namespace=tenant-3
[833/1000] action=delete-clusterrole name=dev
[834/1000] action=create-rb ns=tenant-5 name=tenant-binding group=tenant-5 role=cluster-admin
[835/1000] action=create-rb ns=tenant-4 name=tenant-binding group=tenant-4 role=dev
[836/1000] action=create-rb ns=tenant-5 name=tenant-binding group=tenant-5 role=admin
[837/1000] action=create-crb name=foo-global-binding group=tenant-4 role=dev
[838/1000] action=cross-tenant-access context=tenant-2-user@kubernetes operation=list resource=configmap namespace=tenant-1
[839/1000] action=delete-crb name=foo-global-binding
[840/1000] action=create-rb ns=tenant-2 name=tenant-binding group=tenant-2 role=admin
[841/1000] action=cross-tenant-access context=tenant-1-user@kubernetes operation=patch resource=configmap namespace=tenant-3
[842/1000] action=create-crb name=foo-global-binding group=tenant-1 role=view
[843/1000] action=delete-crb name=foo-global-binding
[844/1000] action=delete-crb name=foo-global-binding
[845/1000] action=create-rb ns=tenant-1 name=tenant-binding group=tenant-1 role=dev
[846/1000] action=delete-rb ns=tenant-5 name=tenant-binding
[847/1000] action=delete-clusterrole name=dev
[848/1000] action=cross-tenant-access context=tenant-3-user@kubernetes operation=watch resource=configmap namespace=tenant-2
[849/1000] action=cross-tenant-access context=tenant-2-user@kubernetes operation=watch resource=configmap namespace=tenant-5
[850/1000] action=cross-tenant-access context=tenant-4-user@kubernetes operation=get resource=configmap namespace=tenant-3
[851/1000] action=create-rb ns=tenant-1 name=tenant-binding group=tenant-1 role=admin
[852/1000] action=delete-rb ns=tenant-4 name=tenant-binding
[853/1000] action=delete-rb ns=tenant-5 name=tenant-binding
[854/1000] action=create-rb ns=tenant-4 name=tenant-binding group=tenant-4 role=admin
[855/1000] action=delete-crb name=foo-global-binding
[856/1000] action=create-rb ns=tenant-5 name=tenant-binding group=tenant-5 role=dev
[857/1000] action=create-rb ns=tenant-3 name=tenant-binding group=tenant-3 role=view
[858/1000] action=create-rb ns=tenant-4 name=tenant-binding group=tenant-4 role=view
[859/1000] action=delete-rb ns=tenant-3 name=tenant-binding
[860/1000] action=create-rb ns=tenant-1 name=tenant-binding group=tenant-1 role=dev
[861/1000] action=cross-tenant-access context=tenant-4-user@kubernetes operation=patch resource=configmap namespace=tenant-2
[862/1000] action=create-crb name=foo-global-binding group=tenant-1 role=edit
[863/1000] action=create-clusterrole name=dev resources=secrets,pods,configmaps verbs=create,patch,delete,list
[864/1000] action=create-crb name=foo-global-binding group=tenant-4 role=edit
[865/1000] action=delete-rb ns=tenant-3 name=tenant-binding
[866/1000] action=delete-clusterrole name=dev
[867/1000] action=delete-rb ns=tenant-5 name=tenant-binding
[868/1000] action=cross-tenant-access context=tenant-4-user@kubernetes operation=list resource=configmap namespace=tenant-5
[869/1000] action=create-rb ns=tenant-1 name=tenant-binding group=tenant-1 role=cluster-admin
[870/1000] action=cross-tenant-access context=tenant-1-user@kubernetes operation=list resource=configmap namespace=tenant-2
[871/1000] action=cross-tenant-access context=tenant-1-user@kubernetes operation=patch resource=configmap namespace=tenant-5
[872/1000] action=create-crb name=foo-global-binding group=tenant-2 role=admin
[873/1000] action=create-crb name=foo-global-binding group=tenant-3 role=view
[874/1000] action=cross-tenant-access context=tenant-5-user@kubernetes operation=delete resource=configmap namespace=tenant-2
[875/1000] action=delete-rb ns=tenant-3 name=tenant-binding
[876/1000] action=cross-tenant-access context=tenant-4-user@kubernetes operation=delete resource=configmap namespace=tenant-1
[877/1000] action=cross-tenant-access context=tenant-2-user@kubernetes operation=watch resource=configmap namespace=tenant-1
[878/1000] action=delete-crb name=foo-global-binding
[879/1000] action=cross-tenant-access context=tenant-2-user@kubernetes operation=delete resource=configmap namespace=tenant-4
[880/1000] action=create-clusterrole name=dev resources=configmaps verbs=delete,get,update,create,deletecollection
[881/1000] action=create-rb ns=tenant-4 name=tenant-binding group=tenant-4 role=admin
[882/1000] action=delete-clusterrole name=dev
[883/1000] action=delete-crb name=foo-global-binding
[884/1000] action=delete-clusterrole name=dev
[885/1000] action=create-rb ns=tenant-1 name=tenant-binding group=tenant-1 role=dev
[886/1000] action=cross-tenant-access context=tenant-3-user@kubernetes operation=delete resource=configmap namespace=tenant-5
[887/1000] action=cross-tenant-access context=tenant-1-user@kubernetes operation=patch resource=configmap namespace=tenant-4
[888/1000] action=cross-tenant-access context=tenant-3-user@kubernetes operation=get resource=configmap namespace=tenant-5
[889/1000] action=delete-clusterrole name=dev
[890/1000] action=delete-clusterrole name=dev
[891/1000] action=delete-clusterrole name=dev
[892/1000] action=cross-tenant-access context=tenant-4-user@kubernetes operation=patch resource=configmap namespace=tenant-2
[893/1000] action=create-rb ns=tenant-3 name=tenant-binding group=tenant-3 role=view
[894/1000] action=delete-clusterrole name=dev
[895/1000] action=create-clusterrole name=dev resources=configmaps verbs=deletecollection,create,list,update
[896/1000] action=cross-tenant-access context=tenant-4-user@kubernetes operation=watch resource=configmap namespace=tenant-1
[897/1000] action=create-clusterrole name=dev resources=secrets,configmaps verbs=watch,list
[898/1000] action=delete-rb ns=tenant-1 name=tenant-binding
[899/1000] action=create-rb ns=tenant-5 name=tenant-binding group=tenant-5 role=dev
[900/1000] action=create-clusterrole name=dev resources=services,pods verbs=list,deletecollection
[901/1000] action=cross-tenant-access context=tenant-2-user@kubernetes operation=delete resource=configmap namespace=tenant-1
[902/1000] action=delete-clusterrole name=dev
[903/1000] action=create-crb name=foo-global-binding group=tenant-3 role=edit
[904/1000] action=delete-crb name=foo-global-binding
[905/1000] action=cross-tenant-access context=tenant-1-user@kubernetes operation=get resource=configmap namespace=tenant-2
[906/1000] action=delete-clusterrole name=dev
[907/1000] action=create-crb name=foo-global-binding group=tenant-5 role=dev
[908/1000] action=delete-clusterrole name=dev
[909/1000] action=cross-tenant-access context=tenant-2-user@kubernetes operation=get resource=configmap namespace=tenant-5
[910/1000] action=delete-rb ns=tenant-4 name=tenant-binding
[911/1000] action=delete-rb ns=tenant-1 name=tenant-binding
[912/1000] action=delete-crb name=foo-global-binding
[913/1000] action=create-crb name=foo-global-binding group=tenant-3 role=edit
[914/1000] action=create-crb name=foo-global-binding group=tenant-2 role=edit
[915/1000] action=create-rb ns=tenant-4 name=tenant-binding group=tenant-4 role=edit
[916/1000] action=delete-rb ns=tenant-5 name=tenant-binding
[917/1000] action=delete-rb ns=tenant-2 name=tenant-binding
[918/1000] action=cross-tenant-access context=tenant-4-user@kubernetes operation=delete resource=configmap namespace=tenant-3
[919/1000] action=delete-rb ns=tenant-1 name=tenant-binding
[920/1000] action=cross-tenant-access context=tenant-5-user@kubernetes operation=list resource=configmap namespace=tenant-4
[921/1000] action=delete-rb ns=tenant-1 name=tenant-binding
[922/1000] action=delete-rb ns=tenant-1 name=tenant-binding
[923/1000] action=delete-clusterrole name=dev
[924/1000] action=cross-tenant-access context=tenant-1-user@kubernetes operation=delete resource=configmap namespace=tenant-5
[925/1000] action=delete-clusterrole name=dev
[926/1000] action=create-rb ns=tenant-1 name=tenant-binding group=tenant-1 role=cluster-admin
[927/1000] action=create-clusterrole name=dev resources=pods,secrets verbs=create,delete,update,patch
[928/1000] action=cross-tenant-access context=tenant-1-user@kubernetes operation=delete resource=configmap namespace=tenant-4
[929/1000] action=delete-crb name=foo-global-binding
[930/1000] action=delete-crb name=foo-global-binding
[931/1000] action=cross-tenant-access context=tenant-3-user@kubernetes operation=get resource=configmap namespace=tenant-4
[932/1000] action=delete-crb name=foo-global-binding
[933/1000] action=cross-tenant-access context=tenant-5-user@kubernetes operation=get resource=configmap namespace=tenant-3
[934/1000] action=delete-rb ns=tenant-5 name=tenant-binding
[935/1000] action=cross-tenant-access context=tenant-1-user@kubernetes operation=delete resource=configmap namespace=tenant-5
[936/1000] action=create-clusterrole name=dev resources=services,configmaps verbs=list,delete,update,deletecollection,watch
[937/1000] action=cross-tenant-access context=tenant-1-user@kubernetes operation=delete resource=configmap namespace=tenant-5
[938/1000] action=cross-tenant-access context=tenant-1-user@kubernetes operation=patch resource=configmap namespace=tenant-4
[939/1000] action=delete-rb ns=tenant-3 name=tenant-binding
[940/1000] action=cross-tenant-access context=tenant-3-user@kubernetes operation=list resource=configmap namespace=tenant-1
[941/1000] action=cross-tenant-access context=tenant-1-user@kubernetes operation=watch resource=configmap namespace=tenant-2
[942/1000] action=cross-tenant-access context=tenant-3-user@kubernetes operation=watch resource=configmap namespace=tenant-5
[943/1000] action=cross-tenant-access context=tenant-3-user@kubernetes operation=delete resource=configmap namespace=tenant-1
[944/1000] action=delete-rb ns=tenant-1 name=tenant-binding
[945/1000] action=delete-clusterrole name=dev
[946/1000] action=create-rb ns=tenant-3 name=tenant-binding group=tenant-3 role=cluster-admin
[947/1000] action=delete-crb name=foo-global-binding
[948/1000] action=create-clusterrole name=dev resources=services,pods verbs=deletecollection,get,patch,update
[949/1000] action=create-clusterrole name=dev resources=services,pods,secrets verbs=update,get
[950/1000] action=create-clusterrole name=dev resources=pods,services verbs=update,list,delete
[951/1000] action=create-clusterrole name=dev resources=configmaps,pods verbs=watch,list
[952/1000] action=cross-tenant-access context=tenant-1-user@kubernetes operation=get resource=configmap namespace=tenant-2
[953/1000] action=cross-tenant-access context=tenant-5-user@kubernetes operation=list resource=configmap namespace=tenant-3
[954/1000] action=cross-tenant-access context=tenant-3-user@kubernetes operation=delete resource=configmap namespace=tenant-2
[955/1000] action=cross-tenant-access context=tenant-4-user@kubernetes operation=get resource=configmap namespace=tenant-3
[956/1000] action=cross-tenant-access context=tenant-4-user@kubernetes operation=delete resource=configmap namespace=tenant-1
[957/1000] action=delete-rb ns=tenant-3 name=tenant-binding
[958/1000] action=cross-tenant-access context=tenant-4-user@kubernetes operation=get resource=configmap namespace=tenant-2
[959/1000] action=delete-crb name=foo-global-binding
[960/1000] action=cross-tenant-access context=tenant-2-user@kubernetes operation=delete resource=configmap namespace=tenant-1
[961/1000] action=delete-rb ns=tenant-2 name=tenant-binding
[962/1000] action=cross-tenant-access context=tenant-1-user@kubernetes operation=list resource=configmap namespace=tenant-3
[963/1000] action=create-rb ns=tenant-1 name=tenant-binding group=tenant-1 role=view
[964/1000] action=cross-tenant-access context=tenant-1-user@kubernetes operation=patch resource=configmap namespace=tenant-4
[965/1000] action=delete-rb ns=tenant-1 name=tenant-binding
[966/1000] action=create-crb name=foo-global-binding group=tenant-3 role=admin
[967/1000] action=delete-clusterrole name=dev
[968/1000] action=delete-rb ns=tenant-1 name=tenant-binding
[969/1000] action=create-clusterrole name=dev resources=pods verbs=get,patch,deletecollection
[970/1000] action=create-rb ns=tenant-5 name=tenant-binding group=tenant-5 role=view
[971/1000] action=create-clusterrole name=dev resources=secrets verbs=patch,update,watch
[972/1000] action=cross-tenant-access context=tenant-2-user@kubernetes operation=get resource=configmap namespace=tenant-4
[973/1000] action=create-rb ns=tenant-1 name=tenant-binding group=tenant-1 role=admin
[974/1000] action=create-rb ns=tenant-2 name=tenant-binding group=tenant-2 role=cluster-admin
[975/1000] action=create-clusterrole name=dev resources=configmaps verbs=watch,update
[976/1000] action=delete-clusterrole name=dev
[977/1000] action=create-rb ns=tenant-2 name=tenant-binding group=tenant-2 role=admin
[978/1000] action=create-crb name=foo-global-binding group=tenant-4 role=admin
[979/1000] action=cross-tenant-access context=tenant-3-user@kubernetes operation=get resource=configmap namespace=tenant-4
[980/1000] action=create-crb name=foo-global-binding group=tenant-1 role=cluster-admin
[981/1000] action=create-clusterrole name=dev resources=services,pods,configmaps verbs=create,deletecollection,patch,update,list
[982/1000] action=create-rb ns=tenant-3 name=tenant-binding group=tenant-3 role=dev
[983/1000] action=delete-clusterrole name=dev
[984/1000] action=cross-tenant-access context=tenant-1-user@kubernetes operation=watch resource=configmap namespace=tenant-2
[985/1000] action=create-clusterrole name=dev resources=secrets,configmaps verbs=watch
[986/1000] action=delete-crb name=foo-global-binding
[987/1000] action=cross-tenant-access context=tenant-3-user@kubernetes operation=get resource=configmap namespace=tenant-2
[988/1000] action=cross-tenant-access context=tenant-3-user@kubernetes operation=get resource=configmap namespace=tenant-1
[989/1000] action=cross-tenant-access context=tenant-5-user@kubernetes operation=get resource=configmap namespace=tenant-2
[990/1000] action=cross-tenant-access context=tenant-1-user@kubernetes operation=list resource=configmap namespace=tenant-2
[991/1000] action=cross-tenant-access context=tenant-2-user@kubernetes operation=delete resource=configmap namespace=tenant-4
[992/1000] action=cross-tenant-access context=tenant-3-user@kubernetes operation=delete resource=configmap namespace=tenant-4
[993/1000] action=cross-tenant-access context=tenant-1-user@kubernetes operation=list resource=configmap namespace=tenant-2
[994/1000] action=delete-crb name=foo-global-binding
[995/1000] action=delete-crb name=foo-global-binding
[996/1000] action=create-rb ns=tenant-4 name=tenant-binding group=tenant-4 role=dev
[997/1000] action=create-rb ns=tenant-2 name=tenant-binding group=tenant-2 role=cluster-admin
[998/1000] action=delete-rb ns=tenant-1 name=tenant-binding
[999/1000] action=delete-rb ns=tenant-1 name=tenant-binding
[1000/1000] action=delete-rb ns=tenant-2 name=tenant-binding
