[1/50] action=cross-tenant-access context=tenant-1-user@kubernetes operation=get resource=configmap namespace=tenant-6
[2/50] action=cross-tenant-access context=tenant-2-user@kubernetes operation=list resource=configmap namespace=tenant-5
[3/50] action=delete-clusterrole name=dev
[4/50] action=cross-tenant-access context=tenant-6-user@kubernetes operation=delete resource=configmap namespace=tenant-5
[5/50] action=cross-tenant-access context=tenant-5-user@kubernetes operation=list resource=configmap namespace=tenant-2
[6/50] action=cross-tenant-access context=tenant-4-user@kubernetes operation=get resource=configmap namespace=tenant-1
[7/50] action=cross-tenant-access context=tenant-6-user@kubernetes operation=list resource=configmap namespace=tenant-7
[8/50] action=cross-tenant-access context=tenant-2-user@kubernetes operation=delete resource=configmap namespace=tenant-6
[9/50] action=delete-rb ns=tenant-10 name=tenant-binding
[10/50] action=delete-rb ns=tenant-3 name=tenant-binding
[11/50] action=cross-tenant-access context=tenant-8-user@kubernetes operation=patch resource=configmap namespace=tenant-10
[12/50] action=cross-tenant-access context=tenant-9-user@kubernetes operation=patch resource=configmap namespace=tenant-7
[13/50] action=cross-tenant-access context=tenant-2-user@kubernetes operation=get resource=configmap namespace=tenant-8
[14/50] action=create-clusterrole name=dev resources=pods,services,secrets verbs=watch
[15/50] action=delete-clusterrole name=dev
[16/50] action=cross-tenant-access context=tenant-1-user@kubernetes operation=list resource=configmap namespace=tenant-7
[17/50] action=create-rb ns=tenant-1 name=tenant-binding group=tenant-1 role=cluster-admin
[18/50] action=cross-tenant-access context=tenant-1-user@kubernetes operation=delete resource=configmap namespace=tenant-10
[19/50] action=cross-tenant-access context=tenant-10-user@kubernetes operation=watch resource=configmap namespace=tenant-2
[20/50] action=cross-tenant-access context=tenant-5-user@kubernetes operation=get resource=configmap namespace=tenant-3
[21/50] action=cross-tenant-access context=tenant-9-user@kubernetes operation=get resource=configmap namespace=tenant-3
[22/50] action=delete-crb name=foo-global-binding
[23/50] action=create-clusterrole name=dev resources=services,configmaps verbs=watch
[24/50] action=create-rb ns=tenant-6 name=tenant-binding group=tenant-6 role=cluster-admin
[25/50] action=cross-tenant-access context=tenant-5-user@kubernetes operation=list resource=configmap namespace=tenant-6
[26/50] action=delete-clusterrole name=dev
[27/50] action=create-rb ns=tenant-5 name=tenant-binding group=tenant-5 role=admin
[28/50] action=cross-tenant-access context=tenant-10-user@kubernetes operation=list resource=configmap namespace=tenant-9
[29/50] action=cross-tenant-access context=tenant-8-user@kubernetes operation=list resource=configmap namespace=tenant-2
[30/50] action=cross-tenant-access context=tenant-5-user@kubernetes operation=list resource=configmap namespace=tenant-6
[31/50] action=cross-tenant-access context=tenant-1-user@kubernetes operation=delete resource=configmap namespace=tenant-7
[32/50] action=delete-clusterrole name=dev
[33/50] action=cross-tenant-access context=tenant-2-user@kubernetes operation=watch resource=configmap namespace=tenant-7
[34/50] action=delete-rb ns=tenant-10 name=tenant-binding
[35/50] action=cross-tenant-access context=tenant-4-user@kubernetes operation=patch resource=configmap namespace=tenant-8
[36/50] action=cross-tenant-access context=tenant-6-user@kubernetes operation=watch resource=configmap namespace=tenant-4
[37/50] action=cross-tenant-access context=tenant-6-user@kubernetes operation=list resource=configmap namespace=tenant-5
[38/50] action=delete-rb ns=tenant-9 name=tenant-binding
[39/50] action=cross-tenant-access context=tenant-3-user@kubernetes operation=delete resource=configmap namespace=tenant-10
[40/50] action=cross-tenant-access context=tenant-4-user@kubernetes operation=patch resource=configmap namespace=tenant-5
[41/50] action=cross-tenant-access context=tenant-4-user@kubernetes operation=patch resource=configmap namespace=tenant-5
[42/50] action=create-clusterrole name=dev resources=services,configmaps verbs=create,get,patch
[43/50] action=create-clusterrole name=dev resources=secrets,configmaps verbs=delete
[44/50] action=cross-tenant-access context=tenant-4-user@kubernetes operation=get resource=configmap namespace=tenant-8
[45/50] action=create-clusterrole name=dev resources=secrets verbs=update,patch
[46/50] action=cross-tenant-access context=tenant-10-user@kubernetes operation=delete resource=configmap namespace=tenant-4
[47/50] action=delete-rb ns=tenant-2 name=tenant-binding
[48/50] action=create-rb ns=tenant-3 name=tenant-binding group=tenant-3 role=dev
[49/50] action=cross-tenant-access context=tenant-10-user@kubernetes operation=patch resource=configmap namespace=tenant-7
[50/50] action=delete-rb ns=tenant-10 name=tenant-binding
