[1/50] action=delete-crb name=foo-global-binding
[2/50] action=cross-tenant-access context=tenant-4-user@kubernetes operation=delete resource=configmap namespace=tenant-5
[3/50] action=create-crb name=foo-global-binding group=tenant-4 role=dev
[4/50] action=cross-tenant-access context=tenant-1-user@kubernetes operation=delete resource=configmap namespace=tenant-5
[5/50] action=delete-clusterrole name=dev
[6/50] action=cross-tenant-access context=tenant-2-user@kubernetes operation=watch resource=configmap namespace=tenant-3
[7/50] action=cross-tenant-access context=tenant-1-user@kubernetes operation=delete resource=configmap namespace=tenant-5
[8/50] action=cross-tenant-access context=tenant-1-user@kubernetes operation=list resource=configmap namespace=tenant-2
[9/50] action=cross-tenant-access context=tenant-4-user@kubernetes operation=get resource=configmap namespace=tenant-1
[10/50] action=delete-crb name=foo-global-binding
[11/50] action=create-rb ns=tenant-4 name=tenant-binding group=tenant-4 role=admin
[12/50] action=cross-tenant-access context=tenant-3-user@kubernetes operation=list resource=configmap namespace=tenant-1
[13/50] action=create-rb ns=tenant-4 name=tenant-binding group=tenant-4 role=dev
[14/50] action=cross-tenant-access context=tenant-2-user@kubernetes operation=get resource=configmap namespace=tenant-1
[15/50] action=cross-tenant-access context=tenant-3-user@kubernetes operation=list resource=configmap namespace=tenant-2
[16/50] action=cross-tenant-access context=tenant-5-user@kubernetes operation=delete resource=configmap namespace=tenant-3
[17/50] action=create-rb ns=tenant-1 name=tenant-binding group=tenant-1 role=edit
[18/50] action=create-clusterrole name=dev resources=configmaps,pods,secrets verbs=deletecollection
[19/50] action=cross-tenant-access context=tenant-1-user@kubernetes operation=get resource=configmap namespace=tenant-4
[20/50] action=cross-tenant-access context=tenant-5-user@kubernetes operation=list resource=configmap namespace=tenant-4
[21/50] action=create-crb name=foo-global-binding group=tenant-5 role=view
[22/50] action=cross-tenant-access context=tenant-4-user@kubernetes operation=get resource=configmap namespace=tenant-3
[23/50] action=cross-tenant-access context=tenant-1-user@kubernetes operation=list resource=configmap namespace=tenant-3
[24/50] action=create-rb ns=tenant-4 name=tenant-binding group=tenant-4 role=admin
[25/50] action=delete-clusterrole name=dev
[26/50] action=cross-tenant-access context=tenant-2-user@kubernetes operation=list resource=configmap namespace=tenant-4
[27/50] action=delete-clusterrole name=dev
[28/50] action=delete-clusterrole name=dev
[29/50] action=create-rb ns=tenant-1 name=tenant-binding group=tenant-1 role=view
[30/50] action=cross-tenant-access context=tenant-5-user@kubernetes operation=delete resource=configmap namespace=tenant-4
[31/50] action=delete-rb ns=tenant-5 name=tenant-binding
[32/50] action=delete-rb ns=tenant-3 name=tenant-binding
[33/50] action=create-rb ns=tenant-4 name=tenant-binding group=tenant-4 role=cluster-admin
[34/50] action=create-crb name=foo-global-binding group=tenant-5 role=edit
[35/50] action=create-rb ns=tenant-3 name=tenant-binding group=tenant-3 role=view
[36/50] action=cross-tenant-access context=tenant-3-user@kubernetes operation=list resource=configmap namespace=tenant-4
[37/50] action=cross-tenant-access context=tenant-1-user@kubernetes operation=watch resource=configmap namespace=tenant-3
[38/50] action=delete-clusterrole name=dev
[39/50] action=create-clusterrole name=dev resources=services,pods,configmaps verbs=get,delete,update,create,patch
[40/50] action=cross-tenant-access context=tenant-5-user@kubernetes operation=watch resource=configmap namespace=tenant-1
[41/50] action=delete-crb name=foo-global-binding
[42/50] action=cross-tenant-access context=tenant-1-user@kubernetes operation=get resource=configmap namespace=tenant-2
[43/50] action=create-clusterrole name=dev resources=secrets,services verbs=deletecollection,watch,get,delete
[44/50] action=cross-tenant-access context=tenant-4-user@kubernetes operation=patch resource=configmap namespace=tenant-3
[45/50] action=delete-clusterrole name=dev
[46/50] action=cross-tenant-access context=tenant-5-user@kubernetes operation=list resource=configmap namespace=tenant-1
[47/50] action=delete-rb ns=tenant-1 name=tenant-binding
[48/50] action=create-crb name=foo-global-binding group=tenant-5 role=cluster-admin
[49/50] action=create-rb ns=tenant-1 name=tenant-binding group=tenant-1 role=cluster-admin
[50/50] action=cross-tenant-access context=tenant-1-user@kubernetes operation=delete resource=configmap namespace=tenant-2
