[1/1000] action=delete-rb ns=tenant-9 name=tenant-binding
[2/1000] action=cross-tenant-access context=tenant-8-user@kubernetes operation=delete resource=configmap namespace=tenant-2
[3/1000] action=cross-tenant-access context=tenant-1-user@kubernetes operation=list resource=configmap namespace=tenant-4
[4/1000] action=create-rb ns=tenant-2 name=tenant-binding group=tenant-2 role=admin
[5/1000] action=cross-tenant-access context=tenant-9-user@kubernetes operation=watch resource=configmap namespace=tenant-2
[6/1000] action=create-clusterrole name=dev resources=pods,secrets verbs=patch
[7/1000] action=delete-rb ns=tenant-7 name=tenant-binding
[8/1000] action=cross-tenant-access context=tenant-7-user@kubernetes operation=watch resource=configmap namespace=tenant-2
[9/1000] action=cross-tenant-access context=tenant-5-user@kubernetes operation=watch resource=configmap namespace=tenant-10
[10/1000] action=cross-tenant-access context=tenant-4-user@kubernetes operation=watch resource=configmap namespace=tenant-2
[11/1000] action=create-rb ns=tenant-2 name=tenant-binding group=tenant-2 role=cluster-admin
[12/1000] action=delete-crb name=foo-global-binding
[13/1000] action=delete-clusterrole name=dev
[14/1000] action=create-crb name=foo-global-binding group=tenant-6 role=view
[15/1000] action=delete-rb ns=tenant-5 name=tenant-binding
[16/1000] action=cross-tenant-access context=tenant-6-user@kubernetes operation=list resource=configmap namespace=tenant-3
[17/1000] action=create-clusterrole name=dev resources=configmaps,services verbs=delete,watch,get
[18/1000] action=cross-tenant-access context=tenant-3-user@kubernetes operation=watch resource=configmap namespace=tenant-6
[19/1000] action=delete-crb name=foo-global-binding
[20/1000] action=delete-clusterrole name=dev
[21/1000] action=cross-tenant-access context=tenant-7-user@kubernetes operation=delete resource=configmap namespace=tenant-10
[22/1000] action=create-rb ns=tenant-4 name=tenant-binding group=tenant-4 role=dev
[23/1000] action=create-clusterrole name=dev resources=pods,secrets,services verbs=create,update,get,patch
[24/1000] action=cross-tenant-access context=tenant-9-user@kubernetes operation=list resource=configmap namespace=tenant-3
[25/1000] action=cross-tenant-access context=tenant-6-user@kubernetes operation=delete resource=configmap namespace=tenant-8
[26/1000] action=create-crb name=foo-global-binding group=tenant-10 role=edit
[27/1000] action=delete-clusterrole name=dev
[28/1000] action=delete-rb ns=tenant-8 name=tenant-binding
[29/1000] action=cross-tenant-access context=tenant-5-user@kubernetes operation=list resource=configmap namespace=tenant-9
[30/1000] action=cross-tenant-access context=tenant-6-user@kubernetes operation=get resource=configmap namespace=tenant-5
[31/1000] action=cross-tenant-access context=tenant-8-user@kubernetes operation=patch resource=configmap namespace=tenant-2
[32/1000] action=create-clusterrole name=dev resources=secrets,services verbs=patch,list
[33/1000] action=delete-rb ns=tenant-6 name=tenant-binding
[34/1000] action=create-rb ns=tenant-2 name=tenant-binding group=tenant-2 role=edit
[35/1000] action=create-rb ns=tenant-10 name=tenant-binding group=tenant-10 role=view
[36/1000] action=delete-clusterrole name=dev
[37/1000] action=cross-tenant-access context=tenant-6-user@kubernetes operation=patch resource=configmap namespace=tenant-9
[38/1000] action=cross-tenant-access context=tenant-3-user@kubernetes operation=get resource=configmap namespace=tenant-6
[39/1000] action=cross-tenant-access context=tenant-3-user@kubernetes operation=list resource=configmap namespace=tenant-4
[40/1000] action=cross-tenant-access context=tenant-8-user@kubernetes operation=watch resource=configmap namespace=tenant-2
[41/1000] action=cross-tenant-access context=tenant-4-user@kubernetes operation=list resource=configmap namespace=tenant-2
[42/1000] action=create-rb ns=tenant-3 name=tenant-binding group=tenant-3 role=dev
[43/1000] action=create-rb ns=tenant-7 name=tenant-binding group=tenant-7 role=edit
[44/1000] action=cross-tenant-access context=tenant-2-user@kubernetes operation=patch resource=configmap namespace=tenant-7
[45/1000] action=cross-tenant-access context=tenant-2-user@kubernetes operation=watch resource=configmap namespace=tenant-8
[46/1000] action=delete-clusterrole name=dev
[47/1000] action=delete-rb ns=tenant-8 name=tenant-binding
[48/1000] action=delete-clusterrole name=dev
[49/1000] action=create-crb name=foo-global-binding group=tenant-5 role=edit
[50/1000] action=delete-crb name=foo-global-binding
[51/1000] action=delete-rb ns=tenant-2 name=tenant-binding
[52/1000] action=cross-tenant-access context=tenant-6-user@kubernetes operation=list resource=configmap namespace=tenant-3
[53/1000] action=create-clusterrole name=dev resources=configmaps,services,secrets verbs=create,deletecollection,delete
[54/1000] action=delete-rb ns=tenant-10 name=tenant-binding
[55/1000] action=create-rb ns=tenant-10 name=tenant-binding group=tenant-10 role=admin
[56/1000] action=cross-tenant-access context=tenant-10-user@kubernetes operation=delete resource=configmap namespace=tenant-7
[57/1000] action=delete-rb ns=tenant-8 name=tenant-binding
[58/1000] action=delete-rb ns=tenant-7 name=tenant-binding
[59/1000] action=create-clusterrole name=dev resources=secrets verbs=patch
[60/1000] action=create-rb ns=tenant-4 name=tenant-binding group=tenant-4 role=cluster-admin
[61/1000] action=delete-rb ns=tenant-9 name=tenant-binding
[62/1000] action=create-clusterrole name=dev resources=configmaps,services verbs=get
[63/1000] action=create-crb name=foo-global-binding group=tenant-2 role=edit
[64/1000] action=delete-clusterrole name=dev
[65/1000] action=delete-rb ns=tenant-7 name=tenant-binding
[66/1000] action=delete-rb ns=tenant-7 name=tenant-binding
[67/1000] action=create-rb ns=tenant-5 name=tenant-binding group=tenant-5 role=edit
[68/1000] action=create-rb ns=tenant-10 name=tenant-binding group=tenant-10 role=view
[69/1000] action=cross-tenant-access context=tenant-2-user@kubernetes operation=get resource=configmap namespace=tenant-5
[70/1000] action=delete-crb name=foo-global-binding
[71/1000] action=delete-rb ns=tenant-4 name=tenant-binding
[72/1000] action=create-rb ns=tenant-4 name=tenant-binding group=tenant-4 role=edit
[73/1000] action=delete-clusterrole name=dev
[74/1000] action=create-clusterrole name=dev resources=secrets,configmaps,services verbs=patch,update,list
[75/1000] action=cross-tenant-access context=tenant-10-user@kubernetes operation=delete resource=configmap namespace=tenant-9
[76/1000] action=delete-rb ns=tenant-4 name=tenant-binding
[77/1000] action=cross-tenant-access context=tenant-7-user@kubernetes operation=patch resource=configmap namespace=tenant-10
[78/1000] action=cross-tenant-access context=tenant-8-user@kubernetes operation=list resource=configmap namespace=tenant-5
[79/1000] action=cross-tenant-access context=tenant-6-user@kubernetes operation=list resource=configmap namespace=tenant-1
[80/1000] action=create-rb ns=tenant-8 name=tenant-binding group=tenant-8 role=view
[81/1000] action=cross-tenant-access context=tenant-5-user@kubernetes operation=patch resource=configmap namespace=tenant-4
[82/1000] action=create-rb ns=tenant-4 name=tenant-binding group=tenant-4 role=dev
[83/1000] action=cross-tenant-access context=tenant-8-user@kubernetes operation=list resource=configmap namespace=tenant-3
[84/1000] action=cross-tenant-access context=tenant-4-user@kubernetes operation=patch resource=configmap namespace=tenant-5
[85/1000] action=create-rb ns=tenant-7 name=tenant-binding group=tenant-7 role=cluster-admin
[86/1000] action=cross-tenant-access context=tenant-6-user@kubernetes operation=patch resource=configmap namespace=tenant-7
[87/1000] action=cross-tenant-access context=tenant-3-user@kubernetes operation=delete resource=configmap namespace=tenant-2
[88/1000] action=cross-tenant-access context=tenant-7-user@kubernetes operation=watch resource=configmap namespace=tenant-6
[89/1000] action=create-crb name=foo-global-binding group=tenant-10 role=dev
[90/1000] action=cross-tenant-access context=tenant-8-user@kubernetes operation=patch resource=configmap namespace=tenant-4
[91/1000] action=cross-tenant-access context=tenant-4-user@kubernetes operation=patch resource=configmap namespace=tenant-10
[92/1000] action=delete-crb name=foo-global-binding
[93/1000] action=create-rb ns=tenant-9 name=tenant-binding group=tenant-9 role=admin
[94/1000] action=cross-tenant-access context=tenant-7-user@kubernetes operation=watch resource=configmap namespace=tenant-8
[95/1000] action=create-crb name=foo-global-binding group=tenant-7 role=cluster-admin
[96/1000] action=create-rb ns=tenant-6 name=tenant-binding group=tenant-6 role=cluster-admin
[97/1000] action=delete-crb name=foo-global-binding
[98/1000] action=create-clusterrole name=dev resources=services verbs=watch
[99/1000] action=create-clusterrole name=dev resources=configmaps verbs=patch,create,delete,get
[100/1000] action=cross-tenant-access context=tenant-8-user@kubernetes operation=get resource=configmap namespace=tenant-7
[101/1000] action=create-rb ns=tenant-6 name=tenant-binding group=tenant-6 role=dev
[102/1000] action=create-crb name=foo-global-binding group=tenant-5 role=view
[103/1000] action=create-crb name=foo-global-binding group=tenant-7 role=edit
[104/1000] action=delete-crb name=foo-global-binding
[105/1000] action=cross-tenant-access context=tenant-10-user@kubernetes operation=get resource=configmap namespace=tenant-2
[106/1000] action=create-crb name=foo-global-binding group=tenant-7 role=cluster-admin
[107/1000] action=cross-tenant-access context=tenant-10-user@kubernetes operation=get resource=configmap namespace=tenant-2
[108/1000] action=delete-rb ns=tenant-6 name=tenant-binding
[109/1000] action=delete-rb ns=tenant-6 name=tenant-binding
[110/1000] action=cross-tenant-access context=tenant-3-user@kubernetes operation=delete resource=configmap namespace=tenant-10
[111/1000] action=create-rb ns=tenant-7 name=tenant-binding group=tenant-7 role=admin
[112/1000] action=create-rb ns=tenant-4 name=tenant-binding group=tenant-4 role=admin
[113/1000] action=create-rb ns=tenant-3 name=tenant-binding group=tenant-3 role=dev
[114/1000] action=delete-clusterrole name=dev
[115/1000] action=cross-tenant-access context=tenant-3-user@kubernetes operation=patch resource=configmap namespace=tenant-9
[116/1000] action=create-rb ns=tenant-5 name=tenant-binding group=tenant-5 role=cluster-admin
[117/1000] action=cross-tenant-access context=tenant-9-user@kubernetes operation=patch resource=configmap namespace=tenant-3
[118/1000] action=create-crb name=foo-global-binding group=tenant-9 role=view
[119/1000] action=cross-tenant-access context=tenant-1-user@kubernetes operation=patch resource=configmap namespace=tenant-4
[120/1000] action=cross-tenant-access context=tenant-6-user@kubernetes operation=watch resource=configmap namespace=tenant-4
[121/1000] action=cross-tenant-access context=tenant-9-user@kubernetes operation=get resource=configmap namespace=tenant-2
[122/1000] action=delete-crb name=foo-global-binding
[123/1000] action=create-crb name=foo-global-binding group=tenant-7 role=edit
[124/1000] action=cross-tenant-access context=tenant-10-user@kubernetes operation=delete resource=configmap namespace=tenant-6
[125/1000] action=delete-rb ns=tenant-9 name=tenant-binding
[126/1000] action=cross-tenant-access context=tenant-1-user@kubernetes operation=list resource=configmap namespace=tenant-9
[127/1000] action=delete-rb ns=tenant-10 name=tenant-binding
[128/1000] action=delete-rb ns=tenant-9 name=tenant-binding
[129/1000] action=cross-tenant-access context=tenant-1-user@kubernetes operation=get resource=configmap namespace=tenant-5
[130/1000] action=cross-tenant-access context=tenant-8-user@kubernetes operation=patch resource=configmap namespace=tenant-6
[131/1000] action=delete-rb ns=tenant-9 name=tenant-binding
[132/1000] action=cross-tenant-access context=tenant-8-user@kubernetes operation=patch resource=configmap namespace=tenant-5
[133/1000] action=delete-clusterrole name=dev
[134/1000] action=create-crb name=foo-global-binding group=tenant-7 role=cluster-admin
[135/1000] action=create-clusterrole name=dev resources=services verbs=update,delete,get,deletecollection
[136/1000] action=cross-tenant-access context=tenant-10-user@kubernetes operation=watch resource=configmap namespace=tenant-6
[137/1000] action=cross-tenant-access context=tenant-5-user@kubernetes operation=patch resource=configmap namespace=tenant-9
[138/1000] action=cross-tenant-access context=tenant-3-user@kubernetes operation=patch resource=configmap namespace=tenant-1
[139/1000] action=create-clusterrole name=dev resources=secrets,pods,configmaps verbs=update,delete
[140/1000] action=delete-rb ns=tenant-2 name=tenant-binding
[141/1000] action=cross-tenant-access context=tenant-7-user@kubernetes operation=delete resource=configmap namespace=tenant-4
[142/1000] action=delete-rb ns=tenant-9 name=tenant-binding
[143/1000] action=create-rb ns=tenant-6 name=tenant-binding group=tenant-6 role=cluster-admin
[144/1000] action=cross-tenant-access context=tenant-9-user@kubernetes operation=get resource=configmap namespace=tenant-4
[145/1000] action=cross-tenant-access context=tenant-7-user@kubernetes operation=delete resource=configmap namespace=tenant-1
[146/1000] action=delete-rb ns=tenant-3 name=tenant-binding
[147/1000] action=cross-tenant-access context=tenant-1-user@kubernetes operation=get resource=configmap namespace=tenant-3
[148/1000] action=delete-clusterrole name=dev
[149/1000] action=cross-tenant-access context=tenant-5-user@kubernetes operation=watch resource=configmap namespace=tenant-10
[150/1000] action=create-rb ns=tenant-6 name=tenant-binding group=tenant-6 role=edit
[151/1000] action=cross-tenant-access context=tenant-9-user@kubernetes operation=delete resource=configmap namespace=tenant-8
[152/1000] action=create-rb ns=tenant-5 name=tenant-binding group=tenant-5 role=edit
[153/1000] action=cross-tenant-access context=tenant-1-user@kubernetes operation=get resource=configmap namespace=tenant-4
[154/1000] action=cross-tenant-access context=tenant-8-user@kubernetes operation=delete resource=configmap namespace=tenant-4
[155/1000] action=delete-crb name=foo-global-binding
[156/1000] action=delete-rb ns=tenant-6 name=tenant-binding
[157/1000] action=cross-tenant-access context=tenant-5-user@kubernetes operation=patch resource=configmap namespace=tenant-8
[158/1000] action=cross-tenant-access context=tenant-7-user@kubernetes operation=list resource=configmap namespace=tenant-6
[159/1000] action=cross-tenant-access context=tenant-6-user@kubernetes operation=get resource=configmap namespace=tenant-4
[160/1000] action=delete-crb name=foo-global-binding
[161/1000] action=cross-tenant-access context=tenant-1-user@kubernetes operation=watch resource=configmap namespace=tenant-10
[162/1000] action=cross-tenant-access context=tenant-5-user@kubernetes operation=delete resource=configmap namespace=tenant-1
[163/1000] action=cross-tenant-access context=tenant-1-user@kubernetes operation=watch resource=configmap namespace=tenant-2
[164/1000] action=cross-tenant-access context=tenant-9-user@kubernetes operation=list resource=configmap namespace=tenant-3
[165/1000] action=delete-clusterrole name=dev
[166/1000] action=create-rb ns=tenant-10 name=tenant-binding group=tenant-10 role=admin
[167/1000] action=cross-tenant-access context=tenant-4-user@kubernetes operation=get resource=configmap namespace=tenant-2
[168/1000] action=cross-tenant-access context=tenant-9-user@kubernetes operation=watch resource=configmap namespace=tenant-1
[169/1000] action=create-rb ns=tenant-8 name=tenant-binding group=tenant-8 role=cluster-admin
[170/1000] action=delete-rb ns=tenant-8 name=tenant-binding
[171/1000] action=cross-tenant-access context=tenant-4-user@kubernetes operation=get resource=configmap namespace=tenant-6
[172/1000] action=create-crb name=foo-global-binding group=tenant-10 role=edit
[173/1000] action=cross-tenant-access context=tenant-5-user@kubernetes operation=watch resource=configmap namespace=tenant-9
[174/1000] action=create-rb ns=tenant-7 name=tenant-binding group=tenant-7 role=admin
[175/1000] action=delete-crb name=foo-global-binding
[176/1000] action=create-rb ns=tenant-9 name=tenant-binding group=tenant-9 role=view
[177/1000] action=create-rb ns=tenant-8 name=tenant-binding group=tenant-8 role=view
[178/1000] action=cross-tenant-access context=tenant-10-user@kubernetes operation=get resource=configmap namespace=tenant-5
[179/1000] action=cross-tenant-access context=tenant-3-user@kubernetes operation=list resource=configmap namespace=tenant-2
[180/1000] action=delete-rb ns=tenant-5 name=tenant-binding
[181/1000] action=delete-rb ns=tenant-8 name=tenant-binding
[182/1000] action=create-rb ns=tenant-2 name=tenant-binding group=tenant-2 role=admin
[183/1000] action=create-rb ns=tenant-4 name=tenant-binding group=tenant-4 role=edit
[184/1000] action=cross-tenant-access context=tenant-2-user@kubernetes operation=get resource=configmap namespace=tenant-4
[185/1000] action=create-clusterrole name=dev resources=secrets,services verbs=update,patch
[186/1000] action=cross-tenant-access context=tenant-5-user@kubernetes operation=delete resource=configmap namespace=tenant-7
[187/1000] action=delete-crb name=foo-global-binding
[188/1000] action=cross-tenant-access context=tenant-2-user@kubernetes operation=patch resource=configmap namespace=tenant-7
[189/1000] action=delete-crb name=foo-global-binding
[190/1000] action=cross-tenant-access context=tenant-9-user@kubernetes operation=get resource=configmap namespace=tenant-6
[191/1000] action=cross-tenant-access context=tenant-7-user@kubernetes operation=watch resource=configmap namespace=tenant-6
[192/1000] action=cross-tenant-access context=tenant-10-user@kubernetes operation=get resource=configmap namespace=tenant-8
[193/1000] action=cross-tenant-access context=tenant-3-user@kubernetes operation=delete resource=configmap namespace=tenant-5
[194/1000] action=cross-tenant-access context=tenant-2-user@kubernetes operation=watch resource=configmap namespace=tenant-10
[195/1000] action=delete-clusterrole name=dev
[196/1000] action=create-clusterrole name=dev resources=secrets,pods,configmaps verbs=watch,create
[197/1000] action=create-crb name=foo-global-binding group=tenant-5 role=view
[198/1000] action=cross-tenant-access context=tenant-7-user@kubernetes operation=delete resource=configmap namespace=tenant-5
[199/1000] action=delete-rb ns=tenant-3 name=tenant-binding
[200/1000] action=create-rb ns=tenant-7 name=tenant-binding group=tenant-7 role=view
[201/1000] action=delete-crb name=foo-global-binding
[202/1000] action=cross-tenant-access context=tenant-4-user@kubernetes operation=list resource=configmap namespace=tenant-1
[203/1000] action=cross-tenant-access context=tenant-1-user@kubernetes operation=get resource=configmap namespace=tenant-4
[204/1000] action=cross-tenant-access context=tenant-6-user@kubernetes operation=get resource=configmap namespace=tenant-5
[205/1000] action=create-rb ns=tenant-4 name=tenant-binding group=tenant-4 role=edit
[206/1000] action=cross-tenant-access context=tenant-9-user@kubernetes operation=watch resource=configmap namespace=tenant-8
[207/1000] action=create-rb ns=tenant-5 name=tenant-binding group=tenant-5 role=view
[208/1000] action=create-rb ns=tenant-9 name=tenant-binding group=tenant-9 role=edit
[209/1000] action=create-crb name=foo-global-binding group=tenant-10 role=dev
[210/1000] action=delete-rb ns=tenant-10 name=tenant-binding
[211/1000] action=cross-tenant-access context=tenant-9-user@kubernetes operation=get resource=configmap namespace=tenant-10
[212/1000] action=delete-clusterrole name=dev
[213/1000] action=create-crb name=foo-global-binding group=tenant-6 role=edit
[214/1000] action=create-rb ns=tenant-8 name=tenant-binding group=tenant-8 role=edit
[215/1000] action=cross-tenant-access context=tenant-1-user@kubernetes operation=patch resource=configmap namespace=tenant-5
[216/1000] action=delete-clusterrole name=dev
[217/1000] action=delete-clusterrole name=dev
[218/1000] action=create-rb ns=tenant-6 name=tenant-binding group=tenant-6 role=cluster-admin
[219/1000] action=create-rb ns=tenant-9 name=tenant-binding group=tenant-9 role=edit
[220/1000] action=create-rb ns=tenant-4 name=tenant-binding group=tenant-4 role=edit
[221/1000] action=delete-rb ns=tenant-2 name=tenant-binding
[222/1000] action=create-rb ns=tenant-8 name=tenant-binding group=tenant-8 role=dev
[223/1000] action=delete-rb ns=tenant-2 name=tenant-binding
[224/1000] action=delete-rb ns=tenant-2 name=tenant-binding
[225/1000] action=create-clusterrole name=dev resources=configmaps,pods verbs=deletecollection,update
[226/1000] action=create-rb ns=tenant-2 name=tenant-binding group=tenant-2 role=admin
[227/1000] action=create-crb name=foo-global-binding group=tenant-1 role=admin
[228/1000] action=delete-clusterrole name=dev
[229/1000] action=create-clusterrole name=dev resources=pods verbs=patch,delete
[230/1000] action=create-crb name=foo-global-binding group=tenant-3 role=cluster-admin
[231/1000] action=create-rb ns=tenant-1 name=tenant-binding group=tenant-1 role=view
[232/1000] action=cross-tenant-access context=tenant-7-user@kubernetes operation=patch resource=configmap namespace=tenant-3
[233/1000] action=create-clusterrole name=dev resources=secrets,services,pods verbs=delete,watch,update,patch,create
[234/1000] action=create-rb ns=tenant-10 name=tenant-binding group=tenant-10 role=admin
[235/1000] action=delete-clusterrole name=dev
[236/1000] action=create-rb ns=tenant-10 name=tenant-binding group=tenant-10 role=edit
[237/1000] action=delete-crb name=foo-global-binding
[238/1000] action=delete-rb ns=tenant-3 name=tenant-binding
[239/1000] action=create-crb name=foo-global-binding group=tenant-10 role=view
[240/1000] action=delete-rb ns=tenant-5 name=tenant-binding
[241/1000] action=cross-tenant-access context=tenant-6-user@kubernetes operation=watch resource=configmap namespace=tenant-2
[242/1000] action=delete-crb name=foo-global-binding
[243/1000] action=cross-tenant-access context=tenant-2-user@kubernetes operation=get resource=configmap namespace=tenant-8
[244/1000] action=create-clusterrole name=dev resources=configmaps,pods verbs=get,create
[245/1000] action=create-crb name=foo-global-binding group=tenant-9 role=dev
[246/1000] action=create-clusterrole name=dev resources=configmaps,services verbs=watch
[247/1000] action=delete-crb name=foo-global-binding
[248/1000] action=cross-tenant-access context=tenant-10-user@kubernetes operation=delete resource=configmap namespace=tenant-2
[249/1000] action=delete-crb name=foo-global-binding
[250/1000] action=create-rb ns=tenant-3 name=tenant-binding group=tenant-3 role=edit
[251/1000] action=cross-tenant-access context=tenant-2-user@kubernetes operation=list resource=configmap namespace=tenant-9
[252/1000] action=cross-tenant-access context=tenant-7-user@kubernetes operation=get resource=configmap namespace=tenant-5
[253/1000] action=delete-rb ns=tenant-7 name=tenant-binding
[254/1000] action=cross-tenant-access context=tenant-2-user@kubernetes operation=patch resource=configmap namespace=tenant-6
[255/1000] action=cross-tenant-access context=tenant-4-user@kubernetes operation=patch resource=configmap namespace=tenant-8
[256/1000] action=delete-clusterrole name=dev
[257/1000] action=cross-tenant-access context=tenant-7-user@kubernetes operation=list resource=configmap namespace=tenant-10
[258/1000] action=create-clusterrole name=dev resources=secrets,services,configmaps verbs=watch,deletecollection,list,delete,get
[259/1000] action=delete-crb name=foo-global-binding
[260/1000] action=create-clusterrole name=dev resources=services,configmaps,secrets verbs=deletecollection
[261/1000] action=cross-tenant-access context=tenant-8-user@kubernetes operation=patch resource=configmap namespace=tenant-5
[262/1000] action=create-rb ns=tenant-5 name=tenant-binding group=tenant-5 role=view
[263/1000] action=cross-tenant-access context=tenant-4-user@kubernetes operation=delete resource=configmap namespace=tenant-2
[264/1000] action=create-clusterrole name=dev resources=configmaps verbs=update,create,delete,watch,deletecollection
[265/1000] action=delete-rb ns=tenant-1 name=tenant-binding
[266/1000] action=delete-crb name=foo-global-binding
[267/1000] action=cross-tenant-access context=tenant-4-user@kubernetes operation=patch resource=configmap namespace=tenant-10
[268/1000] action=cross-tenant-access context=tenant-7-user@kubernetes operation=watch resource=configmap namespace=tenant-10
[269/1000] action=cross-tenant-access context=tenant-2-user@kubernetes operation=get resource=configmap namespace=tenant-7
[270/1000] action=cross-tenant-access context=tenant-7-user@kubernetes operation=watch resource=configmap namespace=tenant-1
[271/1000] action=cross-tenant-access context=tenant-10-user@kubernetes operation=list resource=configmap namespace=tenant-6
[272/1000] action=create-crb name=foo-global-binding group=tenant-4 role=view
[273/1000] action=cross-tenant-access context=tenant-9-user@kubernetes operation=get resource=configmap namespace=tenant-5
[274/1000] action=delete-rb ns=tenant-7 name=tenant-binding
[275/1000] action=cross-tenant-access context=tenant-5-user@kubernetes operation=list resource=configmap namespace=tenant-7
[276/1000] action=delete-rb ns=tenant-9 name=tenant-binding
[277/1000] action=cross-tenant-access context=tenant-5-user@kubernetes operation=list resource=configmap namespace=tenant-1
[278/1000] action=cross-tenant-access context=tenant-3-user@kubernetes operation=watch resource=configmap namespace=tenant-5
[279/1000] action=delete-rb ns=tenant-2 name=tenant-binding
[280/1000] action=create-crb name=foo-global-binding group=tenant-3 role=view
[281/1000] action=cross-tenant-access context=tenant-7-user@kubernetes operation=delete resource=configmap namespace=tenant-10
[282/1000] action=create-crb name=foo-global-binding group=tenant-10 role=edit
[283/1000] action=delete-clusterrole name=dev
[284/1000] action=cross-tenant-access context=tenant-6-user@kubernetes operation=delete resource=configmap namespace=tenant-9
[285/1000] action=cross-tenant-access context=tenant-10-user@kubernetes operation=watch resource=configmap namespace=tenant-3
[286/1000] action=delete-clusterrole name=dev
[287/1000] action=cross-tenant-access context=tenant-5-user@kubernetes operation=get resource=configmap namespace=tenant-7
[288/1000] action=delete-rb ns=tenant-6 name=tenant-binding
[289/1000] action=delete-clusterrole name=dev
[290/1000] action=delete-crb name=foo-global-binding
[291/1000] action=create-rb ns=tenant-7 name=tenant-binding group=tenant-7 role=view
[292/1000] action=cross-tenant-access context=tenant-7-user@kubernetes operation=get resource=configmap namespace=tenant-8
[293/1000] action=cross-tenant-access context=tenant-4-user@kubernetes operation=get resource=configmap namespace=tenant-8
[294/1000] action=cross-tenant-access context=tenant-9-user@kubernetes operation=get resource=configmap namespace=tenant-4
[295/1000] action=delete-clusterrole name=dev
[296/1000] action=cross-tenant-access context=tenant-10-user@kubernetes operation=list resource=configmap namespace=tenant-9
[297/1000] action=create-rb ns=tenant-3 name=tenant-binding group=tenant-3 role=edit
[298/1000] action=cross-tenant-access context=tenant-9-user@kubernetes operation=list resource=configmap namespace=tenant-4
[299/1000] action=cross-tenant-access context=tenant-8-user@kubernetes operation=list resource=configmap namespace=tenant-9
[300/1000] action=cross-tenant-access context=tenant-7-user@kubernetes operation=delete resource=configmap namespace=tenant-4
[301/1000] action=cross-tenant-access context=tenant-2-user@kubernetes operation=delete resource=configmap namespace=tenant-10
[302/1000] action=create-rb ns=tenant-10 name=tenant-binding group=tenant-10 role=admin
[303/1000] action=cross-tenant-access context=tenant-4-user@kubernetes operation=watch resource=configmap namespace=tenant-9
[304/1000] action=create-rb ns=tenant-5 name=tenant-binding group=tenant-5 role=edit
[305/1000] action=create-crb name=foo-global-binding group=tenant-2 role=admin
[306/1000] action=cross-tenant-access context=tenant-5-user@kubernetes operation=patch resource=configmap namespace=tenant-1
[307/1000] action=delete-clusterrole name=dev
[308/1000] action=create-crb name=foo-global-binding group=tenant-4 role=cluster-admin
[309/1000] action=cross-tenant-access context=tenant-1-user@kubernetes operation=get resource=configmap namespace=tenant-9
[310/1000] action=create-rb ns=tenant-7 name=tenant-binding group=tenant-7 role=view
[311/1000] action=cross-tenant-access context=tenant-6-user@kubernetes operation=delete resource=configmap namespace=tenant-9
[312/1000] action=cross-tenant-access context=tenant-3-user@kubernetes operation=delete resource=configmap namespace=tenant-5
[313/1000] action=cross-tenant-access context=tenant-7-user@kubernetes operation=list resource=configmap namespace=tenant-9
[314/1000] action=delete-rb ns=tenant-9 name=tenant-binding
[315/1000] action=create-crb name=foo-global-binding group=tenant-4 role=dev
[316/1000] action=delete-rb ns=tenant-5 name=tenant-binding
[317/1000] action=delete-crb name=foo-global-binding
[318/1000] action=delete-rb ns=tenant-4 name=tenant-binding
[319/1000] action=create-clusterrole name=dev resources=configmaps,services,pods verbs=deletecollection,delete,get
[320/1000] action=cross-tenant-access context=tenant-9-user@kubernetes operation=watch resource=configmap namespace=tenant-8
[321/1000] action=create-crb name=foo-global-binding group=tenant-5 role=view
[322/1000] action=create-rb ns=tenant-10 name=tenant-binding group=tenant-10 role=view
[323/1000] action=cross-tenant-access context=tenant-9-user@kubernetes operation=get resource=configmap namespace=tenant-2
[324/1000] action=cross-tenant-access context=tenant-4-user@kubernetes operation=get resource=configmap namespace=tenant-6
[325/1000] action=cross-tenant-access context=tenant-2-user@kubernetes operation=get resource=configmap namespace=tenant-4
[326/1000] action=create-rb ns=tenant-8 name=tenant-binding group=tenant-8 role=view
[327/1000] action=cross-tenant-access context=tenant-1-user@kubernetes operation=patch resource=configmap namespace=tenant-7
[328/1000] action=cross-tenant-access context=tenant-8-user@kubernetes operation=list resource=configmap namespace=tenant-7
[329/1000] action=delete-rb ns=tenant-7 name=tenant-binding
[330/1000] action=cross-tenant-access context=tenant-4-user@kubernetes operation=watch resource=configmap namespace=tenant-5
[331/1000] action=create-crb name=foo-global-binding group=tenant-3 role=view
[332/1000] action=create-rb ns=tenant-1 name=tenant-binding group=tenant-1 role=edit
[333/1000] action=delete-crb name=foo-global-binding
[334/1000] action=delete-clusterrole name=dev
[335/1000] action=delete-rb ns=tenant-10 name=tenant-binding
[336/1000] action=delete-clusterrole name=dev
[337/1000] action=cross-tenant-access context=tenant-2-user@kubernetes operation=get resource=configmap namespace=tenant-8
[338/1000] action=create-rb ns=tenant-2 name=tenant-binding group=tenant-2 role=view
[339/1000] action=create-clusterrole name=dev resources=services,pods,configmaps verbs=list,delete,deletecollection
[340/1000] action=delete-rb ns=tenant-10 name=tenant-binding
[341/1000] action=cross-tenant-access context=tenant-8-user@kubernetes operation=delete resource=configmap namespace=tenant-5
[342/1000] action=delete-rb ns=tenant-7 name=tenant-binding
[343/1000] action=delete-crb name=foo-global-binding
[344/1000] action=cross-tenant-access context=tenant-7-user@kubernetes operation=watch resource=configmap namespace=tenant-1
[345/1000] action=delete-clusterrole name=dev
[346/1000] action=delete-rb ns=tenant-4 name=tenant-binding
[347/1000] action=delete-crb name=foo-global-binding
[348/1000] action=cross-tenant-access context=tenant-9-user@kubernetes operation=get resource=configmap namespace=tenant-2
[349/1000] action=cross-tenant-access context=tenant-5-user@kubernetes operation=patch resource=configmap namespace=tenant-1
[350/1000] action=create-crb name=foo-global-binding group=tenant-5 role=dev
[351/1000] action=delete-rb ns=tenant-9 name=tenant-binding
[352/1000] action=create-crb name=foo-global-binding group=tenant-6 role=view
[353/1000] action=delete-rb ns=tenant-10 name=tenant-binding
[354/1000] action=create-crb name=foo-global-binding group=tenant-4 role=admin
[355/1000] action=delete-rb ns=tenant-1 name=tenant-binding
[356/1000] action=create-rb ns=tenant-2 name=tenant-binding group=tenant-2 role=edit
[357/1000] action=create-clusterrole name=dev resources=pods,secrets verbs=deletecollection
[358/1000] action=cross-tenant-access context=tenant-6-user@kubernetes operation=delete resource=configmap namespace=tenant-7
[359/1000] action=create-clusterrole name=dev resources=configmaps verbs=get,list,update
[360/1000] action=cross-tenant-access context=tenant-1-user@kubernetes operation=patch resource=configmap namespace=tenant-6
[361/1000] action=cross-tenant-access context=tenant-3-user@kubernetes operation=watch resource=configmap namespace=tenant-8
[362/1000] action=delete-crb name=foo-global-binding
[363/1000] action=delete-rb ns=tenant-8 name=tenant-binding
[364/1000] action=cross-tenant-access context=tenant-9-user@kubernetes operation=list resource=configmap namespace=tenant-10
[365/1000] action=delete-rb ns=tenant-4 name=tenant-binding
[366/1000] action=create-rb ns=tenant-3 name=tenant-binding group=tenant-3 role=admin
[367/1000] action=cross-tenant-access context=tenant-9-user@kubernetes operation=get resource=configmap namespace=tenant-3
[368/1000] action=delete-clusterrole name=dev
[369/1000] action=cross-tenant-access context=tenant-9-user@kubernetes operation=patch resource=configmap namespace=tenant-7
[370/1000] action=cross-tenant-access context=tenant-8-user@kubernetes operation=watch resource=configmap namespace=tenant-6
[371/1000] action=cross-tenant-access context=tenant-1-user@kubernetes operation=delete resource=configmap namespace=tenant-2
[372/1000] action=delete-crb name=foo-global-binding
[373/1000] action=create-clusterrole name=dev resources=configmaps verbs=list,get,create,watch
[374/1000] action=create-rb ns=tenant-7 name=tenant-binding group=tenant-7 role=view
[375/1000] action=delete-clusterrole name=dev
[376/1000] action=create-clusterrole name=dev resources=services verbs=update,patch,deletecollection,get
[377/1000] action=cross-tenant-access context=tenant-4-user@kubernetes operation=patch resource=configmap namespace=tenant-6
[378/1000] action=cross-tenant-access context=tenant-9-user@kubernetes operation=delete resource=configmap namespace=tenant-4
[379/1000] action=cross-tenant-access context=tenant-9-user@kubernetes operation=get resource=configmap namespace=tenant-2
[380/1000] action=delete-crb name=foo-global-binding
[381/1000] action=cross-tenant-access context=tenant-1-user@kubernetes operation=list resource=configmap namespace=tenant-6
[382/1000] action=create-crb name=foo-global-binding group=tenant-1 role=cluster-admin
[383/1000] action=create-rb ns=tenant-7 name=tenant-binding group=tenant-7 role=view
[384/1000] action=cross-tenant-access context=tenant-2-user@kubernetes operation=get resource=configmap namespace=tenant-10
[385/1000] action=cross-tenant-access context=tenant-9-user@kubernetes operation=list resource=configmap namespace=tenant-7
[386/1000] action=delete-crb name=foo-global-binding
[387/1000] action=delete-rb ns=tenant-4 name=tenant-binding
[388/1000] action=cross-tenant-access context=tenant-2-user@kubernetes operation=delete resource=configmap namespace=tenant-8
[389/1000] action=delete-rb ns=tenant-2 name=tenant-binding
[390/1000] action=delete-clusterrole name=dev
[391/1000] action=create-rb ns=tenant-1 name=tenant-binding group=tenant-1 role=cluster-admin
[392/1000] action=cross-tenant-access context=tenant-9-user@kubernetes operation=list resource=configmap namespace=tenant-6
[393/1000] action=cross-tenant-access context=tenant-9-user@kubernetes operation=list resource=configmap namespace=tenant-10
[394/1000] action=cross-tenant-access context=tenant-7-user@kubernetes operation=patch resource=configmap namespace=tenant-2
[395/1000] action=cross-tenant-access context=tenant-6-user@kubernetes operation=delete resource=configmap namespace=tenant-2
[396/1000] action=create-rb ns=tenant-10 name=tenant-binding group=tenant-10 role=dev
[397/1000] action=create-crb name=foo-global-binding group=tenant-5 role=admin
[398/1000] action=cross-tenant-access context=tenant-4-user@kubernetes operation=list resource=configmap namespace=tenant-6
[399/1000] action=create-crb name=foo-global-binding group=tenant-5 role=view
[400/1000] action=cross-tenant-access context=tenant-9-user@kubernetes operation=delete resource=configmap namespace=tenant-4
[401/1000] action=cross-tenant-access context=tenant-4-user@kubernetes operation=watch resource=configmap namespace=tenant-5
[402/1000] action=cross-tenant-access context=tenant-7-user@kubernetes operation=patch resource=configmap namespace=tenant-5
[403/1000] action=delete-clusterrole name=dev
[404/1000] action=delete-rb ns=tenant-10 name=tenant-binding
[405/1000] action=create-crb name=foo-global-binding group=tenant-1 role=dev
[406/1000] action=create-rb ns=tenant-3 name=tenant-binding group=tenant-3 role=admin
[407/1000] action=delete-clusterrole name=dev
[408/1000] action=cross-tenant-access context=tenant-5-user@kubernetes operation=list resource=configmap namespace=tenant-6
[409/1000] action=cross-tenant-access context=tenant-2-user@kubernetes operation=get resource=configmap namespace=tenant-10
[410/1000] action=cross-tenant-access context=tenant-3-user@kubernetes operation=watch resource=configmap namespace=tenant-9
[411/1000] action=cross-tenant-access context=tenant-7-user@kubernetes operation=watch resource=configmap namespace=tenant-3
[412/1000] action=delete-clusterrole name=dev
[413/1000] action=delete-rb ns=tenant-8 name=tenant-binding
[414/1000] action=cross-tenant-access context=tenant-2-user@kubernetes operation=watch resource=configmap namespace=tenant-9
[415/1000] action=cross-tenant-access context=tenant-3-user@kubernetes operation=get resource=configmap namespace=tenant-4
[416/1000] action=cross-tenant-access context=tenant-7-user@kubernetes operation=delete resource=configmap namespace=tenant-2
[417/1000] action=cross-tenant-access context=tenant-4-user@kubernetes operation=get resource=configmap namespace=tenant-8
[418/1000] action=delete-rb ns=tenant-9 name=tenant-binding
[419/1000] action=delete-rb ns=tenant-2 name=tenant-binding
[420/1000] action=cross-tenant-access context=tenant-7-user@kubernetes operation=watch resource=configmap namespace=tenant-2
[421/1000] action=delete-clusterrole name=dev
[422/1000] action=create-crb name=foo-global-binding group=tenant-8 role=cluster-admin
[423/1000] action=delete-crb name=foo-global-binding
[424/1000] action=cross-tenant-access context=tenant-1-user@kubernetes operation=patch resource=configmap namespace=tenant-4
[425/1000] action=cross-tenant-access context=tenant-1-user@kubernetes operation=watch resource=configmap namespace=tenant-3
[426/1000] action=cross-tenant-access context=tenant-10-user@kubernetes operation=list resource=configmap namespace=tenant-7
[427/1000] action=delete-rb ns=tenant-2 name=tenant-binding
[428/1000] action=delete-rb ns=tenant-3 name=tenant-binding
[429/1000] action=delete-crb name=foo-global-binding
[430/1000] action=cross-tenant-access context=tenant-6-user@kubernetes operation=list resource=configmap namespace=tenant-3
[431/1000] action=delete-rb ns=tenant-3 name=tenant-binding
[432/1000] action=cross-tenant-access context=tenant-4-user@kubernetes operation=patch resource=configmap namespace=tenant-9
[433/1000] action=cross-tenant-access context=tenant-4-user@kubernetes operation=watch resource=configmap namespace=tenant-3
[434/1000] action=delete-clusterrole name=dev
[435/1000] action=create-clusterrole name=dev resources=pods,secrets,configmaps verbs=deletecollection,patch
[436/1000] action=create-crb name=foo-global-binding group=tenant-4 role=view
[437/1000] action=delete-rb ns=tenant-1 name=tenant-binding
[438/1000] action=create-clusterrole name=dev resources=services,secrets,configmaps verbs=delete,get
[439/1000] action=delete-rb ns=tenant-9 name=tenant-binding
[440/1000] action=delete-rb ns=tenant-4 name=tenant-binding
[441/1000] action=create-rb ns=tenant-7 name=tenant-binding group=tenant-7 role=dev
[442/1000] action=create-crb name=foo-global-binding group=tenant-4 role=view
[443/1000] action=cross-tenant-access context=tenant-8-user@kubernetes operation=list resource=configmap namespace=tenant-5
[444/1000] action=delete-crb name=foo-global-binding
[445/1000] action=create-crb name=foo-global-binding group=tenant-2 role=cluster-admin
[446/1000] action=cross-tenant-access context=tenant-2-user@kubernetes operation=watch resource=configmap namespace=tenant-9
[447/1000] action=cross-tenant-access context=tenant-2-user@kubernetes operation=list resource=configmap namespace=tenant-1
[448/1000] action=delete-rb ns=tenant-3 name=tenant-binding
[449/1000] action=create-crb name=foo-global-binding group=tenant-10 role=dev
[450/1000] action=cross-tenant-access context=tenant-3-user@kubernetes operation=watch resource=configmap namespace=tenant-2
[451/1000] action=delete-clusterrole name=dev
[452/1000] action=cross-tenant-access context=tenant-4-user@kubernetes operation=list resource=configmap namespace=tenant-3
[453/1000] action=cross-tenant-access context=tenant-2-user@kubernetes operation=list resource=configmap namespace=tenant-7
[454/1000] action=cross-tenant-access context=tenant-10-user@kubernetes operation=watch resource=configmap namespace=tenant-9
[455/1000] action=delete-rb ns=tenant-2 name=tenant-binding
[456/1000] action=cross-tenant-access context=tenant-6-user@kubernetes operation=delete resource=configmap namespace=tenant-4
[457/1000] action=cross-tenant-access context=tenant-3-user@kubernetes operation=get resource=configmap namespace=tenant-2
[458/1000] action=cross-tenant-access context=tenant-8-user@kubernetes operation=patch resource=configmap namespace=tenant-6
[459/1000] action=create-rb ns=tenant-1 name=tenant-binding group=tenant-1 role=dev
[460/1000] action=create-rb ns=tenant-8 name=tenant-binding group=tenant-8 role=view
[461/1000] action=cross-tenant-access context=tenant-7-user@kubernetes operation=delete resource=configmap namespace=tenant-4
[462/1000] action=delete-crb name=foo-global-binding
[463/1000] action=create-rb ns=tenant-7 name=tenant-binding group=tenant-7 role=cluster-admin
[464/1000] action=create-rb ns=tenant-9 name=tenant-binding group=tenant-9 role=view
[465/1000] action=cross-tenant-access context=tenant-7-user@kubernetes operation=patch resource=configmap namespace=tenant-5
[466/1000] action=delete-crb name=foo-global-binding
[467/1000] action=delete-crb name=foo-global-binding
[468/1000] action=cross-tenant-access context=tenant-1-user@kubernetes operation=patch resource=configmap namespace=tenant-10
[469/1000] action=create-crb name=foo-global-binding group=tenant-9 role=admin
[470/1000] action=cross-tenant-access context=tenant-4-user@kubernetes operation=delete resource=configmap namespace=tenant-8
[471/1000] action=cross-tenant-access context=tenant-9-user@kubernetes operation=patch resource=configmap namespace=tenant-10
[472/1000] action=delete-clusterrole name=dev
[473/1000] action=create-rb ns=tenant-9 name=tenant-binding group=tenant-9 role=edit
[474/1000] action=cross-tenant-access context=tenant-6-user@kubernetes operation=list resource=configmap namespace=tenant-4
[475/1000] action=cross-tenant-access context=tenant-1-user@kubernetes operation=delete resource=configmap namespace=tenant-5
[476/1000] action=delete-rb ns=tenant-8 name=tenant-binding
[477/1000] action=cross-tenant-access context=tenant-5-user@kubernetes operation=list resource=configmap namespace=tenant-7
[478/1000] action=cross-tenant-access context=tenant-6-user@kubernetes operation=patch resource=configmap namespace=tenant-3
[479/1000] action=delete-rb ns=tenant-2 name=tenant-binding
[480/1000] action=create-crb name=foo-global-binding group=tenant-8 role=admin
[481/1000] action=cross-tenant-access context=tenant-3-user@kubernetes operation=patch resource=configmap namespace=tenant-10
[482/1000] action=cross-tenant-access context=tenant-3-user@kubernetes operation=delete resource=configmap namespace=tenant-9
[483/1000] action=cross-tenant-access context=tenant-10-user@kubernetes operation=list resource=configmap namespace=tenant-4
[484/1000] action=create-clusterrole name=dev resources=pods,configmaps verbs=get
[485/1000] action=create-rb ns=tenant-4 name=tenant-binding group=tenant-4 role=dev
[486/1000] action=cross-tenant-access context=tenant-4-user@kubernetes operation=get resource=configmap namespace=tenant-6
[487/1000] action=create-rb ns=tenant-1 name=tenant-binding group=tenant-1 role=view
[488/1000] action=cross-tenant-access context=tenant-7-user@kubernetes operation=list resource=configmap namespace=tenant-8
[489/1000] action=cross-tenant-access context=tenant-8-user@kubernetes operation=get resource=configmap namespace=tenant-6
[490/1000] action=create-rb ns=tenant-2 name=tenant-binding group=tenant-2 role=admin
[491/1000] action=cross-tenant-access context=tenant-5-user@kubernetes operation=patch resource=configmap namespace=tenant-7
[492/1000] action=create-clusterrole name=dev resources=configmaps,pods verbs=get
[493/1000] action=cross-tenant-access context=tenant-6-user@kubernetes operation=get resource=configmap namespace=tenant-7
[494/1000] action=create-clusterrole name=dev resources=services,pods verbs=update,list,delete
[495/1000] action=cross-tenant-access context=tenant-10-user@kubernetes operation=patch resource=configmap namespace=tenant-5
[496/1000] action=delete-crb name=foo-global-binding
[497/1000] action=delete-rb ns=tenant-4 name=tenant-binding
[498/1000] action=create-clusterrole name=dev resources=pods verbs=patch,list
[499/1000] action=create-rb ns=tenant-4 name=tenant-binding group=tenant-4 role=edit
[500/1000] action=cross-tenant-access context=tenant-3-user@kubernetes operation=watch resource=configmap namespace=tenant-10
[501/1000] action=delete-rb ns=tenant-4 name=tenant-binding
[502/1000] action=delete-rb ns=tenant-10 name=tenant-binding
[503/1000] action=create-crb name=foo-global-binding group=tenant-10 role=cluster-admin
[504/1000] action=create-crb name=foo-global-binding group=tenant-1 role=cluster-admin
[505/1000] action=create-clusterrole name=dev resources=pods,secrets verbs=delete,patch,get,list
[506/1000] action=delete-rb ns=tenant-2 name=tenant-binding
[507/1000] action=delete-rb ns=tenant-6 name=tenant-binding
[508/1000] action=create-crb name=foo-global-binding group=tenant-3 role=cluster-admin
[509/1000] action=cross-tenant-access context=tenant-10-user@kubernetes operation=delete resource=configmap namespace=tenant-8
[510/1000] action=cross-tenant-access context=tenant-1-user@kubernetes operation=patch resource=configmap namespace=tenant-3
[511/1000] action=delete-crb name=foo-global-binding
[512/1000] action=create-clusterrole name=dev resources=secrets,pods,configmaps verbs=deletecollection,list,get
[513/1000] action=create-crb name=foo-global-binding group=tenant-7 role=cluster-admin
[514/1000] action=delete-crb name=foo-global-binding
[515/1000] action=delete-clusterrole name=dev
[516/1000] action=create-rb ns=tenant-4 name=tenant-binding group=tenant-4 role=dev
[517/1000] action=delete-crb name=foo-global-binding
[518/1000] action=delete-rb ns=tenant-7 name=tenant-binding
[519/1000] action=create-rb ns=tenant-6 name=tenant-binding group=tenant-6 role=cluster-admin
[520/1000] action=cross-tenant-access context=tenant-1-user@kubernetes operation=patch resource=configmap namespace=tenant-10
[521/1000] action=create-rb ns=tenant-8 name=tenant-binding group=tenant-8 role=view
[522/1000] action=delete-clusterrole name=dev
[523/1000] action=create-crb name=foo-global-binding group=tenant-2 role=cluster-admin
[524/1000] action=cross-tenant-access context=tenant-7-user@kubernetes operation=list resource=configmap namespace=tenant-3
[525/1000] action=cross-tenant-access context=tenant-3-user@kubernetes operation=watch resource=configmap namespace=tenant-8
[526/1000] action=create-crb name=foo-global-binding group=tenant-6 role=dev
[527/1000] action=delete-rb ns=tenant-3 name=tenant-binding
[528/1000] action=create-crb name=foo-global-binding group=tenant-2 role=admin
[529/1000] action=cross-tenant-access context=tenant-3-user@kubernetes operation=list resource=configmap namespace=tenant-8
[530/1000] action=create-rb ns=tenant-10 name=tenant-binding group=tenant-10 role=cluster-admin
[531/1000] action=cross-tenant-access context=tenant-8-user@kubernetes operation=watch resource=configmap namespace=tenant-4
[532/1000] action=create-rb ns=tenant-9 name=tenant-binding group=tenant-9 role=admin
[533/1000] action=cross-tenant-access context=tenant-2-user@kubernetes operation=patch resource=configmap namespace=tenant-8
[534/1000] action=delete-rb ns=tenant-9 name=tenant-binding
[535/1000] action=create-crb name=foo-global-binding group=tenant-1 role=view
[536/1000] action=create-rb ns=tenant-8 name=tenant-binding group=tenant-8 role=cluster-admin
[537/1000] action=create-rb ns=tenant-9 name=tenant-binding group=tenant-9 role=dev
[538/1000] action=create-rb ns=tenant-6 name=tenant-binding group=tenant-6 role=admin
[539/1000] action=cross-tenant-access context=tenant-1-user@kubernetes operation=patch resource=configmap namespace=tenant-2
[540/1000] action=create-clusterrole name=dev resources=pods verbs=watch,patch,get,list
[541/1000] action=create-rb ns=tenant-7 name=tenant-binding group=tenant-7 role=cluster-admin
[542/1000] action=create-crb name=foo-global-binding group=tenant-7 role=view
[543/1000] action=create-crb name=foo-global-binding group=tenant-8 role=admin
[544/1000] action=create-rb ns=tenant-9 name=tenant-binding group=tenant-9 role=dev
[545/1000] action=cross-tenant-access context=tenant-7-user@kubernetes operation=get resource=configmap namespace=tenant-2
[546/1000] action=cross-tenant-access context=tenant-6-user@kubernetes operation=get resource=configmap namespace=tenant-4
[547/1000] action=create-rb ns=tenant-5 name=tenant-binding group=tenant-5 role=edit
[548/1000] action=delete-rb ns=tenant-5 name=tenant-binding
[549/1000] action=cross-tenant-access context=tenant-10-user@kubernetes operation=watch resource=configmap namespace=tenant-5
[550/1000] action=create-rb ns=tenant-8 name=tenant-binding group=tenant-8 role=edit
[551/1000] action=cross-tenant-access context=tenant-7-user@kubernetes operation=patch resource=configmap namespace=tenant-6
[552/1000] action=create-clusterrole name=dev resources=configmaps verbs=watch,update
[553/1000] action=create-clusterrole name=dev resources=services verbs=get,create
[554/1000] action=delete-rb ns=tenant-9 name=tenant-binding
[555/1000] action=cross-tenant-access context=tenant-6-user@kubernetes operation=get resource=configmap namespace=tenant-2
[556/1000] action=delete-rb ns=tenant-3 name=tenant-binding
[557/1000] action=delete-rb ns=tenant-4 name=tenant-binding
[558/1000] action=delete-crb name=foo-global-binding
[559/1000] action=delete-rb ns=tenant-10 name=tenant-binding
[560/1000] action=create-rb ns=tenant-7 name=tenant-binding group=tenant-7 role=admin
[561/1000] action=delete-crb name=foo-global-binding
[562/1000] action=delete-crb name=foo-global-binding
[563/1000] action=cross-tenant-access context=tenant-8-user@kubernetes operation=watch resource=configmap namespace=tenant-4
[564/1000] action=cross-tenant-access context=tenant-6-user@kubernetes operation=watch resource=configmap namespace=tenant-5
[565/1000] action=delete-rb ns=tenant-5 name=tenant-binding
[566/1000] action=delete-rb ns=tenant-5 name=tenant-binding
[567/1000] action=create-clusterrole name=dev resources=configmaps,services verbs=create
[568/1000] action=cross-tenant-access context=tenant-7-user@kubernetes operation=delete resource=configmap namespace=tenant-2
[569/1000] action=delete-clusterrole name=dev
[570/1000] action=cross-tenant-access context=tenant-8-user@kubernetes operation=delete resource=configmap namespace=tenant-5
[571/1000] action=create-rb ns=tenant-6 name=tenant-binding group=tenant-6 role=dev
[572/1000] action=delete-rb ns=tenant-9 name=tenant-binding
[573/1000] action=cross-tenant-access context=tenant-3-user@kubernetes operation=get resource=configmap namespace=tenant-2
[574/1000] action=cross-tenant-access context=tenant-7-user@kubernetes operation=delete resource=configmap namespace=tenant-2
[575/1000] action=cross-tenant-access context=tenant-7-user@kubernetes operation=delete resource=configmap namespace=tenant-9
[576/1000] action=cross-tenant-access context=tenant-5-user@kubernetes operation=delete resource=configmap namespace=tenant-3
[577/1000] action=cross-tenant-access context=tenant-3-user@kubernetes operation=list resource=configmap namespace=tenant-7
[578/1000] action=cross-tenant-access context=tenant-7-user@kubernetes operation=watch resource=configmap namespace=tenant-6
[579/1000] action=create-crb name=foo-global-binding group=tenant-2 role=admin
[580/1000] action=cross-tenant-access context=tenant-2-user@kubernetes operation=watch resource=configmap namespace=tenant-10
[581/1000] action=create-rb ns=tenant-2 name=tenant-binding group=tenant-2 role=admin
[582/1000] action=delete-rb ns=tenant-4 name=tenant-binding
[583/1000] action=create-rb ns=tenant-5 name=tenant-binding group=tenant-5 role=dev
[584/1000] action=delete-clusterrole name=dev
[585/1000] action=delete-clusterrole name=dev
[586/1000] action=delete-rb ns=tenant-6 name=tenant-binding
[587/1000] action=create-clusterrole name=dev resources=pods verbs=patch,list,get
[588/1000] action=create-rb ns=tenant-6 name=tenant-binding group=tenant-6 role=cluster-admin
[589/1000] action=delete-clusterrole name=dev
[590/1000] action=create-rb ns=tenant-8 name=tenant-binding group=tenant-8 role=dev
[591/1000] action=cross-tenant-access context=tenant-10-user@kubernetes operation=patch resource=configmap namespace=tenant-2
[592/1000] action=cross-tenant-access context=tenant-2-user@kubernetes operation=delete resource=configmap namespace=tenant-9
[593/1000] action=create-clusterrole name=dev resources=services,configmaps verbs=list,create,get,delete,watch
[594/1000] action=delete-rb ns=tenant-5 name=tenant-binding
[595/1000] action=cross-tenant-access context=tenant-3-user@kubernetes operation=get resource=configmap namespace=tenant-4
[596/1000] action=create-crb name=foo-global-binding group=tenant-1 role=admin
[597/1000] action=create-clusterrole name=dev resources=services verbs=delete,list,get,update,patch
[598/1000] action=create-rb ns=tenant-1 name=tenant-binding group=tenant-1 role=view
[599/1000] action=cross-tenant-access context=tenant-1-user@kubernetes operation=patch resource=configmap namespace=tenant-10
[600/1000] action=create-rb ns=tenant-4 name=tenant-binding group=tenant-4 role=dev
[601/1000] action=cross-tenant-access context=tenant-4-user@kubernetes operation=patch resource=configmap namespace=tenant-7
[602/1000] action=delete-rb ns=tenant-3 name=tenant-binding
[603/1000] action=create-crb name=foo-global-binding group=tenant-1 role=edit
[604/1000] action=create-rb ns=tenant-1 name=tenant-binding group=tenant-1 role=edit
[605/1000] action=delete-crb name=foo-global-binding
[606/1000] action=create-rb ns=tenant-5 name=tenant-binding group=tenant-5 role=admin
[607/1000] action=cross-tenant-access context=tenant-7-user@kubernetes operation=get resource=configmap namespace=tenant-3
[608/1000] action=delete-clusterrole name=dev
[609/1000] action=create-crb name=foo-global-binding group=tenant-4 role=cluster-admin
[610/1000] action=cross-tenant-access context=tenant-4-user@kubernetes operation=watch resource=configmap namespace=tenant-3
[611/1000] action=delete-clusterrole name=dev
[612/1000] action=create-rb ns=tenant-9 name=tenant-binding group=tenant-9 role=dev
[613/1000] action=delete-rb ns=tenant-7 name=tenant-binding
[614/1000] action=delete-clusterrole name=dev
[615/1000] action=delete-clusterrole name=dev
[616/1000] action=create-crb name=foo-global-binding group=tenant-1 role=cluster-admin
[617/1000] action=cross-tenant-access context=tenant-4-user@kubernetes operation=patch resource=configmap namespace=tenant-2
[618/1000] action=cross-tenant-access context=tenant-5-user@kubernetes operation=patch resource=configmap namespace=tenant-9
[619/1000] action=delete-clusterrole name=dev
[620/1000] action=create-clusterrole name=dev resources=secrets,services,pods verbs=patch,delete
[621/1000] action=create-rb ns=tenant-6 name=tenant-binding group=tenant-6 role=edit
[622/1000] action=cross-tenant-access context=tenant-5-user@kubernetes operation=list resource=configmap namespace=tenant-7
[623/1000] action=cross-tenant-access context=tenant-1-user@kubernetes operation=get resource=configmap namespace=tenant-7
[624/1000] action=cross-tenant-access context=tenant-4-user@kubernetes operation=list resource=configmap namespace=tenant-3
[625/1000] action=create-crb name=foo-global-binding group=tenant-6 role=cluster-admin
[626/1000] action=create-rb ns=tenant-8 name=tenant-binding group=tenant-8 role=dev
[627/1000] action=cross-tenant-access context=tenant-4-user@kubernetes operation=list resource=configmap namespace=tenant-7
[628/1000] action=cross-tenant-access context=tenant-8-user@kubernetes operation=delete resource=configmap namespace=tenant-3
[629/1000] action=delete-crb name=foo-global-binding
[630/1000] action=create-clusterrole name=dev resources=pods verbs=deletecollection,patch,delete
[631/1000] action=delete-crb name=foo-global-binding
[632/1000] action=delete-clusterrole name=dev
[633/1000] action=delete-crb name=foo-global-binding
[634/1000] action=cross-tenant-access context=tenant-8-user@kubernetes operation=watch resource=configmap namespace=tenant-1
[635/1000] action=delete-clusterrole name=dev
[636/1000] action=cross-tenant-access context=tenant-9-user@kubernetes operation=get resource=configmap namespace=tenant-3
[637/1000] action=create-rb ns=tenant-6 name=tenant-binding group=tenant-6 role=admin
[638/1000] action=delete-crb name=foo-global-binding
[639/1000] action=cross-tenant-access context=tenant-10-user@kubernetes operation=list resource=configmap namespace=tenant-7
[640/1000] action=create-rb ns=tenant-9 name=tenant-binding group=tenant-9 role=dev
[641/1000] action=cross-tenant-access context=tenant-3-user@kubernetes operation=list resource=configmap namespace=tenant-8
[642/1000] action=cross-tenant-access context=tenant-6-user@kubernetes operation=get resource=configmap namespace=tenant-1
[643/1000] action=delete-rb ns=tenant-3 name=tenant-binding
[644/1000] action=cross-tenant-access context=tenant-3-user@kubernetes operation=get resource=configmap namespace=tenant-10
[645/1000] action=cross-tenant-access context=tenant-3-user@kubernetes operation=list resource=configmap namespace=tenant-9
[646/1000] action=cross-tenant-access context=tenant-10-user@kubernetes operation=list resource=configmap namespace=tenant-8
[647/1000] action=delete-crb name=foo-global-binding
[648/1000] action=create-rb ns=tenant-3 name=tenant-binding group=tenant-3 role=cluster-admin
[649/1000] action=create-clusterrole name=dev resources=configmaps verbs=update,get,delete,deletecollection
[650/1000] action=create-crb name=foo-global-binding group=tenant-4 role=dev
[651/1000] action=cross-tenant-access context=tenant-3-user@kubernetes operation=get resource=configmap namespace=tenant-6
[652/1000] action=create-rb ns=tenant-10 name=tenant-binding group=tenant-10 role=cluster-admin
[653/1000] action=delete-rb ns=tenant-3 name=tenant-binding
[654/1000] action=delete-clusterrole name=dev
[655/1000] action=create-crb name=foo-global-binding group=tenant-6 role=edit
[656/1000] action=cross-tenant-access context=tenant-10-user@kubernetes operation=patch resource=configmap namespace=tenant-4
[657/1000] action=create-rb ns=tenant-5 name=tenant-binding group=tenant-5 role=cluster-admin
[658/1000] action=cross-tenant-access context=tenant-8-user@kubernetes operation=list resource=configmap namespace=tenant-5
[659/1000] action=create-crb name=foo-global-binding group=tenant-10 role=cluster-admin
[660/1000] action=delete-rb ns=tenant-10 name=tenant-binding
[661/1000] action=delete-clusterrole name=dev
[662/1000] action=delete-rb ns=tenant-1 name=tenant-binding
[663/1000] action=create-clusterrole name=dev resources=secrets,configmaps,pods verbs=delete,update,patch
[664/1000] action=create-clusterrole name=dev resources=configmaps,pods,secrets verbs=watch
[665/1000] action=delete-crb name=foo-global-binding
[666/1000] action=cross-tenant-access context=tenant-5-user@kubernetes operation=watch resource=configmap namespace=tenant-10
[667/1000] action=delete-clusterrole name=dev
[668/1000] action=create-rb ns=tenant-5 name=tenant-binding group=tenant-5 role=view
[669/1000] action=create-rb ns=tenant-9 name=tenant-binding group=tenant-9 role=view
[670/1000] action=delete-rb ns=tenant-4 name=tenant-binding
[671/1000] action=cross-tenant-access context=tenant-2-user@kubernetes operation=delete resource=configmap namespace=tenant-7
[672/1000] action=create-clusterrole name=dev resources=secrets,pods verbs=deletecollection,list
[673/1000] action=cross-tenant-access context=tenant-6-user@kubernetes operation=list resource=configmap namespace=tenant-7
[674/1000] action=cross-tenant-access context=tenant-3-user@kubernetes operation=list resource=configmap namespace=tenant-8
[675/1000] action=create-rb ns=tenant-4 name=tenant-binding group=tenant-4 role=edit
[676/1000] action=delete-rb ns=tenant-2 name=tenant-binding
[677/1000] action=cross-tenant-access context=tenant-9-user@kubernetes operation=patch resource=configmap namespace=tenant-6
[678/1000] action=cross-tenant-access context=tenant-2-user@kubernetes operation=delete resource=configmap namespace=tenant-4
[679/1000] action=delete-clusterrole name=dev
[680/1000] action=cross-tenant-access context=tenant-8-user@kubernetes operation=get resource=configmap namespace=tenant-6
[681/1000] action=create-rb ns=tenant-8 name=tenant-binding group=tenant-8 role=cluster-admin
[682/1000] action=delete-clusterrole name=dev
[683/1000] action=delete-crb name=foo-global-binding
[684/1000] action=cross-tenant-access context=tenant-8-user@kubernetes operation=get resource=configmap namespace=tenant-7
[685/1000] action=cross-tenant-access context=tenant-6-user@kubernetes operation=get resource=configmap namespace=tenant-10
[686/1000] action=delete-crb name=foo-global-binding
[687/1000] action=delete-clusterrole name=dev
[688/1000] action=create-clusterrole name=dev resources=pods,configmaps verbs=create,delete,get,deletecollection,list
[689/1000] action=delete-crb name=foo-global-binding
[690/1000] action=cross-tenant-access context=tenant-10-user@kubernetes operation=get resource=configmap namespace=tenant-4
[691/1000] action=delete-rb ns=tenant-9 name=tenant-binding
[692/1000] action=delete-rb ns=tenant-8 name=tenant-binding
[693/1000] action=cross-tenant-access context=tenant-4-user@kubernetes operation=watch resource=configmap namespace=tenant-1
[694/1000] action=cross-tenant-access context=tenant-7-user@kubernetes operation=watch resource=configmap namespace=tenant-4
[695/1000] action=delete-crb name=foo-global-binding
[696/1000] action=cross-tenant-access context=tenant-1-user@kubernetes operation=patch resource=configmap namespace=tenant-2
[697/1000] action=create-rb ns=tenant-8 name=tenant-binding group=tenant-8 role=admin
[698/1000] action=create-crb name=foo-global-binding group=tenant-1 role=cluster-admin
[699/1000] action=delete-rb ns=tenant-3 name=tenant-binding
[700/1000] action=cross-tenant-access context=tenant-6-user@kubernetes operation=watch resource=configmap namespace=tenant-8
[701/1000] action=cross-tenant-access context=tenant-5-user@kubernetes operation=patch resource=configmap namespace=tenant-4
[702/1000] action=cross-tenant-access context=tenant-3-user@kubernetes operation=watch resource=configmap namespace=tenant-10
[703/1000] action=delete-clusterrole name=dev
[704/1000] action=cross-tenant-access context=tenant-3-user@kubernetes operation=delete resource=configmap namespace=tenant-6
[705/1000] action=delete-rb ns=tenant-5 name=tenant-binding
[706/1000] action=cross-tenant-access context=tenant-4-user@kubernetes operation=delete resource=configmap namespace=tenant-5
[707/1000] action=create-crb name=foo-global-binding group=tenant-3 role=edit
[708/1000] action=create-rb ns=tenant-4 name=tenant-binding group=tenant-4 role=admin
[709/1000] action=cross-tenant-access context=tenant-6-user@kubernetes operation=patch resource=configmap namespace=tenant-7
[710/1000] action=cross-tenant-access context=tenant-5-user@kubernetes operation=patch resource=configmap namespace=tenant-3
[711/1000] action=delete-clusterrole name=dev
[712/1000] action=cross-tenant-access context=tenant-4-user@kubernetes operation=delete resource=configmap namespace=tenant-3
[713/1000] action=cross-tenant-access context=tenant-3-user@kubernetes operation=delete resource=configmap namespace=tenant-9
[714/1000] action=delete-rb ns=tenant-5 name=tenant-binding
[715/1000] action=cross-tenant-access context=tenant-3-user@kubernetes operation=list resource=configmap namespace=tenant-4
[716/1000] action=delete-rb ns=tenant-1 name=tenant-binding
[717/1000] action=cross-tenant-access context=tenant-1-user@kubernetes operation=get resource=configmap namespace=tenant-2
[718/1000] action=create-clusterrole name=dev resources=secrets,pods,services verbs=create,get,watch
[719/1000] action=create-rb ns=tenant-2 name=tenant-binding group=tenant-2 role=view
[720/1000] action=cross-tenant-access context=tenant-1-user@kubernetes operation=get resource=configmap namespace=tenant-9
[721/1000] action=cross-tenant-access context=tenant-6-user@kubernetes operation=get resource=configmap namespace=tenant-7
[722/1000] action=create-rb ns=tenant-9 name=tenant-binding group=tenant-9 role=cluster-admin
[723/1000] action=cross-tenant-access context=tenant-4-user@kubernetes operation=patch resource=configmap namespace=tenant-1
[724/1000] action=create-clusterrole name=dev resources=pods,configmaps verbs=list
[725/1000] action=cross-tenant-access context=tenant-7-user@kubernetes operation=get resource=configmap namespace=tenant-6
[726/1000] action=create-clusterrole name=dev resources=services,secrets verbs=patch,create,deletecollection
[727/1000] action=cross-tenant-access context=tenant-7-user@kubernetes operation=delete resource=configmap namespace=tenant-6
[728/1000] action=delete-clusterrole name=dev
[729/1000] action=create-clusterrole name=dev resources=services verbs=list,patch,create,get,deletecollection
[730/1000] action=create-rb ns=tenant-6 name=tenant-binding group=tenant-6 role=cluster-admin
[731/1000] action=delete-crb name=foo-global-binding
[732/1000] action=cross-tenant-access context=tenant-2-user@kubernetes operation=watch resource=configmap namespace=tenant-8
[733/1000] action=create-rb ns=tenant-10 name=tenant-binding group=tenant-10 role=view
[734/1000] action=create-crb name=foo-global-binding group=tenant-8 role=admin
[735/1000] action=delete-rb ns=tenant-1 name=tenant-binding
[736/1000] action=create-rb ns=tenant-1 name=tenant-binding group=tenant-1 role=dev
[737/1000] action=delete-crb name=foo-global-binding
[738/1000] action=delete-clusterrole name=dev
[739/1000] action=cross-tenant-access context=tenant-9-user@kubernetes operation=delete resource=configmap namespace=tenant-10
[740/1000] action=cross-tenant-access context=tenant-4-user@kubernetes operation=list resource=configmap namespace=tenant-1
[741/1000] action=cross-tenant-access context=tenant-4-user@kubernetes operation=delete resource=configmap namespace=tenant-1
[742/1000] action=cross-tenant-access context=tenant-7-user@kubernetes operation=patch resource=configmap namespace=tenant-4
[743/1000] action=cross-tenant-access context=tenant-7-user@kubernetes operation=list resource=configmap namespace=tenant-2
[744/1000] action=cross-tenant-access context=tenant-1-user@kubernetes operation=watch resource=configmap namespace=tenant-3
[745/1000] action=create-rb ns=tenant-2 name=tenant-binding group=tenant-2 role=view
[746/1000] action=cross-tenant-access context=tenant-5-user@kubernetes operation=delete resource=configmap namespace=tenant-9
[747/1000] action=cross-tenant-access context=tenant-9-user@kubernetes operation=patch resource=configmap namespace=tenant-3
[748/1000] action=delete-rb ns=tenant-7 name=tenant-binding
[749/1000] action=delete-rb ns=tenant-10 name=tenant-binding
[750/1000] action=cross-tenant-access context=tenant-8-user@kubernetes operation=get resource=configmap namespace=tenant-9
[751/1000] action=delete-rb ns=tenant-3 name=tenant-binding
[752/1000] action=create-clusterrole name=dev resources=configmaps verbs=list,get,patch,deletecollection
[753/1000] action=delete-rb ns=tenant-6 name=tenant-binding
[754/1000] action=create-crb name=foo-global-binding group=tenant-1 role=view
[755/1000] action=cross-tenant-access context=tenant-3-user@kubernetes operation=watch resource=configmap namespace=tenant-6
[756/1000] action=cross-tenant-access context=tenant-5-user@kubernetes operation=list resource=configmap namespace=tenant-7
[757/1000] action=cross-tenant-access context=tenant-2-user@kubernetes operation=list resource=configmap namespace=tenant-4
[758/1000] action=delete-rb ns=tenant-8 name=tenant-binding
[759/1000] action=delete-rb ns=tenant-6 name=tenant-binding
[760/1000] action=delete-crb name=foo-global-binding
[761/1000] action=cross-tenant-access context=tenant-3-user@kubernetes operation=patch resource=configmap namespace=tenant-9
[762/1000] action=cross-tenant-access context=tenant-1-user@kubernetes operation=patch resource=configmap namespace=tenant-10
[763/1000] action=cross-tenant-access context=tenant-8-user@kubernetes operation=watch resource=configmap namespace=tenant-6
[764/1000] action=create-rb ns=tenant-10 name=tenant-binding group=tenant-10 role=cluster-admin
[765/1000] action=delete-crb name=foo-global-binding
[766/1000] action=cross-tenant-access context=tenant-10-user@kubernetes operation=list resource=configmap namespace=tenant-9
[767/1000] action=create-rb ns=tenant-2 name=tenant-binding group=tenant-2 role=view
[768/1000] action=cross-tenant-access context=tenant-5-user@kubernetes operation=watch resource=configmap namespace=tenant-4
[769/1000] action=create-clusterrole name=dev resources=pods verbs=get
[770/1000] action=delete-crb name=foo-global-binding
[771/1000] action=create-rb ns=tenant-8 name=tenant-binding group=tenant-8 role=view
[772/1000] action=cross-tenant-access context=tenant-8-user@kubernetes operation=list resource=configmap namespace=tenant-1
[773/1000] action=create-clusterrole name=dev resources=configmaps verbs=create,watch,delete,update,patch
[774/1000] action=create-rb ns=tenant-4 name=tenant-binding group=tenant-4 role=dev
[775/1000] action=delete-crb name=foo-global-binding
[776/1000] action=cross-tenant-access context=tenant-7-user@kubernetes operation=watch resource=configmap namespace=tenant-2
[777/1000] action=delete-crb name=foo-global-binding
[778/1000] action=cross-tenant-access context=tenant-4-user@kubernetes operation=list resource=configmap namespace=tenant-9
[779/1000] action=create-rb ns=tenant-10 name=tenant-binding group=tenant-10 role=edit
[780/1000] action=create-rb ns=tenant-6 name=tenant-binding group=tenant-6 role=edit
[781/1000] action=delete-clusterrole name=dev
[782/1000] action=cross-tenant-access context=tenant-9-user@kubernetes operation=get resource=configmap namespace=tenant-10
[783/1000] action=delete-rb ns=tenant-9 name=tenant-binding
[784/1000] action=cross-tenant-access context=tenant-1-user@kubernetes operation=list resource=configmap namespace=tenant-3
[785/1000] action=cross-tenant-access context=tenant-5-user@kubernetes operation=get resource=configmap namespace=tenant-7
[786/1000] action=cross-tenant-access context=tenant-4-user@kubernetes operation=list resource=configmap namespace=tenant-3
[787/1000] action=delete-rb ns=tenant-1 name=tenant-binding
[788/1000] action=cross-tenant-access context=tenant-6-user@kubernetes operation=get resource=configmap namespace=tenant-5
[789/1000] action=cross-tenant-access context=tenant-7-user@kubernetes operation=patch resource=configmap namespace=tenant-10
[790/1000] action=create-clusterrole name=dev resources=configmaps,services,pods verbs=update,patch,create,delete,deletecollection
[791/1000] action=cross-tenant-access context=tenant-5-user@kubernetes operation=list resource=configmap namespace=tenant-1
[792/1000] action=delete-rb ns=tenant-5 name=tenant-binding
[793/1000] action=cross-tenant-access context=tenant-5-user@kubernetes operation=patch resource=configmap namespace=tenant-7
[794/1000] action=create-rb ns=tenant-4 name=tenant-binding group=tenant-4 role=cluster-admin
[795/1000] action=cross-tenant-access context=tenant-2-user@kubernetes operation=patch resource=configmap namespace=tenant-3
[796/1000] action=cross-tenant-access context=tenant-5-user@kubernetes operation=patch resource=configmap namespace=tenant-10
[797/1000] action=delete-rb ns=tenant-4 name=tenant-binding
[798/1000] action=delete-crb name=foo-global-binding
[799/1000] action=cross-tenant-access context=tenant-8-user@kubernetes operation=delete resource=configmap namespace=tenant-1
[800/1000] action=create-rb ns=tenant-10 name=tenant-binding group=tenant-10 role=cluster-admin
[801/1000] action=cross-tenant-access context=tenant-8-user@kubernetes operation=watch resource=configmap namespace=tenant-9
[802/1000] action=delete-clusterrole name=dev
[803/1000] action=cross-tenant-access context=tenant-5-user@kubernetes operation=patch resource=configmap namespace=tenant-8
[804/1000] action=cross-tenant-access context=tenant-3-user@kubernetes operation=delete resource=configmap namespace=tenant-5
[805/1000] action=delete-rb ns=tenant-10 name=tenant-binding
[806/1000] action=cross-tenant-access context=tenant-9-user@kubernetes operation=watch resource=configmap namespace=tenant-6
[807/1000] action=delete-crb name=foo-global-binding
[808/1000] action=cross-tenant-access context=tenant-7-user@kubernetes operation=delete resource=configmap namespace=tenant-3
[809/1000] action=cross-tenant-access context=tenant-4-user@kubernetes operation=list resource=configmap namespace=tenant-7
[810/1000] action=create-rb ns=tenant-8 name=tenant-binding group=tenant-8 role=dev
[811/1000] action=cross-tenant-access context=tenant-1-user@kubernetes operation=watch resource=configmap namespace=tenant-2
[812/1000] action=cross-tenant-access context=tenant-10-user@kubernetes operation=delete resource=configmap namespace=tenant-8
[813/1000] action=create-rb ns=tenant-5 name=tenant-binding group=tenant-5 role=view
[814/1000] action=create-rb ns=tenant-9 name=tenant-binding group=tenant-9 role=admin
[815/1000] action=create-rb ns=tenant-5 name=tenant-binding group=tenant-5 role=admin
[816/1000] action=cross-tenant-access context=tenant-5-user@kubernetes operation=watch resource=configmap namespace=tenant-3
[817/1000] action=cross-tenant-access context=tenant-10-user@kubernetes operation=get resource=configmap namespace=tenant-2
[818/1000] action=create-rb ns=tenant-5 name=tenant-binding group=tenant-5 role=dev
[819/1000] action=create-rb ns=tenant-7 name=tenant-binding group=tenant-7 role=admin
[820/1000] action=cross-tenant-access context=tenant-8-user@kubernetes operation=watch resource=configmap namespace=tenant-2
[821/1000] action=cross-tenant-access context=tenant-2-user@kubernetes operation=patch resource=configmap namespace=tenant-3
[822/1000] action=cross-tenant-access context=tenant-10-user@kubernetes operation=watch resource=configmap namespace=tenant-4
[823/1000] action=cross-tenant-access context=tenant-2-user@kubernetes operation=list resource=configmap namespace=tenant-9
[824/1000] action=create-rb ns=tenant-9 name=tenant-binding group=tenant-9 role=admin
[825/1000] action=create-clusterrole name=dev resources=services,configmaps verbs=watch,patch,update,delete
[826/1000] action=create-rb ns=tenant-2 name=tenant-binding group=tenant-2 role=cluster-admin
[827/1000] action=cross-tenant-access context=tenant-4-user@kubernetes operation=get resource=configmap namespace=tenant-7
[828/1000] action=cross-tenant-access context=tenant-6-user@kubernetes operation=list resource=configmap namespace=tenant-2
[829/1000] action=cross-tenant-access context=tenant-3-user@kubernetes operation=list resource=configmap namespace=tenant-7
[830/1000] action=create-crb name=foo-global-binding group=tenant-4 role=view
[831/1000] action=create-crb name=foo-global-binding group=tenant-6 role=edit
[832/1000] action=create-clusterrole name=dev resources=services verbs=list,watch,patch,update
[833/1000] action=delete-crb name=foo-global-binding
[834/1000] action=create-rb ns=tenant-6 name=tenant-binding group=tenant-6 role=edit
[835/1000] action=delete-crb name=foo-global-binding
[836/1000] action=create-clusterrole name=dev resources=secrets,services,configmaps verbs=watch,list,get,deletecollection
[837/1000] action=cross-tenant-access context=tenant-4-user@kubernetes operation=list resource=configmap namespace=tenant-8
[838/1000] action=delete-rb ns=tenant-4 name=tenant-binding
[839/1000] action=create-clusterrole name=dev resources=secrets,pods,services verbs=patch
[840/1000] action=delete-crb name=foo-global-binding
[841/1000] action=delete-clusterrole name=dev
[842/1000] action=cross-tenant-access context=tenant-5-user@kubernetes operation=patch resource=configmap namespace=tenant-7
[843/1000] action=delete-rb ns=tenant-5 name=tenant-binding
[844/1000] action=create-clusterrole name=dev resources=secrets verbs=create
[845/1000] action=cross-tenant-access context=tenant-9-user@kubernetes operation=get resource=configmap namespace=tenant-3
[846/1000] action=create-rb ns=tenant-8 name=tenant-binding group=tenant-8 role=edit
[847/1000] action=cross-tenant-access context=tenant-2-user@kubernetes operation=delete resource=configmap namespace=tenant-10
[848/1000] action=cross-tenant-access context=tenant-6-user@kubernetes operation=list resource=configmap namespace=tenant-3
[849/1000] action=create-rb ns=tenant-9 name=tenant-binding group=tenant-9 role=edit
[850/1000] action=create-rb ns=tenant-4 name=tenant-binding group=tenant-4 role=admin
[851/1000] action=create-rb ns=tenant-1 name=tenant-binding group=tenant-1 role=cluster-admin
[852/1000] action=cross-tenant-access context=tenant-6-user@kubernetes operation=patch resource=configmap namespace=tenant-1
[853/1000] action=delete-rb ns=tenant-7 name=tenant-binding
[854/1000] action=delete-rb ns=tenant-5 name=tenant-binding
[855/1000] action=cross-tenant-access context=tenant-2-user@kubernetes operation=patch resource=configmap namespace=tenant-8
[856/1000] action=create-crb name=foo-global-binding group=tenant-4 role=view
[857/1000] action=cross-tenant-access context=tenant-9-user@kubernetes operation=delete resource=configmap namespace=tenant-8
[858/1000] action=cross-tenant-access context=tenant-4-user@kubernetes operation=patch resource=configmap namespace=tenant-8
[859/1000] action=create-crb name=foo-global-binding group=tenant-4 role=cluster-admin
[860/1000] action=cross-tenant-access context=tenant-8-user@kubernetes operation=delete resource=configmap namespace=tenant-4
[861/1000] action=create-crb name=foo-global-binding group=tenant-2 role=edit
[862/1000] action=delete-crb name=foo-global-binding
[863/1000] action=delete-rb ns=tenant-9 name=tenant-binding
[864/1000] action=delete-clusterrole name=dev
[865/1000] action=delete-crb name=foo-global-binding
[866/1000] action=create-rb ns=tenant-5 name=tenant-binding group=tenant-5 role=view
[867/1000] action=cross-tenant-access context=tenant-5-user@kubernetes operation=list resource=configmap namespace=tenant-9
[868/1000] action=cross-tenant-access context=tenant-5-user@kubernetes operation=list resource=configmap namespace=tenant-10
[869/1000] action=delete-crb name=foo-global-binding
[870/1000] action=cross-tenant-access context=tenant-7-user@kubernetes operation=delete resource=configmap namespace=tenant-8
[871/1000] action=create-rb ns=tenant-4 name=tenant-binding group=tenant-4 role=admin
[872/1000] action=cross-tenant-access context=tenant-8-user@kubernetes operation=watch resource=configmap namespace=tenant-7
[873/1000] action=cross-tenant-access context=tenant-4-user@kubernetes operation=get resource=configmap namespace=tenant-6
[874/1000] action=cross-tenant-access context=tenant-1-user@kubernetes operation=list resource=configmap namespace=tenant-5
[875/1000] action=cross-tenant-access context=tenant-6-user@kubernetes operation=list resource=configmap namespace=tenant-2
[876/1000] action=cross-tenant-access context=tenant-3-user@kubernetes operation=patch resource=configmap namespace=tenant-10
[877/1000] action=delete-rb ns=tenant-8 name=tenant-binding
[878/1000] action=create-rb ns=tenant-6 name=tenant-binding group=tenant-6 role=cluster-admin
[879/1000] action=create-rb ns=tenant-2 name=tenant-binding group=tenant-2 role=edit
[880/1000] action=cross-tenant-access context=tenant-4-user@kubernetes operation=get resource=configmap namespace=tenant-9
[881/1000] action=delete-crb name=foo-global-binding
[882/1000] action=delete-clusterrole name=dev
[883/1000] action=delete-clusterrole name=dev
[884/1000] action=create-rb ns=tenant-1 name=tenant-binding group=tenant-1 role=dev
[885/1000] action=delete-clusterrole name=dev
[886/1000] action=create-rb ns=tenant-9 name=tenant-binding group=tenant-9 role=cluster-admin
[887/1000] action=cross-tenant-access context=tenant-5-user@kubernetes operation=list resource=configmap namespace=tenant-1
[888/1000] action=create-crb name=foo-global-binding group=tenant-7 role=dev
[889/1000] action=cross-tenant-access context=tenant-6-user@kubernetes operation=list resource=configmap namespace=tenant-2
[890/1000] action=cross-tenant-access context=tenant-5-user@kubernetes operation=patch resource=configmap namespace=tenant-8
[891/1000] action=delete-rb ns=tenant-8 name=tenant-binding
[892/1000] action=cross-tenant-access context=tenant-8-user@kubernetes operation=delete resource=configmap namespace=tenant-5
[893/1000] action=delete-rb ns=tenant-5 name=tenant-binding
[894/1000] action=create-rb ns=tenant-9 name=tenant-binding group=tenant-9 role=edit
[895/1000] action=cross-tenant-access context=tenant-3-user@kubernetes operation=patch resource=configmap namespace=tenant-7
[896/1000] action=cross-tenant-access context=tenant-2-user@kubernetes operation=patch resource=configmap namespace=tenant-9
[897/1000] action=create-rb ns=tenant-4 name=tenant-binding group=tenant-4 role=cluster-admin
[898/1000] action=cross-tenant-access context=tenant-9-user@kubernetes operation=delete resource=configmap namespace=tenant-2
[899/1000] action=cross-tenant-access context=tenant-6-user@kubernetes operation=list resource=configmap namespace=tenant-2
[900/1000] action=delete-rb ns=tenant-9 name=tenant-binding
[901/1000] action=cross-tenant-access context=tenant-7-user@kubernetes operation=delete resource=configmap namespace=tenant-2
[902/1000] action=create-crb name=foo-global-binding group=tenant-9 role=cluster-admin
[903/1000] action=cross-tenant-access context=tenant-9-user@kubernetes operation=delete resource=configmap namespace=tenant-3
[904/1000] action=cross-tenant-access context=tenant-1-user@kubernetes operation=delete resource=configmap namespace=tenant-5
[905/1000] action=create-crb name=foo-global-binding group=tenant-5 role=cluster-admin
[906/1000] action=delete-rb ns=tenant-5 name=tenant-binding
[907/1000] action=delete-rb ns=tenant-8 name=tenant-binding
[908/1000] action=delete-crb name=foo-global-binding
[909/1000] action=create-crb name=foo-global-binding group=tenant-4 role=admin
[910/1000] action=cross-tenant-access context=tenant-2-user@kubernetes operation=patch resource=configmap namespace=tenant-8
[911/1000] action=delete-rb ns=tenant-2 name=tenant-binding
[912/1000] action=create-clusterrole name=dev resources=pods,secrets verbs=deletecollection
[913/1000] action=create-rb ns=tenant-5 name=tenant-binding group=tenant-5 role=dev
[914/1000] action=cross-tenant-access context=tenant-2-user@kubernetes operation=delete resource=configmap namespace=tenant-5
[915/1000] action=delete-clusterrole name=dev
[916/1000] action=cross-tenant-access context=tenant-6-user@kubernetes operation=watch resource=configmap namespace=tenant-8
[917/1000] action=create-clusterrole name=dev resources=services,configmaps,secrets verbs=deletecollection,delete
[918/1000] action=cross-tenant-access context=tenant-5-user@kubernetes operation=get resource=configmap namespace=tenant-6
[919/1000] action=cross-tenant-access context=tenant-5-user@kubernetes operation=patch resource=configmap namespace=tenant-4
[920/1000] action=cross-tenant-access context=tenant-9-user@kubernetes operation=list resource=configmap namespace=tenant-5
[921/1000] action=cross-tenant-access context=tenant-6-user@kubernetes operation=watch resource=configmap namespace=tenant-8
[922/1000] action=delete-rb ns=tenant-2 name=tenant-binding
[923/1000] action=create-crb name=foo-global-binding group=tenant-5 role=dev
[924/1000] action=delete-rb ns=tenant-5 name=tenant-binding
[925/1000] action=create-clusterrole name=dev resources=secrets verbs=update,watch,create,delete
[926/1000] action=cross-tenant-access context=tenant-1-user@kubernetes operation=patch resource=configmap namespace=tenant-9
[927/1000] action=delete-crb name=foo-global-binding
[928/1000] action=cross-tenant-access context=tenant-3-user@kubernetes operation=delete resource=configmap namespace=tenant-8
[929/1000] action=create-crb name=foo-global-binding group=tenant-10 role=dev
[930/1000] action=create-clusterrole name=dev resources=pods verbs=patch,delete,watch,deletecollection
[931/1000] action=delete-crb name=foo-global-binding
[932/1000] action=delete-clusterrole name=dev
[933/1000] action=delete-rb ns=tenant-7 name=tenant-binding
[934/1000] action=delete-rb ns=tenant-8 name=tenant-binding
[935/1000] action=delete-crb name=foo-global-binding
[936/1000] action=cross-tenant-access context=tenant-1-user@kubernetes operation=delete resource=configmap namespace=tenant-8
[937/1000] action=cross-tenant-access context=tenant-7-user@kubernetes operation=watch resource=configmap namespace=tenant-6
[938/1000] action=cross-tenant-access context=tenant-8-user@kubernetes operation=list resource=configmap namespace=tenant-2
[939/1000] action=delete-clusterrole name=dev
[940/1000] action=cross-tenant-access context=tenant-2-user@kubernetes operation=get resource=configmap namespace=tenant-9
[941/1000] action=create-crb name=foo-global-binding group=tenant-2 role=view
[942/1000] action=cross-tenant-access context=tenant-5-user@kubernetes operation=get resource=configmap namespace=tenant-3
[943/1000] action=create-crb name=foo-global-binding group=tenant-1 role=view
[944/1000] action=delete-rb ns=tenant-6 name=tenant-binding
[945/1000] action=cross-tenant-access context=tenant-10-user@kubernetes operation=get resource=configmap namespace=tenant-9
[946/1000] action=cross-tenant-access context=tenant-6-user@kubernetes operation=delete resource=configmap namespace=tenant-2
[947/1000] action=create-rb ns=tenant-6 name=tenant-binding group=tenant-6 role=view
[948/1000] action=delete-clusterrole name=dev
[949/1000] action=cross-tenant-access context=tenant-9-user@kubernetes operation=watch resource=configmap namespace=tenant-6
[950/1000] action=delete-crb name=foo-global-binding
[951/1000] action=delete-rb ns=tenant-6 name=tenant-binding
[952/1000] action=delete-rb ns=tenant-10 name=tenant-binding
[953/1000] action=create-rb ns=tenant-5 name=tenant-binding group=tenant-5 role=edit
[954/1000] action=create-clusterrole name=dev resources=configmaps,secrets verbs=get,deletecollection,delete,list,watch
[955/1000] action=create-rb ns=tenant-3 name=tenant-binding group=tenant-3 role=dev
[956/1000] action=delete-rb ns=tenant-8 name=tenant-binding
[957/1000] action=delete-rb ns=tenant-3 name=tenant-binding
[958/1000] action=cross-tenant-access context=tenant-4-user@kubernetes operation=patch resource=configmap namespace=tenant-1
[959/1000] action=cross-tenant-access context=tenant-8-user@kubernetes operation=list resource=configmap namespace=tenant-9
[960/1000] action=create-rb ns=tenant-4 name=tenant-binding group=tenant-4 role=dev
[961/1000] action=cross-tenant-access context=tenant-1-user@kubernetes operation=get resource=configmap namespace=tenant-9
[962/1000] action=delete-rb ns=tenant-2 name=tenant-binding
[963/1000] action=create-rb ns=tenant-4 name=tenant-binding group=tenant-4 role=edit
[964/1000] action=cross-tenant-access context=tenant-9-user@kubernetes operation=watch resource=configmap namespace=tenant-5
[965/1000] action=create-rb ns=tenant-2 name=tenant-binding group=tenant-2 role=edit
[966/1000] action=delete-clusterrole name=dev
[967/1000] action=delete-crb name=foo-global-binding
[968/1000] action=cross-tenant-access context=tenant-1-user@kubernetes operation=list resource=configmap namespace=tenant-4
[969/1000] action=cross-tenant-access context=tenant-7-user@kubernetes operation=list resource=configmap namespace=tenant-8
[970/1000] action=delete-rb ns=tenant-6 name=tenant-binding
[971/1000] action=delete-rb ns=tenant-5 name=tenant-binding
[972/1000] action=cross-tenant-access context=tenant-5-user@kubernetes operation=list resource=configmap namespace=tenant-3
[973/1000] action=delete-rb ns=tenant-3 name=tenant-binding
[974/1000] action=delete-crb name=foo-global-binding
[975/1000] action=create-crb name=foo-global-binding group=tenant-7 role=view
[976/1000] action=cross-tenant-access context=tenant-9-user@kubernetes operation=delete resource=configmap namespace=tenant-3
[977/1000] action=delete-clusterrole name=dev
[978/1000] action=cross-tenant-access context=tenant-3-user@kubernetes operation=delete resource=configmap namespace=tenant-7
[979/1000] action=delete-clusterrole name=dev
[980/1000] action=delete-rb ns=tenant-3 name=tenant-binding
[981/1000] action=create-clusterrole name=dev resources=secrets,services,configmaps verbs=watch,get
[982/1000] action=create-rb ns=tenant-7 name=tenant-binding group=tenant-7 role=edit
[983/1000] action=delete-rb ns=tenant-9 name=tenant-binding
[984/1000] action=cross-tenant-access context=tenant-8-user@kubernetes operation=list resource=configmap namespace=tenant-3
[985/1000] action=cross-tenant-access context=tenant-7-user@kubernetes operation=list resource=configmap namespace=tenant-2
[986/1000] action=delete-rb ns=tenant-7 name=tenant-binding
[987/1000] action=delete-rb ns=tenant-3 name=tenant-binding
[988/1000] action=delete-rb ns=tenant-1 name=tenant-binding
[989/1000] action=create-rb ns=tenant-8 name=tenant-binding group=tenant-8 role=view
[990/1000] action=delete-crb name=foo-global-binding
[991/1000] action=cross-tenant-access context=tenant-8-user@kubernetes operation=get resource=configmap namespace=tenant-6
[992/1000] action=cross-tenant-access context=tenant-10-user@kubernetes operation=patch resource=configmap namespace=tenant-9
[993/1000] action=delete-rb ns=tenant-9 name=tenant-binding
[994/1000] action=delete-rb ns=tenant-7 name=tenant-binding
[995/1000] action=cross-tenant-access context=tenant-2-user@kubernetes operation=list resource=configmap namespace=tenant-1
[996/1000] action=create-rb ns=tenant-7 name=tenant-binding group=tenant-7 role=dev
[997/1000] action=delete-rb ns=tenant-9 name=tenant-binding
[998/1000] action=cross-tenant-access context=tenant-5-user@kubernetes operation=watch resource=configmap namespace=tenant-3
[999/1000] action=create-rb ns=tenant-7 name=tenant-binding group=tenant-7 role=edit
[1000/1000] action=cross-tenant-access context=tenant-7-user@kubernetes operation=get resource=configmap namespace=tenant-6
