[1/50] action=cross-tenant-access context=tenant-1-user@kubernetes operation=list resource=configmap namespace=tenant-2
[2/50] action=create-rb ns=tenant-2 name=tenant-binding group=tenant-2 role=cluster-admin
[3/50] action=cross-tenant-access context=tenant-1-user@kubernetes operation=patch resource=configmap namespace=tenant-2
[4/50] action=delete-rb ns=tenant-2 name=tenant-binding
[5/50] action=delete-rb ns=tenant-1 name=tenant-binding
[6/50] action=cross-tenant-access context=tenant-1-user@kubernetes operation=watch resource=configmap namespace=tenant-2
[7/50] action=create-clusterrole name=dev resources=pods verbs=deletecollection
[8/50] action=cross-tenant-access context=tenant-2-user@kubernetes operation=delete resource=configmap namespace=tenant-1
[9/50] action=create-rb ns=tenant-2 name=tenant-binding group=tenant-2 role=dev
[10/50] action=cross-tenant-access context=tenant-1-user@kubernetes operation=patch resource=configmap namespace=tenant-2
[11/50] action=create-crb name=foo-global-binding group=tenant-1 role=dev
[12/50] action=create-rb ns=tenant-2 name=tenant-binding group=tenant-2 role=view
[13/50] action=cross-tenant-access context=tenant-1-user@kubernetes operation=watch resource=configmap namespace=tenant-2
[14/50] action=cross-tenant-access context=tenant-2-user@kubernetes operation=watch resource=configmap namespace=tenant-1
[15/50] action=delete-rb ns=tenant-2 name=tenant-binding
[16/50] action=create-rb ns=tenant-1 name=tenant-binding group=tenant-1 role=dev
[17/50] action=delete-rb ns=tenant-2 name=tenant-binding
[18/50] action=delete-rb ns=tenant-2 name=tenant-binding
[19/50] action=create-rb ns=tenant-2 name=tenant-binding group=tenant-2 role=edit
[20/50] action=create-crb name=foo-global-binding group=tenant-1 role=cluster-admin
[21/50] action=create-clusterrole name=dev resources=configmaps,services verbs=delete,watch,patch,update,get
[22/50] action=delete-clusterrole name=dev
[23/50] action=cross-tenant-access context=tenant-2-user@kubernetes operation=patch resource=configmap namespace=tenant-1
[24/50] action=delete-clusterrole name=dev
[25/50] action=delete-clusterrole name=dev
[26/50] action=create-crb name=foo-global-binding group=tenant-1 role=edit
[27/50] action=delete-crb name=foo-global-binding
[28/50] action=cross-tenant-access context=tenant-1-user@kubernetes operation=list resource=configmap namespace=tenant-2
[29/50] action=create-clusterrole name=dev resources=pods,secrets verbs=watch,create
[30/50] action=cross-tenant-access context=tenant-2-user@kubernetes operation=get resource=configmap namespace=tenant-1
[31/50] action=create-rb ns=tenant-2 name=tenant-binding group=tenant-2 role=view
[32/50] action=delete-clusterrole name=dev
[33/50] action=cross-tenant-access context=tenant-2-user@kubernetes operation=delete resource=configmap namespace=tenant-1
[34/50] action=create-crb name=foo-global-binding group=tenant-2 role=view
[35/50] action=create-rb ns=tenant-2 name=tenant-binding group=tenant-2 role=admin
[36/50] action=cross-tenant-access context=tenant-1-user@kubernetes operation=delete resource=configmap namespace=tenant-2
[37/50] action=cross-tenant-access context=tenant-2-user@kubernetes operation=delete resource=configmap namespace=tenant-1
[38/50] action=cross-tenant-access context=tenant-2-user@kubernetes operation=list resource=configmap namespace=tenant-1
[39/50] action=create-clusterrole name=dev resources=configmaps,pods verbs=update
[40/50] action=create-clusterrole name=dev resources=pods,configmaps,secrets verbs=create
[41/50] action=cross-tenant-access context=tenant-2-user@kubernetes operation=delete resource=configmap namespace=tenant-1
[42/50] action=cross-tenant-access context=tenant-1-user@kubernetes operation=patch resource=configmap namespace=tenant-2
[43/50] action=delete-rb ns=tenant-2 name=tenant-binding
[44/50] action=delete-clusterrole name=dev
[45/50] action=delete-rb ns=tenant-1 name=tenant-binding
[46/50] action=delete-rb ns=tenant-2 name=tenant-binding
[47/50] action=cross-tenant-access context=tenant-2-user@kubernetes operation=watch resource=configmap namespace=tenant-1
[48/50] action=create-rb ns=tenant-2 name=tenant-binding group=tenant-2 role=dev
[49/50] action=create-clusterrole name=dev resources=services,configmaps,secrets verbs=update,get,list,deletecollection,patch
[50/50] action=cross-tenant-access context=tenant-2-user@kubernetes operation=watch resource=configmap namespace=tenant-1
