[1/50] action=cross-tenant-access context=tenant-4-user@kubernetes operation=patch resource=configmap namespace=tenant-10
[2/50] action=create-rb ns=tenant-8 name=tenant-binding group=tenant-8 role=admin
[3/50] action=cross-tenant-access context=tenant-6-user@kubernetes operation=get resource=configmap namespace=tenant-10
[4/50] action=delete-crb name=foo-global-binding
[5/50] action=delete-rb ns=tenant-5 name=tenant-binding
[6/50] action=cross-tenant-access context=tenant-6-user@kubernetes operation=list resource=configmap namespace=tenant-4
[7/50] action=cross-tenant-access context=tenant-1-user@kubernetes operation=delete resource=configmap namespace=tenant-3
[8/50] action=create-clusterrole name=dev resources=secrets,services verbs=list
[9/50] action=cross-tenant-access context=tenant-1-user@kubernetes operation=patch resource=configmap namespace=tenant-5
[10/50] action=create-crb name=foo-global-binding group=tenant-2 role=dev
[11/50] action=cross-tenant-access context=tenant-4-user@kubernetes operation=delete resource=configmap namespace=tenant-7
[12/50] action=cross-tenant-access context=tenant-1-user@kubernetes operation=get resource=configmap namespace=tenant-7
[13/50] action=create-clusterrole name=dev resources=secrets,configmaps,services verbs=deletecollection,patch,get
[14/50] action=cross-tenant-access context=tenant-6-user@kubernetes operation=get resource=configmap namespace=tenant-2
[15/50] action=create-rb ns=tenant-5 name=tenant-binding group=tenant-5 role=view
[16/50] action=cross-tenant-access context=tenant-8-user@kubernetes operation=patch resource=configmap namespace=tenant-3
[17/50] action=delete-rb ns=tenant-10 name=tenant-binding
[18/50] action=cross-tenant-access context=tenant-10-user@kubernetes operation=patch resource=configmap namespace=tenant-4
[19/50] action=delete-clusterrole name=dev
[20/50] action=delete-clusterrole name=dev
[21/50] action=delete-crb name=foo-global-binding
[22/50] action=cross-tenant-access context=tenant-9-user@kubernetes operation=watch resource=configmap namespace=tenant-10
[23/50] action=cross-tenant-access context=tenant-10-user@kubernetes operation=watch resource=configmap namespace=tenant-1
[24/50] action=delete-crb name=foo-global-binding
[25/50] action=create-clusterrole name=dev resources=services,secrets,pods verbs=deletecollection,patch,update,create
[26/50] action=create-clusterrole name=dev resources=services,pods,secrets verbs=deletecollection,get,delete
[27/50] action=cross-tenant-access context=tenant-8-user@kubernetes operation=get resource=configmap namespace=tenant-5
[28/50] action=cross-tenant-access context=tenant-5-user@kubernetes operation=list resource=configmap namespace=tenant-7
[29/50] action=delete-clusterrole name=dev
[30/50] action=cross-tenant-access context=tenant-6-user@kubernetes operation=patch resource=configmap namespace=tenant-3
[31/50] action=create-crb name=foo-global-binding group=tenant-10 role=cluster-admin
[32/50] action=create-rb ns=tenant-9 name=tenant-binding group=tenant-9 role=edit
[33/50] action=cross-tenant-access context=tenant-7-user@kubernetes operation=list resource=configmap namespace=tenant-8
[34/50] action=create-clusterrole name=dev resources=pods verbs=list,patch,watch
[35/50] action=create-rb ns=tenant-5 name=tenant-binding group=tenant-5 role=view
[36/50] action=create-rb ns=tenant-6 name=tenant-binding group=tenant-6 role=view
[37/50] action=cross-tenant-access context=tenant-9-user@kubernetes operation=list resource=configmap namespace=tenant-1
[38/50] action=delete-rb ns=tenant-10 name=tenant-binding
[39/50] action=delete-rb ns=tenant-2 name=tenant-binding
[40/50] action=cross-tenant-access context=tenant-4-user@kubernetes operation=get resource=configmap namespace=tenant-7
[41/50] action=cross-tenant-access context=tenant-4-user@kubernetes operation=patch resource=configmap namespace=tenant-3
[42/50] action=create-clusterrole name=dev resources=configmaps,services verbs=delete
[43/50] action=create-rb ns=tenant-8 name=tenant-binding group=tenant-8 role=cluster-admin
[44/50] action=cross-tenant-access context=tenant-10-user@kubernetes operation=patch resource=configmap namespace=tenant-6
[45/50] action=delete-clusterrole name=dev
[46/50] action=cross-tenant-access context=tenant-5-user@kubernetes operation=watch resource=configmap namespace=tenant-4
[47/50] action=cross-tenant-access context=tenant-2-user@kubernetes operation=list resource=configmap namespace=tenant-5
[48/50] action=create-rb ns=tenant-8 name=tenant-binding group=tenant-8 role=dev
[49/50] action=delete-rb ns=tenant-1 name=tenant-binding
[50/50] action=create-rb ns=tenant-2 name=tenant-binding group=tenant-2 role=view
