[1/50] action=cross-tenant-access context=tenant-2-user@kubernetes operation=patch resource=configmap namespace=tenant-4
[2/50] action=delete-rb ns=tenant-1 name=tenant-binding
[3/50] action=create-crb name=foo-global-binding group=tenant-2 role=admin
[4/50] action=create-rb ns=tenant-3 name=tenant-binding group=tenant-3 role=edit
[5/50] action=create-clusterrole name=dev resources=services verbs=patch,watch,create,list
[6/50] action=delete-rb ns=tenant-2 name=tenant-binding
[7/50] action=delete-crb name=foo-global-binding
[8/50] action=create-crb name=foo-global-binding group=tenant-3 role=cluster-admin
[9/50] action=cross-tenant-access context=tenant-4-user@kubernetes operation=watch resource=configmap namespace=tenant-2
[10/50] action=cross-tenant-access context=tenant-3-user@kubernetes operation=list resource=configmap namespace=tenant-5
[11/50] action=cross-tenant-access context=tenant-2-user@kubernetes operation=patch resource=configmap namespace=tenant-5
[12/50] action=delete-crb name=foo-global-binding
[13/50] action=cross-tenant-access context=tenant-3-user@kubernetes operation=delete resource=configmap namespace=tenant-1
[14/50] action=cross-tenant-access context=tenant-3-user@kubernetes operation=patch resource=configmap namespace=tenant-1
[15/50] action=cross-tenant-access context=tenant-4-user@kubernetes operation=delete resource=configmap namespace=tenant-3
[16/50] action=create-rb ns=tenant-2 name=tenant-binding group=tenant-2 role=cluster-admin
[17/50] action=cross-tenant-access context=tenant-2-user@kubernetes operation=get resource=configmap namespace=tenant-5
[18/50] action=delete-rb ns=tenant-5 name=tenant-binding
[19/50] action=cross-tenant-access context=tenant-1-user@kubernetes operation=get resource=configmap namespace=tenant-4
[20/50] action=delete-rb ns=tenant-3 name=tenant-binding
[21/50] action=cross-tenant-access context=tenant-4-user@kubernetes operation=list resource=configmap namespace=tenant-5
[22/50] action=cross-tenant-access context=tenant-2-user@kubernetes operation=delete resource=configmap namespace=tenant-4
[23/50] action=cross-tenant-access context=tenant-1-user@kubernetes operation=get resource=configmap namespace=tenant-3
[24/50] action=create-clusterrole name=dev resources=configmaps verbs=update
[25/50] action=delete-rb ns=tenant-3 name=tenant-binding
[26/50] action=cross-tenant-access context=tenant-1-user@kubernetes operation=get resource=configmap namespace=tenant-3
[27/50] action=cross-tenant-access context=tenant-3-user@kubernetes operation=patch resource=configmap namespace=tenant-4
[28/50] action=delete-rb ns=tenant-5 name=tenant-binding
[29/50] action=delete-clusterrole name=dev
[30/50] action=cross-tenant-access context=tenant-5-user@kubernetes operation=delete resource=configmap namespace=tenant-3
[31/50] action=delete-rb ns=tenant-1 name=tenant-binding
[32/50] action=cross-tenant-access context=tenant-1-user@kubernetes operation=delete resource=configmap namespace=tenant-5
[33/50] action=create-clusterrole name=dev resources=configmaps,secrets verbs=watch,update,delete,patch,create
[34/50] action=create-clusterrole name=dev resources=services,secrets,pods verbs=update
[35/50] action=cross-tenant-access context=tenant-2-user@kubernetes operation=watch resource=configmap namespace=tenant-5
[36/50] action=create-crb name=foo-global-binding group=tenant-1 role=view
[37/50] action=delete-rb ns=tenant-3 name=tenant-binding
[38/50] action=delete-clusterrole name=dev
[39/50] action=delete-clusterrole name=dev
[40/50] action=delete-crb name=foo-global-binding
[41/50] action=create-rb ns=tenant-4 name=tenant-binding group=tenant-4 role=cluster-admin
[42/50] action=cross-tenant-access context=tenant-4-user@kubernetes operation=get resource=configmap namespace=tenant-3
[43/50] action=delete-rb ns=tenant-5 name=tenant-binding
[44/50] action=create-rb ns=tenant-3 name=tenant-binding group=tenant-3 role=dev
[45/50] action=create-rb ns=tenant-1 name=tenant-binding group=tenant-1 role=edit
[46/50] action=cross-tenant-access context=tenant-1-user@kubernetes operation=delete resource=configmap namespace=tenant-2
[47/50] action=delete-crb name=foo-global-binding
[48/50] action=delete-crb name=foo-global-binding
[49/50] action=delete-crb name=foo-global-binding
[50/50] action=delete-crb name=foo-global-binding
