[1/50] action=cross-tenant-access context=tenant-2-user@kubernetes operation=delete resource=configmap namespace=tenant-1
[2/50] action=delete-clusterrole name=dev
[3/50] action=delete-rb ns=tenant-1 name=tenant-binding
[4/50] action=cross-tenant-access context=tenant-1-user@kubernetes operation=get resource=configmap namespace=tenant-2
[5/50] action=cross-tenant-access context=tenant-2-user@kubernetes operation=delete resource=configmap namespace=tenant-1
[6/50] action=create-crb name=foo-global-binding group=tenant-1 role=edit
[7/50] action=create-clusterrole name=dev resources=services,pods,configmaps verbs=get,create,patch,list,update
[8/50] action=cross-tenant-access context=tenant-2-user@kubernetes operation=patch resource=configmap namespace=tenant-1
[9/50] action=create-rb ns=tenant-1 name=tenant-binding group=tenant-1 role=view
[10/50] action=delete-crb name=foo-global-binding
[11/50] action=create-rb ns=tenant-2 name=tenant-binding group=tenant-2 role=dev
[12/50] action=delete-rb ns=tenant-2 name=tenant-binding
[13/50] action=create-crb name=foo-global-binding group=tenant-2 role=edit
[14/50] action=create-rb ns=tenant-2 name=tenant-binding group=tenant-2 role=admin
[15/50] action=delete-clusterrole name=dev
[16/50] action=cross-tenant-access context=tenant-2-user@kubernetes operation=get resource=configmap namespace=tenant-1
[17/50] action=cross-tenant-access context=tenant-2-user@kubernetes operation=watch resource=configmap namespace=tenant-1
[18/50] action=create-clusterrole name=dev resources=services verbs=create
[19/50] action=cross-tenant-access context=tenant-1-user@kubernetes operation=watch resource=configmap namespace=tenant-2
[20/50] action=create-crb name=foo-global-binding group=tenant-2 role=cluster-admin
[21/50] action=create-crb name=foo-global-binding group=tenant-1 role=admin
[22/50] action=create-clusterrole name=dev resources=pods verbs=list,delete,get,deletecollection
[23/50] action=delete-clusterrole name=dev
[24/50] action=delete-crb name=foo-global-binding
[25/50] action=cross-tenant-access context=tenant-2-user@kubernetes operation=patch resource=configmap namespace=tenant-1
[26/50] action=cross-tenant-access context=tenant-1-user@kubernetes operation=watch resource=configmap namespace=tenant-2
[27/50] action=cross-tenant-access context=tenant-2-user@kubernetes operation=list resource=configmap namespace=tenant-1
[28/50] action=delete-crb name=foo-global-binding
[29/50] action=delete-clusterrole name=dev
[30/50] action=delete-rb ns=tenant-1 name=tenant-binding
[31/50] action=cross-tenant-access context=tenant-1-user@kubernetes operation=get resource=configmap namespace=tenant-2
[32/50] action=cross-tenant-access context=tenant-2-user@kubernetes operation=get resource=configmap namespace=tenant-1
[33/50] action=cross-tenant-access context=tenant-1-user@kubernetes operation=delete resource=configmap namespace=tenant-2
[34/50] action=create-crb name=foo-global-binding group=tenant-2 role=edit
[35/50] action=delete-clusterrole name=dev
[36/50] action=delete-crb name=foo-global-binding
[37/50] action=cross-tenant-access context=tenant-2-user@kubernetes operation=watch resource=configmap namespace=tenant-1
[38/50] action=create-rb ns=tenant-1 name=tenant-binding group=tenant-1 role=edit
[39/50] action=delete-rb ns=tenant-1 name=tenant-binding
[40/50] action=cross-tenant-access context=tenant-2-user@kubernetes operation=delete resource=configmap namespace=tenant-1
[41/50] action=create-clusterrole name=dev resources=configmaps,pods,secrets verbs=deletecollection
[42/50] action=create-clusterrole name=dev resources=configmaps,secrets,pods verbs=get,deletecollection
[43/50] action=create-clusterrole name=dev resources=secrets,services verbs=create,delete,get,list
[44/50] action=cross-tenant-access context=tenant-1-user@kubernetes operation=get resource=configmap namespace=tenant-2
[45/50] action=delete-rb ns=tenant-2 name=tenant-binding
[46/50] action=cross-tenant-access context=tenant-2-user@kubernetes operation=patch resource=configmap namespace=tenant-1
[47/50] action=cross-tenant-access context=tenant-2-user@kubernetes operation=delete resource=configmap namespace=tenant-1
[48/50] action=create-rb ns=tenant-1 name=tenant-binding group=tenant-1 role=view
[49/50] action=delete-rb ns=tenant-2 name=tenant-binding
[50/50] action=cross-tenant-access context=tenant-2-user@kubernetes operation=watch resource=configmap namespace=tenant-1
