[1/100] action=cross-tenant-access context=tenant-4-user@kubernetes operation=patch resource=configmap namespace=tenant-8
[2/100] action=delete-rb ns=tenant-7 name=tenant-binding
[3/100] action=create-clusterrole name=dev resources=configmaps,pods,secrets verbs=deletecollection,create
[4/100] action=create-rb ns=tenant-5 name=tenant-binding group=tenant-5 role=edit
[5/100] action=cross-tenant-access context=tenant-9-user@kubernetes operation=patch resource=configmap namespace=tenant-6
[6/100] action=create-rb ns=tenant-2 name=tenant-binding group=tenant-2 role=cluster-admin
[7/100] action=delete-rb ns=tenant-6 name=tenant-binding
[8/100] action=delete-rb ns=tenant-10 name=tenant-binding
[9/100] action=cross-tenant-access context=tenant-10-user@kubernetes operation=delete resource=configmap namespace=tenant-2
[10/100] action=delete-clusterrole name=dev
[11/100] action=cross-tenant-access context=tenant-9-user@kubernetes operation=patch resource=configmap namespace=tenant-2
[12/100] action=create-crb name=foo-global-binding group=tenant-7 role=cluster-admin
[13/100] action=cross-tenant-access context=tenant-10-user@kubernetes operation=list resource=configmap namespace=tenant-5
[14/100] action=delete-clusterrole name=dev
[15/100] action=cross-tenant-access context=tenant-7-user@kubernetes operation=delete resource=configmap namespace=tenant-1
[16/100] action=delete-crb name=foo-global-binding
[17/100] action=cross-tenant-access context=tenant-4-user@kubernetes operation=watch resource=configmap namespace=tenant-7
[18/100] action=create-clusterrole name=dev resources=pods,services,configmaps verbs=create,update
[19/100] action=cross-tenant-access context=tenant-4-user@kubernetes operation=patch resource=configmap namespace=tenant-3
[20/100] action=cross-tenant-access context=tenant-9-user@kubernetes operation=watch resource=configmap namespace=tenant-5
[21/100] action=delete-rb ns=tenant-1 name=tenant-binding
[22/100] action=cross-tenant-access context=tenant-3-user@kubernetes operation=patch resource=configmap namespace=tenant-5
[23/100] action=cross-tenant-access context=tenant-10-user@kubernetes operation=delete resource=configmap namespace=tenant-7
[24/100] action=create-clusterrole name=dev resources=services,configmaps verbs=watch,update,delete,get,patch
[25/100] action=create-rb ns=tenant-2 name=tenant-binding group=tenant-2 role=dev
[26/100] action=cross-tenant-access context=tenant-6-user@kubernetes operation=list resource=configmap namespace=tenant-5
[27/100] action=cross-tenant-access context=tenant-9-user@kubernetes operation=watch resource=configmap namespace=tenant-5
[28/100] action=create-rb ns=tenant-1 name=tenant-binding group=tenant-1 role=edit
[29/100] action=cross-tenant-access context=tenant-7-user@kubernetes operation=watch resource=configmap namespace=tenant-2
[30/100] action=delete-rb ns=tenant-10 name=tenant-binding
[31/100] action=cross-tenant-access context=tenant-10-user@kubernetes operation=get resource=configmap namespace=tenant-5
[32/100] action=delete-rb ns=tenant-9 name=tenant-binding
[33/100] action=cross-tenant-access context=tenant-1-user@kubernetes operation=delete resource=configmap namespace=tenant-7
[34/100] action=cross-tenant-access context=tenant-1-user@kubernetes operation=list resource=configmap namespace=tenant-4
[35/100] action=cross-tenant-access context=tenant-4-user@kubernetes operation=delete resource=configmap namespace=tenant-7
[36/100] action=cross-tenant-access context=tenant-9-user@kubernetes operation=watch resource=configmap namespace=tenant-1
[37/100] action=create-crb name=foo-global-binding group=tenant-3 role=admin
[38/100] action=create-rb ns=tenant-10 name=tenant-binding group=tenant-10 role=view
[39/100] action=create-crb name=foo-global-binding group=tenant-1 role=dev
[40/100] action=cross-tenant-access context=tenant-7-user@kubernetes operation=watch resource=configmap namespace=tenant-3
[41/100] action=delete-crb name=foo-global-binding
[42/100] action=create-rb ns=tenant-6 name=tenant-binding group=tenant-6 role=cluster-admin
[43/100] action=delete-crb name=foo-global-binding
[44/100] action=cross-tenant-access context=tenant-6-user@kubernetes operation=watch resource=configmap namespace=tenant-3
[45/100] action=delete-rb ns=tenant-6 name=tenant-binding
[46/100] action=create-rb ns=tenant-5 name=tenant-binding group=tenant-5 role=view
[47/100] action=cross-tenant-access context=tenant-10-user@kubernetes operation=delete resource=configmap namespace=tenant-4
[48/100] action=delete-rb ns=tenant-4 name=tenant-binding
[49/100] action=delete-crb name=foo-global-binding
[50/100] action=create-rb ns=tenant-7 name=tenant-binding group=tenant-7 role=dev
[51/100] action=create-clusterrole name=dev resources=secrets,pods verbs=deletecollection,patch
[52/100] action=cross-tenant-access context=tenant-8-user@kubernetes operation=get resource=configmap namespace=tenant-9
[53/100] action=create-clusterrole name=dev resources=services,pods,secrets verbs=create,get
[54/100] action=create-rb ns=tenant-10 name=tenant-binding group=tenant-10 role=dev
[55/100] action=delete-crb name=foo-global-binding
[56/100] action=cross-tenant-access context=tenant-2-user@kubernetes operation=list resource=configmap namespace=tenant-3
[57/100] action=create-rb ns=tenant-8 name=tenant-binding group=tenant-8 role=cluster-admin
[58/100] action=create-rb ns=tenant-1 name=tenant-binding group=tenant-1 role=edit
[59/100] action=create-rb ns=tenant-6 name=tenant-binding group=tenant-6 role=edit
[60/100] action=create-crb name=foo-global-binding group=tenant-4 role=admin
[61/100] action=create-crb name=foo-global-binding group=tenant-3 role=edit
[62/100] action=cross-tenant-access context=tenant-9-user@kubernetes operation=list resource=configmap namespace=tenant-3
[63/100] action=cross-tenant-access context=tenant-6-user@kubernetes operation=list resource=configmap namespace=tenant-4
[64/100] action=cross-tenant-access context=tenant-9-user@kubernetes operation=list resource=configmap namespace=tenant-5
[65/100] action=create-rb ns=tenant-9 name=tenant-binding group=tenant-9 role=dev
[66/100] action=cross-tenant-access context=tenant-1-user@kubernetes operation=watch resource=configmap namespace=tenant-3
[67/100] action=cross-tenant-access context=tenant-8-user@kubernetes operation=patch resource=configmap namespace=tenant-5
[68/100] action=create-crb name=foo-global-binding group=tenant-5 role=view
[69/100] action=create-rb ns=tenant-6 name=tenant-binding group=tenant-6 role=dev
[70/100] action=cross-tenant-access context=tenant-9-user@kubernetes operation=delete resource=configmap namespace=tenant-8
[71/100] action=create-rb ns=tenant-8 name=tenant-binding group=tenant-8 role=admin
[72/100] action=delete-rb ns=tenant-10 name=tenant-binding
[73/100] action=create-rb ns=tenant-7 name=tenant-binding group=tenant-7 role=admin
[74/100] action=cross-tenant-access context=tenant-5-user@kubernetes operation=delete resource=configmap namespace=tenant-1
[75/100] action=create-rb ns=tenant-10 name=tenant-binding group=tenant-10 role=admin
[76/100] action=cross-tenant-access context=tenant-8-user@kubernetes operation=delete resource=configmap namespace=tenant-5
[77/100] action=create-clusterrole name=dev resources=services,configmaps verbs=list,patch,create,watch,get
[78/100] action=delete-crb name=foo-global-binding
[79/100] action=cross-tenant-access context=tenant-1-user@kubernetes operation=delete resource=configmap namespace=tenant-8
[80/100] action=cross-tenant-access context=tenant-7-user@kubernetes operation=watch resource=configmap namespace=tenant-3
[81/100] action=create-rb ns=tenant-9 name=tenant-binding group=tenant-9 role=admin
[82/100] action=create-rb ns=tenant-10 name=tenant-binding group=tenant-10 role=edit
[83/100] action=delete-clusterrole name=dev
[84/100] action=cross-tenant-access context=tenant-8-user@kubernetes operation=get resource=configmap namespace=tenant-6
[85/100] action=delete-crb name=foo-global-binding
[86/100] action=cross-tenant-access context=tenant-1-user@kubernetes operation=patch resource=configmap namespace=tenant-7
[87/100] action=delete-crb name=foo-global-binding
[88/100] action=create-rb ns=tenant-6 name=tenant-binding group=tenant-6 role=view
[89/100] action=delete-crb name=foo-global-binding
[90/100] action=cross-tenant-access context=tenant-6-user@kubernetes operation=get resource=configmap namespace=tenant-8
[91/100] action=cross-tenant-access context=tenant-8-user@kubernetes operation=get resource=configmap namespace=tenant-10
[92/100] action=cross-tenant-access context=tenant-1-user@kubernetes operation=watch resource=configmap namespace=tenant-7
[93/100] action=cross-tenant-access context=tenant-9-user@kubernetes operation=patch resource=configmap namespace=tenant-8
[94/100] action=cross-tenant-access context=tenant-2-user@kubernetes operation=list resource=configmap namespace=tenant-10
[95/100] action=cross-tenant-access context=tenant-7-user@kubernetes operation=list resource=configmap namespace=tenant-8
[96/100] action=create-rb ns=tenant-7 name=tenant-binding group=tenant-7 role=cluster-admin
[97/100] action=delete-crb name=foo-global-binding
[98/100] action=cross-tenant-access context=tenant-8-user@kubernetes operation=delete resource=configmap namespace=tenant-3
[99/100] action=create-crb name=foo-global-binding group=tenant-7 role=view
[100/100] action=cross-tenant-access context=tenant-4-user@kubernetes operation=delete resource=configmap namespace=tenant-9
