[1/50] action=delete-rb ns=tenant-2 name=tenant-binding
[2/50] action=delete-crb name=foo-global-binding
[3/50] action=delete-crb name=foo-global-binding
[4/50] action=delete-crb name=foo-global-binding
[5/50] action=create-rb ns=tenant-2 name=tenant-binding group=tenant-2 role=view
[6/50] action=delete-rb ns=tenant-2 name=tenant-binding
[7/50] action=delete-rb ns=tenant-2 name=tenant-binding
[8/50] action=delete-rb ns=tenant-2 name=tenant-binding
[9/50] action=cross-tenant-access context=tenant-1-user@kubernetes operation=delete resource=configmap namespace=tenant-2
[10/50] action=delete-rb ns=tenant-1 name=tenant-binding
[11/50] action=cross-tenant-access context=tenant-2-user@kubernetes operation=patch resource=configmap namespace=tenant-1
[12/50] action=create-crb name=foo-global-binding group=tenant-1 role=dev
[13/50] action=cross-tenant-access context=tenant-1-user@kubernetes operation=get resource=configmap namespace=tenant-2
[14/50] action=create-crb name=foo-global-binding group=tenant-1 role=cluster-admin
[15/50] action=create-crb name=foo-global-binding group=tenant-1 role=cluster-admin
[16/50] action=delete-clusterrole name=dev
[17/50] action=delete-rb ns=tenant-2 name=tenant-binding
[18/50] action=delete-crb name=foo-global-binding
[19/50] action=cross-tenant-access context=tenant-2-user@kubernetes operation=get resource=configmap namespace=tenant-1
[20/50] action=cross-tenant-access context=tenant-2-user@kubernetes operation=watch resource=configmap namespace=tenant-1
[21/50] action=delete-rb ns=tenant-1 name=tenant-binding
[22/50] action=cross-tenant-access context=tenant-1-user@kubernetes operation=get resource=configmap namespace=tenant-2
[23/50] action=delete-rb ns=tenant-1 name=tenant-binding
[24/50] action=cross-tenant-access context=tenant-1-user@kubernetes operation=watch resource=configmap namespace=tenant-2
[25/50] action=cross-tenant-access context=tenant-2-user@kubernetes operation=watch resource=configmap namespace=tenant-1
[26/50] action=cross-tenant-access context=tenant-1-user@kubernetes operation=list resource=configmap namespace=tenant-2
[27/50] action=cross-tenant-access context=tenant-1-user@kubernetes operation=get resource=configmap namespace=tenant-2
[28/50] action=cross-tenant-access context=tenant-1-user@kubernetes operation=watch resource=configmap namespace=tenant-2
[29/50] action=delete-clusterrole name=dev
[30/50] action=create-clusterrole name=dev resources=configmaps,services verbs=get,deletecollection,patch
[31/50] action=create-crb name=foo-global-binding group=tenant-2 role=cluster-admin
[32/50] action=cross-tenant-access context=tenant-1-user@kubernetes operation=patch resource=configmap namespace=tenant-2
[33/50] action=delete-rb ns=tenant-1 name=tenant-binding
[34/50] action=cross-tenant-access context=tenant-2-user@kubernetes operation=watch resource=configmap namespace=tenant-1
[35/50] action=create-rb ns=tenant-1 name=tenant-binding group=tenant-1 role=view
[36/50] action=create-crb name=foo-global-binding group=tenant-2 role=admin
[37/50] action=create-rb ns=tenant-2 name=tenant-binding group=tenant-2 role=view
[38/50] action=create-clusterrole name=dev resources=services verbs=list,update,get
[39/50] action=delete-rb ns=tenant-1 name=tenant-binding
[40/50] action=cross-tenant-access context=tenant-1-user@kubernetes operation=delete resource=configmap namespace=tenant-2
[41/50] action=create-clusterrole name=dev resources=pods verbs=get,list,delete,patch
[42/50] action=delete-rb ns=tenant-1 name=tenant-binding
[43/50] action=delete-crb name=foo-global-binding
[44/50] action=cross-tenant-access context=tenant-2-user@kubernetes operation=patch resource=configmap namespace=tenant-1
[45/50] action=delete-crb name=foo-global-binding
[46/50] action=cross-tenant-access context=tenant-1-user@kubernetes operation=get resource=configmap namespace=tenant-2
[47/50] action=delete-crb name=foo-global-binding
[48/50] action=create-clusterrole name=dev resources=services verbs=watch
[49/50] action=cross-tenant-access context=tenant-1-user@kubernetes operation=patch resource=configmap namespace=tenant-2
[50/50] action=cross-tenant-access context=tenant-2-user@kubernetes operation=get resource=configmap namespace=tenant-1
