[1/100] action=cross-tenant-access context=tenant-2-user@kubernetes operation=delete resource=configmap namespace=tenant-1
[2/100] action=create-rb ns=tenant-1 name=tenant-binding group=tenant-1 role=edit
[3/100] action=cross-tenant-access context=tenant-1-user@kubernetes operation=delete resource=configmap namespace=tenant-2
[4/100] action=cross-tenant-access context=tenant-2-user@kubernetes operation=delete resource=configmap namespace=tenant-1
[5/100] action=create-rb ns=tenant-2 name=tenant-binding group=tenant-2 role=edit
[6/100] action=cross-tenant-access context=tenant-2-user@kubernetes operation=delete resource=configmap namespace=tenant-1
[7/100] action=cross-tenant-access context=tenant-2-user@kubernetes operation=delete resource=configmap namespace=tenant-1
[8/100] action=create-rb ns=tenant-1 name=tenant-binding group=tenant-1 role=dev
[9/100] action=create-rb ns=tenant-2 name=tenant-binding group=tenant-2 role=dev
[10/100] action=cross-tenant-access context=tenant-2-user@kubernetes operation=get resource=configmap namespace=tenant-1
[11/100] action=delete-clusterrole name=dev
[12/100] action=create-rb ns=tenant-2 name=tenant-binding group=tenant-2 role=admin
[13/100] action=cross-tenant-access context=tenant-2-user@kubernetes operation=list resource=configmap namespace=tenant-1
[14/100] action=cross-tenant-access context=tenant-2-user@kubernetes operation=watch resource=configmap namespace=tenant-1
[15/100] action=delete-rb ns=tenant-1 name=tenant-binding
[16/100] action=create-rb ns=tenant-1 name=tenant-binding group=tenant-1 role=admin
[17/100] action=create-rb ns=tenant-2 name=tenant-binding group=tenant-2 role=cluster-admin
[18/100] action=delete-clusterrole name=dev
[19/100] action=delete-clusterrole name=dev
[20/100] action=delete-rb ns=tenant-1 name=tenant-binding
[21/100] action=delete-clusterrole name=dev
[22/100] action=cross-tenant-access context=tenant-2-user@kubernetes operation=delete resource=configmap namespace=tenant-1
[23/100] action=create-clusterrole name=dev resources=secrets verbs=list,update,create
[24/100] action=delete-clusterrole name=dev
[25/100] action=cross-tenant-access context=tenant-1-user@kubernetes operation=patch resource=configmap namespace=tenant-2
[26/100] action=create-clusterrole name=dev resources=configmaps,pods verbs=list,create
[27/100] action=cross-tenant-access context=tenant-2-user@kubernetes operation=watch resource=configmap namespace=tenant-1
[28/100] action=cross-tenant-access context=tenant-1-user@kubernetes operation=patch resource=configmap namespace=tenant-2
[29/100] action=cross-tenant-access context=tenant-1-user@kubernetes operation=get resource=configmap namespace=tenant-2
[30/100] action=cross-tenant-access context=tenant-2-user@kubernetes operation=watch resource=configmap namespace=tenant-1
[31/100] action=delete-clusterrole name=dev
[32/100] action=create-clusterrole name=dev resources=configmaps verbs=delete,watch
[33/100] action=create-rb ns=tenant-2 name=tenant-binding group=tenant-2 role=dev
[34/100] action=create-rb ns=tenant-2 name=tenant-binding group=tenant-2 role=edit
[35/100] action=cross-tenant-access context=tenant-1-user@kubernetes operation=watch resource=configmap namespace=tenant-2
[36/100] action=create-crb name=foo-global-binding group=tenant-1 role=dev
[37/100] action=cross-tenant-access context=tenant-1-user@kubernetes operation=patch resource=configmap namespace=tenant-2
[38/100] action=create-rb ns=tenant-1 name=tenant-binding group=tenant-1 role=cluster-admin
[39/100] action=create-crb name=foo-global-binding group=tenant-1 role=edit
[40/100] action=create-rb ns=tenant-1 name=tenant-binding group=tenant-1 role=admin
[41/100] action=delete-crb name=foo-global-binding
[42/100] action=cross-tenant-access context=tenant-2-user@kubernetes operation=get resource=configmap namespace=tenant-1
[43/100] action=delete-clusterrole name=dev
[44/100] action=cross-tenant-access context=tenant-1-user@kubernetes operation=list resource=configmap namespace=tenant-2
[45/100] action=delete-clusterrole name=dev
[46/100] action=create-rb ns=tenant-1 name=tenant-binding group=tenant-1 role=admin
[47/100] action=create-clusterrole name=dev resources=services,configmaps verbs=create,deletecollection,patch
[48/100] action=cross-tenant-access context=tenant-2-user@kubernetes operation=watch resource=configmap namespace=tenant-1
[49/100] action=cross-tenant-access context=tenant-1-user@kubernetes operation=list resource=configmap namespace=tenant-2
[50/100] action=delete-clusterrole name=dev
[51/100] action=delete-rb ns=tenant-2 name=tenant-binding
[52/100] action=create-crb name=foo-global-binding group=tenant-1 role=admin
[53/100] action=create-rb ns=tenant-1 name=tenant-binding group=tenant-1 role=dev
[54/100] action=cross-tenant-access context=tenant-1-user@kubernetes operation=patch resource=configmap namespace=tenant-2
[55/100] action=delete-clusterrole name=dev
[56/100] action=cross-tenant-access context=tenant-1-user@kubernetes operation=delete resource=configmap namespace=tenant-2
[57/100] action=delete-clusterrole name=dev
[58/100] action=delete-crb name=foo-global-binding
[59/100] action=delete-crb name=foo-global-binding
[60/100] action=create-clusterrole name=dev resources=services verbs=create
[61/100] action=delete-crb name=foo-global-binding
[62/100] action=cross-tenant-access context=tenant-1-user@kubernetes operation=delete resource=configmap namespace=tenant-2
[63/100] action=create-clusterrole name=dev resources=configmaps,services,pods verbs=watch,create,update,deletecollection,delete
[64/100] action=delete-clusterrole name=dev
[65/100] action=create-crb name=foo-global-binding group=tenant-1 role=view
[66/100] action=create-rb ns=tenant-1 name=tenant-binding group=tenant-1 role=view
[67/100] action=create-rb ns=tenant-1 name=tenant-binding group=tenant-1 role=view
[68/100] action=cross-tenant-access context=tenant-1-user@kubernetes operation=watch resource=configmap namespace=tenant-2
[69/100] action=delete-clusterrole name=dev
[70/100] action=create-crb name=foo-global-binding group=tenant-1 role=cluster-admin
[71/100] action=cross-tenant-access context=tenant-2-user@kubernetes operation=list resource=configmap namespace=tenant-1
[72/100] action=delete-crb name=foo-global-binding
[73/100] action=cross-tenant-access context=tenant-1-user@kubernetes operation=get resource=configmap namespace=tenant-2
[74/100] action=create-rb ns=tenant-2 name=tenant-binding group=tenant-2 role=cluster-admin
[75/100] action=delete-clusterrole name=dev
[76/100] action=delete-rb ns=tenant-2 name=tenant-binding
[77/100] action=cross-tenant-access context=tenant-2-user@kubernetes operation=list resource=configmap namespace=tenant-1
[78/100] action=create-crb name=foo-global-binding group=tenant-2 role=dev
[79/100] action=create-clusterrole name=dev resources=services,secrets verbs=create,update,get,watch
[80/100] action=cross-tenant-access context=tenant-2-user@kubernetes operation=get resource=configmap namespace=tenant-1
[81/100] action=create-rb ns=tenant-1 name=tenant-binding group=tenant-1 role=edit
[82/100] action=delete-rb ns=tenant-2 name=tenant-binding
[83/100] action=delete-rb ns=tenant-1 name=tenant-binding
[84/100] action=cross-tenant-access context=tenant-2-user@kubernetes operation=patch resource=configmap namespace=tenant-1
[85/100] action=delete-rb ns=tenant-1 name=tenant-binding
[86/100] action=delete-rb ns=tenant-1 name=tenant-binding
[87/100] action=create-crb name=foo-global-binding group=tenant-2 role=edit
[88/100] action=create-clusterrole name=dev resources=pods,secrets verbs=patch
[89/100] action=delete-crb name=foo-global-binding
[90/100] action=cross-tenant-access context=tenant-2-user@kubernetes operation=list resource=configmap namespace=tenant-1
[91/100] action=cross-tenant-access context=tenant-1-user@kubernetes operation=delete resource=configmap namespace=tenant-2
[92/100] action=cross-tenant-access context=tenant-1-user@kubernetes operation=patch resource=configmap namespace=tenant-2
[93/100] action=delete-clusterrole name=dev
[94/100] action=cross-tenant-access context=tenant-1-user@kubernetes operation=get resource=configmap namespace=tenant-2
[95/100] action=create-rb ns=tenant-1 name=tenant-binding group=tenant-1 role=view
[96/100] action=delete-rb ns=tenant-2 name=tenant-binding
[97/100] action=cross-tenant-access context=tenant-2-user@kubernetes operation=delete resource=configmap namespace=tenant-1
[98/100] action=cross-tenant-access context=tenant-1-user@kubernetes operation=watch resource=configmap namespace=tenant-2
[99/100] action=delete-clusterrole name=dev
[100/100] action=create-rb ns=tenant-1 name=tenant-binding group=tenant-1 role=dev
