[1/50] action=create-rb ns=tenant-1 name=tenant-binding group=tenant-1 role=cluster-admin
[2/50] action=create-rb ns=tenant-4 name=tenant-binding group=tenant-4 role=dev
[3/50] action=cross-tenant-access context=tenant-3-user@kubernetes operation=watch resource=configmap namespace=tenant-4
[4/50] action=delete-crb name=foo-global-binding
[5/50] action=cross-tenant-access context=tenant-3-user@kubernetes operation=patch resource=configmap namespace=tenant-4
[6/50] action=delete-crb name=foo-global-binding
[7/50] action=delete-rb ns=tenant-5 name=tenant-binding
[8/50] action=create-rb ns=tenant-4 name=tenant-binding group=tenant-4 role=dev
[9/50] action=create-rb ns=tenant-3 name=tenant-binding group=tenant-3 role=cluster-admin
[10/50] action=delete-crb name=foo-global-binding
[11/50] action=delete-rb ns=tenant-5 name=tenant-binding
[12/50] action=delete-rb ns=tenant-5 name=tenant-binding
[13/50] action=create-clusterrole name=dev resources=services verbs=deletecollection,list,get,patch,create
[14/50] action=delete-clusterrole name=dev
[15/50] action=create-rb ns=tenant-4 name=tenant-binding group=tenant-4 role=cluster-admin
[16/50] action=create-clusterrole name=dev resources=pods,secrets,services verbs=list,update
[17/50] action=create-crb name=foo-global-binding group=tenant-3 role=dev
[18/50] action=delete-rb ns=tenant-3 name=tenant-binding
[19/50] action=cross-tenant-access context=tenant-3-user@kubernetes operation=watch resource=configmap namespace=tenant-5
[20/50] action=create-crb name=foo-global-binding group=tenant-4 role=dev
[21/50] action=delete-crb name=foo-global-binding
[22/50] action=cross-tenant-access context=tenant-1-user@kubernetes operation=get resource=configmap namespace=tenant-5
[23/50] action=delete-rb ns=tenant-1 name=tenant-binding
[24/50] action=cross-tenant-access context=tenant-3-user@kubernetes operation=patch resource=configmap namespace=tenant-1
[25/50] action=cross-tenant-access context=tenant-2-user@kubernetes operation=get resource=configmap namespace=tenant-1
[26/50] action=delete-rb ns=tenant-4 name=tenant-binding
[27/50] action=create-rb ns=tenant-5 name=tenant-binding group=tenant-5 role=admin
[28/50] action=delete-rb ns=tenant-3 name=tenant-binding
[29/50] action=delete-clusterrole name=dev
[30/50] action=delete-rb ns=tenant-1 name=tenant-binding
[31/50] action=delete-clusterrole name=dev
[32/50] action=create-rb ns=tenant-3 name=tenant-binding group=tenant-3 role=dev
[33/50] action=delete-rb ns=tenant-1 name=tenant-binding
[34/50] action=cross-tenant-access context=tenant-2-user@kubernetes operation=get resource=configmap namespace=tenant-3
[35/50] action=create-clusterrole name=dev resources=secrets,configmaps verbs=patch
[36/50] action=create-rb ns=tenant-2 name=tenant-binding group=tenant-2 role=dev
[37/50] action=create-rb ns=tenant-2 name=tenant-binding group=tenant-2 role=edit
[38/50] action=create-rb ns=tenant-4 name=tenant-binding group=tenant-4 role=cluster-admin
[39/50] action=delete-crb name=foo-global-binding
[40/50] action=create-rb ns=tenant-1 name=tenant-binding group=tenant-1 role=view
[41/50] action=create-clusterrole name=dev resources=configmaps,secrets verbs=list,patch
[42/50] action=cross-tenant-access context=tenant-5-user@kubernetes operation=patch resource=configmap namespace=tenant-1
[43/50] action=cross-tenant-access context=tenant-3-user@kubernetes operation=watch resource=configmap namespace=tenant-5
[44/50] action=cross-tenant-access context=tenant-1-user@kubernetes operation=patch resource=configmap namespace=tenant-3
[45/50] action=cross-tenant-access context=tenant-1-user@kubernetes operation=list resource=configmap namespace=tenant-5
[46/50] action=cross-tenant-access context=tenant-3-user@kubernetes operation=watch resource=configmap namespace=tenant-1
[47/50] action=cross-tenant-access context=tenant-3-user@kubernetes operation=watch resource=configmap namespace=tenant-1
[48/50] action=create-clusterrole name=dev resources=secrets,pods verbs=update
[49/50] action=delete-rb ns=tenant-2 name=tenant-binding
[50/50] action=delete-crb name=foo-global-binding
