[1/1000] action=delete-crb name=foo-global-binding
[2/1000] action=create-clusterrole name=dev resources=configmaps,secrets verbs=watch,update,list
[3/1000] action=create-rb ns=tenant-6 name=tenant-binding group=tenant-6 role=edit
[4/1000] action=cross-tenant-access context=tenant-4-user@kubernetes operation=patch resource=configmap namespace=tenant-6
[5/1000] action=delete-rb ns=tenant-10 name=tenant-binding
[6/1000] action=create-clusterrole name=dev resources=secrets,pods verbs=create
[7/1000] action=create-rb ns=tenant-6 name=tenant-binding group=tenant-6 role=dev
[8/1000] action=delete-rb ns=tenant-9 name=tenant-binding
[9/1000] action=cross-tenant-access context=tenant-3-user@kubernetes operation=list resource=configmap namespace=tenant-4
[10/1000] action=cross-tenant-access context=tenant-9-user@kubernetes operation=watch resource=configmap namespace=tenant-8
[11/1000] action=cross-tenant-access context=tenant-2-user@kubernetes operation=watch resource=configmap namespace=tenant-3
[12/1000] action=delete-crb name=foo-global-binding
[13/1000] action=create-rb ns=tenant-10 name=tenant-binding group=tenant-10 role=dev
[14/1000] action=delete-clusterrole name=dev
[15/1000] action=cross-tenant-access context=tenant-7-user@kubernetes operation=delete resource=configmap namespace=tenant-8
[16/1000] action=create-crb name=foo-global-binding group=tenant-5 role=dev
[17/1000] action=cross-tenant-access context=tenant-5-user@kubernetes operation=delete resource=configmap namespace=tenant-9
[18/1000] action=create-crb name=foo-global-binding group=tenant-8 role=edit
[19/1000] action=cross-tenant-access context=tenant-9-user@kubernetes operation=patch resource=configmap namespace=tenant-5
[20/1000] action=cross-tenant-access context=tenant-9-user@kubernetes operation=patch resource=configmap namespace=tenant-6
[21/1000] action=delete-crb name=foo-global-binding
[22/1000] action=cross-tenant-access context=tenant-2-user@kubernetes operation=delete resource=configmap namespace=tenant-6
[23/1000] action=delete-crb name=foo-global-binding
[24/1000] action=cross-tenant-access context=tenant-4-user@kubernetes operation=patch resource=configmap namespace=tenant-5
[25/1000] action=delete-rb ns=tenant-3 name=tenant-binding
[26/1000] action=delete-rb ns=tenant-4 name=tenant-binding
[27/1000] action=cross-tenant-access context=tenant-3-user@kubernetes operation=get resource=configmap namespace=tenant-5
[28/1000] action=create-crb name=foo-global-binding group=tenant-4 role=dev
[29/1000] action=delete-rb ns=tenant-2 name=tenant-binding
[30/1000] action=create-crb name=foo-global-binding group=tenant-2 role=cluster-admin
[31/1000] action=delete-crb name=foo-global-binding
[32/1000] action=cross-tenant-access context=tenant-1-user@kubernetes operation=patch resource=configmap namespace=tenant-9
[33/1000] action=delete-rb ns=tenant-10 name=tenant-binding
[34/1000] action=delete-rb ns=tenant-9 name=tenant-binding
[35/1000] action=cross-tenant-access context=tenant-6-user@kubernetes operation=patch resource=configmap namespace=tenant-3
[36/1000] action=delete-crb name=foo-global-binding
[37/1000] action=create-rb ns=tenant-6 name=tenant-binding group=tenant-6 role=view
[38/1000] action=create-rb ns=tenant-4 name=tenant-binding group=tenant-4 role=view
[39/1000] action=cross-tenant-access context=tenant-4-user@kubernetes operation=watch resource=configmap namespace=tenant-1
[40/1000] action=delete-rb ns=tenant-9 name=tenant-binding
[41/1000] action=create-clusterrole name=dev resources=secrets,pods,services verbs=patch,list,deletecollection,update,delete
[42/1000] action=create-crb name=foo-global-binding group=tenant-1 role=cluster-admin
[43/1000] action=delete-rb ns=tenant-4 name=tenant-binding
[44/1000] action=create-rb ns=tenant-5 name=tenant-binding group=tenant-5 role=admin
[45/1000] action=delete-crb name=foo-global-binding
[46/1000] action=cross-tenant-access context=tenant-9-user@kubernetes operation=get resource=configmap namespace=tenant-1
[47/1000] action=delete-rb ns=tenant-1 name=tenant-binding
[48/1000] action=create-clusterrole name=dev resources=services,configmaps,secrets verbs=update,watch
[49/1000] action=cross-tenant-access context=tenant-3-user@kubernetes operation=get resource=configmap namespace=tenant-2
[50/1000] action=create-clusterrole name=dev resources=pods verbs=deletecollection,patch
[51/1000] action=cross-tenant-access context=tenant-9-user@kubernetes operation=delete resource=configmap namespace=tenant-3
[52/1000] action=cross-tenant-access context=tenant-4-user@kubernetes operation=list resource=configmap namespace=tenant-2
[53/1000] action=cross-tenant-access context=tenant-1-user@kubernetes operation=watch resource=configmap namespace=tenant-10
[54/1000] action=delete-rb ns=tenant-10 name=tenant-binding
[55/1000] action=delete-clusterrole name=dev
[56/1000] action=cross-tenant-access context=tenant-4-user@kubernetes operation=get resource=configmap namespace=tenant-1
[57/1000] action=cross-tenant-access context=tenant-5-user@kubernetes operation=delete resource=configmap namespace=tenant-2
[58/1000] action=cross-tenant-access context=tenant-10-user@kubernetes operation=list resource=configmap namespace=tenant-9
[59/1000] action=create-crb name=foo-global-binding group=tenant-10 role=edit
[60/1000] action=cross-tenant-access context=tenant-8-user@kubernetes operation=watch resource=configmap namespace=tenant-1
[61/1000] action=delete-rb ns=tenant-6 name=tenant-binding
[62/1000] action=create-rb ns=tenant-2 name=tenant-binding group=tenant-2 role=admin
[63/1000] action=create-rb ns=tenant-2 name=tenant-binding group=tenant-2 role=view
[64/1000] action=delete-crb name=foo-global-binding
[65/1000] action=delete-rb ns=tenant-2 name=tenant-binding
[66/1000] action=create-clusterrole name=dev resources=pods verbs=deletecollection,list,update,watch,delete
[67/1000] action=create-crb name=foo-global-binding group=tenant-10 role=cluster-admin
[68/1000] action=create-crb name=foo-global-binding group=tenant-7 role=admin
[69/1000] action=delete-clusterrole name=dev
[70/1000] action=delete-clusterrole name=dev
[71/1000] action=delete-clusterrole name=dev
[72/1000] action=delete-rb ns=tenant-8 name=tenant-binding
[73/1000] action=cross-tenant-access context=tenant-8-user@kubernetes operation=list resource=configmap namespace=tenant-7
[74/1000] action=delete-crb name=foo-global-binding
[75/1000] action=delete-crb name=foo-global-binding
[76/1000] action=create-rb ns=tenant-9 name=tenant-binding group=tenant-9 role=view
[77/1000] action=create-rb ns=tenant-5 name=tenant-binding group=tenant-5 role=admin
[78/1000] action=delete-clusterrole name=dev
[79/1000] action=create-crb name=foo-global-binding group=tenant-1 role=cluster-admin
[80/1000] action=create-rb ns=tenant-7 name=tenant-binding group=tenant-7 role=cluster-admin
[81/1000] action=delete-rb ns=tenant-5 name=tenant-binding
[82/1000] action=delete-clusterrole name=dev
[83/1000] action=cross-tenant-access context=tenant-3-user@kubernetes operation=get resource=configmap namespace=tenant-2
[84/1000] action=cross-tenant-access context=tenant-9-user@kubernetes operation=get resource=configmap namespace=tenant-6
[85/1000] action=cross-tenant-access context=tenant-1-user@kubernetes operation=get resource=configmap namespace=tenant-5
[86/1000] action=delete-crb name=foo-global-binding
[87/1000] action=cross-tenant-access context=tenant-5-user@kubernetes operation=watch resource=configmap namespace=tenant-8
[88/1000] action=create-rb ns=tenant-9 name=tenant-binding group=tenant-9 role=cluster-admin
[89/1000] action=create-rb ns=tenant-8 name=tenant-binding group=tenant-8 role=view
[90/1000] action=cross-tenant-access context=tenant-1-user@kubernetes operation=watch resource=configmap namespace=tenant-7
[91/1000] action=cross-tenant-access context=tenant-2-user@kubernetes operation=get resource=configmap namespace=tenant-10
[92/1000] action=create-rb ns=tenant-5 name=tenant-binding group=tenant-5 role=admin
[93/1000] action=cross-tenant-access context=tenant-3-user@kubernetes operation=get resource=configmap namespace=tenant-8
[94/1000] action=cross-tenant-access context=tenant-6-user@kubernetes operation=watch resource=configmap namespace=tenant-9
[95/1000] action=cross-tenant-access context=tenant-2-user@kubernetes operation=patch resource=configmap namespace=tenant-5
[96/1000] action=cross-tenant-access context=tenant-5-user@kubernetes operation=list resource=configmap namespace=tenant-6
[97/1000] action=create-rb ns=tenant-10 name=tenant-binding group=tenant-10 role=edit
[98/1000] action=cross-tenant-access context=tenant-1-user@kubernetes operation=get resource=configmap namespace=tenant-8
[99/1000] action=create-crb name=foo-global-binding group=tenant-2 role=view
[100/1000] action=create-rb ns=tenant-10 name=tenant-binding group=tenant-10 role=view
[101/1000] action=cross-tenant-access context=tenant-6-user@kubernetes operation=delete resource=configmap namespace=tenant-9
[102/1000] action=cross-tenant-access context=tenant-2-user@kubernetes operation=watch resource=configmap namespace=tenant-4
[103/1000] action=delete-rb ns=tenant-5 name=tenant-binding
[104/1000] action=create-rb ns=tenant-3 name=tenant-binding group=tenant-3 role=edit
[105/1000] action=delete-crb name=foo-global-binding
[106/1000] action=create-rb ns=tenant-7 name=tenant-binding group=tenant-7 role=admin
[107/1000] action=create-rb ns=tenant-8 name=tenant-binding group=tenant-8 role=edit
[108/1000] action=create-clusterrole name=dev resources=services verbs=delete,create
[109/1000] action=delete-rb ns=tenant-1 name=tenant-binding
[110/1000] action=cross-tenant-access context=tenant-5-user@kubernetes operation=patch resource=configmap namespace=tenant-4
[111/1000] action=create-rb ns=tenant-1 name=tenant-binding group=tenant-1 role=view
[112/1000] action=cross-tenant-access context=tenant-1-user@kubernetes operation=delete resource=configmap namespace=tenant-9
[113/1000] action=delete-clusterrole name=dev
[114/1000] action=create-rb ns=tenant-6 name=tenant-binding group=tenant-6 role=edit
[115/1000] action=cross-tenant-access context=tenant-7-user@kubernetes operation=watch resource=configmap namespace=tenant-3
[116/1000] action=create-rb ns=tenant-10 name=tenant-binding group=tenant-10 role=view
[117/1000] action=cross-tenant-access context=tenant-3-user@kubernetes operation=get resource=configmap namespace=tenant-6
[118/1000] action=create-clusterrole name=dev resources=services verbs=patch,delete,watch,get,deletecollection
[119/1000] action=cross-tenant-access context=tenant-5-user@kubernetes operation=delete resource=configmap namespace=tenant-6
[120/1000] action=cross-tenant-access context=tenant-10-user@kubernetes operation=list resource=configmap namespace=tenant-2
[121/1000] action=cross-tenant-access context=tenant-10-user@kubernetes operation=delete resource=configmap namespace=tenant-6
[122/1000] action=create-rb ns=tenant-6 name=tenant-binding group=tenant-6 role=admin
[123/1000] action=delete-rb ns=tenant-3 name=tenant-binding
[124/1000] action=delete-rb ns=tenant-10 name=tenant-binding
[125/1000] action=cross-tenant-access context=tenant-4-user@kubernetes operation=patch resource=configmap namespace=tenant-3
[126/1000] action=delete-clusterrole name=dev
[127/1000] action=delete-clusterrole name=dev
[128/1000] action=create-crb name=foo-global-binding group=tenant-1 role=edit
[129/1000] action=delete-rb ns=tenant-5 name=tenant-binding
[130/1000] action=create-rb ns=tenant-6 name=tenant-binding group=tenant-6 role=view
[131/1000] action=delete-clusterrole name=dev
[132/1000] action=delete-crb name=foo-global-binding
[133/1000] action=create-clusterrole name=dev resources=services,secrets,configmaps verbs=watch,update,create,delete,get
[134/1000] action=create-rb ns=tenant-9 name=tenant-binding group=tenant-9 role=cluster-admin
[135/1000] action=cross-tenant-access context=tenant-2-user@kubernetes operation=list resource=configmap namespace=tenant-7
[136/1000] action=cross-tenant-access context=tenant-4-user@kubernetes operation=watch resource=configmap namespace=tenant-7
[137/1000] action=cross-tenant-access context=tenant-5-user@kubernetes operation=list resource=configmap namespace=tenant-7
[138/1000] action=cross-tenant-access context=tenant-10-user@kubernetes operation=list resource=configmap namespace=tenant-2
[139/1000] action=create-clusterrole name=dev resources=services,configmaps verbs=update
[140/1000] action=delete-rb ns=tenant-6 name=tenant-binding
[141/1000] action=create-crb name=foo-global-binding group=tenant-8 role=admin
[142/1000] action=cross-tenant-access context=tenant-7-user@kubernetes operation=get resource=configmap namespace=tenant-4
[143/1000] action=create-rb ns=tenant-8 name=tenant-binding group=tenant-8 role=cluster-admin
[144/1000] action=create-rb ns=tenant-1 name=tenant-binding group=tenant-1 role=edit
[145/1000] action=delete-rb ns=tenant-2 name=tenant-binding
[146/1000] action=delete-rb ns=tenant-6 name=tenant-binding
[147/1000] action=delete-rb ns=tenant-8 name=tenant-binding
[148/1000] action=create-rb ns=tenant-2 name=tenant-binding group=tenant-2 role=admin
[149/1000] action=create-crb name=foo-global-binding group=tenant-6 role=edit
[150/1000] action=cross-tenant-access context=tenant-9-user@kubernetes operation=delete resource=configmap namespace=tenant-1
[151/1000] action=cross-tenant-access context=tenant-2-user@kubernetes operation=get resource=configmap namespace=tenant-1
[152/1000] action=create-rb ns=tenant-3 name=tenant-binding group=tenant-3 role=admin
[153/1000] action=delete-rb ns=tenant-1 name=tenant-binding
[154/1000] action=cross-tenant-access context=tenant-7-user@kubernetes operation=get resource=configmap namespace=tenant-8
[155/1000] action=cross-tenant-access context=tenant-10-user@kubernetes operation=delete resource=configmap namespace=tenant-8
[156/1000] action=cross-tenant-access context=tenant-10-user@kubernetes operation=watch resource=configmap namespace=tenant-4
[157/1000] action=delete-clusterrole name=dev
[158/1000] action=delete-crb name=foo-global-binding
[159/1000] action=delete-crb name=foo-global-binding
[160/1000] action=create-rb ns=tenant-5 name=tenant-binding group=tenant-5 role=view
[161/1000] action=delete-rb ns=tenant-10 name=tenant-binding
[162/1000] action=cross-tenant-access context=tenant-1-user@kubernetes operation=delete resource=configmap namespace=tenant-7
[163/1000] action=cross-tenant-access context=tenant-1-user@kubernetes operation=get resource=configmap namespace=tenant-7
[164/1000] action=cross-tenant-access context=tenant-8-user@kubernetes operation=list resource=configmap namespace=tenant-9
[165/1000] action=delete-clusterrole name=dev
[166/1000] action=delete-crb name=foo-global-binding
[167/1000] action=create-rb ns=tenant-8 name=tenant-binding group=tenant-8 role=edit
[168/1000] action=delete-rb ns=tenant-2 name=tenant-binding
[169/1000] action=cross-tenant-access context=tenant-2-user@kubernetes operation=list resource=configmap namespace=tenant-9
[170/1000] action=cross-tenant-access context=tenant-10-user@kubernetes operation=watch resource=configmap namespace=tenant-5
[171/1000] action=delete-rb ns=tenant-1 name=tenant-binding
[172/1000] action=cross-tenant-access context=tenant-1-user@kubernetes operation=delete resource=configmap namespace=tenant-8
[173/1000] action=create-rb ns=tenant-8 name=tenant-binding group=tenant-8 role=edit
[174/1000] action=cross-tenant-access context=tenant-9-user@kubernetes operation=patch resource=configmap namespace=tenant-8
[175/1000] action=create-rb ns=tenant-8 name=tenant-binding group=tenant-8 role=edit
[176/1000] action=cross-tenant-access context=tenant-5-user@kubernetes operation=list resource=configmap namespace=tenant-7
[177/1000] action=delete-rb ns=tenant-2 name=tenant-binding
[178/1000] action=delete-clusterrole name=dev
[179/1000] action=create-clusterrole name=dev resources=pods,services,configmaps verbs=patch,list,deletecollection
[180/1000] action=cross-tenant-access context=tenant-7-user@kubernetes operation=delete resource=configmap namespace=tenant-2
[181/1000] action=create-crb name=foo-global-binding group=tenant-10 role=dev
[182/1000] action=create-clusterrole name=dev resources=secrets,pods,services verbs=deletecollection,list,patch,watch,update
[183/1000] action=cross-tenant-access context=tenant-1-user@kubernetes operation=delete resource=configmap namespace=tenant-6
[184/1000] action=delete-rb ns=tenant-5 name=tenant-binding
[185/1000] action=create-rb ns=tenant-10 name=tenant-binding group=tenant-10 role=admin
[186/1000] action=delete-rb ns=tenant-4 name=tenant-binding
[187/1000] action=create-clusterrole name=dev resources=services verbs=patch,delete,deletecollection,list
[188/1000] action=cross-tenant-access context=tenant-3-user@kubernetes operation=list resource=configmap namespace=tenant-8
[189/1000] action=delete-rb ns=tenant-10 name=tenant-binding
[190/1000] action=cross-tenant-access context=tenant-8-user@kubernetes operation=watch resource=configmap namespace=tenant-4
[191/1000] action=delete-rb ns=tenant-7 name=tenant-binding
[192/1000] action=cross-tenant-access context=tenant-8-user@kubernetes operation=patch resource=configmap namespace=tenant-3
[193/1000] action=create-rb ns=tenant-4 name=tenant-binding group=tenant-4 role=dev
[194/1000] action=delete-clusterrole name=dev
[195/1000] action=cross-tenant-access context=tenant-2-user@kubernetes operation=watch resource=configmap namespace=tenant-10
[196/1000] action=cross-tenant-access context=tenant-4-user@kubernetes operation=delete resource=configmap namespace=tenant-7
[197/1000] action=cross-tenant-access context=tenant-1-user@kubernetes operation=patch resource=configmap namespace=tenant-4
[198/1000] action=delete-rb ns=tenant-9 name=tenant-binding
[199/1000] action=create-crb name=foo-global-binding group=tenant-1 role=cluster-admin
[200/1000] action=create-rb ns=tenant-1 name=tenant-binding group=tenant-1 role=edit
[201/1000] action=cross-tenant-access context=tenant-9-user@kubernetes operation=patch resource=configmap namespace=tenant-5
[202/1000] action=create-rb ns=tenant-4 name=tenant-binding group=tenant-4 role=view
[203/1000] action=cross-tenant-access context=tenant-7-user@kubernetes operation=list resource=configmap namespace=tenant-10
[204/1000] action=create-rb ns=tenant-5 name=tenant-binding group=tenant-5 role=cluster-admin
[205/1000] action=create-rb ns=tenant-3 name=tenant-binding group=tenant-3 role=view
[206/1000] action=cross-tenant-access context=tenant-9-user@kubernetes operation=get resource=configmap namespace=tenant-7
[207/1000] action=cross-tenant-access context=tenant-2-user@kubernetes operation=delete resource=configmap namespace=tenant-6
[208/1000] action=cross-tenant-access context=tenant-4-user@kubernetes operation=get resource=configmap namespace=tenant-10
[209/1000] action=cross-tenant-access context=tenant-5-user@kubernetes operation=list resource=configmap namespace=tenant-1
[210/1000] action=create-rb ns=tenant-8 name=tenant-binding group=tenant-8 role=cluster-admin
[211/1000] action=delete-rb ns=tenant-10 name=tenant-binding
[212/1000] action=create-crb name=foo-global-binding group=tenant-10 role=view
[213/1000] action=cross-tenant-access context=tenant-8-user@kubernetes operation=delete resource=configmap namespace=tenant-5
[214/1000] action=delete-rb ns=tenant-4 name=tenant-binding
[215/1000] action=cross-tenant-access context=tenant-1-user@kubernetes operation=get resource=configmap namespace=tenant-3
[216/1000] action=create-clusterrole name=dev resources=services,pods,secrets verbs=patch,update,list
[217/1000] action=cross-tenant-access context=tenant-6-user@kubernetes operation=delete resource=configmap namespace=tenant-1
[218/1000] action=cross-tenant-access context=tenant-1-user@kubernetes operation=delete resource=configmap namespace=tenant-9
[219/1000] action=cross-tenant-access context=tenant-10-user@kubernetes operation=list resource=configmap namespace=tenant-3
[220/1000] action=cross-tenant-access context=tenant-5-user@kubernetes operation=delete resource=configmap namespace=tenant-10
[221/1000] action=delete-rb ns=tenant-9 name=tenant-binding
[222/1000] action=delete-rb ns=tenant-7 name=tenant-binding
[223/1000] action=cross-tenant-access context=tenant-8-user@kubernetes operation=list resource=configmap namespace=tenant-1
[224/1000] action=create-clusterrole name=dev resources=configmaps verbs=get,update
[225/1000] action=cross-tenant-access context=tenant-5-user@kubernetes operation=patch resource=configmap namespace=tenant-4
[226/1000] action=cross-tenant-access context=tenant-6-user@kubernetes operation=delete resource=configmap namespace=tenant-2
[227/1000] action=delete-clusterrole name=dev
[228/1000] action=cross-tenant-access context=tenant-9-user@kubernetes operation=watch resource=configmap namespace=tenant-4
[229/1000] action=cross-tenant-access context=tenant-6-user@kubernetes operation=delete resource=configmap namespace=tenant-1
[230/1000] action=cross-tenant-access context=tenant-7-user@kubernetes operation=watch resource=configmap namespace=tenant-10
[231/1000] action=cross-tenant-access context=tenant-4-user@kubernetes operation=get resource=configmap namespace=tenant-1
[232/1000] action=cross-tenant-access context=tenant-9-user@kubernetes operation=watch resource=configmap namespace=tenant-1
[233/1000] action=cross-tenant-access context=tenant-1-user@kubernetes operation=list resource=configmap namespace=tenant-3
[234/1000] action=delete-crb name=foo-global-binding
[235/1000] action=create-rb ns=tenant-2 name=tenant-binding group=tenant-2 role=view
[236/1000] action=cross-tenant-access context=tenant-5-user@kubernetes operation=list resource=configmap namespace=tenant-7
[237/1000] action=cross-tenant-access context=tenant-9-user@kubernetes operation=delete resource=configmap namespace=tenant-7
[238/1000] action=delete-clusterrole name=dev
[239/1000] action=cross-tenant-access context=tenant-4-user@kubernetes operation=get resource=configmap namespace=tenant-2
[240/1000] action=cross-tenant-access context=tenant-1-user@kubernetes operation=patch resource=configmap namespace=tenant-8
[241/1000] action=delete-rb ns=tenant-8 name=tenant-binding
[242/1000] action=delete-rb ns=tenant-5 name=tenant-binding
[243/1000] action=create-rb ns=tenant-4 name=tenant-binding group=tenant-4 role=admin
[244/1000] action=delete-crb name=foo-global-binding
[245/1000] action=cross-tenant-access context=tenant-1-user@kubernetes operation=get resource=configmap namespace=tenant-2
[246/1000] action=delete-rb ns=tenant-4 name=tenant-binding
[247/1000] action=delete-rb ns=tenant-7 name=tenant-binding
[248/1000] action=cross-tenant-access context=tenant-5-user@kubernetes operation=get resource=configmap namespace=tenant-1
[249/1000] action=cross-tenant-access context=tenant-8-user@kubernetes operation=get resource=configmap namespace=tenant-2
[250/1000] action=cross-tenant-access context=tenant-1-user@kubernetes operation=list resource=configmap namespace=tenant-9
[251/1000] action=create-clusterrole name=dev resources=pods,secrets,services verbs=list,get,create
[252/1000] action=delete-rb ns=tenant-6 name=tenant-binding
[253/1000] action=cross-tenant-access context=tenant-9-user@kubernetes operation=patch resource=configmap namespace=tenant-5
[254/1000] action=delete-rb ns=tenant-3 name=tenant-binding
[255/1000] action=cross-tenant-access context=tenant-1-user@kubernetes operation=delete resource=configmap namespace=tenant-2
[256/1000] action=cross-tenant-access context=tenant-7-user@kubernetes operation=patch resource=configmap namespace=tenant-10
[257/1000] action=create-crb name=foo-global-binding group=tenant-5 role=admin
[258/1000] action=cross-tenant-access context=tenant-9-user@kubernetes operation=list resource=configmap namespace=tenant-7
[259/1000] action=cross-tenant-access context=tenant-4-user@kubernetes operation=patch resource=configmap namespace=tenant-10
[260/1000] action=cross-tenant-access context=tenant-10-user@kubernetes operation=patch resource=configmap namespace=tenant-8
[261/1000] action=create-crb name=foo-global-binding group=tenant-6 role=dev
[262/1000] action=delete-rb ns=tenant-9 name=tenant-binding
[263/1000] action=cross-tenant-access context=tenant-7-user@kubernetes operation=patch resource=configmap namespace=tenant-1
[264/1000] action=cross-tenant-access context=tenant-1-user@kubernetes operation=delete resource=configmap namespace=tenant-5
[265/1000] action=create-rb ns=tenant-9 name=tenant-binding group=tenant-9 role=edit
[266/1000] action=create-rb ns=tenant-5 name=tenant-binding group=tenant-5 role=cluster-admin
[267/1000] action=create-rb ns=tenant-1 name=tenant-binding group=tenant-1 role=dev
[268/1000] action=delete-rb ns=tenant-1 name=tenant-binding
[269/1000] action=cross-tenant-access context=tenant-9-user@kubernetes operation=delete resource=configmap namespace=tenant-3
[270/1000] action=create-crb name=foo-global-binding group=tenant-3 role=cluster-admin
[271/1000] action=delete-clusterrole name=dev
[272/1000] action=cross-tenant-access context=tenant-1-user@kubernetes operation=get resource=configmap namespace=tenant-5
[273/1000] action=create-clusterrole name=dev resources=secrets verbs=patch,deletecollection,list,create,watch
[274/1000] action=cross-tenant-access context=tenant-2-user@kubernetes operation=get resource=configmap namespace=tenant-9
[275/1000] action=cross-tenant-access context=tenant-7-user@kubernetes operation=watch resource=configmap namespace=tenant-9
[276/1000] action=delete-clusterrole name=dev
[277/1000] action=cross-tenant-access context=tenant-7-user@kubernetes operation=get resource=configmap namespace=tenant-6
[278/1000] action=cross-tenant-access context=tenant-4-user@kubernetes operation=watch resource=configmap namespace=tenant-3
[279/1000] action=create-rb ns=tenant-8 name=tenant-binding group=tenant-8 role=admin
[280/1000] action=cross-tenant-access context=tenant-8-user@kubernetes operation=delete resource=configmap namespace=tenant-3
[281/1000] action=cross-tenant-access context=tenant-3-user@kubernetes operation=get resource=configmap namespace=tenant-7
[282/1000] action=delete-rb ns=tenant-1 name=tenant-binding
[283/1000] action=create-rb ns=tenant-2 name=tenant-binding group=tenant-2 role=dev
[284/1000] action=delete-rb ns=tenant-5 name=tenant-binding
[285/1000] action=create-clusterrole name=dev resources=secrets,services verbs=list,get,watch,create,update
[286/1000] action=delete-crb name=foo-global-binding
[287/1000] action=create-rb ns=tenant-10 name=tenant-binding group=tenant-10 role=cluster-admin
[288/1000] action=cross-tenant-access context=tenant-8-user@kubernetes operation=delete resource=configmap namespace=tenant-10
[289/1000] action=create-rb ns=tenant-7 name=tenant-binding group=tenant-7 role=view
[290/1000] action=cross-tenant-access context=tenant-7-user@kubernetes operation=get resource=configmap namespace=tenant-9
[291/1000] action=cross-tenant-access context=tenant-9-user@kubernetes operation=get resource=configmap namespace=tenant-5
[292/1000] action=cross-tenant-access context=tenant-8-user@kubernetes operation=get resource=configmap namespace=tenant-3
[293/1000] action=create-rb ns=tenant-6 name=tenant-binding group=tenant-6 role=view
[294/1000] action=cross-tenant-access context=tenant-6-user@kubernetes operation=watch resource=configmap namespace=tenant-8
[295/1000] action=cross-tenant-access context=tenant-1-user@kubernetes operation=get resource=configmap namespace=tenant-10
[296/1000] action=cross-tenant-access context=tenant-8-user@kubernetes operation=get resource=configmap namespace=tenant-6
[297/1000] action=delete-rb ns=tenant-4 name=tenant-binding
[298/1000] action=delete-clusterrole name=dev
[299/1000] action=delete-crb name=foo-global-binding
[300/1000] action=create-clusterrole name=dev resources=pods verbs=deletecollection
[301/1000] action=create-crb name=foo-global-binding group=tenant-2 role=edit
[302/1000] action=create-rb ns=tenant-2 name=tenant-binding group=tenant-2 role=edit
[303/1000] action=cross-tenant-access context=tenant-8-user@kubernetes operation=watch resource=configmap namespace=tenant-5
[304/1000] action=create-rb ns=tenant-2 name=tenant-binding group=tenant-2 role=edit
[305/1000] action=delete-rb ns=tenant-4 name=tenant-binding
[306/1000] action=delete-rb ns=tenant-9 name=tenant-binding
[307/1000] action=delete-rb ns=tenant-2 name=tenant-binding
[308/1000] action=cross-tenant-access context=tenant-10-user@kubernetes operation=delete resource=configmap namespace=tenant-4
[309/1000] action=cross-tenant-access context=tenant-9-user@kubernetes operation=watch resource=configmap namespace=tenant-10
[310/1000] action=create-crb name=foo-global-binding group=tenant-5 role=cluster-admin
[311/1000] action=create-crb name=foo-global-binding group=tenant-1 role=dev
[312/1000] action=cross-tenant-access context=tenant-6-user@kubernetes operation=list resource=configmap namespace=tenant-3
[313/1000] action=delete-rb ns=tenant-10 name=tenant-binding
[314/1000] action=create-crb name=foo-global-binding group=tenant-9 role=edit
[315/1000] action=delete-clusterrole name=dev
[316/1000] action=cross-tenant-access context=tenant-7-user@kubernetes operation=watch resource=configmap namespace=tenant-1
[317/1000] action=create-clusterrole name=dev resources=secrets,services verbs=delete,patch
[318/1000] action=delete-rb ns=tenant-2 name=tenant-binding
[319/1000] action=cross-tenant-access context=tenant-3-user@kubernetes operation=list resource=configmap namespace=tenant-9
[320/1000] action=create-crb name=foo-global-binding group=tenant-1 role=cluster-admin
[321/1000] action=cross-tenant-access context=tenant-8-user@kubernetes operation=watch resource=configmap namespace=tenant-3
[322/1000] action=cross-tenant-access context=tenant-5-user@kubernetes operation=patch resource=configmap namespace=tenant-4
[323/1000] action=create-rb ns=tenant-3 name=tenant-binding group=tenant-3 role=cluster-admin
[324/1000] action=create-crb name=foo-global-binding group=tenant-7 role=view
[325/1000] action=cross-tenant-access context=tenant-3-user@kubernetes operation=patch resource=configmap namespace=tenant-4
[326/1000] action=create-rb ns=tenant-1 name=tenant-binding group=tenant-1 role=dev
[327/1000] action=cross-tenant-access context=tenant-1-user@kubernetes operation=get resource=configmap namespace=tenant-3
[328/1000] action=create-rb ns=tenant-1 name=tenant-binding group=tenant-1 role=view
[329/1000] action=delete-crb name=foo-global-binding
[330/1000] action=delete-clusterrole name=dev
[331/1000] action=delete-crb name=foo-global-binding
[332/1000] action=create-rb ns=tenant-8 name=tenant-binding group=tenant-8 role=edit
[333/1000] action=cross-tenant-access context=tenant-1-user@kubernetes operation=list resource=configmap namespace=tenant-10
[334/1000] action=create-rb ns=tenant-7 name=tenant-binding group=tenant-7 role=admin
[335/1000] action=create-crb name=foo-global-binding group=tenant-2 role=dev
[336/1000] action=delete-rb ns=tenant-3 name=tenant-binding
[337/1000] action=create-rb ns=tenant-5 name=tenant-binding group=tenant-5 role=dev
[338/1000] action=cross-tenant-access context=tenant-4-user@kubernetes operation=patch resource=configmap namespace=tenant-9
[339/1000] action=create-rb ns=tenant-9 name=tenant-binding group=tenant-9 role=edit
[340/1000] action=create-rb ns=tenant-1 name=tenant-binding group=tenant-1 role=edit
[341/1000] action=delete-rb ns=tenant-1 name=tenant-binding
[342/1000] action=delete-clusterrole name=dev
[343/1000] action=create-crb name=foo-global-binding group=tenant-8 role=cluster-admin
[344/1000] action=cross-tenant-access context=tenant-10-user@kubernetes operation=watch resource=configmap namespace=tenant-9
[345/1000] action=cross-tenant-access context=tenant-6-user@kubernetes operation=delete resource=configmap namespace=tenant-2
[346/1000] action=cross-tenant-access context=tenant-9-user@kubernetes operation=patch resource=configmap namespace=tenant-3
[347/1000] action=cross-tenant-access context=tenant-1-user@kubernetes operation=delete resource=configmap namespace=tenant-3
[348/1000] action=cross-tenant-access context=tenant-4-user@kubernetes operation=list resource=configmap namespace=tenant-6
[349/1000] action=create-crb name=foo-global-binding group=tenant-6 role=dev
[350/1000] action=delete-rb ns=tenant-8 name=tenant-binding
[351/1000] action=create-crb name=foo-global-binding group=tenant-5 role=dev
[352/1000] action=delete-crb name=foo-global-binding
[353/1000] action=cross-tenant-access context=tenant-9-user@kubernetes operation=get resource=configmap namespace=tenant-3
[354/1000] action=create-rb ns=tenant-9 name=tenant-binding group=tenant-9 role=view
[355/1000] action=create-clusterrole name=dev resources=secrets,configmaps verbs=get,list,create,update,watch
[356/1000] action=delete-rb ns=tenant-1 name=tenant-binding
[357/1000] action=delete-rb ns=tenant-6 name=tenant-binding
[358/1000] action=cross-tenant-access context=tenant-2-user@kubernetes operation=list resource=configmap namespace=tenant-7
[359/1000] action=cross-tenant-access context=tenant-10-user@kubernetes operation=delete resource=configmap namespace=tenant-2
[360/1000] action=cross-tenant-access context=tenant-3-user@kubernetes operation=delete resource=configmap namespace=tenant-4
[361/1000] action=create-rb ns=tenant-10 name=tenant-binding group=tenant-10 role=view
[362/1000] action=delete-rb ns=tenant-5 name=tenant-binding
[363/1000] action=delete-rb ns=tenant-9 name=tenant-binding
[364/1000] action=delete-rb ns=tenant-4 name=tenant-binding
[365/1000] action=cross-tenant-access context=tenant-9-user@kubernetes operation=list resource=configmap namespace=tenant-3
[366/1000] action=cross-tenant-access context=tenant-6-user@kubernetes operation=get resource=configmap namespace=tenant-9
[367/1000] action=cross-tenant-access context=tenant-5-user@kubernetes operation=get resource=configmap namespace=tenant-1
[368/1000] action=create-crb name=foo-global-binding group=tenant-4 role=view
[369/1000] action=delete-clusterrole name=dev
[370/1000] action=cross-tenant-access context=tenant-1-user@kubernetes operation=list resource=configmap namespace=tenant-9
[371/1000] action=delete-clusterrole name=dev
[372/1000] action=create-clusterrole name=dev resources=pods,services,configmaps verbs=create,get,list
[373/1000] action=delete-rb ns=tenant-10 name=tenant-binding
[374/1000] action=cross-tenant-access context=tenant-4-user@kubernetes operation=patch resource=configmap namespace=tenant-8
[375/1000] action=create-rb ns=tenant-5 name=tenant-binding group=tenant-5 role=cluster-admin
[376/1000] action=create-crb name=foo-global-binding group=tenant-10 role=view
[377/1000] action=create-rb ns=tenant-10 name=tenant-binding group=tenant-10 role=edit
[378/1000] action=cross-tenant-access context=tenant-4-user@kubernetes operation=get resource=configmap namespace=tenant-6
[379/1000] action=cross-tenant-access context=tenant-8-user@kubernetes operation=delete resource=configmap namespace=tenant-7
[380/1000] action=create-rb ns=tenant-7 name=tenant-binding group=tenant-7 role=dev
[381/1000] action=create-rb ns=tenant-2 name=tenant-binding group=tenant-2 role=dev
[382/1000] action=create-rb ns=tenant-2 name=tenant-binding group=tenant-2 role=dev
[383/1000] action=create-rb ns=tenant-2 name=tenant-binding group=tenant-2 role=dev
[384/1000] action=cross-tenant-access context=tenant-10-user@kubernetes operation=patch resource=configmap namespace=tenant-9
[385/1000] action=delete-crb name=foo-global-binding
[386/1000] action=cross-tenant-access context=tenant-6-user@kubernetes operation=delete resource=configmap namespace=tenant-5
[387/1000] action=create-clusterrole name=dev resources=configmaps verbs=create,deletecollection,get,delete
[388/1000] action=cross-tenant-access context=tenant-3-user@kubernetes operation=delete resource=configmap namespace=tenant-6
[389/1000] action=create-clusterrole name=dev resources=secrets,services,configmaps verbs=get,delete,deletecollection,create,list
[390/1000] action=delete-clusterrole name=dev
[391/1000] action=cross-tenant-access context=tenant-9-user@kubernetes operation=watch resource=configmap namespace=tenant-10
[392/1000] action=cross-tenant-access context=tenant-5-user@kubernetes operation=list resource=configmap namespace=tenant-3
[393/1000] action=delete-clusterrole name=dev
[394/1000] action=delete-rb ns=tenant-7 name=tenant-binding
[395/1000] action=create-crb name=foo-global-binding group=tenant-5 role=dev
[396/1000] action=delete-clusterrole name=dev
[397/1000] action=delete-crb name=foo-global-binding
[398/1000] action=delete-rb ns=tenant-2 name=tenant-binding
[399/1000] action=delete-clusterrole name=dev
[400/1000] action=cross-tenant-access context=tenant-5-user@kubernetes operation=list resource=configmap namespace=tenant-7
[401/1000] action=delete-clusterrole name=dev
[402/1000] action=delete-clusterrole name=dev
[403/1000] action=create-rb ns=tenant-9 name=tenant-binding group=tenant-9 role=admin
[404/1000] action=create-crb name=foo-global-binding group=tenant-2 role=edit
[405/1000] action=delete-crb name=foo-global-binding
[406/1000] action=cross-tenant-access context=tenant-8-user@kubernetes operation=get resource=configmap namespace=tenant-3
[407/1000] action=cross-tenant-access context=tenant-6-user@kubernetes operation=delete resource=configmap namespace=tenant-5
[408/1000] action=create-crb name=foo-global-binding group=tenant-6 role=admin
[409/1000] action=cross-tenant-access context=tenant-9-user@kubernetes operation=list resource=configmap namespace=tenant-1
[410/1000] action=delete-clusterrole name=dev
[411/1000] action=create-rb ns=tenant-4 name=tenant-binding group=tenant-4 role=dev
[412/1000] action=create-crb name=foo-global-binding group=tenant-9 role=admin
[413/1000] action=create-rb ns=tenant-3 name=tenant-binding group=tenant-3 role=view
[414/1000] action=delete-rb ns=tenant-8 name=tenant-binding
[415/1000] action=delete-clusterrole name=dev
[416/1000] action=cross-tenant-access context=tenant-5-user@kubernetes operation=get resource=configmap namespace=tenant-8
[417/1000] action=delete-rb ns=tenant-3 name=tenant-binding
[418/1000] action=delete-clusterrole name=dev
[419/1000] action=delete-clusterrole name=dev
[420/1000] action=create-crb name=foo-global-binding group=tenant-10 role=cluster-admin
[421/1000] action=create-rb ns=tenant-10 name=tenant-binding group=tenant-10 role=admin
[422/1000] action=create-clusterrole name=dev resources=pods,configmaps verbs=list
[423/1000] action=cross-tenant-access context=tenant-1-user@kubernetes operation=get resource=configmap namespace=tenant-2
[424/1000] action=cross-tenant-access context=tenant-9-user@kubernetes operation=list resource=configmap namespace=tenant-4
[425/1000] action=cross-tenant-access context=tenant-7-user@kubernetes operation=patch resource=configmap namespace=tenant-1
[426/1000] action=delete-crb name=foo-global-binding
[427/1000] action=delete-crb name=foo-global-binding
[428/1000] action=delete-crb name=foo-global-binding
[429/1000] action=delete-crb name=foo-global-binding
[430/1000] action=delete-rb ns=tenant-2 name=tenant-binding
[431/1000] action=delete-crb name=foo-global-binding
[432/1000] action=cross-tenant-access context=tenant-1-user@kubernetes operation=delete resource=configmap namespace=tenant-6
[433/1000] action=delete-rb ns=tenant-7 name=tenant-binding
[434/1000] action=delete-clusterrole name=dev
[435/1000] action=create-crb name=foo-global-binding group=tenant-4 role=edit
[436/1000] action=cross-tenant-access context=tenant-8-user@kubernetes operation=watch resource=configmap namespace=tenant-10
[437/1000] action=create-crb name=foo-global-binding group=tenant-10 role=admin
[438/1000] action=create-clusterrole name=dev resources=pods,configmaps,services verbs=get,create
[439/1000] action=delete-clusterrole name=dev
[440/1000] action=cross-tenant-access context=tenant-7-user@kubernetes operation=list resource=configmap namespace=tenant-5
[441/1000] action=delete-clusterrole name=dev
[442/1000] action=cross-tenant-access context=tenant-5-user@kubernetes operation=list resource=configmap namespace=tenant-7
[443/1000] action=delete-clusterrole name=dev
[444/1000] action=cross-tenant-access context=tenant-10-user@kubernetes operation=delete resource=configmap namespace=tenant-4
[445/1000] action=delete-clusterrole name=dev
[446/1000] action=cross-tenant-access context=tenant-10-user@kubernetes operation=list resource=configmap namespace=tenant-6
[447/1000] action=cross-tenant-access context=tenant-6-user@kubernetes operation=watch resource=configmap namespace=tenant-4
[448/1000] action=cross-tenant-access context=tenant-9-user@kubernetes operation=delete resource=configmap namespace=tenant-6
[449/1000] action=create-rb ns=tenant-8 name=tenant-binding group=tenant-8 role=dev
[450/1000] action=cross-tenant-access context=tenant-5-user@kubernetes operation=watch resource=configmap namespace=tenant-6
[451/1000] action=create-rb ns=tenant-7 name=tenant-binding group=tenant-7 role=admin
[452/1000] action=create-clusterrole name=dev resources=secrets verbs=create,delete
[453/1000] action=delete-clusterrole name=dev
[454/1000] action=delete-crb name=foo-global-binding
[455/1000] action=cross-tenant-access context=tenant-10-user@kubernetes operation=get resource=configmap namespace=tenant-2
[456/1000] action=create-crb name=foo-global-binding group=tenant-10 role=admin
[457/1000] action=delete-crb name=foo-global-binding
[458/1000] action=delete-crb name=foo-global-binding
[459/1000] action=cross-tenant-access context=tenant-4-user@kubernetes operation=get resource=configmap namespace=tenant-8
[460/1000] action=delete-rb ns=tenant-7 name=tenant-binding
[461/1000] action=delete-clusterrole name=dev
[462/1000] action=cross-tenant-access context=tenant-8-user@kubernetes operation=list resource=configmap namespace=tenant-2
[463/1000] action=create-crb name=foo-global-binding group=tenant-10 role=edit
[464/1000] action=create-rb ns=tenant-6 name=tenant-binding group=tenant-6 role=admin
[465/1000] action=create-crb name=foo-global-binding group=tenant-7 role=view
[466/1000] action=cross-tenant-access context=tenant-10-user@kubernetes operation=get resource=configmap namespace=tenant-1
[467/1000] action=delete-crb name=foo-global-binding
[468/1000] action=cross-tenant-access context=tenant-10-user@kubernetes operation=watch resource=configmap namespace=tenant-7
[469/1000] action=create-rb ns=tenant-3 name=tenant-binding group=tenant-3 role=dev
[470/1000] action=create-rb ns=tenant-5 name=tenant-binding group=tenant-5 role=admin
[471/1000] action=delete-crb name=foo-global-binding
[472/1000] action=delete-rb ns=tenant-7 name=tenant-binding
[473/1000] action=create-crb name=foo-global-binding group=tenant-2 role=admin
[474/1000] action=cross-tenant-access context=tenant-4-user@kubernetes operation=watch resource=configmap namespace=tenant-8
[475/1000] action=create-crb name=foo-global-binding group=tenant-10 role=dev
[476/1000] action=delete-clusterrole name=dev
[477/1000] action=delete-rb ns=tenant-2 name=tenant-binding
[478/1000] action=create-crb name=foo-global-binding group=tenant-1 role=cluster-admin
[479/1000] action=cross-tenant-access context=tenant-10-user@kubernetes operation=get resource=configmap namespace=tenant-9
[480/1000] action=create-clusterrole name=dev resources=configmaps,services,pods verbs=create
[481/1000] action=cross-tenant-access context=tenant-3-user@kubernetes operation=patch resource=configmap namespace=tenant-6
[482/1000] action=delete-clusterrole name=dev
[483/1000] action=delete-rb ns=tenant-8 name=tenant-binding
[484/1000] action=create-clusterrole name=dev resources=secrets,services,pods verbs=patch,create,delete,get,deletecollection
[485/1000] action=create-rb ns=tenant-4 name=tenant-binding group=tenant-4 role=admin
[486/1000] action=cross-tenant-access context=tenant-8-user@kubernetes operation=watch resource=configmap namespace=tenant-6
[487/1000] action=delete-rb ns=tenant-10 name=tenant-binding
[488/1000] action=cross-tenant-access context=tenant-8-user@kubernetes operation=delete resource=configmap namespace=tenant-6
[489/1000] action=cross-tenant-access context=tenant-9-user@kubernetes operation=list resource=configmap namespace=tenant-8
[490/1000] action=cross-tenant-access context=tenant-7-user@kubernetes operation=get resource=configmap namespace=tenant-10
[491/1000] action=delete-rb ns=tenant-5 name=tenant-binding
[492/1000] action=create-rb ns=tenant-8 name=tenant-binding group=tenant-8 role=view
[493/1000] action=cross-tenant-access context=tenant-7-user@kubernetes operation=list resource=configmap namespace=tenant-3
[494/1000] action=cross-tenant-access context=tenant-9-user@kubernetes operation=patch resource=configmap namespace=tenant-8
[495/1000] action=cross-tenant-access context=tenant-1-user@kubernetes operation=delete resource=configmap namespace=tenant-8
[496/1000] action=cross-tenant-access context=tenant-8-user@kubernetes operation=patch resource=configmap namespace=tenant-1
[497/1000] action=cross-tenant-access context=tenant-10-user@kubernetes operation=get resource=configmap namespace=tenant-7
[498/1000] action=delete-clusterrole name=dev
[499/1000] action=delete-crb name=foo-global-binding
[500/1000] action=cross-tenant-access context=tenant-8-user@kubernetes operation=get resource=configmap namespace=tenant-3
[501/1000] action=delete-crb name=foo-global-binding
[502/1000] action=create-rb ns=tenant-4 name=tenant-binding group=tenant-4 role=cluster-admin
[503/1000] action=delete-rb ns=tenant-1 name=tenant-binding
[504/1000] action=cross-tenant-access context=tenant-3-user@kubernetes operation=get resource=configmap namespace=tenant-9
[505/1000] action=delete-crb name=foo-global-binding
[506/1000] action=cross-tenant-access context=tenant-4-user@kubernetes operation=patch resource=configmap namespace=tenant-10
[507/1000] action=delete-crb name=foo-global-binding
[508/1000] action=create-rb ns=tenant-6 name=tenant-binding group=tenant-6 role=cluster-admin
[509/1000] action=create-rb ns=tenant-1 name=tenant-binding group=tenant-1 role=view
[510/1000] action=delete-rb ns=tenant-10 name=tenant-binding
[511/1000] action=create-rb ns=tenant-5 name=tenant-binding group=tenant-5 role=view
[512/1000] action=create-rb ns=tenant-8 name=tenant-binding group=tenant-8 role=edit
[513/1000] action=delete-clusterrole name=dev
[514/1000] action=cross-tenant-access context=tenant-8-user@kubernetes operation=get resource=configmap namespace=tenant-7
[515/1000] action=create-rb ns=tenant-3 name=tenant-binding group=tenant-3 role=cluster-admin
[516/1000] action=create-clusterrole name=dev resources=pods verbs=update,patch
[517/1000] action=delete-rb ns=tenant-2 name=tenant-binding
[518/1000] action=create-rb ns=tenant-2 name=tenant-binding group=tenant-2 role=admin
[519/1000] action=create-crb name=foo-global-binding group=tenant-5 role=dev
[520/1000] action=delete-rb ns=tenant-5 name=tenant-binding
[521/1000] action=cross-tenant-access context=tenant-10-user@kubernetes operation=get resource=configmap namespace=tenant-7
[522/1000] action=delete-rb ns=tenant-10 name=tenant-binding
[523/1000] action=create-clusterrole name=dev resources=pods verbs=watch,patch
[524/1000] action=cross-tenant-access context=tenant-2-user@kubernetes operation=list resource=configmap namespace=tenant-3
[525/1000] action=create-rb ns=tenant-5 name=tenant-binding group=tenant-5 role=edit
[526/1000] action=cross-tenant-access context=tenant-3-user@kubernetes operation=get resource=configmap namespace=tenant-10
[527/1000] action=cross-tenant-access context=tenant-6-user@kubernetes operation=watch resource=configmap namespace=tenant-3
[528/1000] action=delete-clusterrole name=dev
[529/1000] action=cross-tenant-access context=tenant-1-user@kubernetes operation=watch resource=configmap namespace=tenant-6
[530/1000] action=delete-rb ns=tenant-3 name=tenant-binding
[531/1000] action=create-rb ns=tenant-10 name=tenant-binding group=tenant-10 role=cluster-admin
[532/1000] action=create-clusterrole name=dev resources=configmaps verbs=update
[533/1000] action=delete-rb ns=tenant-2 name=tenant-binding
[534/1000] action=delete-crb name=foo-global-binding
[535/1000] action=create-clusterrole name=dev resources=secrets verbs=watch,patch
[536/1000] action=cross-tenant-access context=tenant-10-user@kubernetes operation=watch resource=configmap namespace=tenant-9
[537/1000] action=delete-rb ns=tenant-1 name=tenant-binding
[538/1000] action=delete-clusterrole name=dev
[539/1000] action=cross-tenant-access context=tenant-5-user@kubernetes operation=list resource=configmap namespace=tenant-3
[540/1000] action=create-clusterrole name=dev resources=configmaps verbs=create,watch,list,patch,deletecollection
[541/1000] action=create-rb ns=tenant-5 name=tenant-binding group=tenant-5 role=dev
[542/1000] action=delete-rb ns=tenant-10 name=tenant-binding
[543/1000] action=create-rb ns=tenant-5 name=tenant-binding group=tenant-5 role=dev
[544/1000] action=delete-crb name=foo-global-binding
[545/1000] action=create-rb ns=tenant-10 name=tenant-binding group=tenant-10 role=cluster-admin
[546/1000] action=create-rb ns=tenant-7 name=tenant-binding group=tenant-7 role=cluster-admin
[547/1000] action=cross-tenant-access context=tenant-2-user@kubernetes operation=list resource=configmap namespace=tenant-1
[548/1000] action=cross-tenant-access context=tenant-9-user@kubernetes operation=watch resource=configmap namespace=tenant-1
[549/1000] action=cross-tenant-access context=tenant-5-user@kubernetes operation=list resource=configmap namespace=tenant-3
[550/1000] action=delete-clusterrole name=dev
[551/1000] action=delete-crb name=foo-global-binding
[552/1000] action=cross-tenant-access context=tenant-5-user@kubernetes operation=watch resource=configmap namespace=tenant-4
[553/1000] action=create-crb name=foo-global-binding group=tenant-6 role=cluster-admin
[554/1000] action=cross-tenant-access context=tenant-7-user@kubernetes operation=patch resource=configmap namespace=tenant-1
[555/1000] action=create-rb ns=tenant-6 name=tenant-binding group=tenant-6 role=cluster-admin
[556/1000] action=cross-tenant-access context=tenant-8-user@kubernetes operation=patch resource=configmap namespace=tenant-9
[557/1000] action=create-rb ns=tenant-9 name=tenant-binding group=tenant-9 role=admin
[558/1000] action=cross-tenant-access context=tenant-6-user@kubernetes operation=get resource=configmap namespace=tenant-7
[559/1000] action=create-clusterrole name=dev resources=services,pods,secrets verbs=deletecollection,create,delete,watch,get
[560/1000] action=cross-tenant-access context=tenant-10-user@kubernetes operation=list resource=configmap namespace=tenant-2
[561/1000] action=cross-tenant-access context=tenant-10-user@kubernetes operation=patch resource=configmap namespace=tenant-9
[562/1000] action=delete-rb ns=tenant-9 name=tenant-binding
[563/1000] action=delete-rb ns=tenant-5 name=tenant-binding
[564/1000] action=cross-tenant-access context=tenant-3-user@kubernetes operation=list resource=configmap namespace=tenant-9
[565/1000] action=delete-clusterrole name=dev
[566/1000] action=create-rb ns=tenant-1 name=tenant-binding group=tenant-1 role=admin
[567/1000] action=cross-tenant-access context=tenant-9-user@kubernetes operation=patch resource=configmap namespace=tenant-7
[568/1000] action=delete-rb ns=tenant-5 name=tenant-binding
[569/1000] action=create-clusterrole name=dev resources=pods,services,secrets verbs=get,update,create,delete,list
[570/1000] action=create-clusterrole name=dev resources=services,secrets verbs=create,delete
[571/1000] action=delete-rb ns=tenant-3 name=tenant-binding
[572/1000] action=create-crb name=foo-global-binding group=tenant-6 role=cluster-admin
[573/1000] action=cross-tenant-access context=tenant-5-user@kubernetes operation=patch resource=configmap namespace=tenant-9
[574/1000] action=cross-tenant-access context=tenant-2-user@kubernetes operation=watch resource=configmap namespace=tenant-8
[575/1000] action=cross-tenant-access context=tenant-6-user@kubernetes operation=delete resource=configmap namespace=tenant-2
[576/1000] action=create-crb name=foo-global-binding group=tenant-9 role=admin
[577/1000] action=create-rb ns=tenant-6 name=tenant-binding group=tenant-6 role=admin
[578/1000] action=delete-rb ns=tenant-10 name=tenant-binding
[579/1000] action=create-rb ns=tenant-1 name=tenant-binding group=tenant-1 role=view
[580/1000] action=delete-crb name=foo-global-binding
[581/1000] action=cross-tenant-access context=tenant-10-user@kubernetes operation=delete resource=configmap namespace=tenant-2
[582/1000] action=delete-rb ns=tenant-8 name=tenant-binding
[583/1000] action=create-clusterrole name=dev resources=pods,services verbs=deletecollection,get
[584/1000] action=cross-tenant-access context=tenant-6-user@kubernetes operation=watch resource=configmap namespace=tenant-1
[585/1000] action=create-crb name=foo-global-binding group=tenant-2 role=admin
[586/1000] action=cross-tenant-access context=tenant-7-user@kubernetes operation=watch resource=configmap namespace=tenant-2
[587/1000] action=delete-clusterrole name=dev
[588/1000] action=create-rb ns=tenant-3 name=tenant-binding group=tenant-3 role=cluster-admin
[589/1000] action=create-crb name=foo-global-binding group=tenant-7 role=view
[590/1000] action=delete-rb ns=tenant-3 name=tenant-binding
[591/1000] action=create-rb ns=tenant-6 name=tenant-binding group=tenant-6 role=cluster-admin
[592/1000] action=delete-crb name=foo-global-binding
[593/1000] action=delete-rb ns=tenant-2 name=tenant-binding
[594/1000] action=cross-tenant-access context=tenant-7-user@kubernetes operation=watch resource=configmap namespace=tenant-2
[595/1000] action=delete-rb ns=tenant-1 name=tenant-binding
[596/1000] action=cross-tenant-access context=tenant-9-user@kubernetes operation=patch resource=configmap namespace=tenant-3
[597/1000] action=cross-tenant-access context=tenant-10-user@kubernetes operation=delete resource=configmap namespace=tenant-4
[598/1000] action=create-clusterrole name=dev resources=secrets,services verbs=update,watch,deletecollection,list
[599/1000] action=cross-tenant-access context=tenant-5-user@kubernetes operation=watch resource=configmap namespace=tenant-1
[600/1000] action=delete-crb name=foo-global-binding
[601/1000] action=cross-tenant-access context=tenant-4-user@kubernetes operation=delete resource=configmap namespace=tenant-2
[602/1000] action=create-rb ns=tenant-10 name=tenant-binding group=tenant-10 role=view
[603/1000] action=create-crb name=foo-global-binding group=tenant-5 role=edit
[604/1000] action=create-rb ns=tenant-4 name=tenant-binding group=tenant-4 role=admin
[605/1000] action=cross-tenant-access context=tenant-9-user@kubernetes operation=watch resource=configmap namespace=tenant-5
[606/1000] action=delete-clusterrole name=dev
[607/1000] action=create-crb name=foo-global-binding group=tenant-7 role=admin
[608/1000] action=create-crb name=foo-global-binding group=tenant-6 role=cluster-admin
[609/1000] action=cross-tenant-access context=tenant-3-user@kubernetes operation=get resource=configmap namespace=tenant-9
[610/1000] action=create-clusterrole name=dev resources=pods verbs=get,list,deletecollection,patch
[611/1000] action=delete-rb ns=tenant-9 name=tenant-binding
[612/1000] action=cross-tenant-access context=tenant-6-user@kubernetes operation=delete resource=configmap namespace=tenant-8
[613/1000] action=cross-tenant-access context=tenant-5-user@kubernetes operation=delete resource=configmap namespace=tenant-6
[614/1000] action=delete-clusterrole name=dev
[615/1000] action=delete-crb name=foo-global-binding
[616/1000] action=cross-tenant-access context=tenant-8-user@kubernetes operation=patch resource=configmap namespace=tenant-10
[617/1000] action=delete-crb name=foo-global-binding
[618/1000] action=create-rb ns=tenant-8 name=tenant-binding group=tenant-8 role=cluster-admin
[619/1000] action=create-rb ns=tenant-1 name=tenant-binding group=tenant-1 role=cluster-admin
[620/1000] action=delete-clusterrole name=dev
[621/1000] action=cross-tenant-access context=tenant-10-user@kubernetes operation=patch resource=configmap namespace=tenant-8
[622/1000] action=cross-tenant-access context=tenant-3-user@kubernetes operation=watch resource=configmap namespace=tenant-6
[623/1000] action=delete-rb ns=tenant-2 name=tenant-binding
[624/1000] action=cross-tenant-access context=tenant-2-user@kubernetes operation=list resource=configmap namespace=tenant-3
[625/1000] action=cross-tenant-access context=tenant-2-user@kubernetes operation=list resource=configmap namespace=tenant-10
[626/1000] action=cross-tenant-access context=tenant-1-user@kubernetes operation=patch resource=configmap namespace=tenant-2
[627/1000] action=cross-tenant-access context=tenant-7-user@kubernetes operation=list resource=configmap namespace=tenant-10
[628/1000] action=delete-clusterrole name=dev
[629/1000] action=delete-clusterrole name=dev
[630/1000] action=delete-crb name=foo-global-binding
[631/1000] action=cross-tenant-access context=tenant-5-user@kubernetes operation=patch resource=configmap namespace=tenant-7
[632/1000] action=create-clusterrole name=dev resources=configmaps verbs=deletecollection,create,patch,get
[633/1000] action=create-clusterrole name=dev resources=pods,services,secrets verbs=list,delete,watch,patch
[634/1000] action=delete-clusterrole name=dev
[635/1000] action=cross-tenant-access context=tenant-6-user@kubernetes operation=delete resource=configmap namespace=tenant-10
[636/1000] action=create-rb ns=tenant-5 name=tenant-binding group=tenant-5 role=dev
[637/1000] action=cross-tenant-access context=tenant-6-user@kubernetes operation=list resource=configmap namespace=tenant-1
[638/1000] action=cross-tenant-access context=tenant-10-user@kubernetes operation=list resource=configmap namespace=tenant-9
[639/1000] action=create-rb ns=tenant-3 name=tenant-binding group=tenant-3 role=edit
[640/1000] action=delete-clusterrole name=dev
[641/1000] action=create-clusterrole name=dev resources=services,pods,secrets verbs=delete,deletecollection,create,patch,watch
[642/1000] action=cross-tenant-access context=tenant-9-user@kubernetes operation=list resource=configmap namespace=tenant-10
[643/1000] action=delete-crb name=foo-global-binding
[644/1000] action=cross-tenant-access context=tenant-2-user@kubernetes operation=list resource=configmap namespace=tenant-7
[645/1000] action=cross-tenant-access context=tenant-8-user@kubernetes operation=list resource=configmap namespace=tenant-5
[646/1000] action=delete-crb name=foo-global-binding
[647/1000] action=delete-rb ns=tenant-1 name=tenant-binding
[648/1000] action=cross-tenant-access context=tenant-3-user@kubernetes operation=patch resource=configmap namespace=tenant-5
[649/1000] action=create-crb name=foo-global-binding group=tenant-3 role=admin
[650/1000] action=cross-tenant-access context=tenant-2-user@kubernetes operation=list resource=configmap namespace=tenant-4
[651/1000] action=delete-rb ns=tenant-4 name=tenant-binding
[652/1000] action=create-crb name=foo-global-binding group=tenant-1 role=view
[653/1000] action=cross-tenant-access context=tenant-10-user@kubernetes operation=delete resource=configmap namespace=tenant-1
[654/1000] action=delete-rb ns=tenant-8 name=tenant-binding
[655/1000] action=create-rb ns=tenant-8 name=tenant-binding group=tenant-8 role=admin
[656/1000] action=delete-clusterrole name=dev
[657/1000] action=cross-tenant-access context=tenant-7-user@kubernetes operation=watch resource=configmap namespace=tenant-4
[658/1000] action=cross-tenant-access context=tenant-2-user@kubernetes operation=watch resource=configmap namespace=tenant-5
[659/1000] action=delete-rb ns=tenant-10 name=tenant-binding
[660/1000] action=cross-tenant-access context=tenant-1-user@kubernetes operation=delete resource=configmap namespace=tenant-5
[661/1000] action=create-rb ns=tenant-4 name=tenant-binding group=tenant-4 role=dev
[662/1000] action=delete-rb ns=tenant-7 name=tenant-binding
[663/1000] action=delete-crb name=foo-global-binding
[664/1000] action=cross-tenant-access context=tenant-4-user@kubernetes operation=watch resource=configmap namespace=tenant-2
[665/1000] action=cross-tenant-access context=tenant-7-user@kubernetes operation=watch resource=configmap namespace=tenant-8
[666/1000] action=create-rb ns=tenant-7 name=tenant-binding group=tenant-7 role=view
[667/1000] action=cross-tenant-access context=tenant-7-user@kubernetes operation=watch resource=configmap namespace=tenant-2
[668/1000] action=create-clusterrole name=dev resources=pods,services,secrets verbs=create,patch
[669/1000] action=create-rb ns=tenant-6 name=tenant-binding group=tenant-6 role=view
[670/1000] action=cross-tenant-access context=tenant-1-user@kubernetes operation=patch resource=configmap namespace=tenant-5
[671/1000] action=create-crb name=foo-global-binding group=tenant-7 role=admin
[672/1000] action=delete-clusterrole name=dev
[673/1000] action=create-rb ns=tenant-8 name=tenant-binding group=tenant-8 role=admin
[674/1000] action=cross-tenant-access context=tenant-1-user@kubernetes operation=delete resource=configmap namespace=tenant-8
[675/1000] action=delete-clusterrole name=dev
[676/1000] action=create-rb ns=tenant-7 name=tenant-binding group=tenant-7 role=admin
[677/1000] action=cross-tenant-access context=tenant-9-user@kubernetes operation=delete resource=configmap namespace=tenant-1
[678/1000] action=cross-tenant-access context=tenant-1-user@kubernetes operation=get resource=configmap namespace=tenant-5
[679/1000] action=create-rb ns=tenant-10 name=tenant-binding group=tenant-10 role=admin
[680/1000] action=create-clusterrole name=dev resources=services,configmaps verbs=watch
[681/1000] action=cross-tenant-access context=tenant-3-user@kubernetes operation=list resource=configmap namespace=tenant-1
[682/1000] action=cross-tenant-access context=tenant-6-user@kubernetes operation=patch resource=configmap namespace=tenant-5
[683/1000] action=cross-tenant-access context=tenant-9-user@kubernetes operation=list resource=configmap namespace=tenant-5
[684/1000] action=delete-rb ns=tenant-7 name=tenant-binding
[685/1000] action=create-clusterrole name=dev resources=secrets,pods verbs=create,delete
[686/1000] action=delete-clusterrole name=dev
[687/1000] action=delete-rb ns=tenant-10 name=tenant-binding
[688/1000] action=cross-tenant-access context=tenant-9-user@kubernetes operation=delete resource=configmap namespace=tenant-6
[689/1000] action=delete-rb ns=tenant-6 name=tenant-binding
[690/1000] action=delete-rb ns=tenant-4 name=tenant-binding
[691/1000] action=delete-rb ns=tenant-5 name=tenant-binding
[692/1000] action=cross-tenant-access context=tenant-10-user@kubernetes operation=get resource=configmap namespace=tenant-9
[693/1000] action=cross-tenant-access context=tenant-2-user@kubernetes operation=watch resource=configmap namespace=tenant-3
[694/1000] action=create-crb name=foo-global-binding group=tenant-4 role=dev
[695/1000] action=create-crb name=foo-global-binding group=tenant-7 role=edit
[696/1000] action=delete-rb ns=tenant-3 name=tenant-binding
[697/1000] action=cross-tenant-access context=tenant-4-user@kubernetes operation=patch resource=configmap namespace=tenant-6
[698/1000] action=cross-tenant-access context=tenant-7-user@kubernetes operation=delete resource=configmap namespace=tenant-1
[699/1000] action=cross-tenant-access context=tenant-7-user@kubernetes operation=list resource=configmap namespace=tenant-5
[700/1000] action=create-crb name=foo-global-binding group=tenant-6 role=admin
[701/1000] action=delete-rb ns=tenant-6 name=tenant-binding
[702/1000] action=create-crb name=foo-global-binding group=tenant-8 role=dev
[703/1000] action=delete-crb name=foo-global-binding
[704/1000] action=create-clusterrole name=dev resources=services,secrets verbs=list,update,deletecollection,get,delete
[705/1000] action=delete-crb name=foo-global-binding
[706/1000] action=create-crb name=foo-global-binding group=tenant-5 role=admin
[707/1000] action=cross-tenant-access context=tenant-3-user@kubernetes operation=delete resource=configmap namespace=tenant-5
[708/1000] action=delete-rb ns=tenant-10 name=tenant-binding
[709/1000] action=cross-tenant-access context=tenant-7-user@kubernetes operation=delete resource=configmap namespace=tenant-1
[710/1000] action=create-clusterrole name=dev resources=secrets,pods,services verbs=delete,watch,deletecollection,patch,list
[711/1000] action=create-rb ns=tenant-2 name=tenant-binding group=tenant-2 role=dev
[712/1000] action=cross-tenant-access context=tenant-3-user@kubernetes operation=get resource=configmap namespace=tenant-8
[713/1000] action=create-crb name=foo-global-binding group=tenant-2 role=dev
[714/1000] action=create-rb ns=tenant-9 name=tenant-binding group=tenant-9 role=dev
[715/1000] action=cross-tenant-access context=tenant-1-user@kubernetes operation=watch resource=configmap namespace=tenant-4
[716/1000] action=cross-tenant-access context=tenant-10-user@kubernetes operation=get resource=configmap namespace=tenant-7
[717/1000] action=cross-tenant-access context=tenant-8-user@kubernetes operation=list resource=configmap namespace=tenant-4
[718/1000] action=create-rb ns=tenant-10 name=tenant-binding group=tenant-10 role=view
[719/1000] action=create-crb name=foo-global-binding group=tenant-2 role=cluster-admin
[720/1000] action=create-rb ns=tenant-1 name=tenant-binding group=tenant-1 role=dev
[721/1000] action=cross-tenant-access context=tenant-2-user@kubernetes operation=watch resource=configmap namespace=tenant-3
[722/1000] action=cross-tenant-access context=tenant-7-user@kubernetes operation=get resource=configmap namespace=tenant-9
[723/1000] action=cross-tenant-access context=tenant-7-user@kubernetes operation=watch resource=configmap namespace=tenant-10
[724/1000] action=cross-tenant-access context=tenant-2-user@kubernetes operation=list resource=configmap namespace=tenant-4
[725/1000] action=create-clusterrole name=dev resources=secrets,services verbs=list
[726/1000] action=cross-tenant-access context=tenant-3-user@kubernetes operation=delete resource=configmap namespace=tenant-6
[727/1000] action=create-rb ns=tenant-6 name=tenant-binding group=tenant-6 role=dev
[728/1000] action=create-crb name=foo-global-binding group=tenant-6 role=admin
[729/1000] action=create-rb ns=tenant-7 name=tenant-binding group=tenant-7 role=dev
[730/1000] action=cross-tenant-access context=tenant-2-user@kubernetes operation=watch resource=configmap namespace=tenant-5
[731/1000] action=delete-crb name=foo-global-binding
[732/1000] action=create-rb ns=tenant-5 name=tenant-binding group=tenant-5 role=admin
[733/1000] action=create-clusterrole name=dev resources=secrets,services,configmaps verbs=deletecollection,get,watch
[734/1000] action=cross-tenant-access context=tenant-8-user@kubernetes operation=delete resource=configmap namespace=tenant-7
[735/1000] action=delete-rb ns=tenant-3 name=tenant-binding
[736/1000] action=delete-clusterrole name=dev
[737/1000] action=create-clusterrole name=dev resources=configmaps,pods,services verbs=get
[738/1000] action=create-rb ns=tenant-5 name=tenant-binding group=tenant-5 role=cluster-admin
[739/1000] action=delete-rb ns=tenant-10 name=tenant-binding
[740/1000] action=cross-tenant-access context=tenant-4-user@kubernetes operation=delete resource=configmap namespace=tenant-8
[741/1000] action=delete-crb name=foo-global-binding
[742/1000] action=create-rb ns=tenant-4 name=tenant-binding group=tenant-4 role=dev
[743/1000] action=delete-crb name=foo-global-binding
[744/1000] action=cross-tenant-access context=tenant-8-user@kubernetes operation=watch resource=configmap namespace=tenant-7
[745/1000] action=cross-tenant-access context=tenant-10-user@kubernetes operation=delete resource=configmap namespace=tenant-9
[746/1000] action=create-crb name=foo-global-binding group=tenant-1 role=cluster-admin
[747/1000] action=delete-clusterrole name=dev
[748/1000] action=create-clusterrole name=dev resources=services,secrets,configmaps verbs=delete,watch,patch,update,deletecollection
[749/1000] action=cross-tenant-access context=tenant-1-user@kubernetes operation=list resource=configmap namespace=tenant-10
[750/1000] action=delete-rb ns=tenant-3 name=tenant-binding
[751/1000] action=cross-tenant-access context=tenant-2-user@kubernetes operation=watch resource=configmap namespace=tenant-1
[752/1000] action=cross-tenant-access context=tenant-10-user@kubernetes operation=list resource=configmap namespace=tenant-6
[753/1000] action=delete-clusterrole name=dev
[754/1000] action=create-rb ns=tenant-3 name=tenant-binding group=tenant-3 role=view
[755/1000] action=create-clusterrole name=dev resources=secrets,pods,configmaps verbs=create
[756/1000] action=delete-crb name=foo-global-binding
[757/1000] action=delete-clusterrole name=dev
[758/1000] action=delete-rb ns=tenant-10 name=tenant-binding
[759/1000] action=create-crb name=foo-global-binding group=tenant-6 role=admin
[760/1000] action=cross-tenant-access context=tenant-1-user@kubernetes operation=patch resource=configmap namespace=tenant-9
[761/1000] action=cross-tenant-access context=tenant-6-user@kubernetes operation=list resource=configmap namespace=tenant-9
[762/1000] action=cross-tenant-access context=tenant-3-user@kubernetes operation=list resource=configmap namespace=tenant-5
[763/1000] action=create-crb name=foo-global-binding group=tenant-3 role=edit
[764/1000] action=create-crb name=foo-global-binding group=tenant-3 role=view
[765/1000] action=create-rb ns=tenant-5 name=tenant-binding group=tenant-5 role=cluster-admin
[766/1000] action=delete-clusterrole name=dev
[767/1000] action=delete-clusterrole name=dev
[768/1000] action=create-rb ns=tenant-10 name=tenant-binding group=tenant-10 role=cluster-admin
[769/1000] action=create-clusterrole name=dev resources=secrets verbs=get,patch
[770/1000] action=create-crb name=foo-global-binding group=tenant-9 role=view
[771/1000] action=cross-tenant-access context=tenant-2-user@kubernetes operation=list resource=configmap namespace=tenant-7
[772/1000] action=cross-tenant-access context=tenant-8-user@kubernetes operation=watch resource=configmap namespace=tenant-1
[773/1000] action=delete-crb name=foo-global-binding
[774/1000] action=cross-tenant-access context=tenant-4-user@kubernetes operation=watch resource=configmap namespace=tenant-8
[775/1000] action=cross-tenant-access context=tenant-6-user@kubernetes operation=watch resource=configmap namespace=tenant-4
[776/1000] action=create-rb ns=tenant-4 name=tenant-binding group=tenant-4 role=view
[777/1000] action=delete-rb ns=tenant-7 name=tenant-binding
[778/1000] action=cross-tenant-access context=tenant-2-user@kubernetes operation=patch resource=configmap namespace=tenant-3
[779/1000] action=delete-clusterrole name=dev
[780/1000] action=create-clusterrole name=dev resources=configmaps,services,secrets verbs=create,patch,delete,get,list
[781/1000] action=create-rb ns=tenant-8 name=tenant-binding group=tenant-8 role=edit
[782/1000] action=cross-tenant-access context=tenant-4-user@kubernetes operation=list resource=configmap namespace=tenant-2
[783/1000] action=cross-tenant-access context=tenant-5-user@kubernetes operation=watch resource=configmap namespace=tenant-9
[784/1000] action=cross-tenant-access context=tenant-1-user@kubernetes operation=watch resource=configmap namespace=tenant-6
[785/1000] action=delete-rb ns=tenant-3 name=tenant-binding
[786/1000] action=cross-tenant-access context=tenant-1-user@kubernetes operation=list resource=configmap namespace=tenant-3
[787/1000] action=cross-tenant-access context=tenant-6-user@kubernetes operation=get resource=configmap namespace=tenant-1
[788/1000] action=delete-rb ns=tenant-6 name=tenant-binding
[789/1000] action=delete-rb ns=tenant-1 name=tenant-binding
[790/1000] action=delete-clusterrole name=dev
[791/1000] action=create-rb ns=tenant-3 name=tenant-binding group=tenant-3 role=admin
[792/1000] action=create-crb name=foo-global-binding group=tenant-4 role=dev
[793/1000] action=cross-tenant-access context=tenant-5-user@kubernetes operation=get resource=configmap namespace=tenant-9
[794/1000] action=create-rb ns=tenant-1 name=tenant-binding group=tenant-1 role=edit
[795/1000] action=cross-tenant-access context=tenant-3-user@kubernetes operation=delete resource=configmap namespace=tenant-7
[796/1000] action=cross-tenant-access context=tenant-2-user@kubernetes operation=patch resource=configmap namespace=tenant-4
[797/1000] action=cross-tenant-access context=tenant-2-user@kubernetes operation=list resource=configmap namespace=tenant-9
[798/1000] action=create-rb ns=tenant-2 name=tenant-binding group=tenant-2 role=cluster-admin
[799/1000] action=cross-tenant-access context=tenant-2-user@kubernetes operation=watch resource=configmap namespace=tenant-8
[800/1000] action=cross-tenant-access context=tenant-3-user@kubernetes operation=patch resource=configmap namespace=tenant-2
[801/1000] action=create-rb ns=tenant-1 name=tenant-binding group=tenant-1 role=cluster-admin
[802/1000] action=delete-clusterrole name=dev
[803/1000] action=cross-tenant-access context=tenant-10-user@kubernetes operation=patch resource=configmap namespace=tenant-6
[804/1000] action=cross-tenant-access context=tenant-10-user@kubernetes operation=list resource=configmap namespace=tenant-1
[805/1000] action=cross-tenant-access context=tenant-10-user@kubernetes operation=watch resource=configmap namespace=tenant-9
[806/1000] action=cross-tenant-access context=tenant-5-user@kubernetes operation=patch resource=configmap namespace=tenant-4
[807/1000] action=cross-tenant-access context=tenant-3-user@kubernetes operation=patch resource=configmap namespace=tenant-1
[808/1000] action=delete-crb name=foo-global-binding
[809/1000] action=cross-tenant-access context=tenant-9-user@kubernetes operation=patch resource=configmap namespace=tenant-4
[810/1000] action=delete-rb ns=tenant-5 name=tenant-binding
[811/1000] action=cross-tenant-access context=tenant-7-user@kubernetes operation=patch resource=configmap namespace=tenant-1
[812/1000] action=create-clusterrole name=dev resources=secrets,configmaps verbs=create,get
[813/1000] action=delete-rb ns=tenant-10 name=tenant-binding
[814/1000] action=create-rb ns=tenant-5 name=tenant-binding group=tenant-5 role=admin
[815/1000] action=cross-tenant-access context=tenant-1-user@kubernetes operation=list resource=configmap namespace=tenant-7
[816/1000] action=delete-crb name=foo-global-binding
[817/1000] action=create-clusterrole name=dev resources=pods,configmaps,services verbs=list,watch,create,patch
[818/1000] action=delete-rb ns=tenant-3 name=tenant-binding
[819/1000] action=create-clusterrole name=dev resources=secrets verbs=create,delete,update,get
[820/1000] action=cross-tenant-access context=tenant-3-user@kubernetes operation=list resource=configmap namespace=tenant-7
[821/1000] action=cross-tenant-access context=tenant-2-user@kubernetes operation=list resource=configmap namespace=tenant-10
[822/1000] action=cross-tenant-access context=tenant-6-user@kubernetes operation=get resource=configmap namespace=tenant-9
[823/1000] action=cross-tenant-access context=tenant-9-user@kubernetes operation=list resource=configmap namespace=tenant-7
[824/1000] action=create-rb ns=tenant-5 name=tenant-binding group=tenant-5 role=edit
[825/1000] action=create-rb ns=tenant-2 name=tenant-binding group=tenant-2 role=dev
[826/1000] action=delete-rb ns=tenant-2 name=tenant-binding
[827/1000] action=create-clusterrole name=dev resources=configmaps verbs=watch,get,list
[828/1000] action=cross-tenant-access context=tenant-10-user@kubernetes operation=get resource=configmap namespace=tenant-4
[829/1000] action=cross-tenant-access context=tenant-6-user@kubernetes operation=delete resource=configmap namespace=tenant-8
[830/1000] action=delete-crb name=foo-global-binding
[831/1000] action=cross-tenant-access context=tenant-3-user@kubernetes operation=list resource=configmap namespace=tenant-7
[832/1000] action=delete-rb ns=tenant-3 name=tenant-binding
[833/1000] action=create-rb ns=tenant-1 name=tenant-binding group=tenant-1 role=dev
[834/1000] action=cross-tenant-access context=tenant-1-user@kubernetes operation=watch resource=configmap namespace=tenant-6
[835/1000] action=cross-tenant-access context=tenant-10-user@kubernetes operation=get resource=configmap namespace=tenant-9
[836/1000] action=delete-rb ns=tenant-7 name=tenant-binding
[837/1000] action=cross-tenant-access context=tenant-4-user@kubernetes operation=list resource=configmap namespace=tenant-3
[838/1000] action=delete-clusterrole name=dev
[839/1000] action=create-crb name=foo-global-binding group=tenant-9 role=admin
[840/1000] action=cross-tenant-access context=tenant-4-user@kubernetes operation=watch resource=configmap namespace=tenant-10
[841/1000] action=cross-tenant-access context=tenant-9-user@kubernetes operation=watch resource=configmap namespace=tenant-7
[842/1000] action=create-rb ns=tenant-2 name=tenant-binding group=tenant-2 role=view
[843/1000] action=create-crb name=foo-global-binding group=tenant-4 role=admin
[844/1000] action=cross-tenant-access context=tenant-6-user@kubernetes operation=list resource=configmap namespace=tenant-5
[845/1000] action=cross-tenant-access context=tenant-8-user@kubernetes operation=patch resource=configmap namespace=tenant-5
[846/1000] action=delete-clusterrole name=dev
[847/1000] action=cross-tenant-access context=tenant-6-user@kubernetes operation=watch resource=configmap namespace=tenant-2
[848/1000] action=delete-crb name=foo-global-binding
[849/1000] action=delete-rb ns=tenant-4 name=tenant-binding
[850/1000] action=create-crb name=foo-global-binding group=tenant-4 role=dev
[851/1000] action=create-crb name=foo-global-binding group=tenant-7 role=dev
[852/1000] action=delete-crb name=foo-global-binding
[853/1000] action=delete-rb ns=tenant-1 name=tenant-binding
[854/1000] action=create-crb name=foo-global-binding group=tenant-3 role=cluster-admin
[855/1000] action=delete-crb name=foo-global-binding
[856/1000] action=delete-rb ns=tenant-9 name=tenant-binding
[857/1000] action=delete-clusterrole name=dev
[858/1000] action=delete-rb ns=tenant-10 name=tenant-binding
[859/1000] action=cross-tenant-access context=tenant-6-user@kubernetes operation=get resource=configmap namespace=tenant-9
[860/1000] action=cross-tenant-access context=tenant-5-user@kubernetes operation=get resource=configmap namespace=tenant-1
[861/1000] action=delete-crb name=foo-global-binding
[862/1000] action=cross-tenant-access context=tenant-9-user@kubernetes operation=watch resource=configmap namespace=tenant-3
[863/1000] action=delete-rb ns=tenant-6 name=tenant-binding
[864/1000] action=cross-tenant-access context=tenant-5-user@kubernetes operation=get resource=configmap namespace=tenant-9
[865/1000] action=delete-clusterrole name=dev
[866/1000] action=create-rb ns=tenant-7 name=tenant-binding group=tenant-7 role=admin
[867/1000] action=delete-crb name=foo-global-binding
[868/1000] action=create-rb ns=tenant-2 name=tenant-binding group=tenant-2 role=cluster-admin
[869/1000] action=create-crb name=foo-global-binding group=tenant-6 role=edit
[870/1000] action=cross-tenant-access context=tenant-4-user@kubernetes operation=list resource=configmap namespace=tenant-10
[871/1000] action=create-rb ns=tenant-6 name=tenant-binding group=tenant-6 role=view
[872/1000] action=delete-crb name=foo-global-binding
[873/1000] action=cross-tenant-access context=tenant-7-user@kubernetes operation=patch resource=configmap namespace=tenant-3
[874/1000] action=cross-tenant-access context=tenant-8-user@kubernetes operation=watch resource=configmap namespace=tenant-5
[875/1000] action=delete-rb ns=tenant-9 name=tenant-binding
[876/1000] action=delete-crb name=foo-global-binding
[877/1000] action=delete-clusterrole name=dev
[878/1000] action=cross-tenant-access context=tenant-1-user@kubernetes operation=patch resource=configmap namespace=tenant-7
[879/1000] action=delete-rb ns=tenant-4 name=tenant-binding
[880/1000] action=delete-clusterrole name=dev
[881/1000] action=create-crb name=foo-global-binding group=tenant-6 role=cluster-admin
[882/1000] action=create-rb ns=tenant-6 name=tenant-binding group=tenant-6 role=admin
[883/1000] action=create-clusterrole name=dev resources=configmaps,secrets verbs=delete,deletecollection,get,update,create
[884/1000] action=delete-rb ns=tenant-7 name=tenant-binding
[885/1000] action=create-crb name=foo-global-binding group=tenant-10 role=dev
[886/1000] action=cross-tenant-access context=tenant-1-user@kubernetes operation=list resource=configmap namespace=tenant-8
[887/1000] action=cross-tenant-access context=tenant-7-user@kubernetes operation=watch resource=configmap namespace=tenant-5
[888/1000] action=cross-tenant-access context=tenant-1-user@kubernetes operation=list resource=configmap namespace=tenant-7
[889/1000] action=create-rb ns=tenant-1 name=tenant-binding group=tenant-1 role=cluster-admin
[890/1000] action=cross-tenant-access context=tenant-2-user@kubernetes operation=watch resource=configmap namespace=tenant-1
[891/1000] action=cross-tenant-access context=tenant-7-user@kubernetes operation=list resource=configmap namespace=tenant-4
[892/1000] action=cross-tenant-access context=tenant-8-user@kubernetes operation=patch resource=configmap namespace=tenant-4
[893/1000] action=cross-tenant-access context=tenant-10-user@kubernetes operation=delete resource=configmap namespace=tenant-6
[894/1000] action=cross-tenant-access context=tenant-5-user@kubernetes operation=get resource=configmap namespace=tenant-4
[895/1000] action=create-rb ns=tenant-2 name=tenant-binding group=tenant-2 role=cluster-admin
[896/1000] action=cross-tenant-access context=tenant-2-user@kubernetes operation=list resource=configmap namespace=tenant-10
[897/1000] action=delete-clusterrole name=dev
[898/1000] action=cross-tenant-access context=tenant-10-user@kubernetes operation=get resource=configmap namespace=tenant-3
[899/1000] action=cross-tenant-access context=tenant-4-user@kubernetes operation=watch resource=configmap namespace=tenant-3
[900/1000] action=cross-tenant-access context=tenant-3-user@kubernetes operation=watch resource=configmap namespace=tenant-8
[901/1000] action=cross-tenant-access context=tenant-2-user@kubernetes operation=delete resource=configmap namespace=tenant-1
[902/1000] action=delete-rb ns=tenant-3 name=tenant-binding
[903/1000] action=delete-rb ns=tenant-3 name=tenant-binding
[904/1000] action=create-rb ns=tenant-5 name=tenant-binding group=tenant-5 role=cluster-admin
[905/1000] action=create-crb name=foo-global-binding group=tenant-5 role=dev
[906/1000] action=delete-rb ns=tenant-2 name=tenant-binding
[907/1000] action=cross-tenant-access context=tenant-2-user@kubernetes operation=patch resource=configmap namespace=tenant-10
[908/1000] action=create-rb ns=tenant-5 name=tenant-binding group=tenant-5 role=dev
[909/1000] action=delete-crb name=foo-global-binding
[910/1000] action=create-rb ns=tenant-8 name=tenant-binding group=tenant-8 role=dev
[911/1000] action=cross-tenant-access context=tenant-9-user@kubernetes operation=watch resource=configmap namespace=tenant-7
[912/1000] action=delete-rb ns=tenant-8 name=tenant-binding
[913/1000] action=create-rb ns=tenant-8 name=tenant-binding group=tenant-8 role=admin
[914/1000] action=create-rb ns=tenant-1 name=tenant-binding group=tenant-1 role=view
[915/1000] action=cross-tenant-access context=tenant-1-user@kubernetes operation=list resource=configmap namespace=tenant-8
[916/1000] action=cross-tenant-access context=tenant-3-user@kubernetes operation=get resource=configmap namespace=tenant-10
[917/1000] action=delete-rb ns=tenant-9 name=tenant-binding
[918/1000] action=cross-tenant-access context=tenant-5-user@kubernetes operation=delete resource=configmap namespace=tenant-8
[919/1000] action=cross-tenant-access context=tenant-10-user@kubernetes operation=patch resource=configmap namespace=tenant-6
[920/1000] action=cross-tenant-access context=tenant-8-user@kubernetes operation=patch resource=configmap namespace=tenant-4
[921/1000] action=cross-tenant-access context=tenant-7-user@kubernetes operation=get resource=configmap namespace=tenant-9
[922/1000] action=create-rb ns=tenant-1 name=tenant-binding group=tenant-1 role=cluster-admin
[923/1000] action=create-rb ns=tenant-8 name=tenant-binding group=tenant-8 role=admin
[924/1000] action=delete-clusterrole name=dev
[925/1000] action=delete-clusterrole name=dev
[926/1000] action=cross-tenant-access context=tenant-5-user@kubernetes operation=patch resource=configmap namespace=tenant-4
[927/1000] action=create-clusterrole name=dev resources=services verbs=patch,deletecollection,create,get,list
[928/1000] action=cross-tenant-access context=tenant-5-user@kubernetes operation=get resource=configmap namespace=tenant-1
[929/1000] action=create-rb ns=tenant-7 name=tenant-binding group=tenant-7 role=edit
[930/1000] action=cross-tenant-access context=tenant-8-user@kubernetes operation=patch resource=configmap namespace=tenant-5
[931/1000] action=cross-tenant-access context=tenant-8-user@kubernetes operation=list resource=configmap namespace=tenant-5
[932/1000] action=delete-crb name=foo-global-binding
[933/1000] action=create-crb name=foo-global-binding group=tenant-4 role=view
[934/1000] action=create-crb name=foo-global-binding group=tenant-10 role=cluster-admin
[935/1000] action=cross-tenant-access context=tenant-5-user@kubernetes operation=watch resource=configmap namespace=tenant-10
[936/1000] action=create-crb name=foo-global-binding group=tenant-3 role=dev
[937/1000] action=create-clusterrole name=dev resources=configmaps,services verbs=watch,get
[938/1000] action=delete-crb name=foo-global-binding
[939/1000] action=cross-tenant-access context=tenant-4-user@kubernetes operation=get resource=configmap namespace=tenant-9
[940/1000] action=create-rb ns=tenant-2 name=tenant-binding group=tenant-2 role=cluster-admin
[941/1000] action=create-clusterrole name=dev resources=services verbs=patch,delete,list,deletecollection,create
[942/1000] action=cross-tenant-access context=tenant-10-user@kubernetes operation=patch resource=configmap namespace=tenant-8
[943/1000] action=delete-crb name=foo-global-binding
[944/1000] action=create-clusterrole name=dev resources=configmaps verbs=delete,create
[945/1000] action=cross-tenant-access context=tenant-4-user@kubernetes operation=delete resource=configmap namespace=tenant-5
[946/1000] action=create-rb ns=tenant-6 name=tenant-binding group=tenant-6 role=admin
[947/1000] action=cross-tenant-access context=tenant-8-user@kubernetes operation=watch resource=configmap namespace=tenant-3
[948/1000] action=create-crb name=foo-global-binding group=tenant-7 role=view
[949/1000] action=delete-rb ns=tenant-2 name=tenant-binding
[950/1000] action=cross-tenant-access context=tenant-9-user@kubernetes operation=watch resource=configmap namespace=tenant-7
[951/1000] action=create-clusterrole name=dev resources=secrets,configmaps verbs=delete,create,watch
[952/1000] action=cross-tenant-access context=tenant-4-user@kubernetes operation=patch resource=configmap namespace=tenant-8
[953/1000] action=delete-clusterrole name=dev
[954/1000] action=cross-tenant-access context=tenant-7-user@kubernetes operation=list resource=configmap namespace=tenant-3
[955/1000] action=create-clusterrole name=dev resources=secrets,configmaps,pods verbs=get,update,watch
[956/1000] action=cross-tenant-access context=tenant-4-user@kubernetes operation=watch resource=configmap namespace=tenant-7
[957/1000] action=cross-tenant-access context=tenant-10-user@kubernetes operation=watch resource=configmap namespace=tenant-1
[958/1000] action=create-rb ns=tenant-9 name=tenant-binding group=tenant-9 role=view
[959/1000] action=create-rb ns=tenant-1 name=tenant-binding group=tenant-1 role=dev
[960/1000] action=create-rb ns=tenant-2 name=tenant-binding group=tenant-2 role=dev
[961/1000] action=cross-tenant-access context=tenant-5-user@kubernetes operation=list resource=configmap namespace=tenant-3
[962/1000] action=delete-rb ns=tenant-5 name=tenant-binding
[963/1000] action=cross-tenant-access context=tenant-9-user@kubernetes operation=patch resource=configmap namespace=tenant-1
[964/1000] action=delete-rb ns=tenant-10 name=tenant-binding
[965/1000] action=create-rb ns=tenant-1 name=tenant-binding group=tenant-1 role=cluster-admin
[966/1000] action=create-rb ns=tenant-8 name=tenant-binding group=tenant-8 role=view
[967/1000] action=cross-tenant-access context=tenant-4-user@kubernetes operation=delete resource=configmap namespace=tenant-1
[968/1000] action=delete-rb ns=tenant-10 name=tenant-binding
[969/1000] action=cross-tenant-access context=tenant-3-user@kubernetes operation=get resource=configmap namespace=tenant-6
[970/1000] action=create-crb name=foo-global-binding group=tenant-2 role=admin
[971/1000] action=delete-rb ns=tenant-7 name=tenant-binding
[972/1000] action=cross-tenant-access context=tenant-8-user@kubernetes operation=watch resource=configmap namespace=tenant-7
[973/1000] action=create-crb name=foo-global-binding group=tenant-1 role=edit
[974/1000] action=create-clusterrole name=dev resources=pods,secrets verbs=deletecollection,delete
[975/1000] action=delete-rb ns=tenant-10 name=tenant-binding
[976/1000] action=cross-tenant-access context=tenant-9-user@kubernetes operation=patch resource=configmap namespace=tenant-10
[977/1000] action=delete-rb ns=tenant-8 name=tenant-binding
[978/1000] action=cross-tenant-access context=tenant-6-user@kubernetes operation=delete resource=configmap namespace=tenant-4
[979/1000] action=delete-clusterrole name=dev
[980/1000] action=cross-tenant-access context=tenant-5-user@kubernetes operation=patch resource=configmap namespace=tenant-2
[981/1000] action=create-rb ns=tenant-2 name=tenant-binding group=tenant-2 role=cluster-admin
[982/1000] action=delete-clusterrole name=dev
[983/1000] action=create-crb name=foo-global-binding group=tenant-2 role=view
[984/1000] action=create-rb ns=tenant-1 name=tenant-binding group=tenant-1 role=edit
[985/1000] action=create-crb name=foo-global-binding group=tenant-1 role=admin
[986/1000] action=delete-rb ns=tenant-6 name=tenant-binding
[987/1000] action=create-rb ns=tenant-8 name=tenant-binding group=tenant-8 role=dev
[988/1000] action=create-clusterrole name=dev resources=secrets,pods verbs=watch,create,patch,delete
[989/1000] action=cross-tenant-access context=tenant-3-user@kubernetes operation=delete resource=configmap namespace=tenant-5
[990/1000] action=create-rb ns=tenant-9 name=tenant-binding group=tenant-9 role=edit
[991/1000] action=create-rb ns=tenant-5 name=tenant-binding group=tenant-5 role=edit
[992/1000] action=create-clusterrole name=dev resources=configmaps verbs=delete,create
[993/1000] action=delete-clusterrole name=dev
[994/1000] action=cross-tenant-access context=tenant-1-user@kubernetes operation=patch resource=configmap namespace=tenant-4
[995/1000] action=delete-clusterrole name=dev
[996/1000] action=create-clusterrole name=dev resources=pods,secrets,configmaps verbs=list
[997/1000] action=create-crb name=foo-global-binding group=tenant-8 role=cluster-admin
[998/1000] action=delete-rb ns=tenant-9 name=tenant-binding
[999/1000] action=cross-tenant-access context=tenant-8-user@kubernetes operation=get resource=configmap namespace=tenant-10
[1000/1000] action=create-clusterrole name=dev resources=pods,secrets verbs=get,deletecollection
