[1/50] action=cross-tenant-access context=tenant-3-user@kubernetes operation=patch resource=configmap namespace=tenant-1
[2/50] action=cross-tenant-access context=tenant-1-user@kubernetes operation=get resource=configmap namespace=tenant-4
[3/50] action=delete-clusterrole name=dev
[4/50] action=cross-tenant-access context=tenant-2-user@kubernetes operation=get resource=configmap namespace=tenant-3
[5/50] action=cross-tenant-access context=tenant-4-user@kubernetes operation=list resource=configmap namespace=tenant-1
[6/50] action=cross-tenant-access context=tenant-5-user@kubernetes operation=list resource=configmap namespace=tenant-3
[7/50] action=cross-tenant-access context=tenant-4-user@kubernetes operation=get resource=configmap namespace=tenant-2
[8/50] action=cross-tenant-access context=tenant-3-user@kubernetes operation=delete resource=configmap namespace=tenant-1
[9/50] action=cross-tenant-access context=tenant-1-user@kubernetes operation=list resource=configmap namespace=tenant-5
[10/50] action=create-clusterrole name=dev resources=secrets,services verbs=get,update
[11/50] action=create-rb ns=tenant-4 name=tenant-binding group=tenant-4 role=cluster-admin
[12/50] action=cross-tenant-access context=tenant-5-user@kubernetes operation=delete resource=configmap namespace=tenant-1
[13/50] action=cross-tenant-access context=tenant-1-user@kubernetes operation=patch resource=configmap namespace=tenant-3
[14/50] action=cross-tenant-access context=tenant-4-user@kubernetes operation=delete resource=configmap namespace=tenant-1
[15/50] action=delete-rb ns=tenant-1 name=tenant-binding
[16/50] action=create-rb ns=tenant-3 name=tenant-binding group=tenant-3 role=dev
[17/50] action=delete-rb ns=tenant-1 name=tenant-binding
[18/50] action=cross-tenant-access context=tenant-5-user@kubernetes operation=watch resource=configmap namespace=tenant-2
[19/50] action=delete-rb ns=tenant-3 name=tenant-binding
[20/50] action=create-clusterrole name=dev resources=services,pods verbs=watch
[21/50] action=cross-tenant-access context=tenant-5-user@kubernetes operation=get resource=configmap namespace=tenant-4
[22/50] action=create-crb name=foo-global-binding group=tenant-5 role=cluster-admin
[23/50] action=create-rb ns=tenant-5 name=tenant-binding group=tenant-5 role=view
[24/50] action=create-crb name=foo-global-binding group=tenant-5 role=dev
[25/50] action=delete-rb ns=tenant-2 name=tenant-binding
[26/50] action=cross-tenant-access context=tenant-3-user@kubernetes operation=watch resource=configmap namespace=tenant-1
[27/50] action=cross-tenant-access context=tenant-4-user@kubernetes operation=watch resource=configmap namespace=tenant-2
[28/50] action=cross-tenant-access context=tenant-1-user@kubernetes operation=patch resource=configmap namespace=tenant-5
[29/50] action=create-crb name=foo-global-binding group=tenant-1 role=admin
[30/50] action=delete-crb name=foo-global-binding
[31/50] action=delete-rb ns=tenant-5 name=tenant-binding
[32/50] action=cross-tenant-access context=tenant-2-user@kubernetes operation=watch resource=configmap namespace=tenant-1
[33/50] action=delete-rb ns=tenant-4 name=tenant-binding
[34/50] action=delete-clusterrole name=dev
[35/50] action=cross-tenant-access context=tenant-3-user@kubernetes operation=patch resource=configmap namespace=tenant-1
[36/50] action=delete-clusterrole name=dev
[37/50] action=cross-tenant-access context=tenant-2-user@kubernetes operation=watch resource=configmap namespace=tenant-1
[38/50] action=cross-tenant-access context=tenant-3-user@kubernetes operation=watch resource=configmap namespace=tenant-5
[39/50] action=cross-tenant-access context=tenant-5-user@kubernetes operation=get resource=configmap namespace=tenant-1
[40/50] action=cross-tenant-access context=tenant-1-user@kubernetes operation=watch resource=configmap namespace=tenant-2
[41/50] action=create-rb ns=tenant-4 name=tenant-binding group=tenant-4 role=view
[42/50] action=create-rb ns=tenant-5 name=tenant-binding group=tenant-5 role=dev
[43/50] action=delete-clusterrole name=dev
[44/50] action=create-rb ns=tenant-4 name=tenant-binding group=tenant-4 role=admin
[45/50] action=delete-rb ns=tenant-1 name=tenant-binding
[46/50] action=delete-crb name=foo-global-binding
[47/50] action=delete-clusterrole name=dev
[48/50] action=delete-rb ns=tenant-5 name=tenant-binding
[49/50] action=create-crb name=foo-global-binding group=tenant-3 role=edit
[50/50] action=create-rb ns=tenant-2 name=tenant-binding group=tenant-2 role=view
