[1/50] action=delete-rb ns=tenant-3 name=tenant-binding
[2/50] action=create-rb ns=tenant-3 name=tenant-binding group=tenant-3 role=admin
[3/50] action=cross-tenant-access context=tenant-1-user@kubernetes operation=get resource=configmap namespace=tenant-4
[4/50] action=delete-rb ns=tenant-3 name=tenant-binding
[5/50] action=cross-tenant-access context=tenant-1-user@kubernetes operation=delete resource=configmap namespace=tenant-5
[6/50] action=cross-tenant-access context=tenant-5-user@kubernetes operation=patch resource=configmap namespace=tenant-3
[7/50] action=cross-tenant-access context=tenant-3-user@kubernetes operation=delete resource=configmap namespace=tenant-4
[8/50] action=cross-tenant-access context=tenant-2-user@kubernetes operation=patch resource=configmap namespace=tenant-5
[9/50] action=delete-clusterrole name=dev
[10/50] action=cross-tenant-access context=tenant-2-user@kubernetes operation=delete resource=configmap namespace=tenant-3
[11/50] action=create-clusterrole name=dev resources=pods verbs=list
[12/50] action=create-clusterrole name=dev resources=secrets verbs=delete,list,create,get,watch
[13/50] action=create-rb ns=tenant-5 name=tenant-binding group=tenant-5 role=cluster-admin
[14/50] action=delete-crb name=foo-global-binding
[15/50] action=cross-tenant-access context=tenant-1-user@kubernetes operation=delete resource=configmap namespace=tenant-3
[16/50] action=cross-tenant-access context=tenant-2-user@kubernetes operation=delete resource=configmap namespace=tenant-1
[17/50] action=delete-rb ns=tenant-1 name=tenant-binding
[18/50] action=cross-tenant-access context=tenant-2-user@kubernetes operation=watch resource=configmap namespace=tenant-5
[19/50] action=cross-tenant-access context=tenant-1-user@kubernetes operation=patch resource=configmap namespace=tenant-2
[20/50] action=cross-tenant-access context=tenant-4-user@kubernetes operation=list resource=configmap namespace=tenant-2
[21/50] action=delete-clusterrole name=dev
[22/50] action=create-rb ns=tenant-3 name=tenant-binding group=tenant-3 role=dev
[23/50] action=cross-tenant-access context=tenant-5-user@kubernetes operation=patch resource=configmap namespace=tenant-3
[24/50] action=cross-tenant-access context=tenant-4-user@kubernetes operation=watch resource=configmap namespace=tenant-1
[25/50] action=cross-tenant-access context=tenant-4-user@kubernetes operation=patch resource=configmap namespace=tenant-1
[26/50] action=delete-clusterrole name=dev
[27/50] action=cross-tenant-access context=tenant-1-user@kubernetes operation=patch resource=configmap namespace=tenant-5
[28/50] action=create-clusterrole name=dev resources=pods verbs=get,watch,update
[29/50] action=create-crb name=foo-global-binding group=tenant-2 role=edit
[30/50] action=cross-tenant-access context=tenant-3-user@kubernetes operation=delete resource=configmap namespace=tenant-5
[31/50] action=delete-crb name=foo-global-binding
[32/50] action=delete-clusterrole name=dev
[33/50] action=cross-tenant-access context=tenant-5-user@kubernetes operation=patch resource=configmap namespace=tenant-3
[34/50] action=create-rb ns=tenant-2 name=tenant-binding group=tenant-2 role=edit
[35/50] action=create-rb ns=tenant-2 name=tenant-binding group=tenant-2 role=edit
[36/50] action=cross-tenant-access context=tenant-3-user@kubernetes operation=get resource=configmap namespace=tenant-5
[37/50] action=cross-tenant-access context=tenant-2-user@kubernetes operation=patch resource=configmap namespace=tenant-4
[38/50] action=delete-rb ns=tenant-3 name=tenant-binding
[39/50] action=delete-rb ns=tenant-4 name=tenant-binding
[40/50] action=delete-clusterrole name=dev
[41/50] action=cross-tenant-access context=tenant-1-user@kubernetes operation=list resource=configmap namespace=tenant-2
[42/50] action=create-clusterrole name=dev resources=pods,configmaps verbs=create,list,update,deletecollection,patch
[43/50] action=create-clusterrole name=dev resources=pods,configmaps verbs=list,deletecollection
[44/50] action=delete-rb ns=tenant-5 name=tenant-binding
[45/50] action=delete-crb name=foo-global-binding
[46/50] action=create-rb ns=tenant-3 name=tenant-binding group=tenant-3 role=dev
[47/50] action=cross-tenant-access context=tenant-4-user@kubernetes operation=list resource=configmap namespace=tenant-1
[48/50] action=create-crb name=foo-global-binding group=tenant-2 role=cluster-admin
[49/50] action=cross-tenant-access context=tenant-1-user@kubernetes operation=patch resource=configmap namespace=tenant-5
[50/50] action=delete-rb ns=tenant-3 name=tenant-binding
