[1/100] action=delete-clusterrole name=dev
[2/100] action=create-crb name=foo-global-binding group=tenant-2 role=view
[3/100] action=create-rb ns=tenant-2 name=tenant-binding group=tenant-2 role=cluster-admin
[4/100] action=delete-rb ns=tenant-1 name=tenant-binding
[5/100] action=cross-tenant-access context=tenant-1-user@kubernetes operation=list resource=configmap namespace=tenant-2
[6/100] action=create-crb name=foo-global-binding group=tenant-1 role=admin
[7/100] action=delete-clusterrole name=dev
[8/100] action=create-rb ns=tenant-1 name=tenant-binding group=tenant-1 role=edit
[9/100] action=cross-tenant-access context=tenant-2-user@kubernetes operation=patch resource=configmap namespace=tenant-1
[10/100] action=delete-rb ns=tenant-1 name=tenant-binding
[11/100] action=cross-tenant-access context=tenant-2-user@kubernetes operation=delete resource=configmap namespace=tenant-1
[12/100] action=create-rb ns=tenant-1 name=tenant-binding group=tenant-1 role=edit
[13/100] action=create-crb name=foo-global-binding group=tenant-2 role=cluster-admin
[14/100] action=delete-clusterrole name=dev
[15/100] action=delete-clusterrole name=dev
[16/100] action=delete-rb ns=tenant-1 name=tenant-binding
[17/100] action=cross-tenant-access context=tenant-2-user@kubernetes operation=watch resource=configmap namespace=tenant-1
[18/100] action=create-clusterrole name=dev resources=pods verbs=watch
[19/100] action=create-crb name=foo-global-binding group=tenant-1 role=cluster-admin
[20/100] action=cross-tenant-access context=tenant-2-user@kubernetes operation=get resource=configmap namespace=tenant-1
[21/100] action=cross-tenant-access context=tenant-2-user@kubernetes operation=delete resource=configmap namespace=tenant-1
[22/100] action=create-clusterrole name=dev resources=configmaps,services verbs=list,update,get,watch
[23/100] action=delete-rb ns=tenant-2 name=tenant-binding
[24/100] action=cross-tenant-access context=tenant-2-user@kubernetes operation=patch resource=configmap namespace=tenant-1
[25/100] action=delete-crb name=foo-global-binding
[26/100] action=cross-tenant-access context=tenant-1-user@kubernetes operation=list resource=configmap namespace=tenant-2
[27/100] action=create-crb name=foo-global-binding group=tenant-2 role=view
[28/100] action=delete-rb ns=tenant-1 name=tenant-binding
[29/100] action=delete-rb ns=tenant-1 name=tenant-binding
[30/100] action=delete-rb ns=tenant-2 name=tenant-binding
[31/100] action=delete-rb ns=tenant-1 name=tenant-binding
[32/100] action=create-rb ns=tenant-2 name=tenant-binding group=tenant-2 role=admin
[33/100] action=delete-rb ns=tenant-1 name=tenant-binding
[34/100] action=create-clusterrole name=dev resources=services,secrets,configmaps verbs=get,create,patch,watch,deletecollection
[35/100] action=delete-clusterrole name=dev
[36/100] action=cross-tenant-access context=tenant-1-user@kubernetes operation=get resource=configmap namespace=tenant-2
[37/100] action=cross-tenant-access context=tenant-2-user@kubernetes operation=watch resource=configmap namespace=tenant-1
[38/100] action=create-rb ns=tenant-1 name=tenant-binding group=tenant-1 role=view
[39/100] action=cross-tenant-access context=tenant-2-user@kubernetes operation=patch resource=configmap namespace=tenant-1
[40/100] action=create-rb ns=tenant-2 name=tenant-binding group=tenant-2 role=dev
[41/100] action=create-crb name=foo-global-binding group=tenant-1 role=admin
[42/100] action=delete-rb ns=tenant-2 name=tenant-binding
[43/100] action=delete-rb ns=tenant-2 name=tenant-binding
[44/100] action=cross-tenant-access context=tenant-2-user@kubernetes operation=patch resource=configmap namespace=tenant-1
[45/100] action=delete-crb name=foo-global-binding
[46/100] action=create-crb name=foo-global-binding group=tenant-2 role=view
[47/100] action=cross-tenant-access context=tenant-2-user@kubernetes operation=patch resource=configmap namespace=tenant-1
[48/100] action=delete-crb name=foo-global-binding
[49/100] action=cross-tenant-access context=tenant-1-user@kubernetes operation=list resource=configmap namespace=tenant-2
[50/100] action=delete-crb name=foo-global-binding
[51/100] action=cross-tenant-access context=tenant-1-user@kubernetes operation=watch resource=configmap namespace=tenant-2
[52/100] action=delete-rb ns=tenant-2 name=tenant-binding
[53/100] action=create-clusterrole name=dev resources=pods,secrets,configmaps verbs=get,create,update,delete,watch
[54/100] action=create-crb name=foo-global-binding group=tenant-1 role=dev
[55/100] action=cross-tenant-access context=tenant-1-user@kubernetes operation=delete resource=configmap namespace=tenant-2
[56/100] action=create-crb name=foo-global-binding group=tenant-2 role=dev
[57/100] action=create-crb name=foo-global-binding group=tenant-2 role=view
[58/100] action=cross-tenant-access context=tenant-1-user@kubernetes operation=watch resource=configmap namespace=tenant-2
[59/100] action=create-crb name=foo-global-binding group=tenant-2 role=cluster-admin
[60/100] action=cross-tenant-access context=tenant-2-user@kubernetes operation=patch resource=configmap namespace=tenant-1
[61/100] action=create-crb name=foo-global-binding group=tenant-2 role=admin
[62/100] action=delete-clusterrole name=dev
[63/100] action=delete-rb ns=tenant-2 name=tenant-binding
[64/100] action=delete-clusterrole name=dev
[65/100] action=delete-rb ns=tenant-2 name=tenant-binding
[66/100] action=cross-tenant-access context=tenant-2-user@kubernetes operation=watch resource=configmap namespace=tenant-1
[67/100] action=delete-rb ns=tenant-1 name=tenant-binding
[68/100] action=cross-tenant-access context=tenant-1-user@kubernetes operation=list resource=configmap namespace=tenant-2
[69/100] action=cross-tenant-access context=tenant-2-user@kubernetes operation=patch resource=configmap namespace=tenant-1
[70/100] action=delete-crb name=foo-global-binding
[71/100] action=create-clusterrole name=dev resources=services verbs=watch,patch,create
[72/100] action=delete-crb name=foo-global-binding
[73/100] action=create-clusterrole name=dev resources=secrets,services,configmaps verbs=update,patch
[74/100] action=delete-crb name=foo-global-binding
[75/100] action=cross-tenant-access context=tenant-1-user@kubernetes operation=delete resource=configmap namespace=tenant-2
[76/100] action=delete-crb name=foo-global-binding
[77/100] action=cross-tenant-access context=tenant-1-user@kubernetes operation=patch resource=configmap namespace=tenant-2
[78/100] action=create-rb ns=tenant-1 name=tenant-binding group=tenant-1 role=view
[79/100] action=cross-tenant-access context=tenant-1-user@kubernetes operation=get resource=configmap namespace=tenant-2
[80/100] action=cross-tenant-access context=tenant-1-user@kubernetes operation=delete resource=configmap namespace=tenant-2
[81/100] action=delete-rb ns=tenant-2 name=tenant-binding
[82/100] action=cross-tenant-access context=tenant-2-user@kubernetes operation=get resource=configmap namespace=tenant-1
[83/100] action=delete-clusterrole name=dev
[84/100] action=delete-crb name=foo-global-binding
[85/100] action=cross-tenant-access context=tenant-2-user@kubernetes operation=delete resource=configmap namespace=tenant-1
[86/100] action=delete-clusterrole name=dev
[87/100] action=delete-crb name=foo-global-binding
[88/100] action=cross-tenant-access context=tenant-2-user@kubernetes operation=list resource=configmap namespace=tenant-1
[89/100] action=delete-crb name=foo-global-binding
[90/100] action=create-rb ns=tenant-1 name=tenant-binding group=tenant-1 role=admin
[91/100] action=create-crb name=foo-global-binding group=tenant-1 role=view
[92/100] action=cross-tenant-access context=tenant-1-user@kubernetes operation=delete resource=configmap namespace=tenant-2
[93/100] action=create-rb ns=tenant-2 name=tenant-binding group=tenant-2 role=cluster-admin
[94/100] action=delete-rb ns=tenant-1 name=tenant-binding
[95/100] action=delete-rb ns=tenant-2 name=tenant-binding
[96/100] action=delete-rb ns=tenant-2 name=tenant-binding
[97/100] action=delete-clusterrole name=dev
[98/100] action=create-rb ns=tenant-1 name=tenant-binding group=tenant-1 role=cluster-admin
[99/100] action=create-clusterrole name=dev resources=pods,configmaps verbs=deletecollection,get,delete,patch,update
[100/100] action=delete-crb name=foo-global-binding
