[1/50] action=delete-crb name=foo-global-binding
[2/50] action=cross-tenant-access context=tenant-2-user@kubernetes operation=watch resource=configmap namespace=tenant-1
[3/50] action=create-crb name=foo-global-binding group=tenant-1 role=edit
[4/50] action=delete-rb ns=tenant-2 name=tenant-binding
[5/50] action=cross-tenant-access context=tenant-2-user@kubernetes operation=get resource=configmap namespace=tenant-1
[6/50] action=cross-tenant-access context=tenant-1-user@kubernetes operation=list resource=configmap namespace=tenant-2
[7/50] action=cross-tenant-access context=tenant-2-user@kubernetes operation=delete resource=configmap namespace=tenant-1
[8/50] action=cross-tenant-access context=tenant-2-user@kubernetes operation=list resource=configmap namespace=tenant-1
[9/50] action=create-rb ns=tenant-2 name=tenant-binding group=tenant-2 role=admin
[10/50] action=cross-tenant-access context=tenant-1-user@kubernetes operation=watch resource=configmap namespace=tenant-2
[11/50] action=cross-tenant-access context=tenant-2-user@kubernetes operation=list resource=configmap namespace=tenant-1
[12/50] action=create-crb name=foo-global-binding group=tenant-1 role=dev
[13/50] action=cross-tenant-access context=tenant-2-user@kubernetes operation=list resource=configmap namespace=tenant-1
[14/50] action=cross-tenant-access context=tenant-1-user@kubernetes operation=watch resource=configmap namespace=tenant-2
[15/50] action=delete-rb ns=tenant-2 name=tenant-binding
[16/50] action=create-clusterrole name=dev resources=secrets,pods,configmaps verbs=watch,create,delete
[17/50] action=cross-tenant-access context=tenant-2-user@kubernetes operation=patch resource=configmap namespace=tenant-1
[18/50] action=create-rb ns=tenant-1 name=tenant-binding group=tenant-1 role=edit
[19/50] action=cross-tenant-access context=tenant-2-user@kubernetes operation=list resource=configmap namespace=tenant-1
[20/50] action=create-clusterrole name=dev resources=configmaps verbs=patch,watch,deletecollection,list
[21/50] action=cross-tenant-access context=tenant-1-user@kubernetes operation=get resource=configmap namespace=tenant-2
[22/50] action=cross-tenant-access context=tenant-1-user@kubernetes operation=watch resource=configmap namespace=tenant-2
[23/50] action=delete-crb name=foo-global-binding
[24/50] action=create-clusterrole name=dev resources=services verbs=get,list,patch
[25/50] action=delete-rb ns=tenant-1 name=tenant-binding
[26/50] action=create-rb ns=tenant-1 name=tenant-binding group=tenant-1 role=cluster-admin
[27/50] action=cross-tenant-access context=tenant-1-user@kubernetes operation=patch resource=configmap namespace=tenant-2
[28/50] action=create-rb ns=tenant-1 name=tenant-binding group=tenant-1 role=cluster-admin
[29/50] action=delete-clusterrole name=dev
[30/50] action=cross-tenant-access context=tenant-2-user@kubernetes operation=patch resource=configmap namespace=tenant-1
[31/50] action=create-rb ns=tenant-2 name=tenant-binding group=tenant-2 role=edit
[32/50] action=delete-clusterrole name=dev
[33/50] action=create-rb ns=tenant-2 name=tenant-binding group=tenant-2 role=view
[34/50] action=cross-tenant-access context=tenant-1-user@kubernetes operation=get resource=configmap namespace=tenant-2
[35/50] action=cross-tenant-access context=tenant-1-user@kubernetes operation=get resource=configmap namespace=tenant-2
[36/50] action=cross-tenant-access context=tenant-1-user@kubernetes operation=list resource=configmap namespace=tenant-2
[37/50] action=cross-tenant-access context=tenant-1-user@kubernetes operation=get resource=configmap namespace=tenant-2
[38/50] action=cross-tenant-access context=tenant-1-user@kubernetes operation=delete resource=configmap namespace=tenant-2
[39/50] action=create-clusterrole name=dev resources=pods verbs=update,delete,list
[40/50] action=delete-crb name=foo-global-binding
[41/50] action=cross-tenant-access context=tenant-1-user@kubernetes operation=watch resource=configmap namespace=tenant-2
[42/50] action=cross-tenant-access context=tenant-2-user@kubernetes operation=list resource=configmap namespace=tenant-1
[43/50] action=delete-rb ns=tenant-2 name=tenant-binding
[44/50] action=delete-clusterrole name=dev
[45/50] action=cross-tenant-access context=tenant-2-user@kubernetes operation=delete resource=configmap namespace=tenant-1
[46/50] action=cross-tenant-access context=tenant-1-user@kubernetes operation=get resource=configmap namespace=tenant-2
[47/50] action=delete-rb ns=tenant-2 name=tenant-binding
[48/50] action=create-crb name=foo-global-binding group=tenant-1 role=cluster-admin
[49/50] action=delete-clusterrole name=dev
[50/50] action=cross-tenant-access context=tenant-2-user@kubernetes operation=watch resource=configmap namespace=tenant-1
