[1/50] action=delete-clusterrole name=dev
[2/50] action=create-rb ns=tenant-1 name=tenant-binding group=tenant-1 role=edit
[3/50] action=delete-clusterrole name=dev
[4/50] action=create-rb ns=tenant-2 name=tenant-binding group=tenant-2 role=admin
[5/50] action=cross-tenant-access context=tenant-2-user@kubernetes operation=get resource=configmap namespace=tenant-1
[6/50] action=create-clusterrole name=dev resources=pods,secrets verbs=get
[7/50] action=cross-tenant-access context=tenant-2-user@kubernetes operation=delete resource=configmap namespace=tenant-1
[8/50] action=cross-tenant-access context=tenant-2-user@kubernetes operation=delete resource=configmap namespace=tenant-1
[9/50] action=cross-tenant-access context=tenant-1-user@kubernetes operation=patch resource=configmap namespace=tenant-2
[10/50] action=cross-tenant-access context=tenant-1-user@kubernetes operation=delete resource=configmap namespace=tenant-2
[11/50] action=delete-clusterrole name=dev
[12/50] action=delete-rb ns=tenant-2 name=tenant-binding
[13/50] action=delete-rb ns=tenant-1 name=tenant-binding
[14/50] action=cross-tenant-access context=tenant-1-user@kubernetes operation=watch resource=configmap namespace=tenant-2
[15/50] action=delete-crb name=foo-global-binding
[16/50] action=create-rb ns=tenant-2 name=tenant-binding group=tenant-2 role=edit
[17/50] action=delete-rb ns=tenant-2 name=tenant-binding
[18/50] action=delete-rb ns=tenant-1 name=tenant-binding
[19/50] action=create-crb name=foo-global-binding group=tenant-1 role=dev
[20/50] action=delete-crb name=foo-global-binding
[21/50] action=cross-tenant-access context=tenant-1-user@kubernetes operation=list resource=configmap namespace=tenant-2
[22/50] action=cross-tenant-access context=tenant-1-user@kubernetes operation=patch resource=configmap namespace=tenant-2
[23/50] action=delete-rb ns=tenant-2 name=tenant-binding
[24/50] action=cross-tenant-access context=tenant-1-user@kubernetes operation=get resource=configmap namespace=tenant-2
[25/50] action=create-clusterrole name=dev resources=secrets,pods,services verbs=update
[26/50] action=delete-clusterrole name=dev
[27/50] action=delete-clusterrole name=dev
[28/50] action=cross-tenant-access context=tenant-2-user@kubernetes operation=get resource=configmap namespace=tenant-1
[29/50] action=cross-tenant-access context=tenant-1-user@kubernetes operation=list resource=configmap namespace=tenant-2
[30/50] action=cross-tenant-access context=tenant-1-user@kubernetes operation=list resource=configmap namespace=tenant-2
[31/50] action=create-clusterrole name=dev resources=secrets verbs=get,patch
[32/50] action=cross-tenant-access context=tenant-1-user@kubernetes operation=watch resource=configmap namespace=tenant-2
[33/50] action=delete-crb name=foo-global-binding
[34/50] action=cross-tenant-access context=tenant-1-user@kubernetes operation=watch resource=configmap namespace=tenant-2
[35/50] action=delete-rb ns=tenant-2 name=tenant-binding
[36/50] action=cross-tenant-access context=tenant-1-user@kubernetes operation=watch resource=configmap namespace=tenant-2
[37/50] action=create-rb ns=tenant-2 name=tenant-binding group=tenant-2 role=view
[38/50] action=cross-tenant-access context=tenant-1-user@kubernetes operation=get resource=configmap namespace=tenant-2
[39/50] action=create-rb ns=tenant-2 name=tenant-binding group=tenant-2 role=edit
[40/50] action=cross-tenant-access context=tenant-1-user@kubernetes operation=list resource=configmap namespace=tenant-2
[41/50] action=create-clusterrole name=dev resources=configmaps,services,secrets verbs=update
[42/50] action=delete-rb ns=tenant-2 name=tenant-binding
[43/50] action=create-rb ns=tenant-2 name=tenant-binding group=tenant-2 role=cluster-admin
[44/50] action=delete-rb ns=tenant-1 name=tenant-binding
[45/50] action=cross-tenant-access context=tenant-2-user@kubernetes operation=patch resource=configmap namespace=tenant-1
[46/50] action=delete-rb ns=tenant-2 name=tenant-binding
[47/50] action=create-rb ns=tenant-2 name=tenant-binding group=tenant-2 role=dev
[48/50] action=delete-rb ns=tenant-2 name=tenant-binding
[49/50] action=cross-tenant-access context=tenant-1-user@kubernetes operation=get resource=configmap namespace=tenant-2
[50/50] action=cross-tenant-access context=tenant-2-user@kubernetes operation=delete resource=configmap namespace=tenant-1
