[1/100] action=create-crb name=foo-global-binding group=tenant-1 role=edit
[2/100] action=cross-tenant-access context=tenant-2-user@kubernetes operation=get resource=configmap namespace=tenant-1
[3/100] action=delete-rb ns=tenant-2 name=tenant-binding
[4/100] action=create-rb ns=tenant-2 name=tenant-binding group=tenant-2 role=admin
[5/100] action=delete-rb ns=tenant-1 name=tenant-binding
[6/100] action=delete-rb ns=tenant-2 name=tenant-binding
[7/100] action=create-rb ns=tenant-2 name=tenant-binding group=tenant-2 role=view
[8/100] action=create-rb ns=tenant-2 name=tenant-binding group=tenant-2 role=dev
[9/100] action=create-crb name=foo-global-binding group=tenant-2 role=view
[10/100] action=cross-tenant-access context=tenant-1-user@kubernetes operation=delete resource=configmap namespace=tenant-2
[11/100] action=cross-tenant-access context=tenant-1-user@kubernetes operation=watch resource=configmap namespace=tenant-2
[12/100] action=delete-rb ns=tenant-1 name=tenant-binding
[13/100] action=cross-tenant-access context=tenant-2-user@kubernetes operation=watch resource=configmap namespace=tenant-1
[14/100] action=create-rb ns=tenant-1 name=tenant-binding group=tenant-1 role=view
[15/100] action=cross-tenant-access context=tenant-2-user@kubernetes operation=delete resource=configmap namespace=tenant-1
[16/100] action=delete-crb name=foo-global-binding
[17/100] action=cross-tenant-access context=tenant-1-user@kubernetes operation=watch resource=configmap namespace=tenant-2
[18/100] action=cross-tenant-access context=tenant-1-user@kubernetes operation=watch resource=configmap namespace=tenant-2
[19/100] action=cross-tenant-access context=tenant-2-user@kubernetes operation=delete resource=configmap namespace=tenant-1
[20/100] action=cross-tenant-access context=tenant-1-user@kubernetes operation=patch resource=configmap namespace=tenant-2
[21/100] action=cross-tenant-access context=tenant-1-user@kubernetes operation=list resource=configmap namespace=tenant-2
[22/100] action=delete-clusterrole name=dev
[23/100] action=create-rb ns=tenant-1 name=tenant-binding group=tenant-1 role=dev
[24/100] action=delete-clusterrole name=dev
[25/100] action=delete-rb ns=tenant-2 name=tenant-binding
[26/100] action=cross-tenant-access context=tenant-2-user@kubernetes operation=delete resource=configmap namespace=tenant-1
[27/100] action=delete-clusterrole name=dev
[28/100] action=cross-tenant-access context=tenant-2-user@kubernetes operation=list resource=configmap namespace=tenant-1
[29/100] action=cross-tenant-access context=tenant-1-user@kubernetes operation=delete resource=configmap namespace=tenant-2
[30/100] action=create-crb name=foo-global-binding group=tenant-1 role=admin
[31/100] action=delete-rb ns=tenant-2 name=tenant-binding
[32/100] action=create-clusterrole name=dev resources=pods,configmaps,secrets verbs=list,deletecollection,watch,update,patch
[33/100] action=cross-tenant-access context=tenant-2-user@kubernetes operation=patch resource=configmap namespace=tenant-1
[34/100] action=cross-tenant-access context=tenant-1-user@kubernetes operation=watch resource=configmap namespace=tenant-2
[35/100] action=cross-tenant-access context=tenant-1-user@kubernetes operation=get resource=configmap namespace=tenant-2
[36/100] action=create-crb name=foo-global-binding group=tenant-2 role=edit
[37/100] action=cross-tenant-access context=tenant-1-user@kubernetes operation=watch resource=configmap namespace=tenant-2
[38/100] action=delete-rb ns=tenant-1 name=tenant-binding
[39/100] action=create-clusterrole name=dev resources=secrets,services verbs=watch
[40/100] action=cross-tenant-access context=tenant-1-user@kubernetes operation=delete resource=configmap namespace=tenant-2
[41/100] action=cross-tenant-access context=tenant-1-user@kubernetes operation=get resource=configmap namespace=tenant-2
[42/100] action=create-rb ns=tenant-2 name=tenant-binding group=tenant-2 role=view
[43/100] action=cross-tenant-access context=tenant-1-user@kubernetes operation=patch resource=configmap namespace=tenant-2
[44/100] action=create-rb ns=tenant-1 name=tenant-binding group=tenant-1 role=view
[45/100] action=cross-tenant-access context=tenant-2-user@kubernetes operation=patch resource=configmap namespace=tenant-1
[46/100] action=create-rb ns=tenant-1 name=tenant-binding group=tenant-1 role=dev
[47/100] action=cross-tenant-access context=tenant-1-user@kubernetes operation=delete resource=configmap namespace=tenant-2
[48/100] action=delete-crb name=foo-global-binding
[49/100] action=create-clusterrole name=dev resources=configmaps,services verbs=deletecollection
[50/100] action=delete-rb ns=tenant-1 name=tenant-binding
[51/100] action=cross-tenant-access context=tenant-2-user@kubernetes operation=patch resource=configmap namespace=tenant-1
[52/100] action=delete-crb name=foo-global-binding
[53/100] action=cross-tenant-access context=tenant-2-user@kubernetes operation=watch resource=configmap namespace=tenant-1
[54/100] action=create-rb ns=tenant-2 name=tenant-binding group=tenant-2 role=admin
[55/100] action=create-rb ns=tenant-1 name=tenant-binding group=tenant-1 role=admin
[56/100] action=create-rb ns=tenant-2 name=tenant-binding group=tenant-2 role=view
[57/100] action=cross-tenant-access context=tenant-2-user@kubernetes operation=get resource=configmap namespace=tenant-1
[58/100] action=delete-rb ns=tenant-1 name=tenant-binding
[59/100] action=create-crb name=foo-global-binding group=tenant-2 role=edit
[60/100] action=cross-tenant-access context=tenant-1-user@kubernetes operation=delete resource=configmap namespace=tenant-2
[61/100] action=create-rb ns=tenant-2 name=tenant-binding group=tenant-2 role=cluster-admin
[62/100] action=create-rb ns=tenant-1 name=tenant-binding group=tenant-1 role=cluster-admin
[63/100] action=delete-crb name=foo-global-binding
[64/100] action=cross-tenant-access context=tenant-1-user@kubernetes operation=get resource=configmap namespace=tenant-2
[65/100] action=delete-rb ns=tenant-1 name=tenant-binding
[66/100] action=delete-rb ns=tenant-1 name=tenant-binding
[67/100] action=create-rb ns=tenant-1 name=tenant-binding group=tenant-1 role=cluster-admin
[68/100] action=create-rb ns=tenant-2 name=tenant-binding group=tenant-2 role=dev
[69/100] action=cross-tenant-access context=tenant-1-user@kubernetes operation=delete resource=configmap namespace=tenant-2
[70/100] action=cross-tenant-access context=tenant-1-user@kubernetes operation=list resource=configmap namespace=tenant-2
[71/100] action=create-clusterrole name=dev resources=configmaps,secrets,services verbs=update
[72/100] action=cross-tenant-access context=tenant-1-user@kubernetes operation=watch resource=configmap namespace=tenant-2
[73/100] action=delete-rb ns=tenant-2 name=tenant-binding
[74/100] action=cross-tenant-access context=tenant-1-user@kubernetes operation=list resource=configmap namespace=tenant-2
[75/100] action=create-clusterrole name=dev resources=pods,configmaps,secrets verbs=delete,deletecollection,watch,update
[76/100] action=cross-tenant-access context=tenant-1-user@kubernetes operation=delete resource=configmap namespace=tenant-2
[77/100] action=cross-tenant-access context=tenant-2-user@kubernetes operation=watch resource=configmap namespace=tenant-1
[78/100] action=create-clusterrole name=dev resources=services,pods verbs=get,update,deletecollection,watch
[79/100] action=cross-tenant-access context=tenant-2-user@kubernetes operation=watch resource=configmap namespace=tenant-1
[80/100] action=cross-tenant-access context=tenant-2-user@kubernetes operation=delete resource=configmap namespace=tenant-1
[81/100] action=cross-tenant-access context=tenant-1-user@kubernetes operation=patch resource=configmap namespace=tenant-2
[82/100] action=delete-clusterrole name=dev
[83/100] action=create-rb ns=tenant-2 name=tenant-binding group=tenant-2 role=dev
[84/100] action=cross-tenant-access context=tenant-2-user@kubernetes operation=patch resource=configmap namespace=tenant-1
[85/100] action=create-rb ns=tenant-2 name=tenant-binding group=tenant-2 role=cluster-admin
[86/100] action=delete-crb name=foo-global-binding
[87/100] action=create-clusterrole name=dev resources=pods,services verbs=watch,list,deletecollection,patch
[88/100] action=create-crb name=foo-global-binding group=tenant-1 role=dev
[89/100] action=delete-clusterrole name=dev
[90/100] action=delete-rb ns=tenant-2 name=tenant-binding
[91/100] action=create-rb ns=tenant-1 name=tenant-binding group=tenant-1 role=cluster-admin
[92/100] action=cross-tenant-access context=tenant-2-user@kubernetes operation=list resource=configmap namespace=tenant-1
[93/100] action=cross-tenant-access context=tenant-1-user@kubernetes operation=list resource=configmap namespace=tenant-2
[94/100] action=delete-rb ns=tenant-1 name=tenant-binding
[95/100] action=cross-tenant-access context=tenant-1-user@kubernetes operation=watch resource=configmap namespace=tenant-2
[96/100] action=cross-tenant-access context=tenant-2-user@kubernetes operation=delete resource=configmap namespace=tenant-1
[97/100] action=cross-tenant-access context=tenant-2-user@kubernetes operation=delete resource=configmap namespace=tenant-1
[98/100] action=delete-rb ns=tenant-1 name=tenant-binding
[99/100] action=create-rb ns=tenant-2 name=tenant-binding group=tenant-2 role=admin
[100/100] action=delete-crb name=foo-global-binding
