[1/100] action=create-rb ns=tenant-3 name=tenant-binding group=tenant-3 role=dev
[2/100] action=cross-tenant-access context=tenant-3-user@kubernetes operation=list resource=configmap namespace=tenant-9
[3/100] action=create-rb ns=tenant-6 name=tenant-binding group=tenant-6 role=edit
[4/100] action=delete-crb name=foo-global-binding
[5/100] action=delete-rb ns=tenant-6 name=tenant-binding
[6/100] action=cross-tenant-access context=tenant-7-user@kubernetes operation=patch resource=configmap namespace=tenant-8
[7/100] action=delete-crb name=foo-global-binding
[8/100] action=cross-tenant-access context=tenant-4-user@kubernetes operation=delete resource=configmap namespace=tenant-5
[9/100] action=cross-tenant-access context=tenant-10-user@kubernetes operation=list resource=configmap namespace=tenant-5
[10/100] action=create-rb ns=tenant-6 name=tenant-binding group=tenant-6 role=dev
[11/100] action=create-clusterrole name=dev resources=services,secrets verbs=patch
[12/100] action=delete-rb ns=tenant-2 name=tenant-binding
[13/100] action=create-crb name=foo-global-binding group=tenant-4 role=admin
[14/100] action=create-crb name=foo-global-binding group=tenant-5 role=dev
[15/100] action=cross-tenant-access context=tenant-9-user@kubernetes operation=get resource=configmap namespace=tenant-5
[16/100] action=delete-crb name=foo-global-binding
[17/100] action=cross-tenant-access context=tenant-4-user@kubernetes operation=watch resource=configmap namespace=tenant-8
[18/100] action=cross-tenant-access context=tenant-1-user@kubernetes operation=delete resource=configmap namespace=tenant-6
[19/100] action=create-clusterrole name=dev resources=pods,secrets verbs=delete,patch,watch
[20/100] action=cross-tenant-access context=tenant-4-user@kubernetes operation=delete resource=configmap namespace=tenant-5
[21/100] action=delete-crb name=foo-global-binding
[22/100] action=create-rb ns=tenant-7 name=tenant-binding group=tenant-7 role=cluster-admin
[23/100] action=cross-tenant-access context=tenant-2-user@kubernetes operation=list resource=configmap namespace=tenant-9
[24/100] action=create-clusterrole name=dev resources=services,pods verbs=patch,list,create,watch
[25/100] action=delete-clusterrole name=dev
[26/100] action=create-crb name=foo-global-binding group=tenant-8 role=edit
[27/100] action=cross-tenant-access context=tenant-4-user@kubernetes operation=patch resource=configmap namespace=tenant-8
[28/100] action=create-rb ns=tenant-3 name=tenant-binding group=tenant-3 role=admin
[29/100] action=delete-crb name=foo-global-binding
[30/100] action=create-clusterrole name=dev resources=services,configmaps verbs=update,list,delete,get,patch
[31/100] action=delete-rb ns=tenant-9 name=tenant-binding
[32/100] action=cross-tenant-access context=tenant-3-user@kubernetes operation=delete resource=configmap namespace=tenant-8
[33/100] action=delete-crb name=foo-global-binding
[34/100] action=cross-tenant-access context=tenant-2-user@kubernetes operation=delete resource=configmap namespace=tenant-10
[35/100] action=delete-clusterrole name=dev
[36/100] action=delete-crb name=foo-global-binding
[37/100] action=cross-tenant-access context=tenant-6-user@kubernetes operation=patch resource=configmap namespace=tenant-1
[38/100] action=delete-crb name=foo-global-binding
[39/100] action=cross-tenant-access context=tenant-9-user@kubernetes operation=get resource=configmap namespace=tenant-4
[40/100] action=cross-tenant-access context=tenant-3-user@kubernetes operation=delete resource=configmap namespace=tenant-10
[41/100] action=cross-tenant-access context=tenant-5-user@kubernetes operation=delete resource=configmap namespace=tenant-3
[42/100] action=cross-tenant-access context=tenant-5-user@kubernetes operation=delete resource=configmap namespace=tenant-6
[43/100] action=delete-rb ns=tenant-10 name=tenant-binding
[44/100] action=delete-rb ns=tenant-1 name=tenant-binding
[45/100] action=create-rb ns=tenant-6 name=tenant-binding group=tenant-6 role=edit
[46/100] action=create-crb name=foo-global-binding group=tenant-2 role=admin
[47/100] action=create-clusterrole name=dev resources=configmaps verbs=deletecollection
[48/100] action=create-crb name=foo-global-binding group=tenant-8 role=edit
[49/100] action=delete-rb ns=tenant-3 name=tenant-binding
[50/100] action=cross-tenant-access context=tenant-5-user@kubernetes operation=patch resource=configmap namespace=tenant-8
[51/100] action=cross-tenant-access context=tenant-5-user@kubernetes operation=delete resource=configmap namespace=tenant-9
[52/100] action=cross-tenant-access context=tenant-7-user@kubernetes operation=list resource=configmap namespace=tenant-1
[53/100] action=delete-rb ns=tenant-4 name=tenant-binding
[54/100] action=create-rb ns=tenant-1 name=tenant-binding group=tenant-1 role=edit
[55/100] action=create-crb name=foo-global-binding group=tenant-9 role=edit
[56/100] action=cross-tenant-access context=tenant-5-user@kubernetes operation=get resource=configmap namespace=tenant-1
[57/100] action=cross-tenant-access context=tenant-6-user@kubernetes operation=list resource=configmap namespace=tenant-1
[58/100] action=create-clusterrole name=dev resources=secrets verbs=delete,deletecollection,patch,update
[59/100] action=cross-tenant-access context=tenant-1-user@kubernetes operation=list resource=configmap namespace=tenant-8
[60/100] action=cross-tenant-access context=tenant-1-user@kubernetes operation=get resource=configmap namespace=tenant-3
[61/100] action=create-crb name=foo-global-binding group=tenant-3 role=view
[62/100] action=cross-tenant-access context=tenant-6-user@kubernetes operation=get resource=configmap namespace=tenant-1
[63/100] action=create-rb ns=tenant-9 name=tenant-binding group=tenant-9 role=view
[64/100] action=delete-rb ns=tenant-8 name=tenant-binding
[65/100] action=create-rb ns=tenant-9 name=tenant-binding group=tenant-9 role=view
[66/100] action=create-rb ns=tenant-8 name=tenant-binding group=tenant-8 role=view
[67/100] action=create-rb ns=tenant-10 name=tenant-binding group=tenant-10 role=dev
[68/100] action=cross-tenant-access context=tenant-8-user@kubernetes operation=list resource=configmap namespace=tenant-5
[69/100] action=cross-tenant-access context=tenant-2-user@kubernetes operation=list resource=configmap namespace=tenant-6
[70/100] action=delete-rb ns=tenant-4 name=tenant-binding
[71/100] action=delete-rb ns=tenant-3 name=tenant-binding
[72/100] action=cross-tenant-access context=tenant-2-user@kubernetes operation=get resource=configmap namespace=tenant-1
[73/100] action=delete-rb ns=tenant-5 name=tenant-binding
[74/100] action=cross-tenant-access context=tenant-3-user@kubernetes operation=list resource=configmap namespace=tenant-7
[75/100] action=create-rb ns=tenant-9 name=tenant-binding group=tenant-9 role=dev
[76/100] action=delete-crb name=foo-global-binding
[77/100] action=cross-tenant-access context=tenant-5-user@kubernetes operation=watch resource=configmap namespace=tenant-9
[78/100] action=delete-rb ns=tenant-4 name=tenant-binding
[79/100] action=delete-rb ns=tenant-5 name=tenant-binding
[80/100] action=delete-rb ns=tenant-8 name=tenant-binding
[81/100] action=create-rb ns=tenant-3 name=tenant-binding group=tenant-3 role=view
[82/100] action=delete-clusterrole name=dev
[83/100] action=cross-tenant-access context=tenant-7-user@kubernetes operation=watch resource=configmap namespace=tenant-3
[84/100] action=delete-clusterrole name=dev
[85/100] action=delete-rb ns=tenant-3 name=tenant-binding
[86/100] action=cross-tenant-access context=tenant-4-user@kubernetes operation=get resource=configmap namespace=tenant-3
[87/100] action=cross-tenant-access context=tenant-6-user@kubernetes operation=delete resource=configmap namespace=tenant-10
[88/100] action=delete-rb ns=tenant-3 name=tenant-binding
[89/100] action=create-clusterrole name=dev resources=services,pods,configmaps verbs=deletecollection
[90/100] action=delete-clusterrole name=dev
[91/100] action=cross-tenant-access context=tenant-5-user@kubernetes operation=delete resource=configmap namespace=tenant-7
[92/100] action=cross-tenant-access context=tenant-4-user@kubernetes operation=get resource=configmap namespace=tenant-9
[93/100] action=cross-tenant-access context=tenant-7-user@kubernetes operation=watch resource=configmap namespace=tenant-6
[94/100] action=create-rb ns=tenant-7 name=tenant-binding group=tenant-7 role=dev
[95/100] action=delete-rb ns=tenant-8 name=tenant-binding
[96/100] action=delete-rb ns=tenant-7 name=tenant-binding
[97/100] action=cross-tenant-access context=tenant-8-user@kubernetes operation=list resource=configmap namespace=tenant-4
[98/100] action=create-clusterrole name=dev resources=services,configmaps verbs=delete,watch
[99/100] action=delete-clusterrole name=dev
[100/100] action=cross-tenant-access context=tenant-2-user@kubernetes operation=delete resource=configmap namespace=tenant-3
