[1/50] action=delete-rb ns=tenant-7 name=tenant-binding
[2/50] action=cross-tenant-access context=tenant-3-user@kubernetes operation=delete resource=configmap namespace=tenant-10
[3/50] action=create-clusterrole name=dev resources=services,secrets verbs=delete,get
[4/50] action=delete-rb ns=tenant-8 name=tenant-binding
[5/50] action=create-crb name=foo-global-binding group=tenant-1 role=cluster-admin
[6/50] action=cross-tenant-access context=tenant-2-user@kubernetes operation=patch resource=configmap namespace=tenant-5
[7/50] action=cross-tenant-access context=tenant-9-user@kubernetes operation=watch resource=configmap namespace=tenant-2
[8/50] action=delete-rb ns=tenant-9 name=tenant-binding
[9/50] action=delete-rb ns=tenant-9 name=tenant-binding
[10/50] action=create-rb ns=tenant-8 name=tenant-binding group=tenant-8 role=dev
[11/50] action=delete-rb ns=tenant-7 name=tenant-binding
[12/50] action=cross-tenant-access context=tenant-6-user@kubernetes operation=list resource=configmap namespace=tenant-8
[13/50] action=delete-clusterrole name=dev
[14/50] action=cross-tenant-access context=tenant-8-user@kubernetes operation=list resource=configmap namespace=tenant-4
[15/50] action=create-clusterrole name=dev resources=services,pods,secrets verbs=watch,list,delete,deletecollection,create
[16/50] action=create-rb ns=tenant-2 name=tenant-binding group=tenant-2 role=cluster-admin
[17/50] action=delete-rb ns=tenant-6 name=tenant-binding
[18/50] action=create-clusterrole name=dev resources=pods,secrets,configmaps verbs=watch,update,get
[19/50] action=cross-tenant-access context=tenant-3-user@kubernetes operation=list resource=configmap namespace=tenant-7
[20/50] action=delete-rb ns=tenant-9 name=tenant-binding
[21/50] action=cross-tenant-access context=tenant-5-user@kubernetes operation=delete resource=configmap namespace=tenant-1
[22/50] action=cross-tenant-access context=tenant-5-user@kubernetes operation=get resource=configmap namespace=tenant-2
[23/50] action=cross-tenant-access context=tenant-1-user@kubernetes operation=get resource=configmap namespace=tenant-6
[24/50] action=create-crb name=foo-global-binding group=tenant-2 role=dev
[25/50] action=cross-tenant-access context=tenant-2-user@kubernetes operation=get resource=configmap namespace=tenant-6
[26/50] action=cross-tenant-access context=tenant-2-user@kubernetes operation=watch resource=configmap namespace=tenant-5
[27/50] action=cross-tenant-access context=tenant-6-user@kubernetes operation=delete resource=configmap namespace=tenant-2
[28/50] action=create-rb ns=tenant-2 name=tenant-binding group=tenant-2 role=admin
[29/50] action=cross-tenant-access context=tenant-9-user@kubernetes operation=list resource=configmap namespace=tenant-5
[30/50] action=create-crb name=foo-global-binding group=tenant-7 role=cluster-admin
[31/50] action=delete-crb name=foo-global-binding
[32/50] action=cross-tenant-access context=tenant-1-user@kubernetes operation=delete resource=configmap namespace=tenant-7
[33/50] action=cross-tenant-access context=tenant-9-user@kubernetes operation=patch resource=configmap namespace=tenant-7
[34/50] action=create-crb name=foo-global-binding group=tenant-7 role=dev
[35/50] action=delete-rb ns=tenant-8 name=tenant-binding
[36/50] action=cross-tenant-access context=tenant-1-user@kubernetes operation=delete resource=configmap namespace=tenant-2
[37/50] action=cross-tenant-access context=tenant-1-user@kubernetes operation=get resource=configmap namespace=tenant-9
[38/50] action=delete-crb name=foo-global-binding
[39/50] action=cross-tenant-access context=tenant-6-user@kubernetes operation=patch resource=configmap namespace=tenant-2
[40/50] action=cross-tenant-access context=tenant-6-user@kubernetes operation=delete resource=configmap namespace=tenant-5
[41/50] action=delete-crb name=foo-global-binding
[42/50] action=cross-tenant-access context=tenant-1-user@kubernetes operation=delete resource=configmap namespace=tenant-8
[43/50] action=cross-tenant-access context=tenant-8-user@kubernetes operation=patch resource=configmap namespace=tenant-4
[44/50] action=create-crb name=foo-global-binding group=tenant-2 role=edit
[45/50] action=cross-tenant-access context=tenant-8-user@kubernetes operation=delete resource=configmap namespace=tenant-7
[46/50] action=cross-tenant-access context=tenant-6-user@kubernetes operation=watch resource=configmap namespace=tenant-1
[47/50] action=delete-rb ns=tenant-6 name=tenant-binding
[48/50] action=cross-tenant-access context=tenant-1-user@kubernetes operation=list resource=configmap namespace=tenant-7
[49/50] action=delete-clusterrole name=dev
[50/50] action=cross-tenant-access context=tenant-1-user@kubernetes operation=patch resource=configmap namespace=tenant-5
