[1/100] action=cross-tenant-access context=tenant-2-user@kubernetes operation=watch resource=configmap namespace=tenant-1
[2/100] action=create-clusterrole name=dev resources=configmaps verbs=create
[3/100] action=cross-tenant-access context=tenant-1-user@kubernetes operation=delete resource=configmap namespace=tenant-2
[4/100] action=delete-rb ns=tenant-1 name=tenant-binding
[5/100] action=create-crb name=foo-global-binding group=tenant-2 role=admin
[6/100] action=create-rb ns=tenant-2 name=tenant-binding group=tenant-2 role=edit
[7/100] action=cross-tenant-access context=tenant-1-user@kubernetes operation=patch resource=configmap namespace=tenant-2
[8/100] action=cross-tenant-access context=tenant-2-user@kubernetes operation=patch resource=configmap namespace=tenant-1
[9/100] action=cross-tenant-access context=tenant-1-user@kubernetes operation=get resource=configmap namespace=tenant-2
[10/100] action=cross-tenant-access context=tenant-2-user@kubernetes operation=get resource=configmap namespace=tenant-1
[11/100] action=delete-clusterrole name=dev
[12/100] action=delete-clusterrole name=dev
[13/100] action=create-clusterrole name=dev resources=configmaps,services verbs=list,deletecollection,get
[14/100] action=delete-crb name=foo-global-binding
[15/100] action=cross-tenant-access context=tenant-1-user@kubernetes operation=delete resource=configmap namespace=tenant-2
[16/100] action=delete-clusterrole name=dev
[17/100] action=cross-tenant-access context=tenant-2-user@kubernetes operation=delete resource=configmap namespace=tenant-1
[18/100] action=cross-tenant-access context=tenant-1-user@kubernetes operation=get resource=configmap namespace=tenant-2
[19/100] action=create-rb ns=tenant-2 name=tenant-binding group=tenant-2 role=edit
[20/100] action=cross-tenant-access context=tenant-2-user@kubernetes operation=list resource=configmap namespace=tenant-1
[21/100] action=delete-crb name=foo-global-binding
[22/100] action=cross-tenant-access context=tenant-1-user@kubernetes operation=list resource=configmap namespace=tenant-2
[23/100] action=delete-crb name=foo-global-binding
[24/100] action=delete-rb ns=tenant-2 name=tenant-binding
[25/100] action=create-rb ns=tenant-1 name=tenant-binding group=tenant-1 role=edit
[26/100] action=create-clusterrole name=dev resources=pods verbs=deletecollection,update,watch,get
[27/100] action=create-rb ns=tenant-2 name=tenant-binding group=tenant-2 role=dev
[28/100] action=cross-tenant-access context=tenant-1-user@kubernetes operation=patch resource=configmap namespace=tenant-2
[29/100] action=create-crb name=foo-global-binding group=tenant-2 role=edit
[30/100] action=cross-tenant-access context=tenant-1-user@kubernetes operation=watch resource=configmap namespace=tenant-2
[31/100] action=cross-tenant-access context=tenant-2-user@kubernetes operation=list resource=configmap namespace=tenant-1
[32/100] action=create-rb ns=tenant-2 name=tenant-binding group=tenant-2 role=cluster-admin
[33/100] action=create-clusterrole name=dev resources=pods verbs=delete,list
[34/100] action=create-rb ns=tenant-2 name=tenant-binding group=tenant-2 role=cluster-admin
[35/100] action=create-clusterrole name=dev resources=services,configmaps,secrets verbs=delete,deletecollection,update,list,patch
[36/100] action=cross-tenant-access context=tenant-1-user@kubernetes operation=list resource=configmap namespace=tenant-2
[37/100] action=delete-rb ns=tenant-1 name=tenant-binding
[38/100] action=cross-tenant-access context=tenant-2-user@kubernetes operation=delete resource=configmap namespace=tenant-1
[39/100] action=create-rb ns=tenant-1 name=tenant-binding group=tenant-1 role=cluster-admin
[40/100] action=delete-clusterrole name=dev
[41/100] action=create-rb ns=tenant-2 name=tenant-binding group=tenant-2 role=edit
[42/100] action=cross-tenant-access context=tenant-2-user@kubernetes operation=list resource=configmap namespace=tenant-1
[43/100] action=cross-tenant-access context=tenant-2-user@kubernetes operation=watch resource=configmap namespace=tenant-1
[44/100] action=cross-tenant-access context=tenant-2-user@kubernetes operation=get resource=configmap namespace=tenant-1
[45/100] action=delete-rb ns=tenant-2 name=tenant-binding
[46/100] action=cross-tenant-access context=tenant-2-user@kubernetes operation=delete resource=configmap namespace=tenant-1
[47/100] action=create-rb ns=tenant-2 name=tenant-binding group=tenant-2 role=edit
[48/100] action=create-clusterrole name=dev resources=pods,secrets verbs=create,patch,list,deletecollection,watch
[49/100] action=delete-rb ns=tenant-2 name=tenant-binding
[50/100] action=cross-tenant-access context=tenant-1-user@kubernetes operation=list resource=configmap namespace=tenant-2
[51/100] action=cross-tenant-access context=tenant-2-user@kubernetes operation=get resource=configmap namespace=tenant-1
[52/100] action=cross-tenant-access context=tenant-2-user@kubernetes operation=list resource=configmap namespace=tenant-1
[53/100] action=cross-tenant-access context=tenant-1-user@kubernetes operation=watch resource=configmap namespace=tenant-2
[54/100] action=delete-crb name=foo-global-binding
[55/100] action=delete-rb ns=tenant-2 name=tenant-binding
[56/100] action=cross-tenant-access context=tenant-2-user@kubernetes operation=patch resource=configmap namespace=tenant-1
[57/100] action=cross-tenant-access context=tenant-1-user@kubernetes operation=get resource=configmap namespace=tenant-2
[58/100] action=cross-tenant-access context=tenant-1-user@kubernetes operation=patch resource=configmap namespace=tenant-2
[59/100] action=delete-crb name=foo-global-binding
[60/100] action=delete-rb ns=tenant-2 name=tenant-binding
[61/100] action=cross-tenant-access context=tenant-2-user@kubernetes operation=delete resource=configmap namespace=tenant-1
[62/100] action=delete-rb ns=tenant-2 name=tenant-binding
[63/100] action=delete-rb ns=tenant-2 name=tenant-binding
[64/100] action=cross-tenant-access context=tenant-2-user@kubernetes operation=watch resource=configmap namespace=tenant-1
[65/100] action=cross-tenant-access context=tenant-1-user@kubernetes operation=get resource=configmap namespace=tenant-2
[66/100] action=cross-tenant-access context=tenant-2-user@kubernetes operation=get resource=configmap namespace=tenant-1
[67/100] action=cross-tenant-access context=tenant-1-user@kubernetes operation=delete resource=configmap namespace=tenant-2
[68/100] action=delete-clusterrole name=dev
[69/100] action=delete-crb name=foo-global-binding
[70/100] action=delete-crb name=foo-global-binding
[71/100] action=create-clusterrole name=dev resources=services,configmaps verbs=deletecollection,patch,create,list,update
[72/100] action=delete-crb name=foo-global-binding
[73/100] action=create-rb ns=tenant-2 name=tenant-binding group=tenant-2 role=cluster-admin
[74/100] action=delete-crb name=foo-global-binding
[75/100] action=cross-tenant-access context=tenant-2-user@kubernetes operation=watch resource=configmap namespace=tenant-1
[76/100] action=cross-tenant-access context=tenant-2-user@kubernetes operation=delete resource=configmap namespace=tenant-1
[77/100] action=delete-clusterrole name=dev
[78/100] action=delete-rb ns=tenant-2 name=tenant-binding
[79/100] action=create-rb ns=tenant-2 name=tenant-binding group=tenant-2 role=dev
[80/100] action=cross-tenant-access context=tenant-2-user@kubernetes operation=list resource=configmap namespace=tenant-1
[81/100] action=delete-clusterrole name=dev
[82/100] action=cross-tenant-access context=tenant-1-user@kubernetes operation=list resource=configmap namespace=tenant-2
[83/100] action=cross-tenant-access context=tenant-2-user@kubernetes operation=patch resource=configmap namespace=tenant-1
[84/100] action=delete-rb ns=tenant-1 name=tenant-binding
[85/100] action=cross-tenant-access context=tenant-2-user@kubernetes operation=list resource=configmap namespace=tenant-1
[86/100] action=delete-crb name=foo-global-binding
[87/100] action=delete-crb name=foo-global-binding
[88/100] action=cross-tenant-access context=tenant-1-user@kubernetes operation=watch resource=configmap namespace=tenant-2
[89/100] action=cross-tenant-access context=tenant-2-user@kubernetes operation=list resource=configmap namespace=tenant-1
[90/100] action=cross-tenant-access context=tenant-2-user@kubernetes operation=watch resource=configmap namespace=tenant-1
[91/100] action=create-rb ns=tenant-1 name=tenant-binding group=tenant-1 role=view
[92/100] action=cross-tenant-access context=tenant-1-user@kubernetes operation=patch resource=configmap namespace=tenant-2
[93/100] action=create-clusterrole name=dev resources=pods verbs=update
[94/100] action=create-rb ns=tenant-1 name=tenant-binding group=tenant-1 role=edit
[95/100] action=cross-tenant-access context=tenant-2-user@kubernetes operation=watch resource=configmap namespace=tenant-1
[96/100] action=create-rb ns=tenant-1 name=tenant-binding group=tenant-1 role=view
[97/100] action=delete-clusterrole name=dev
[98/100] action=delete-rb ns=tenant-1 name=tenant-binding
[99/100] action=delete-rb ns=tenant-1 name=tenant-binding
[100/100] action=cross-tenant-access context=tenant-1-user@kubernetes operation=patch resource=configmap namespace=tenant-2
