[1/50] action=cross-tenant-access context=tenant-2-user@kubernetes operation=list resource=configmap namespace=tenant-1
[2/50] action=create-clusterrole name=dev resources=pods,configmaps verbs=patch,watch
[3/50] action=delete-rb ns=tenant-1 name=tenant-binding
[4/50] action=cross-tenant-access context=tenant-1-user@kubernetes operation=list resource=configmap namespace=tenant-2
[5/50] action=cross-tenant-access context=tenant-1-user@kubernetes operation=watch resource=configmap namespace=tenant-2
[6/50] action=delete-rb ns=tenant-1 name=tenant-binding
[7/50] action=delete-rb ns=tenant-2 name=tenant-binding
[8/50] action=cross-tenant-access context=tenant-1-user@kubernetes operation=get resource=configmap namespace=tenant-2
[9/50] action=create-clusterrole name=dev resources=secrets,configmaps,services verbs=patch
[10/50] action=delete-rb ns=tenant-1 name=tenant-binding
[11/50] action=cross-tenant-access context=tenant-1-user@kubernetes operation=get resource=configmap namespace=tenant-2
[12/50] action=delete-crb name=foo-global-binding
[13/50] action=create-crb name=foo-global-binding group=tenant-1 role=view
[14/50] action=delete-clusterrole name=dev
[15/50] action=delete-crb name=foo-global-binding
[16/50] action=delete-crb name=foo-global-binding
[17/50] action=cross-tenant-access context=tenant-2-user@kubernetes operation=list resource=configmap namespace=tenant-1
[18/50] action=create-crb name=foo-global-binding group=tenant-1 role=dev
[19/50] action=delete-crb name=foo-global-binding
[20/50] action=cross-tenant-access context=tenant-2-user@kubernetes operation=get resource=configmap namespace=tenant-1
[21/50] action=create-rb ns=tenant-2 name=tenant-binding group=tenant-2 role=view
[22/50] action=delete-rb ns=tenant-2 name=tenant-binding
[23/50] action=delete-crb name=foo-global-binding
[24/50] action=delete-crb name=foo-global-binding
[25/50] action=delete-crb name=foo-global-binding
[26/50] action=create-rb ns=tenant-1 name=tenant-binding group=tenant-1 role=admin
[27/50] action=delete-crb name=foo-global-binding
[28/50] action=delete-rb ns=tenant-2 name=tenant-binding
[29/50] action=delete-crb name=foo-global-binding
[30/50] action=cross-tenant-access context=tenant-2-user@kubernetes operation=list resource=configmap namespace=tenant-1
[31/50] action=delete-crb name=foo-global-binding
[32/50] action=cross-tenant-access context=tenant-1-user@kubernetes operation=list resource=configmap namespace=tenant-2
[33/50] action=cross-tenant-access context=tenant-2-user@kubernetes operation=get resource=configmap namespace=tenant-1
[34/50] action=delete-clusterrole name=dev
[35/50] action=delete-crb name=foo-global-binding
[36/50] action=cross-tenant-access context=tenant-1-user@kubernetes operation=list resource=configmap namespace=tenant-2
[37/50] action=create-crb name=foo-global-binding group=tenant-2 role=view
[38/50] action=cross-tenant-access context=tenant-2-user@kubernetes operation=list resource=configmap namespace=tenant-1
[39/50] action=create-rb ns=tenant-2 name=tenant-binding group=tenant-2 role=edit
[40/50] action=delete-rb ns=tenant-2 name=tenant-binding
[41/50] action=cross-tenant-access context=tenant-2-user@kubernetes operation=list resource=configmap namespace=tenant-1
[42/50] action=delete-clusterrole name=dev
[43/50] action=create-rb ns=tenant-1 name=tenant-binding group=tenant-1 role=admin
[44/50] action=create-crb name=foo-global-binding group=tenant-1 role=edit
[45/50] action=delete-crb name=foo-global-binding
[46/50] action=delete-crb name=foo-global-binding
[47/50] action=cross-tenant-access context=tenant-1-user@kubernetes operation=list resource=configmap namespace=tenant-2
[48/50] action=cross-tenant-access context=tenant-1-user@kubernetes operation=watch resource=configmap namespace=tenant-2
[49/50] action=create-crb name=foo-global-binding group=tenant-2 role=view
[50/50] action=cross-tenant-access context=tenant-2-user@kubernetes operation=patch resource=configmap namespace=tenant-1
