[1/1000] action=cross-tenant-access context=tenant-7-user@kubernetes operation=get resource=configmap namespace=tenant-2
[2/1000] action=cross-tenant-access context=tenant-8-user@kubernetes operation=get resource=configmap namespace=tenant-3
[3/1000] action=cross-tenant-access context=tenant-10-user@kubernetes operation=patch resource=configmap namespace=tenant-8
[4/1000] action=delete-crb name=foo-global-binding
[5/1000] action=create-crb name=foo-global-binding group=tenant-9 role=dev
[6/1000] action=delete-rb ns=tenant-7 name=tenant-binding
[7/1000] action=create-crb name=foo-global-binding group=tenant-4 role=admin
[8/1000] action=cross-tenant-access context=tenant-3-user@kubernetes operation=get resource=configmap namespace=tenant-10
[9/1000] action=cross-tenant-access context=tenant-7-user@kubernetes operation=watch resource=configmap namespace=tenant-6
[10/1000] action=cross-tenant-access context=tenant-1-user@kubernetes operation=delete resource=configmap namespace=tenant-4
[11/1000] action=delete-clusterrole name=dev
[12/1000] action=create-clusterrole name=dev resources=configmaps,secrets verbs=list,deletecollection,create,watch
[13/1000] action=delete-rb ns=tenant-10 name=tenant-binding
[14/1000] action=delete-clusterrole name=dev
[15/1000] action=create-rb ns=tenant-7 name=tenant-binding group=tenant-7 role=dev
[16/1000] action=create-rb ns=tenant-3 name=tenant-binding group=tenant-3 role=cluster-admin
[17/1000] action=cross-tenant-access context=tenant-2-user@kubernetes operation=get resource=configmap namespace=tenant-5
[18/1000] action=create-rb ns=tenant-5 name=tenant-binding group=tenant-5 role=cluster-admin
[19/1000] action=delete-clusterrole name=dev
[20/1000] action=create-clusterrole name=dev resources=configmaps,services verbs=get,delete,patch,deletecollection,update
[21/1000] action=delete-rb ns=tenant-8 name=tenant-binding
[22/1000] action=create-rb ns=tenant-9 name=tenant-binding group=tenant-9 role=dev
[23/1000] action=cross-tenant-access context=tenant-10-user@kubernetes operation=watch resource=configmap namespace=tenant-2
[24/1000] action=delete-crb name=foo-global-binding
[25/1000] action=delete-clusterrole name=dev
[26/1000] action=cross-tenant-access context=tenant-2-user@kubernetes operation=delete resource=configmap namespace=tenant-8
[27/1000] action=create-clusterrole name=dev resources=pods,secrets verbs=delete,patch,list,create
[28/1000] action=create-crb name=foo-global-binding group=tenant-6 role=edit
[29/1000] action=cross-tenant-access context=tenant-2-user@kubernetes operation=get resource=configmap namespace=tenant-1
[30/1000] action=delete-crb name=foo-global-binding
[31/1000] action=create-crb name=foo-global-binding group=tenant-4 role=admin
[32/1000] action=create-clusterrole name=dev resources=configmaps verbs=update,patch,watch
[33/1000] action=delete-rb ns=tenant-1 name=tenant-binding
[34/1000] action=create-clusterrole name=dev resources=secrets verbs=create,patch,watch,get
[35/1000] action=cross-tenant-access context=tenant-6-user@kubernetes operation=delete resource=configmap namespace=tenant-9
[36/1000] action=delete-crb name=foo-global-binding
[37/1000] action=delete-rb ns=tenant-3 name=tenant-binding
[38/1000] action=delete-clusterrole name=dev
[39/1000] action=delete-rb ns=tenant-9 name=tenant-binding
[40/1000] action=cross-tenant-access context=tenant-8-user@kubernetes operation=watch resource=configmap namespace=tenant-7
[41/1000] action=create-rb ns=tenant-3 name=tenant-binding group=tenant-3 role=edit
[42/1000] action=create-clusterrole name=dev resources=services verbs=create,watch
[43/1000] action=cross-tenant-access context=tenant-8-user@kubernetes operation=patch resource=configmap namespace=tenant-6
[44/1000] action=create-crb name=foo-global-binding group=tenant-7 role=cluster-admin
[45/1000] action=cross-tenant-access context=tenant-1-user@kubernetes operation=delete resource=configmap namespace=tenant-6
[46/1000] action=cross-tenant-access context=tenant-10-user@kubernetes operation=watch resource=configmap namespace=tenant-9
[47/1000] action=cross-tenant-access context=tenant-1-user@kubernetes operation=patch resource=configmap namespace=tenant-9
[48/1000] action=cross-tenant-access context=tenant-7-user@kubernetes operation=delete resource=configmap namespace=tenant-5
[49/1000] action=cross-tenant-access context=tenant-8-user@kubernetes operation=patch resource=configmap namespace=tenant-5
[50/1000] action=delete-clusterrole name=dev
[51/1000] action=cross-tenant-access context=tenant-4-user@kubernetes operation=patch resource=configmap namespace=tenant-1
[52/1000] action=create-rb ns=tenant-9 name=tenant-binding group=tenant-9 role=edit
[53/1000] action=delete-crb name=foo-global-binding
[54/1000] action=delete-rb ns=tenant-8 name=tenant-binding
[55/1000] action=delete-rb ns=tenant-7 name=tenant-binding
[56/1000] action=delete-rb ns=tenant-4 name=tenant-binding
[57/1000] action=cross-tenant-access context=tenant-9-user@kubernetes operation=list resource=configmap namespace=tenant-2
[58/1000] action=delete-crb name=foo-global-binding
[59/1000] action=delete-clusterrole name=dev
[60/1000] action=cross-tenant-access context=tenant-1-user@kubernetes operation=list resource=configmap namespace=tenant-3
[61/1000] action=cross-tenant-access context=tenant-4-user@kubernetes operation=list resource=configmap namespace=tenant-8
[62/1000] action=create-rb ns=tenant-7 name=tenant-binding group=tenant-7 role=view
[63/1000] action=delete-clusterrole name=dev
[64/1000] action=create-rb ns=tenant-8 name=tenant-binding group=tenant-8 role=dev
[65/1000] action=delete-crb name=foo-global-binding
[66/1000] action=delete-rb ns=tenant-4 name=tenant-binding
[67/1000] action=cross-tenant-access context=tenant-1-user@kubernetes operation=watch resource=configmap namespace=tenant-2
[68/1000] action=delete-rb ns=tenant-1 name=tenant-binding
[69/1000] action=cross-tenant-access context=tenant-4-user@kubernetes operation=patch resource=configmap namespace=tenant-10
[70/1000] action=cross-tenant-access context=tenant-9-user@kubernetes operation=get resource=configmap namespace=tenant-4
[71/1000] action=cross-tenant-access context=tenant-9-user@kubernetes operation=get resource=configmap namespace=tenant-6
[72/1000] action=delete-clusterrole name=dev
[73/1000] action=create-clusterrole name=dev resources=services verbs=delete
[74/1000] action=cross-tenant-access context=tenant-5-user@kubernetes operation=watch resource=configmap namespace=tenant-2
[75/1000] action=cross-tenant-access context=tenant-7-user@kubernetes operation=get resource=configmap namespace=tenant-5
[76/1000] action=cross-tenant-access context=tenant-7-user@kubernetes operation=get resource=configmap namespace=tenant-5
[77/1000] action=cross-tenant-access context=tenant-10-user@kubernetes operation=list resource=configmap namespace=tenant-3
[78/1000] action=cross-tenant-access context=tenant-8-user@kubernetes operation=patch resource=configmap namespace=tenant-2
[79/1000] action=create-rb ns=tenant-10 name=tenant-binding group=tenant-10 role=dev
[80/1000] action=cross-tenant-access context=tenant-2-user@kubernetes operation=delete resource=configmap namespace=tenant-8
[81/1000] action=cross-tenant-access context=tenant-8-user@kubernetes operation=delete resource=configmap namespace=tenant-9
[82/1000] action=cross-tenant-access context=tenant-4-user@kubernetes operation=patch resource=configmap namespace=tenant-2
[83/1000] action=create-crb name=foo-global-binding group=tenant-3 role=admin
[84/1000] action=cross-tenant-access context=tenant-6-user@kubernetes operation=list resource=configmap namespace=tenant-7
[85/1000] action=cross-tenant-access context=tenant-5-user@kubernetes operation=watch resource=configmap namespace=tenant-8
[86/1000] action=create-rb ns=tenant-8 name=tenant-binding group=tenant-8 role=admin
[87/1000] action=cross-tenant-access context=tenant-1-user@kubernetes operation=patch resource=configmap namespace=tenant-8
[88/1000] action=cross-tenant-access context=tenant-2-user@kubernetes operation=list resource=configmap namespace=tenant-10
[89/1000] action=cross-tenant-access context=tenant-10-user@kubernetes operation=list resource=configmap namespace=tenant-4
[90/1000] action=delete-crb name=foo-global-binding
[91/1000] action=delete-clusterrole name=dev
[92/1000] action=cross-tenant-access context=tenant-8-user@kubernetes operation=patch resource=configmap namespace=tenant-7
[93/1000] action=create-clusterrole name=dev resources=pods,secrets verbs=get,watch,deletecollection
[94/1000] action=cross-tenant-access context=tenant-10-user@kubernetes operation=patch resource=configmap namespace=tenant-3
[95/1000] action=cross-tenant-access context=tenant-9-user@kubernetes operation=patch resource=configmap namespace=tenant-8
[96/1000] action=cross-tenant-access context=tenant-5-user@kubernetes operation=patch resource=configmap namespace=tenant-4
[97/1000] action=cross-tenant-access context=tenant-10-user@kubernetes operation=delete resource=configmap namespace=tenant-1
[98/1000] action=delete-rb ns=tenant-9 name=tenant-binding
[99/1000] action=create-rb ns=tenant-8 name=tenant-binding group=tenant-8 role=admin
[100/1000] action=cross-tenant-access context=tenant-9-user@kubernetes operation=list resource=configmap namespace=tenant-1
[101/1000] action=create-clusterrole name=dev resources=pods verbs=patch
[102/1000] action=delete-rb ns=tenant-10 name=tenant-binding
[103/1000] action=delete-clusterrole name=dev
[104/1000] action=cross-tenant-access context=tenant-8-user@kubernetes operation=patch resource=configmap namespace=tenant-2
[105/1000] action=cross-tenant-access context=tenant-5-user@kubernetes operation=get resource=configmap namespace=tenant-6
[106/1000] action=delete-crb name=foo-global-binding
[107/1000] action=create-clusterrole name=dev resources=services verbs=watch,patch,delete,list
[108/1000] action=delete-rb ns=tenant-4 name=tenant-binding
[109/1000] action=create-rb ns=tenant-2 name=tenant-binding group=tenant-2 role=admin
[110/1000] action=create-rb ns=tenant-4 name=tenant-binding group=tenant-4 role=admin
[111/1000] action=cross-tenant-access context=tenant-10-user@kubernetes operation=patch resource=configmap namespace=tenant-2
[112/1000] action=cross-tenant-access context=tenant-3-user@kubernetes operation=watch resource=configmap namespace=tenant-2
[113/1000] action=cross-tenant-access context=tenant-5-user@kubernetes operation=delete resource=configmap namespace=tenant-6
[114/1000] action=cross-tenant-access context=tenant-3-user@kubernetes operation=delete resource=configmap namespace=tenant-9
[115/1000] action=create-clusterrole name=dev resources=secrets,pods verbs=watch,patch
[116/1000] action=create-rb ns=tenant-1 name=tenant-binding group=tenant-1 role=edit
[117/1000] action=create-rb ns=tenant-6 name=tenant-binding group=tenant-6 role=dev
[118/1000] action=delete-clusterrole name=dev
[119/1000] action=cross-tenant-access context=tenant-6-user@kubernetes operation=patch resource=configmap namespace=tenant-5
[120/1000] action=cross-tenant-access context=tenant-5-user@kubernetes operation=delete resource=configmap namespace=tenant-3
[121/1000] action=cross-tenant-access context=tenant-3-user@kubernetes operation=patch resource=configmap namespace=tenant-5
[122/1000] action=delete-rb ns=tenant-6 name=tenant-binding
[123/1000] action=cross-tenant-access context=tenant-6-user@kubernetes operation=list resource=configmap namespace=tenant-7
[124/1000] action=delete-crb name=foo-global-binding
[125/1000] action=cross-tenant-access context=tenant-5-user@kubernetes operation=watch resource=configmap namespace=tenant-9
[126/1000] action=cross-tenant-access context=tenant-4-user@kubernetes operation=get resource=configmap namespace=tenant-10
[127/1000] action=delete-crb name=foo-global-binding
[128/1000] action=create-clusterrole name=dev resources=pods,secrets verbs=watch,get,create,update
[129/1000] action=delete-rb ns=tenant-10 name=tenant-binding
[130/1000] action=create-clusterrole name=dev resources=services,configmaps,pods verbs=create,list,patch
[131/1000] action=delete-clusterrole name=dev
[132/1000] action=create-crb name=foo-global-binding group=tenant-3 role=edit
[133/1000] action=create-rb ns=tenant-5 name=tenant-binding group=tenant-5 role=edit
[134/1000] action=cross-tenant-access context=tenant-8-user@kubernetes operation=watch resource=configmap namespace=tenant-6
[135/1000] action=delete-rb ns=tenant-3 name=tenant-binding
[136/1000] action=create-rb ns=tenant-7 name=tenant-binding group=tenant-7 role=admin
[137/1000] action=delete-crb name=foo-global-binding
[138/1000] action=create-crb name=foo-global-binding group=tenant-2 role=dev
[139/1000] action=cross-tenant-access context=tenant-4-user@kubernetes operation=watch resource=configmap namespace=tenant-5
[140/1000] action=cross-tenant-access context=tenant-3-user@kubernetes operation=get resource=configmap namespace=tenant-5
[141/1000] action=create-clusterrole name=dev resources=configmaps,secrets,services verbs=get
[142/1000] action=delete-rb ns=tenant-6 name=tenant-binding
[143/1000] action=create-rb ns=tenant-2 name=tenant-binding group=tenant-2 role=dev
[144/1000] action=create-clusterrole name=dev resources=pods,configmaps verbs=deletecollection,list,patch
[145/1000] action=create-clusterrole name=dev resources=configmaps,services,pods verbs=watch
[146/1000] action=cross-tenant-access context=tenant-7-user@kubernetes operation=get resource=configmap namespace=tenant-1
[147/1000] action=delete-crb name=foo-global-binding
[148/1000] action=cross-tenant-access context=tenant-5-user@kubernetes operation=get resource=configmap namespace=tenant-3
[149/1000] action=cross-tenant-access context=tenant-5-user@kubernetes operation=list resource=configmap namespace=tenant-7
[150/1000] action=cross-tenant-access context=tenant-5-user@kubernetes operation=list resource=configmap namespace=tenant-3
[151/1000] action=cross-tenant-access context=tenant-1-user@kubernetes operation=list resource=configmap namespace=tenant-2
[152/1000] action=cross-tenant-access context=tenant-3-user@kubernetes operation=delete resource=configmap namespace=tenant-6
[153/1000] action=cross-tenant-access context=tenant-5-user@kubernetes operation=patch resource=configmap namespace=tenant-6
[154/1000] action=cross-tenant-access context=tenant-6-user@kubernetes operation=watch resource=configmap namespace=tenant-9
[155/1000] action=create-rb ns=tenant-5 name=tenant-binding group=tenant-5 role=cluster-admin
[156/1000] action=cross-tenant-access context=tenant-8-user@kubernetes operation=delete resource=configmap namespace=tenant-3
[157/1000] action=cross-tenant-access context=tenant-10-user@kubernetes operation=patch resource=configmap namespace=tenant-5
[158/1000] action=create-rb ns=tenant-10 name=tenant-binding group=tenant-10 role=edit
[159/1000] action=delete-rb ns=tenant-8 name=tenant-binding
[160/1000] action=delete-rb ns=tenant-6 name=tenant-binding
[161/1000] action=cross-tenant-access context=tenant-9-user@kubernetes operation=list resource=configmap namespace=tenant-1
[162/1000] action=create-rb ns=tenant-8 name=tenant-binding group=tenant-8 role=view
[163/1000] action=cross-tenant-access context=tenant-8-user@kubernetes operation=get resource=configmap namespace=tenant-5
[164/1000] action=delete-clusterrole name=dev
[165/1000] action=delete-clusterrole name=dev
[166/1000] action=delete-crb name=foo-global-binding
[167/1000] action=cross-tenant-access context=tenant-9-user@kubernetes operation=watch resource=configmap namespace=tenant-8
[168/1000] action=delete-rb ns=tenant-3 name=tenant-binding
[169/1000] action=cross-tenant-access context=tenant-4-user@kubernetes operation=get resource=configmap namespace=tenant-6
[170/1000] action=create-crb name=foo-global-binding group=tenant-3 role=admin
[171/1000] action=create-crb name=foo-global-binding group=tenant-8 role=admin
[172/1000] action=cross-tenant-access context=tenant-5-user@kubernetes operation=delete resource=configmap namespace=tenant-6
[173/1000] action=create-rb ns=tenant-8 name=tenant-binding group=tenant-8 role=cluster-admin
[174/1000] action=delete-clusterrole name=dev
[175/1000] action=create-rb ns=tenant-4 name=tenant-binding group=tenant-4 role=admin
[176/1000] action=cross-tenant-access context=tenant-1-user@kubernetes operation=get resource=configmap namespace=tenant-3
[177/1000] action=delete-crb name=foo-global-binding
[178/1000] action=cross-tenant-access context=tenant-4-user@kubernetes operation=patch resource=configmap namespace=tenant-1
[179/1000] action=create-crb name=foo-global-binding group=tenant-9 role=cluster-admin
[180/1000] action=delete-crb name=foo-global-binding
[181/1000] action=delete-crb name=foo-global-binding
[182/1000] action=delete-crb name=foo-global-binding
[183/1000] action=delete-clusterrole name=dev
[184/1000] action=create-crb name=foo-global-binding group=tenant-5 role=cluster-admin
[185/1000] action=cross-tenant-access context=tenant-7-user@kubernetes operation=patch resource=configmap namespace=tenant-1
[186/1000] action=create-rb ns=tenant-2 name=tenant-binding group=tenant-2 role=dev
[187/1000] action=create-rb ns=tenant-9 name=tenant-binding group=tenant-9 role=cluster-admin
[188/1000] action=delete-rb ns=tenant-5 name=tenant-binding
[189/1000] action=create-clusterrole name=dev resources=secrets,pods,services verbs=watch
[190/1000] action=delete-rb ns=tenant-10 name=tenant-binding
[191/1000] action=create-rb ns=tenant-2 name=tenant-binding group=tenant-2 role=cluster-admin
[192/1000] action=create-rb ns=tenant-9 name=tenant-binding group=tenant-9 role=edit
[193/1000] action=delete-rb ns=tenant-6 name=tenant-binding
[194/1000] action=create-crb name=foo-global-binding group=tenant-5 role=dev
[195/1000] action=delete-rb ns=tenant-4 name=tenant-binding
[196/1000] action=cross-tenant-access context=tenant-2-user@kubernetes operation=watch resource=configmap namespace=tenant-5
[197/1000] action=cross-tenant-access context=tenant-3-user@kubernetes operation=patch resource=configmap namespace=tenant-8
[198/1000] action=create-crb name=foo-global-binding group=tenant-3 role=view
[199/1000] action=cross-tenant-access context=tenant-10-user@kubernetes operation=patch resource=configmap namespace=tenant-9
[200/1000] action=cross-tenant-access context=tenant-9-user@kubernetes operation=list resource=configmap namespace=tenant-3
[201/1000] action=cross-tenant-access context=tenant-7-user@kubernetes operation=delete resource=configmap namespace=tenant-1
[202/1000] action=cross-tenant-access context=tenant-4-user@kubernetes operation=list resource=configmap namespace=tenant-5
[203/1000] action=create-rb ns=tenant-3 name=tenant-binding group=tenant-3 role=view
[204/1000] action=cross-tenant-access context=tenant-2-user@kubernetes operation=watch resource=configmap namespace=tenant-9
[205/1000] action=delete-clusterrole name=dev
[206/1000] action=delete-rb ns=tenant-1 name=tenant-binding
[207/1000] action=cross-tenant-access context=tenant-9-user@kubernetes operation=get resource=configmap namespace=tenant-8
[208/1000] action=create-rb ns=tenant-4 name=tenant-binding group=tenant-4 role=view
[209/1000] action=create-crb name=foo-global-binding group=tenant-2 role=admin
[210/1000] action=delete-crb name=foo-global-binding
[211/1000] action=create-rb ns=tenant-9 name=tenant-binding group=tenant-9 role=view
[212/1000] action=cross-tenant-access context=tenant-6-user@kubernetes operation=list resource=configmap namespace=tenant-5
[213/1000] action=create-rb ns=tenant-1 name=tenant-binding group=tenant-1 role=admin
[214/1000] action=delete-clusterrole name=dev
[215/1000] action=cross-tenant-access context=tenant-2-user@kubernetes operation=delete resource=configmap namespace=tenant-5
[216/1000] action=delete-rb ns=tenant-8 name=tenant-binding
[217/1000] action=cross-tenant-access context=tenant-10-user@kubernetes operation=patch resource=configmap namespace=tenant-8
[218/1000] action=create-clusterrole name=dev resources=configmaps,secrets,services verbs=create
[219/1000] action=create-crb name=foo-global-binding group=tenant-3 role=dev
[220/1000] action=create-crb name=foo-global-binding group=tenant-4 role=admin
[221/1000] action=delete-rb ns=tenant-6 name=tenant-binding
[222/1000] action=delete-clusterrole name=dev
[223/1000] action=delete-clusterrole name=dev
[224/1000] action=create-clusterrole name=dev resources=configmaps verbs=patch
[225/1000] action=cross-tenant-access context=tenant-7-user@kubernetes operation=get resource=configmap namespace=tenant-10
[226/1000] action=cross-tenant-access context=tenant-4-user@kubernetes operation=watch resource=configmap namespace=tenant-2
[227/1000] action=create-clusterrole name=dev resources=pods,secrets,configmaps verbs=deletecollection
[228/1000] action=create-rb ns=tenant-9 name=tenant-binding group=tenant-9 role=admin
[229/1000] action=cross-tenant-access context=tenant-2-user@kubernetes operation=list resource=configmap namespace=tenant-9
[230/1000] action=delete-clusterrole name=dev
[231/1000] action=cross-tenant-access context=tenant-1-user@kubernetes operation=list resource=configmap namespace=tenant-3
[232/1000] action=delete-rb ns=tenant-5 name=tenant-binding
[233/1000] action=create-clusterrole name=dev resources=pods verbs=create
[234/1000] action=cross-tenant-access context=tenant-5-user@kubernetes operation=list resource=configmap namespace=tenant-1
[235/1000] action=create-rb ns=tenant-10 name=tenant-binding group=tenant-10 role=admin
[236/1000] action=delete-crb name=foo-global-binding
[237/1000] action=delete-clusterrole name=dev
[238/1000] action=create-clusterrole name=dev resources=secrets verbs=create,delete,patch,deletecollection
[239/1000] action=create-clusterrole name=dev resources=secrets,configmaps verbs=update,deletecollection,create
[240/1000] action=delete-rb ns=tenant-4 name=tenant-binding
[241/1000] action=delete-clusterrole name=dev
[242/1000] action=cross-tenant-access context=tenant-3-user@kubernetes operation=patch resource=configmap namespace=tenant-7
[243/1000] action=create-rb ns=tenant-3 name=tenant-binding group=tenant-3 role=edit
[244/1000] action=cross-tenant-access context=tenant-6-user@kubernetes operation=patch resource=configmap namespace=tenant-8
[245/1000] action=cross-tenant-access context=tenant-5-user@kubernetes operation=get resource=configmap namespace=tenant-1
[246/1000] action=delete-clusterrole name=dev
[247/1000] action=create-clusterrole name=dev resources=secrets verbs=create,watch
[248/1000] action=cross-tenant-access context=tenant-7-user@kubernetes operation=delete resource=configmap namespace=tenant-8
[249/1000] action=create-clusterrole name=dev resources=configmaps,secrets verbs=patch
[250/1000] action=cross-tenant-access context=tenant-4-user@kubernetes operation=get resource=configmap namespace=tenant-6
[251/1000] action=delete-rb ns=tenant-10 name=tenant-binding
[252/1000] action=cross-tenant-access context=tenant-6-user@kubernetes operation=get resource=configmap namespace=tenant-2
[253/1000] action=delete-clusterrole name=dev
[254/1000] action=cross-tenant-access context=tenant-2-user@kubernetes operation=list resource=configmap namespace=tenant-5
[255/1000] action=cross-tenant-access context=tenant-5-user@kubernetes operation=get resource=configmap namespace=tenant-1
[256/1000] action=cross-tenant-access context=tenant-2-user@kubernetes operation=delete resource=configmap namespace=tenant-7
[257/1000] action=delete-rb ns=tenant-8 name=tenant-binding
[258/1000] action=delete-crb name=foo-global-binding
[259/1000] action=delete-clusterrole name=dev
[260/1000] action=cross-tenant-access context=tenant-8-user@kubernetes operation=delete resource=configmap namespace=tenant-1
[261/1000] action=cross-tenant-access context=tenant-2-user@kubernetes operation=get resource=configmap namespace=tenant-8
[262/1000] action=cross-tenant-access context=tenant-3-user@kubernetes operation=get resource=configmap namespace=tenant-7
[263/1000] action=delete-rb ns=tenant-1 name=tenant-binding
[264/1000] action=create-rb ns=tenant-1 name=tenant-binding group=tenant-1 role=edit
[265/1000] action=cross-tenant-access context=tenant-5-user@kubernetes operation=delete resource=configmap namespace=tenant-8
[266/1000] action=delete-rb ns=tenant-10 name=tenant-binding
[267/1000] action=create-crb name=foo-global-binding group=tenant-9 role=view
[268/1000] action=create-crb name=foo-global-binding group=tenant-8 role=view
[269/1000] action=delete-clusterrole name=dev
[270/1000] action=cross-tenant-access context=tenant-10-user@kubernetes operation=watch resource=configmap namespace=tenant-8
[271/1000] action=cross-tenant-access context=tenant-10-user@kubernetes operation=watch resource=configmap namespace=tenant-8
[272/1000] action=create-rb ns=tenant-6 name=tenant-binding group=tenant-6 role=view
[273/1000] action=delete-crb name=foo-global-binding
[274/1000] action=create-rb ns=tenant-4 name=tenant-binding group=tenant-4 role=admin
[275/1000] action=cross-tenant-access context=tenant-8-user@kubernetes operation=patch resource=configmap namespace=tenant-1
[276/1000] action=cross-tenant-access context=tenant-3-user@kubernetes operation=list resource=configmap namespace=tenant-10
[277/1000] action=cross-tenant-access context=tenant-2-user@kubernetes operation=patch resource=configmap namespace=tenant-1
[278/1000] action=cross-tenant-access context=tenant-6-user@kubernetes operation=patch resource=configmap namespace=tenant-10
[279/1000] action=create-crb name=foo-global-binding group=tenant-7 role=edit
[280/1000] action=delete-rb ns=tenant-7 name=tenant-binding
[281/1000] action=cross-tenant-access context=tenant-7-user@kubernetes operation=delete resource=configmap namespace=tenant-5
[282/1000] action=create-crb name=foo-global-binding group=tenant-5 role=admin
[283/1000] action=cross-tenant-access context=tenant-4-user@kubernetes operation=list resource=configmap namespace=tenant-7
[284/1000] action=create-crb name=foo-global-binding group=tenant-8 role=cluster-admin
[285/1000] action=cross-tenant-access context=tenant-7-user@kubernetes operation=get resource=configmap namespace=tenant-10
[286/1000] action=cross-tenant-access context=tenant-9-user@kubernetes operation=delete resource=configmap namespace=tenant-2
[287/1000] action=create-crb name=foo-global-binding group=tenant-7 role=view
[288/1000] action=create-rb ns=tenant-2 name=tenant-binding group=tenant-2 role=admin
[289/1000] action=cross-tenant-access context=tenant-7-user@kubernetes operation=list resource=configmap namespace=tenant-1
[290/1000] action=cross-tenant-access context=tenant-9-user@kubernetes operation=watch resource=configmap namespace=tenant-10
[291/1000] action=create-clusterrole name=dev resources=services verbs=create
[292/1000] action=delete-clusterrole name=dev
[293/1000] action=create-rb ns=tenant-10 name=tenant-binding group=tenant-10 role=view
[294/1000] action=create-crb name=foo-global-binding group=tenant-4 role=edit
[295/1000] action=create-rb ns=tenant-4 name=tenant-binding group=tenant-4 role=view
[296/1000] action=delete-rb ns=tenant-7 name=tenant-binding
[297/1000] action=create-rb ns=tenant-7 name=tenant-binding group=tenant-7 role=edit
[298/1000] action=cross-tenant-access context=tenant-3-user@kubernetes operation=patch resource=configmap namespace=tenant-7
[299/1000] action=delete-rb ns=tenant-8 name=tenant-binding
[300/1000] action=create-crb name=foo-global-binding group=tenant-5 role=edit
[301/1000] action=delete-rb ns=tenant-8 name=tenant-binding
[302/1000] action=create-rb ns=tenant-7 name=tenant-binding group=tenant-7 role=cluster-admin
[303/1000] action=cross-tenant-access context=tenant-5-user@kubernetes operation=list resource=configmap namespace=tenant-8
[304/1000] action=cross-tenant-access context=tenant-6-user@kubernetes operation=get resource=configmap namespace=tenant-2
[305/1000] action=cross-tenant-access context=tenant-7-user@kubernetes operation=delete resource=configmap namespace=tenant-2
[306/1000] action=create-rb ns=tenant-6 name=tenant-binding group=tenant-6 role=edit
[307/1000] action=create-rb ns=tenant-6 name=tenant-binding group=tenant-6 role=admin
[308/1000] action=create-rb ns=tenant-3 name=tenant-binding group=tenant-3 role=dev
[309/1000] action=create-rb ns=tenant-2 name=tenant-binding group=tenant-2 role=view
[310/1000] action=cross-tenant-access context=tenant-10-user@kubernetes operation=delete resource=configmap namespace=tenant-9
[311/1000] action=create-clusterrole name=dev resources=secrets,configmaps verbs=get,update
[312/1000] action=cross-tenant-access context=tenant-5-user@kubernetes operation=delete resource=configmap namespace=tenant-9
[313/1000] action=cross-tenant-access context=tenant-1-user@kubernetes operation=delete resource=configmap namespace=tenant-9
[314/1000] action=delete-rb ns=tenant-8 name=tenant-binding
[315/1000] action=delete-rb ns=tenant-10 name=tenant-binding
[316/1000] action=delete-rb ns=tenant-1 name=tenant-binding
[317/1000] action=create-clusterrole name=dev resources=secrets verbs=list,patch,deletecollection,watch
[318/1000] action=cross-tenant-access context=tenant-8-user@kubernetes operation=patch resource=configmap namespace=tenant-7
[319/1000] action=create-rb ns=tenant-5 name=tenant-binding group=tenant-5 role=edit
[320/1000] action=delete-rb ns=tenant-8 name=tenant-binding
[321/1000] action=create-rb ns=tenant-3 name=tenant-binding group=tenant-3 role=view
[322/1000] action=cross-tenant-access context=tenant-1-user@kubernetes operation=delete resource=configmap namespace=tenant-7
[323/1000] action=create-crb name=foo-global-binding group=tenant-4 role=admin
[324/1000] action=create-rb ns=tenant-7 name=tenant-binding group=tenant-7 role=cluster-admin
[325/1000] action=create-crb name=foo-global-binding group=tenant-1 role=dev
[326/1000] action=delete-crb name=foo-global-binding
[327/1000] action=create-rb ns=tenant-6 name=tenant-binding group=tenant-6 role=edit
[328/1000] action=create-clusterrole name=dev resources=services,configmaps verbs=delete
[329/1000] action=cross-tenant-access context=tenant-7-user@kubernetes operation=get resource=configmap namespace=tenant-6
[330/1000] action=cross-tenant-access context=tenant-9-user@kubernetes operation=patch resource=configmap namespace=tenant-5
[331/1000] action=delete-rb ns=tenant-9 name=tenant-binding
[332/1000] action=delete-rb ns=tenant-5 name=tenant-binding
[333/1000] action=create-crb name=foo-global-binding group=tenant-3 role=view
[334/1000] action=create-rb ns=tenant-9 name=tenant-binding group=tenant-9 role=admin
[335/1000] action=delete-rb ns=tenant-7 name=tenant-binding
[336/1000] action=cross-tenant-access context=tenant-4-user@kubernetes operation=list resource=configmap namespace=tenant-8
[337/1000] action=cross-tenant-access context=tenant-3-user@kubernetes operation=list resource=configmap namespace=tenant-1
[338/1000] action=delete-rb ns=tenant-3 name=tenant-binding
[339/1000] action=create-clusterrole name=dev resources=configmaps verbs=get,update,patch,deletecollection
[340/1000] action=delete-rb ns=tenant-5 name=tenant-binding
[341/1000] action=delete-rb ns=tenant-9 name=tenant-binding
[342/1000] action=create-clusterrole name=dev resources=pods,configmaps,secrets verbs=get,create,patch,update,deletecollection
[343/1000] action=create-crb name=foo-global-binding group=tenant-1 role=view
[344/1000] action=cross-tenant-access context=tenant-2-user@kubernetes operation=list resource=configmap namespace=tenant-6
[345/1000] action=create-rb ns=tenant-10 name=tenant-binding group=tenant-10 role=cluster-admin
[346/1000] action=delete-rb ns=tenant-5 name=tenant-binding
[347/1000] action=create-rb ns=tenant-7 name=tenant-binding group=tenant-7 role=cluster-admin
[348/1000] action=create-crb name=foo-global-binding group=tenant-2 role=dev
[349/1000] action=delete-clusterrole name=dev
[350/1000] action=delete-rb ns=tenant-10 name=tenant-binding
[351/1000] action=cross-tenant-access context=tenant-6-user@kubernetes operation=watch resource=configmap namespace=tenant-5
[352/1000] action=cross-tenant-access context=tenant-4-user@kubernetes operation=watch resource=configmap namespace=tenant-10
[353/1000] action=delete-clusterrole name=dev
[354/1000] action=cross-tenant-access context=tenant-8-user@kubernetes operation=patch resource=configmap namespace=tenant-3
[355/1000] action=cross-tenant-access context=tenant-7-user@kubernetes operation=get resource=configmap namespace=tenant-1
[356/1000] action=delete-crb name=foo-global-binding
[357/1000] action=cross-tenant-access context=tenant-4-user@kubernetes operation=delete resource=configmap namespace=tenant-5
[358/1000] action=cross-tenant-access context=tenant-5-user@kubernetes operation=patch resource=configmap namespace=tenant-1
[359/1000] action=delete-clusterrole name=dev
[360/1000] action=create-clusterrole name=dev resources=secrets,services,pods verbs=patch,delete,get,list
[361/1000] action=create-rb ns=tenant-8 name=tenant-binding group=tenant-8 role=edit
[362/1000] action=cross-tenant-access context=tenant-6-user@kubernetes operation=list resource=configmap namespace=tenant-5
[363/1000] action=delete-rb ns=tenant-6 name=tenant-binding
[364/1000] action=cross-tenant-access context=tenant-8-user@kubernetes operation=get resource=configmap namespace=tenant-1
[365/1000] action=delete-crb name=foo-global-binding
[366/1000] action=create-clusterrole name=dev resources=configmaps verbs=list,patch,get,watch,create
[367/1000] action=cross-tenant-access context=tenant-4-user@kubernetes operation=delete resource=configmap namespace=tenant-1
[368/1000] action=delete-rb ns=tenant-6 name=tenant-binding
[369/1000] action=create-rb ns=tenant-7 name=tenant-binding group=tenant-7 role=dev
[370/1000] action=cross-tenant-access context=tenant-2-user@kubernetes operation=delete resource=configmap namespace=tenant-5
[371/1000] action=cross-tenant-access context=tenant-5-user@kubernetes operation=list resource=configmap namespace=tenant-1
[372/1000] action=cross-tenant-access context=tenant-3-user@kubernetes operation=list resource=configmap namespace=tenant-8
[373/1000] action=delete-rb ns=tenant-10 name=tenant-binding
[374/1000] action=create-crb name=foo-global-binding group=tenant-7 role=admin
[375/1000] action=create-rb ns=tenant-7 name=tenant-binding group=tenant-7 role=dev
[376/1000] action=cross-tenant-access context=tenant-5-user@kubernetes operation=delete resource=configmap namespace=tenant-3
[377/1000] action=cross-tenant-access context=tenant-9-user@kubernetes operation=watch resource=configmap namespace=tenant-6
[378/1000] action=cross-tenant-access context=tenant-2-user@kubernetes operation=patch resource=configmap namespace=tenant-5
[379/1000] action=delete-crb name=foo-global-binding
[380/1000] action=delete-rb ns=tenant-6 name=tenant-binding
[381/1000] action=cross-tenant-access context=tenant-2-user@kubernetes operation=list resource=configmap namespace=tenant-6
[382/1000] action=delete-rb ns=tenant-6 name=tenant-binding
[383/1000] action=delete-rb ns=tenant-10 name=tenant-binding
[384/1000] action=cross-tenant-access context=tenant-10-user@kubernetes operation=patch resource=configmap namespace=tenant-2
[385/1000] action=delete-rb ns=tenant-2 name=tenant-binding
[386/1000] action=delete-rb ns=tenant-8 name=tenant-binding
[387/1000] action=delete-crb name=foo-global-binding
[388/1000] action=cross-tenant-access context=tenant-9-user@kubernetes operation=patch resource=configmap namespace=tenant-5
[389/1000] action=delete-clusterrole name=dev
[390/1000] action=create-crb name=foo-global-binding group=tenant-3 role=admin
[391/1000] action=cross-tenant-access context=tenant-3-user@kubernetes operation=get resource=configmap namespace=tenant-4
[392/1000] action=delete-crb name=foo-global-binding
[393/1000] action=delete-rb ns=tenant-6 name=tenant-binding
[394/1000] action=create-clusterrole name=dev resources=secrets verbs=patch,list
[395/1000] action=cross-tenant-access context=tenant-8-user@kubernetes operation=get resource=configmap namespace=tenant-10
[396/1000] action=delete-clusterrole name=dev
[397/1000] action=cross-tenant-access context=tenant-8-user@kubernetes operation=list resource=configmap namespace=tenant-5
[398/1000] action=create-crb name=foo-global-binding group=tenant-7 role=cluster-admin
[399/1000] action=cross-tenant-access context=tenant-1-user@kubernetes operation=get resource=configmap namespace=tenant-3
[400/1000] action=delete-rb ns=tenant-6 name=tenant-binding
[401/1000] action=create-rb ns=tenant-4 name=tenant-binding group=tenant-4 role=edit
[402/1000] action=create-rb ns=tenant-9 name=tenant-binding group=tenant-9 role=dev
[403/1000] action=delete-crb name=foo-global-binding
[404/1000] action=cross-tenant-access context=tenant-9-user@kubernetes operation=list resource=configmap namespace=tenant-10
[405/1000] action=delete-crb name=foo-global-binding
[406/1000] action=cross-tenant-access context=tenant-10-user@kubernetes operation=delete resource=configmap namespace=tenant-4
[407/1000] action=create-crb name=foo-global-binding group=tenant-6 role=view
[408/1000] action=delete-rb ns=tenant-5 name=tenant-binding
[409/1000] action=delete-rb ns=tenant-5 name=tenant-binding
[410/1000] action=create-clusterrole name=dev resources=pods,configmaps verbs=create
[411/1000] action=cross-tenant-access context=tenant-8-user@kubernetes operation=delete resource=configmap namespace=tenant-2
[412/1000] action=create-rb ns=tenant-3 name=tenant-binding group=tenant-3 role=edit
[413/1000] action=create-crb name=foo-global-binding group=tenant-2 role=view
[414/1000] action=cross-tenant-access context=tenant-7-user@kubernetes operation=delete resource=configmap namespace=tenant-10
[415/1000] action=create-crb name=foo-global-binding group=tenant-7 role=admin
[416/1000] action=create-clusterrole name=dev resources=configmaps verbs=get,watch,delete,list
[417/1000] action=delete-crb name=foo-global-binding
[418/1000] action=cross-tenant-access context=tenant-3-user@kubernetes operation=get resource=configmap namespace=tenant-8
[419/1000] action=delete-rb ns=tenant-1 name=tenant-binding
[420/1000] action=cross-tenant-access context=tenant-4-user@kubernetes operation=get resource=configmap namespace=tenant-6
[421/1000] action=cross-tenant-access context=tenant-9-user@kubernetes operation=patch resource=configmap namespace=tenant-3
[422/1000] action=cross-tenant-access context=tenant-1-user@kubernetes operation=list resource=configmap namespace=tenant-9
[423/1000] action=create-crb name=foo-global-binding group=tenant-1 role=admin
[424/1000] action=create-crb name=foo-global-binding group=tenant-1 role=admin
[425/1000] action=cross-tenant-access context=tenant-3-user@kubernetes operation=get resource=configmap namespace=tenant-1
[426/1000] action=cross-tenant-access context=tenant-10-user@kubernetes operation=list resource=configmap namespace=tenant-6
[427/1000] action=cross-tenant-access context=tenant-8-user@kubernetes operation=get resource=configmap namespace=tenant-10
[428/1000] action=create-clusterrole name=dev resources=pods,services,secrets verbs=update,watch,list,create,deletecollection
[429/1000] action=create-rb ns=tenant-4 name=tenant-binding group=tenant-4 role=cluster-admin
[430/1000] action=delete-clusterrole name=dev
[431/1000] action=delete-rb ns=tenant-5 name=tenant-binding
[432/1000] action=delete-rb ns=tenant-7 name=tenant-binding
[433/1000] action=delete-crb name=foo-global-binding
[434/1000] action=delete-rb ns=tenant-7 name=tenant-binding
[435/1000] action=cross-tenant-access context=tenant-1-user@kubernetes operation=delete resource=configmap namespace=tenant-7
[436/1000] action=delete-crb name=foo-global-binding
[437/1000] action=delete-rb ns=tenant-2 name=tenant-binding
[438/1000] action=delete-rb ns=tenant-8 name=tenant-binding
[439/1000] action=delete-crb name=foo-global-binding
[440/1000] action=create-rb ns=tenant-9 name=tenant-binding group=tenant-9 role=cluster-admin
[441/1000] action=delete-rb ns=tenant-7 name=tenant-binding
[442/1000] action=cross-tenant-access context=tenant-1-user@kubernetes operation=watch resource=configmap namespace=tenant-5
[443/1000] action=cross-tenant-access context=tenant-9-user@kubernetes operation=get resource=configmap namespace=tenant-1
[444/1000] action=delete-rb ns=tenant-4 name=tenant-binding
[445/1000] action=create-crb name=foo-global-binding group=tenant-7 role=view
[446/1000] action=create-crb name=foo-global-binding group=tenant-9 role=admin
[447/1000] action=cross-tenant-access context=tenant-6-user@kubernetes operation=list resource=configmap namespace=tenant-7
[448/1000] action=delete-clusterrole name=dev
[449/1000] action=cross-tenant-access context=tenant-4-user@kubernetes operation=patch resource=configmap namespace=tenant-2
[450/1000] action=cross-tenant-access context=tenant-7-user@kubernetes operation=patch resource=configmap namespace=tenant-3
[451/1000] action=cross-tenant-access context=tenant-9-user@kubernetes operation=list resource=configmap namespace=tenant-2
[452/1000] action=create-rb ns=tenant-9 name=tenant-binding group=tenant-9 role=view
[453/1000] action=delete-rb ns=tenant-5 name=tenant-binding
[454/1000] action=cross-tenant-access context=tenant-2-user@kubernetes operation=delete resource=configmap namespace=tenant-3
[455/1000] action=delete-clusterrole name=dev
[456/1000] action=cross-tenant-access context=tenant-4-user@kubernetes operation=watch resource=configmap namespace=tenant-5
[457/1000] action=cross-tenant-access context=tenant-7-user@kubernetes operation=delete resource=configmap namespace=tenant-2
[458/1000] action=cross-tenant-access context=tenant-5-user@kubernetes operation=get resource=configmap namespace=tenant-8
[459/1000] action=delete-crb name=foo-global-binding
[460/1000] action=cross-tenant-access context=tenant-8-user@kubernetes operation=list resource=configmap namespace=tenant-3
[461/1000] action=create-rb ns=tenant-5 name=tenant-binding group=tenant-5 role=dev
[462/1000] action=delete-clusterrole name=dev
[463/1000] action=delete-crb name=foo-global-binding
[464/1000] action=create-rb ns=tenant-9 name=tenant-binding group=tenant-9 role=admin
[465/1000] action=delete-crb name=foo-global-binding
[466/1000] action=delete-crb name=foo-global-binding
[467/1000] action=delete-clusterrole name=dev
[468/1000] action=cross-tenant-access context=tenant-4-user@kubernetes operation=delete resource=configmap namespace=tenant-2
[469/1000] action=create-crb name=foo-global-binding group=tenant-5 role=view
[470/1000] action=cross-tenant-access context=tenant-4-user@kubernetes operation=watch resource=configmap namespace=tenant-3
[471/1000] action=cross-tenant-access context=tenant-6-user@kubernetes operation=watch resource=configmap namespace=tenant-9
[472/1000] action=cross-tenant-access context=tenant-6-user@kubernetes operation=list resource=configmap namespace=tenant-7
[473/1000] action=cross-tenant-access context=tenant-3-user@kubernetes operation=list resource=configmap namespace=tenant-4
[474/1000] action=delete-clusterrole name=dev
[475/1000] action=create-rb ns=tenant-2 name=tenant-binding group=tenant-2 role=admin
[476/1000] action=cross-tenant-access context=tenant-9-user@kubernetes operation=list resource=configmap namespace=tenant-3
[477/1000] action=delete-rb ns=tenant-5 name=tenant-binding
[478/1000] action=cross-tenant-access context=tenant-4-user@kubernetes operation=watch resource=configmap namespace=tenant-7
[479/1000] action=delete-clusterrole name=dev
[480/1000] action=create-crb name=foo-global-binding group=tenant-6 role=view
[481/1000] action=delete-rb ns=tenant-3 name=tenant-binding
[482/1000] action=cross-tenant-access context=tenant-8-user@kubernetes operation=patch resource=configmap namespace=tenant-4
[483/1000] action=create-rb ns=tenant-9 name=tenant-binding group=tenant-9 role=view
[484/1000] action=delete-rb ns=tenant-3 name=tenant-binding
[485/1000] action=create-clusterrole name=dev resources=services,pods verbs=delete,list,patch,get,create
[486/1000] action=cross-tenant-access context=tenant-3-user@kubernetes operation=patch resource=configmap namespace=tenant-5
[487/1000] action=create-crb name=foo-global-binding group=tenant-1 role=dev
[488/1000] action=delete-clusterrole name=dev
[489/1000] action=delete-rb ns=tenant-1 name=tenant-binding
[490/1000] action=delete-rb ns=tenant-2 name=tenant-binding
[491/1000] action=cross-tenant-access context=tenant-4-user@kubernetes operation=list resource=configmap namespace=tenant-6
[492/1000] action=create-clusterrole name=dev resources=services verbs=watch
[493/1000] action=create-clusterrole name=dev resources=secrets,pods,services verbs=update
[494/1000] action=cross-tenant-access context=tenant-3-user@kubernetes operation=watch resource=configmap namespace=tenant-4
[495/1000] action=cross-tenant-access context=tenant-5-user@kubernetes operation=get resource=configmap namespace=tenant-3
[496/1000] action=delete-rb ns=tenant-2 name=tenant-binding
[497/1000] action=create-rb ns=tenant-8 name=tenant-binding group=tenant-8 role=view
[498/1000] action=delete-rb ns=tenant-7 name=tenant-binding
[499/1000] action=delete-rb ns=tenant-7 name=tenant-binding
[500/1000] action=create-rb ns=tenant-1 name=tenant-binding group=tenant-1 role=edit
[501/1000] action=create-clusterrole name=dev resources=pods,services verbs=get,watch,patch,create
[502/1000] action=cross-tenant-access context=tenant-7-user@kubernetes operation=watch resource=configmap namespace=tenant-8
[503/1000] action=delete-clusterrole name=dev
[504/1000] action=cross-tenant-access context=tenant-2-user@kubernetes operation=delete resource=configmap namespace=tenant-7
[505/1000] action=create-crb name=foo-global-binding group=tenant-3 role=cluster-admin
[506/1000] action=create-clusterrole name=dev resources=configmaps verbs=watch,patch,deletecollection,delete
[507/1000] action=delete-crb name=foo-global-binding
[508/1000] action=delete-rb ns=tenant-6 name=tenant-binding
[509/1000] action=cross-tenant-access context=tenant-7-user@kubernetes operation=list resource=configmap namespace=tenant-9
[510/1000] action=create-clusterrole name=dev resources=services,configmaps verbs=patch,get,update,create,deletecollection
[511/1000] action=create-rb ns=tenant-8 name=tenant-binding group=tenant-8 role=view
[512/1000] action=cross-tenant-access context=tenant-1-user@kubernetes operation=list resource=configmap namespace=tenant-7
[513/1000] action=cross-tenant-access context=tenant-5-user@kubernetes operation=watch resource=configmap namespace=tenant-6
[514/1000] action=create-clusterrole name=dev resources=services,pods,secrets verbs=update,patch,deletecollection,watch
[515/1000] action=cross-tenant-access context=tenant-10-user@kubernetes operation=patch resource=configmap namespace=tenant-5
[516/1000] action=cross-tenant-access context=tenant-1-user@kubernetes operation=list resource=configmap namespace=tenant-9
[517/1000] action=cross-tenant-access context=tenant-5-user@kubernetes operation=get resource=configmap namespace=tenant-1
[518/1000] action=create-rb ns=tenant-1 name=tenant-binding group=tenant-1 role=view
[519/1000] action=cross-tenant-access context=tenant-4-user@kubernetes operation=get resource=configmap namespace=tenant-8
[520/1000] action=cross-tenant-access context=tenant-2-user@kubernetes operation=list resource=configmap namespace=tenant-5
[521/1000] action=cross-tenant-access context=tenant-6-user@kubernetes operation=patch resource=configmap namespace=tenant-9
[522/1000] action=cross-tenant-access context=tenant-7-user@kubernetes operation=watch resource=configmap namespace=tenant-6
[523/1000] action=cross-tenant-access context=tenant-6-user@kubernetes operation=list resource=configmap namespace=tenant-8
[524/1000] action=cross-tenant-access context=tenant-2-user@kubernetes operation=delete resource=configmap namespace=tenant-5
[525/1000] action=create-rb ns=tenant-8 name=tenant-binding group=tenant-8 role=view
[526/1000] action=create-crb name=foo-global-binding group=tenant-7 role=dev
[527/1000] action=cross-tenant-access context=tenant-1-user@kubernetes operation=list resource=configmap namespace=tenant-10
[528/1000] action=cross-tenant-access context=tenant-3-user@kubernetes operation=watch resource=configmap namespace=tenant-6
[529/1000] action=delete-crb name=foo-global-binding
[530/1000] action=cross-tenant-access context=tenant-8-user@kubernetes operation=patch resource=configmap namespace=tenant-9
[531/1000] action=cross-tenant-access context=tenant-8-user@kubernetes operation=patch resource=configmap namespace=tenant-5
[532/1000] action=create-crb name=foo-global-binding group=tenant-6 role=edit
[533/1000] action=create-rb ns=tenant-8 name=tenant-binding group=tenant-8 role=dev
[534/1000] action=cross-tenant-access context=tenant-1-user@kubernetes operation=delete resource=configmap namespace=tenant-4
[535/1000] action=cross-tenant-access context=tenant-5-user@kubernetes operation=list resource=configmap namespace=tenant-6
[536/1000] action=cross-tenant-access context=tenant-1-user@kubernetes operation=patch resource=configmap namespace=tenant-10
[537/1000] action=cross-tenant-access context=tenant-2-user@kubernetes operation=get resource=configmap namespace=tenant-4
[538/1000] action=cross-tenant-access context=tenant-5-user@kubernetes operation=get resource=configmap namespace=tenant-3
[539/1000] action=cross-tenant-access context=tenant-6-user@kubernetes operation=get resource=configmap namespace=tenant-4
[540/1000] action=delete-rb ns=tenant-10 name=tenant-binding
[541/1000] action=delete-rb ns=tenant-7 name=tenant-binding
[542/1000] action=delete-crb name=foo-global-binding
[543/1000] action=create-crb name=foo-global-binding group=tenant-10 role=view
[544/1000] action=cross-tenant-access context=tenant-6-user@kubernetes operation=delete resource=configmap namespace=tenant-5
[545/1000] action=delete-rb ns=tenant-8 name=tenant-binding
[546/1000] action=delete-clusterrole name=dev
[547/1000] action=cross-tenant-access context=tenant-10-user@kubernetes operation=watch resource=configmap namespace=tenant-1
[548/1000] action=cross-tenant-access context=tenant-1-user@kubernetes operation=list resource=configmap namespace=tenant-2
[549/1000] action=cross-tenant-access context=tenant-6-user@kubernetes operation=watch resource=configmap namespace=tenant-7
[550/1000] action=create-rb ns=tenant-2 name=tenant-binding group=tenant-2 role=edit
[551/1000] action=create-crb name=foo-global-binding group=tenant-7 role=edit
[552/1000] action=cross-tenant-access context=tenant-8-user@kubernetes operation=watch resource=configmap namespace=tenant-5
[553/1000] action=cross-tenant-access context=tenant-9-user@kubernetes operation=get resource=configmap namespace=tenant-8
[554/1000] action=cross-tenant-access context=tenant-7-user@kubernetes operation=patch resource=configmap namespace=tenant-9
[555/1000] action=delete-rb ns=tenant-10 name=tenant-binding
[556/1000] action=delete-rb ns=tenant-9 name=tenant-binding
[557/1000] action=cross-tenant-access context=tenant-5-user@kubernetes operation=patch resource=configmap namespace=tenant-8
[558/1000] action=cross-tenant-access context=tenant-9-user@kubernetes operation=watch resource=configmap namespace=tenant-1
[559/1000] action=create-crb name=foo-global-binding group=tenant-9 role=admin
[560/1000] action=cross-tenant-access context=tenant-1-user@kubernetes operation=list resource=configmap namespace=tenant-10
[561/1000] action=cross-tenant-access context=tenant-5-user@kubernetes operation=delete resource=configmap namespace=tenant-2
[562/1000] action=delete-rb ns=tenant-3 name=tenant-binding
[563/1000] action=cross-tenant-access context=tenant-1-user@kubernetes operation=get resource=configmap namespace=tenant-9
[564/1000] action=delete-rb ns=tenant-7 name=tenant-binding
[565/1000] action=create-crb name=foo-global-binding group=tenant-10 role=admin
[566/1000] action=delete-rb ns=tenant-3 name=tenant-binding
[567/1000] action=create-rb ns=tenant-3 name=tenant-binding group=tenant-3 role=edit
[568/1000] action=cross-tenant-access context=tenant-5-user@kubernetes operation=watch resource=configmap namespace=tenant-2
[569/1000] action=cross-tenant-access context=tenant-7-user@kubernetes operation=watch resource=configmap namespace=tenant-8
[570/1000] action=cross-tenant-access context=tenant-2-user@kubernetes operation=watch resource=configmap namespace=tenant-9
[571/1000] action=delete-crb name=foo-global-binding
[572/1000] action=cross-tenant-access context=tenant-5-user@kubernetes operation=patch resource=configmap namespace=tenant-6
[573/1000] action=create-crb name=foo-global-binding group=tenant-5 role=dev
[574/1000] action=delete-rb ns=tenant-2 name=tenant-binding
[575/1000] action=delete-rb ns=tenant-6 name=tenant-binding
[576/1000] action=cross-tenant-access context=tenant-2-user@kubernetes operation=watch resource=configmap namespace=tenant-5
[577/1000] action=create-crb name=foo-global-binding group=tenant-3 role=view
[578/1000] action=create-clusterrole name=dev resources=services,pods verbs=create,update,deletecollection,delete
[579/1000] action=delete-rb ns=tenant-6 name=tenant-binding
[580/1000] action=cross-tenant-access context=tenant-7-user@kubernetes operation=patch resource=configmap namespace=tenant-5
[581/1000] action=delete-crb name=foo-global-binding
[582/1000] action=cross-tenant-access context=tenant-3-user@kubernetes operation=list resource=configmap namespace=tenant-2
[583/1000] action=create-rb ns=tenant-1 name=tenant-binding group=tenant-1 role=edit
[584/1000] action=delete-rb ns=tenant-3 name=tenant-binding
[585/1000] action=cross-tenant-access context=tenant-2-user@kubernetes operation=list resource=configmap namespace=tenant-1
[586/1000] action=create-rb ns=tenant-1 name=tenant-binding group=tenant-1 role=admin
[587/1000] action=delete-clusterrole name=dev
[588/1000] action=cross-tenant-access context=tenant-4-user@kubernetes operation=get resource=configmap namespace=tenant-8
[589/1000] action=create-clusterrole name=dev resources=pods,services,secrets verbs=update,watch,list
[590/1000] action=cross-tenant-access context=tenant-8-user@kubernetes operation=get resource=configmap namespace=tenant-1
[591/1000] action=delete-rb ns=tenant-2 name=tenant-binding
[592/1000] action=delete-clusterrole name=dev
[593/1000] action=delete-clusterrole name=dev
[594/1000] action=create-rb ns=tenant-9 name=tenant-binding group=tenant-9 role=cluster-admin
[595/1000] action=delete-clusterrole name=dev
[596/1000] action=create-crb name=foo-global-binding group=tenant-2 role=edit
[597/1000] action=cross-tenant-access context=tenant-6-user@kubernetes operation=delete resource=configmap namespace=tenant-5
[598/1000] action=delete-rb ns=tenant-9 name=tenant-binding
[599/1000] action=create-clusterrole name=dev resources=configmaps,secrets verbs=update,create,delete
[600/1000] action=delete-rb ns=tenant-4 name=tenant-binding
[601/1000] action=cross-tenant-access context=tenant-4-user@kubernetes operation=watch resource=configmap namespace=tenant-10
[602/1000] action=delete-rb ns=tenant-1 name=tenant-binding
[603/1000] action=delete-rb ns=tenant-10 name=tenant-binding
[604/1000] action=create-rb ns=tenant-4 name=tenant-binding group=tenant-4 role=admin
[605/1000] action=cross-tenant-access context=tenant-3-user@kubernetes operation=list resource=configmap namespace=tenant-5
[606/1000] action=cross-tenant-access context=tenant-6-user@kubernetes operation=list resource=configmap namespace=tenant-2
[607/1000] action=delete-clusterrole name=dev
[608/1000] action=create-rb ns=tenant-6 name=tenant-binding group=tenant-6 role=cluster-admin
[609/1000] action=delete-rb ns=tenant-9 name=tenant-binding
[610/1000] action=create-clusterrole name=dev resources=configmaps,pods,secrets verbs=delete,get
[611/1000] action=delete-rb ns=tenant-2 name=tenant-binding
[612/1000] action=delete-rb ns=tenant-5 name=tenant-binding
[613/1000] action=create-clusterrole name=dev resources=pods verbs=patch,update,deletecollection,list
[614/1000] action=delete-crb name=foo-global-binding
[615/1000] action=create-crb name=foo-global-binding group=tenant-10 role=admin
[616/1000] action=cross-tenant-access context=tenant-4-user@kubernetes operation=watch resource=configmap namespace=tenant-8
[617/1000] action=create-clusterrole name=dev resources=pods,secrets,configmaps verbs=patch,watch
[618/1000] action=cross-tenant-access context=tenant-7-user@kubernetes operation=list resource=configmap namespace=tenant-9
[619/1000] action=create-rb ns=tenant-3 name=tenant-binding group=tenant-3 role=dev
[620/1000] action=create-crb name=foo-global-binding group=tenant-4 role=cluster-admin
[621/1000] action=delete-rb ns=tenant-6 name=tenant-binding
[622/1000] action=create-crb name=foo-global-binding group=tenant-2 role=cluster-admin
[623/1000] action=cross-tenant-access context=tenant-5-user@kubernetes operation=list resource=configmap namespace=tenant-4
[624/1000] action=create-clusterrole name=dev resources=pods,configmaps,services verbs=update,delete,deletecollection,create
[625/1000] action=delete-rb ns=tenant-3 name=tenant-binding
[626/1000] action=cross-tenant-access context=tenant-8-user@kubernetes operation=delete resource=configmap namespace=tenant-7
[627/1000] action=cross-tenant-access context=tenant-5-user@kubernetes operation=get resource=configmap namespace=tenant-1
[628/1000] action=cross-tenant-access context=tenant-6-user@kubernetes operation=get resource=configmap namespace=tenant-9
[629/1000] action=cross-tenant-access context=tenant-1-user@kubernetes operation=delete resource=configmap namespace=tenant-6
[630/1000] action=cross-tenant-access context=tenant-2-user@kubernetes operation=list resource=configmap namespace=tenant-4
[631/1000] action=cross-tenant-access context=tenant-4-user@kubernetes operation=get resource=configmap namespace=tenant-7
[632/1000] action=create-rb ns=tenant-2 name=tenant-binding group=tenant-2 role=admin
[633/1000] action=cross-tenant-access context=tenant-3-user@kubernetes operation=get resource=configmap namespace=tenant-5
[634/1000] action=delete-crb name=foo-global-binding
[635/1000] action=cross-tenant-access context=tenant-9-user@kubernetes operation=watch resource=configmap namespace=tenant-4
[636/1000] action=create-rb ns=tenant-2 name=tenant-binding group=tenant-2 role=edit
[637/1000] action=cross-tenant-access context=tenant-4-user@kubernetes operation=get resource=configmap namespace=tenant-6
[638/1000] action=create-rb ns=tenant-10 name=tenant-binding group=tenant-10 role=dev
[639/1000] action=create-crb name=foo-global-binding group=tenant-9 role=edit
[640/1000] action=delete-clusterrole name=dev
[641/1000] action=delete-rb ns=tenant-9 name=tenant-binding
[642/1000] action=cross-tenant-access context=tenant-10-user@kubernetes operation=delete resource=configmap namespace=tenant-5
[643/1000] action=cross-tenant-access context=tenant-5-user@kubernetes operation=delete resource=configmap namespace=tenant-10
[644/1000] action=create-rb ns=tenant-2 name=tenant-binding group=tenant-2 role=dev
[645/1000] action=create-rb ns=tenant-8 name=tenant-binding group=tenant-8 role=cluster-admin
[646/1000] action=delete-clusterrole name=dev
[647/1000] action=create-crb name=foo-global-binding group=tenant-1 role=view
[648/1000] action=cross-tenant-access context=tenant-10-user@kubernetes operation=patch resource=configmap namespace=tenant-2
[649/1000] action=cross-tenant-access context=tenant-7-user@kubernetes operation=get resource=configmap namespace=tenant-4
[650/1000] action=cross-tenant-access context=tenant-9-user@kubernetes operation=patch resource=configmap namespace=tenant-5
[651/1000] action=cross-tenant-access context=tenant-10-user@kubernetes operation=delete resource=configmap namespace=tenant-9
[652/1000] action=cross-tenant-access context=tenant-9-user@kubernetes operation=delete resource=configmap namespace=tenant-5
[653/1000] action=cross-tenant-access context=tenant-1-user@kubernetes operation=delete resource=configmap namespace=tenant-4
[654/1000] action=cross-tenant-access context=tenant-7-user@kubernetes operation=watch resource=configmap namespace=tenant-6
[655/1000] action=delete-rb ns=tenant-9 name=tenant-binding
[656/1000] action=create-rb ns=tenant-9 name=tenant-binding group=tenant-9 role=view
[657/1000] action=create-clusterrole name=dev resources=services verbs=create
[658/1000] action=cross-tenant-access context=tenant-5-user@kubernetes operation=watch resource=configmap namespace=tenant-6
[659/1000] action=delete-rb ns=tenant-10 name=tenant-binding
[660/1000] action=cross-tenant-access context=tenant-4-user@kubernetes operation=get resource=configmap namespace=tenant-9
[661/1000] action=create-clusterrole name=dev resources=configmaps,pods,secrets verbs=get,deletecollection,watch
[662/1000] action=delete-crb name=foo-global-binding
[663/1000] action=delete-crb name=foo-global-binding
[664/1000] action=create-clusterrole name=dev resources=services verbs=patch,deletecollection,get
[665/1000] action=cross-tenant-access context=tenant-9-user@kubernetes operation=patch resource=configmap namespace=tenant-6
[666/1000] action=cross-tenant-access context=tenant-4-user@kubernetes operation=watch resource=configmap namespace=tenant-6
[667/1000] action=delete-rb ns=tenant-6 name=tenant-binding
[668/1000] action=create-clusterrole name=dev resources=services,secrets,configmaps verbs=list,deletecollection,patch
[669/1000] action=cross-tenant-access context=tenant-9-user@kubernetes operation=get resource=configmap namespace=tenant-5
[670/1000] action=cross-tenant-access context=tenant-7-user@kubernetes operation=get resource=configmap namespace=tenant-10
[671/1000] action=cross-tenant-access context=tenant-4-user@kubernetes operation=watch resource=configmap namespace=tenant-7
[672/1000] action=cross-tenant-access context=tenant-6-user@kubernetes operation=delete resource=configmap namespace=tenant-1
[673/1000] action=delete-rb ns=tenant-5 name=tenant-binding
[674/1000] action=cross-tenant-access context=tenant-7-user@kubernetes operation=list resource=configmap namespace=tenant-4
[675/1000] action=create-rb ns=tenant-6 name=tenant-binding group=tenant-6 role=view
[676/1000] action=create-crb name=foo-global-binding group=tenant-4 role=view
[677/1000] action=cross-tenant-access context=tenant-4-user@kubernetes operation=list resource=configmap namespace=tenant-3
[678/1000] action=delete-rb ns=tenant-10 name=tenant-binding
[679/1000] action=create-rb ns=tenant-5 name=tenant-binding group=tenant-5 role=view
[680/1000] action=cross-tenant-access context=tenant-7-user@kubernetes operation=delete resource=configmap namespace=tenant-6
[681/1000] action=cross-tenant-access context=tenant-4-user@kubernetes operation=get resource=configmap namespace=tenant-2
[682/1000] action=delete-crb name=foo-global-binding
[683/1000] action=cross-tenant-access context=tenant-3-user@kubernetes operation=patch resource=configmap namespace=tenant-6
[684/1000] action=delete-crb name=foo-global-binding
[685/1000] action=delete-crb name=foo-global-binding
[686/1000] action=cross-tenant-access context=tenant-2-user@kubernetes operation=list resource=configmap namespace=tenant-5
[687/1000] action=cross-tenant-access context=tenant-6-user@kubernetes operation=watch resource=configmap namespace=tenant-2
[688/1000] action=create-rb ns=tenant-5 name=tenant-binding group=tenant-5 role=admin
[689/1000] action=cross-tenant-access context=tenant-8-user@kubernetes operation=get resource=configmap namespace=tenant-7
[690/1000] action=delete-clusterrole name=dev
[691/1000] action=delete-rb ns=tenant-5 name=tenant-binding
[692/1000] action=delete-clusterrole name=dev
[693/1000] action=delete-crb name=foo-global-binding
[694/1000] action=delete-rb ns=tenant-6 name=tenant-binding
[695/1000] action=cross-tenant-access context=tenant-10-user@kubernetes operation=list resource=configmap namespace=tenant-8
[696/1000] action=create-clusterrole name=dev resources=configmaps,secrets,services verbs=update,list,deletecollection
[697/1000] action=create-crb name=foo-global-binding group=tenant-4 role=admin
[698/1000] action=create-rb ns=tenant-6 name=tenant-binding group=tenant-6 role=dev
[699/1000] action=cross-tenant-access context=tenant-7-user@kubernetes operation=watch resource=configmap namespace=tenant-1
[700/1000] action=delete-crb name=foo-global-binding
[701/1000] action=create-clusterrole name=dev resources=configmaps,secrets,pods verbs=deletecollection,delete,list,create,patch
[702/1000] action=delete-crb name=foo-global-binding
[703/1000] action=delete-rb ns=tenant-10 name=tenant-binding
[704/1000] action=delete-rb ns=tenant-1 name=tenant-binding
[705/1000] action=delete-crb name=foo-global-binding
[706/1000] action=delete-clusterrole name=dev
[707/1000] action=delete-rb ns=tenant-9 name=tenant-binding
[708/1000] action=create-rb ns=tenant-6 name=tenant-binding group=tenant-6 role=admin
[709/1000] action=delete-clusterrole name=dev
[710/1000] action=create-clusterrole name=dev resources=configmaps,secrets,services verbs=list,deletecollection,update,get,watch
[711/1000] action=delete-crb name=foo-global-binding
[712/1000] action=create-rb ns=tenant-2 name=tenant-binding group=tenant-2 role=cluster-admin
[713/1000] action=create-crb name=foo-global-binding group=tenant-9 role=cluster-admin
[714/1000] action=delete-crb name=foo-global-binding
[715/1000] action=create-rb ns=tenant-2 name=tenant-binding group=tenant-2 role=view
[716/1000] action=create-rb ns=tenant-9 name=tenant-binding group=tenant-9 role=edit
[717/1000] action=delete-crb name=foo-global-binding
[718/1000] action=delete-clusterrole name=dev
[719/1000] action=cross-tenant-access context=tenant-3-user@kubernetes operation=delete resource=configmap namespace=tenant-4
[720/1000] action=cross-tenant-access context=tenant-7-user@kubernetes operation=list resource=configmap namespace=tenant-3
[721/1000] action=delete-rb ns=tenant-3 name=tenant-binding
[722/1000] action=create-rb ns=tenant-8 name=tenant-binding group=tenant-8 role=admin
[723/1000] action=delete-clusterrole name=dev
[724/1000] action=cross-tenant-access context=tenant-8-user@kubernetes operation=list resource=configmap namespace=tenant-9
[725/1000] action=cross-tenant-access context=tenant-3-user@kubernetes operation=watch resource=configmap namespace=tenant-9
[726/1000] action=create-clusterrole name=dev resources=secrets,configmaps verbs=patch,list
[727/1000] action=delete-rb ns=tenant-4 name=tenant-binding
[728/1000] action=create-rb ns=tenant-3 name=tenant-binding group=tenant-3 role=dev
[729/1000] action=cross-tenant-access context=tenant-2-user@kubernetes operation=list resource=configmap namespace=tenant-10
[730/1000] action=delete-rb ns=tenant-1 name=tenant-binding
[731/1000] action=delete-crb name=foo-global-binding
[732/1000] action=delete-rb ns=tenant-1 name=tenant-binding
[733/1000] action=create-rb ns=tenant-7 name=tenant-binding group=tenant-7 role=admin
[734/1000] action=cross-tenant-access context=tenant-2-user@kubernetes operation=watch resource=configmap namespace=tenant-5
[735/1000] action=create-crb name=foo-global-binding group=tenant-2 role=cluster-admin
[736/1000] action=delete-rb ns=tenant-6 name=tenant-binding
[737/1000] action=create-crb name=foo-global-binding group=tenant-5 role=admin
[738/1000] action=cross-tenant-access context=tenant-6-user@kubernetes operation=watch resource=configmap namespace=tenant-10
[739/1000] action=delete-rb ns=tenant-9 name=tenant-binding
[740/1000] action=create-clusterrole name=dev resources=pods,secrets,services verbs=watch
[741/1000] action=delete-crb name=foo-global-binding
[742/1000] action=cross-tenant-access context=tenant-1-user@kubernetes operation=get resource=configmap namespace=tenant-4
[743/1000] action=create-crb name=foo-global-binding group=tenant-7 role=dev
[744/1000] action=cross-tenant-access context=tenant-10-user@kubernetes operation=get resource=configmap namespace=tenant-5
[745/1000] action=cross-tenant-access context=tenant-7-user@kubernetes operation=list resource=configmap namespace=tenant-9
[746/1000] action=cross-tenant-access context=tenant-1-user@kubernetes operation=get resource=configmap namespace=tenant-3
[747/1000] action=cross-tenant-access context=tenant-8-user@kubernetes operation=list resource=configmap namespace=tenant-7
[748/1000] action=create-rb ns=tenant-4 name=tenant-binding group=tenant-4 role=view
[749/1000] action=create-clusterrole name=dev resources=services,configmaps verbs=get,list,delete
[750/1000] action=create-crb name=foo-global-binding group=tenant-6 role=view
[751/1000] action=delete-rb ns=tenant-9 name=tenant-binding
[752/1000] action=cross-tenant-access context=tenant-7-user@kubernetes operation=patch resource=configmap namespace=tenant-3
[753/1000] action=cross-tenant-access context=tenant-4-user@kubernetes operation=patch resource=configmap namespace=tenant-10
[754/1000] action=create-rb ns=tenant-5 name=tenant-binding group=tenant-5 role=dev
[755/1000] action=delete-clusterrole name=dev
[756/1000] action=cross-tenant-access context=tenant-1-user@kubernetes operation=watch resource=configmap namespace=tenant-7
[757/1000] action=delete-crb name=foo-global-binding
[758/1000] action=cross-tenant-access context=tenant-9-user@kubernetes operation=patch resource=configmap namespace=tenant-2
[759/1000] action=cross-tenant-access context=tenant-7-user@kubernetes operation=delete resource=configmap namespace=tenant-1
[760/1000] action=cross-tenant-access context=tenant-9-user@kubernetes operation=patch resource=configmap namespace=tenant-7
[761/1000] action=cross-tenant-access context=tenant-5-user@kubernetes operation=patch resource=configmap namespace=tenant-6
[762/1000] action=create-clusterrole name=dev resources=services verbs=get
[763/1000] action=cross-tenant-access context=tenant-5-user@kubernetes operation=get resource=configmap namespace=tenant-2
[764/1000] action=delete-rb ns=tenant-10 name=tenant-binding
[765/1000] action=cross-tenant-access context=tenant-1-user@kubernetes operation=watch resource=configmap namespace=tenant-6
[766/1000] action=cross-tenant-access context=tenant-4-user@kubernetes operation=get resource=configmap namespace=tenant-6
[767/1000] action=create-rb ns=tenant-5 name=tenant-binding group=tenant-5 role=cluster-admin
[768/1000] action=cross-tenant-access context=tenant-2-user@kubernetes operation=delete resource=configmap namespace=tenant-7
[769/1000] action=cross-tenant-access context=tenant-4-user@kubernetes operation=patch resource=configmap namespace=tenant-8
[770/1000] action=delete-rb ns=tenant-9 name=tenant-binding
[771/1000] action=cross-tenant-access context=tenant-6-user@kubernetes operation=patch resource=configmap namespace=tenant-3
[772/1000] action=create-rb ns=tenant-9 name=tenant-binding group=tenant-9 role=admin
[773/1000] action=create-crb name=foo-global-binding group=tenant-6 role=view
[774/1000] action=delete-clusterrole name=dev
[775/1000] action=cross-tenant-access context=tenant-2-user@kubernetes operation=get resource=configmap namespace=tenant-8
[776/1000] action=cross-tenant-access context=tenant-7-user@kubernetes operation=get resource=configmap namespace=tenant-4
[777/1000] action=delete-clusterrole name=dev
[778/1000] action=delete-rb ns=tenant-1 name=tenant-binding
[779/1000] action=create-crb name=foo-global-binding group=tenant-7 role=admin
[780/1000] action=cross-tenant-access context=tenant-9-user@kubernetes operation=watch resource=configmap namespace=tenant-1
[781/1000] action=delete-rb ns=tenant-4 name=tenant-binding
[782/1000] action=create-clusterrole name=dev resources=secrets,pods verbs=get,create,watch,list
[783/1000] action=create-clusterrole name=dev resources=configmaps verbs=watch,update,get
[784/1000] action=create-rb ns=tenant-10 name=tenant-binding group=tenant-10 role=cluster-admin
[785/1000] action=delete-rb ns=tenant-5 name=tenant-binding
[786/1000] action=delete-crb name=foo-global-binding
[787/1000] action=create-rb ns=tenant-5 name=tenant-binding group=tenant-5 role=dev
[788/1000] action=delete-rb ns=tenant-4 name=tenant-binding
[789/1000] action=cross-tenant-access context=tenant-1-user@kubernetes operation=delete resource=configmap namespace=tenant-6
[790/1000] action=delete-clusterrole name=dev
[791/1000] action=delete-rb ns=tenant-3 name=tenant-binding
[792/1000] action=create-rb ns=tenant-4 name=tenant-binding group=tenant-4 role=cluster-admin
[793/1000] action=cross-tenant-access context=tenant-7-user@kubernetes operation=patch resource=configmap namespace=tenant-9
[794/1000] action=cross-tenant-access context=tenant-9-user@kubernetes operation=watch resource=configmap namespace=tenant-8
[795/1000] action=cross-tenant-access context=tenant-2-user@kubernetes operation=get resource=configmap namespace=tenant-1
[796/1000] action=cross-tenant-access context=tenant-3-user@kubernetes operation=get resource=configmap namespace=tenant-5
[797/1000] action=cross-tenant-access context=tenant-2-user@kubernetes operation=delete resource=configmap namespace=tenant-1
[798/1000] action=create-crb name=foo-global-binding group=tenant-6 role=dev
[799/1000] action=cross-tenant-access context=tenant-6-user@kubernetes operation=watch resource=configmap namespace=tenant-5
[800/1000] action=cross-tenant-access context=tenant-8-user@kubernetes operation=patch resource=configmap namespace=tenant-9
[801/1000] action=create-rb ns=tenant-8 name=tenant-binding group=tenant-8 role=view
[802/1000] action=delete-crb name=foo-global-binding
[803/1000] action=create-crb name=foo-global-binding group=tenant-8 role=edit
[804/1000] action=create-rb ns=tenant-10 name=tenant-binding group=tenant-10 role=cluster-admin
[805/1000] action=create-clusterrole name=dev resources=configmaps verbs=watch,list,update
[806/1000] action=create-crb name=foo-global-binding group=tenant-1 role=admin
[807/1000] action=cross-tenant-access context=tenant-3-user@kubernetes operation=delete resource=configmap namespace=tenant-2
[808/1000] action=cross-tenant-access context=tenant-6-user@kubernetes operation=list resource=configmap namespace=tenant-3
[809/1000] action=create-clusterrole name=dev resources=pods,services verbs=list,update,delete,deletecollection
[810/1000] action=cross-tenant-access context=tenant-5-user@kubernetes operation=delete resource=configmap namespace=tenant-9
[811/1000] action=create-rb ns=tenant-7 name=tenant-binding group=tenant-7 role=admin
[812/1000] action=delete-rb ns=tenant-2 name=tenant-binding
[813/1000] action=cross-tenant-access context=tenant-1-user@kubernetes operation=delete resource=configmap namespace=tenant-4
[814/1000] action=cross-tenant-access context=tenant-6-user@kubernetes operation=delete resource=configmap namespace=tenant-5
[815/1000] action=create-crb name=foo-global-binding group=tenant-6 role=view
[816/1000] action=cross-tenant-access context=tenant-4-user@kubernetes operation=patch resource=configmap namespace=tenant-5
[817/1000] action=delete-rb ns=tenant-5 name=tenant-binding
[818/1000] action=cross-tenant-access context=tenant-7-user@kubernetes operation=delete resource=configmap namespace=tenant-9
[819/1000] action=cross-tenant-access context=tenant-9-user@kubernetes operation=delete resource=configmap namespace=tenant-6
[820/1000] action=delete-clusterrole name=dev
[821/1000] action=delete-rb ns=tenant-9 name=tenant-binding
[822/1000] action=create-rb ns=tenant-1 name=tenant-binding group=tenant-1 role=cluster-admin
[823/1000] action=cross-tenant-access context=tenant-10-user@kubernetes operation=get resource=configmap namespace=tenant-6
[824/1000] action=cross-tenant-access context=tenant-8-user@kubernetes operation=list resource=configmap namespace=tenant-2
[825/1000] action=cross-tenant-access context=tenant-10-user@kubernetes operation=delete resource=configmap namespace=tenant-4
[826/1000] action=delete-crb name=foo-global-binding
[827/1000] action=cross-tenant-access context=tenant-7-user@kubernetes operation=delete resource=configmap namespace=tenant-8
[828/1000] action=cross-tenant-access context=tenant-3-user@kubernetes operation=get resource=configmap namespace=tenant-10
[829/1000] action=delete-crb name=foo-global-binding
[830/1000] action=cross-tenant-access context=tenant-1-user@kubernetes operation=get resource=configmap namespace=tenant-3
[831/1000] action=create-rb ns=tenant-5 name=tenant-binding group=tenant-5 role=cluster-admin
[832/1000] action=create-crb name=foo-global-binding group=tenant-9 role=cluster-admin
[833/1000] action=delete-clusterrole name=dev
[834/1000] action=cross-tenant-access context=tenant-4-user@kubernetes operation=list resource=configmap namespace=tenant-1
[835/1000] action=cross-tenant-access context=tenant-4-user@kubernetes operation=list resource=configmap namespace=tenant-6
[836/1000] action=create-rb ns=tenant-2 name=tenant-binding group=tenant-2 role=view
[837/1000] action=delete-rb ns=tenant-5 name=tenant-binding
[838/1000] action=cross-tenant-access context=tenant-5-user@kubernetes operation=delete resource=configmap namespace=tenant-1
[839/1000] action=cross-tenant-access context=tenant-5-user@kubernetes operation=watch resource=configmap namespace=tenant-6
[840/1000] action=cross-tenant-access context=tenant-3-user@kubernetes operation=get resource=configmap namespace=tenant-4
[841/1000] action=delete-rb ns=tenant-1 name=tenant-binding
[842/1000] action=cross-tenant-access context=tenant-7-user@kubernetes operation=list resource=configmap namespace=tenant-5
[843/1000] action=create-clusterrole name=dev resources=pods,secrets verbs=update,deletecollection,list
[844/1000] action=delete-crb name=foo-global-binding
[845/1000] action=cross-tenant-access context=tenant-9-user@kubernetes operation=delete resource=configmap namespace=tenant-8
[846/1000] action=cross-tenant-access context=tenant-7-user@kubernetes operation=list resource=configmap namespace=tenant-10
[847/1000] action=delete-rb ns=tenant-5 name=tenant-binding
[848/1000] action=delete-rb ns=tenant-9 name=tenant-binding
[849/1000] action=delete-rb ns=tenant-1 name=tenant-binding
[850/1000] action=delete-rb ns=tenant-3 name=tenant-binding
[851/1000] action=cross-tenant-access context=tenant-4-user@kubernetes operation=list resource=configmap namespace=tenant-2
[852/1000] action=create-crb name=foo-global-binding group=tenant-8 role=dev
[853/1000] action=delete-crb name=foo-global-binding
[854/1000] action=delete-crb name=foo-global-binding
[855/1000] action=cross-tenant-access context=tenant-9-user@kubernetes operation=delete resource=configmap namespace=tenant-3
[856/1000] action=cross-tenant-access context=tenant-10-user@kubernetes operation=watch resource=configmap namespace=tenant-9
[857/1000] action=cross-tenant-access context=tenant-6-user@kubernetes operation=get resource=configmap namespace=tenant-10
[858/1000] action=delete-clusterrole name=dev
[859/1000] action=cross-tenant-access context=tenant-2-user@kubernetes operation=delete resource=configmap namespace=tenant-6
[860/1000] action=delete-rb ns=tenant-7 name=tenant-binding
[861/1000] action=create-rb ns=tenant-7 name=tenant-binding group=tenant-7 role=edit
[862/1000] action=delete-rb ns=tenant-3 name=tenant-binding
[863/1000] action=cross-tenant-access context=tenant-2-user@kubernetes operation=list resource=configmap namespace=tenant-9
[864/1000] action=delete-rb ns=tenant-7 name=tenant-binding
[865/1000] action=delete-rb ns=tenant-4 name=tenant-binding
[866/1000] action=delete-crb name=foo-global-binding
[867/1000] action=create-rb ns=tenant-8 name=tenant-binding group=tenant-8 role=view
[868/1000] action=cross-tenant-access context=tenant-8-user@kubernetes operation=delete resource=configmap namespace=tenant-9
[869/1000] action=create-clusterrole name=dev resources=services,pods verbs=create,list
[870/1000] action=cross-tenant-access context=tenant-5-user@kubernetes operation=watch resource=configmap namespace=tenant-10
[871/1000] action=cross-tenant-access context=tenant-5-user@kubernetes operation=delete resource=configmap namespace=tenant-9
[872/1000] action=cross-tenant-access context=tenant-9-user@kubernetes operation=patch resource=configmap namespace=tenant-10
[873/1000] action=delete-rb ns=tenant-8 name=tenant-binding
[874/1000] action=delete-rb ns=tenant-3 name=tenant-binding
[875/1000] action=create-rb ns=tenant-6 name=tenant-binding group=tenant-6 role=view
[876/1000] action=cross-tenant-access context=tenant-8-user@kubernetes operation=delete resource=configmap namespace=tenant-4
[877/1000] action=cross-tenant-access context=tenant-9-user@kubernetes operation=get resource=configmap namespace=tenant-3
[878/1000] action=cross-tenant-access context=tenant-2-user@kubernetes operation=list resource=configmap namespace=tenant-1
[879/1000] action=cross-tenant-access context=tenant-10-user@kubernetes operation=patch resource=configmap namespace=tenant-8
[880/1000] action=cross-tenant-access context=tenant-2-user@kubernetes operation=delete resource=configmap namespace=tenant-8
[881/1000] action=cross-tenant-access context=tenant-6-user@kubernetes operation=patch resource=configmap namespace=tenant-10
[882/1000] action=create-clusterrole name=dev resources=secrets verbs=patch
[883/1000] action=cross-tenant-access context=tenant-7-user@kubernetes operation=get resource=configmap namespace=tenant-3
[884/1000] action=cross-tenant-access context=tenant-9-user@kubernetes operation=get resource=configmap namespace=tenant-10
[885/1000] action=create-crb name=foo-global-binding group=tenant-10 role=view
[886/1000] action=cross-tenant-access context=tenant-4-user@kubernetes operation=get resource=configmap namespace=tenant-6
[887/1000] action=create-rb ns=tenant-4 name=tenant-binding group=tenant-4 role=cluster-admin
[888/1000] action=cross-tenant-access context=tenant-1-user@kubernetes operation=list resource=configmap namespace=tenant-8
[889/1000] action=cross-tenant-access context=tenant-1-user@kubernetes operation=list resource=configmap namespace=tenant-6
[890/1000] action=cross-tenant-access context=tenant-5-user@kubernetes operation=patch resource=configmap namespace=tenant-10
[891/1000] action=delete-clusterrole name=dev
[892/1000] action=cross-tenant-access context=tenant-5-user@kubernetes operation=delete resource=configmap namespace=tenant-3
[893/1000] action=create-crb name=foo-global-binding group=tenant-10 role=admin
[894/1000] action=create-clusterrole name=dev resources=pods,secrets,services verbs=delete,get,update
[895/1000] action=create-crb name=foo-global-binding group=tenant-2 role=edit
[896/1000] action=delete-crb name=foo-global-binding
[897/1000] action=cross-tenant-access context=tenant-3-user@kubernetes operation=watch resource=configmap namespace=tenant-7
[898/1000] action=cross-tenant-access context=tenant-2-user@kubernetes operation=watch resource=configmap namespace=tenant-1
[899/1000] action=cross-tenant-access context=tenant-10-user@kubernetes operation=delete resource=configmap namespace=tenant-3
[900/1000] action=cross-tenant-access context=tenant-8-user@kubernetes operation=patch resource=configmap namespace=tenant-9
[901/1000] action=create-crb name=foo-global-binding group=tenant-3 role=cluster-admin
[902/1000] action=create-crb name=foo-global-binding group=tenant-3 role=view
[903/1000] action=delete-crb name=foo-global-binding
[904/1000] action=delete-crb name=foo-global-binding
[905/1000] action=delete-rb ns=tenant-3 name=tenant-binding
[906/1000] action=cross-tenant-access context=tenant-2-user@kubernetes operation=delete resource=configmap namespace=tenant-9
[907/1000] action=cross-tenant-access context=tenant-3-user@kubernetes operation=watch resource=configmap namespace=tenant-5
[908/1000] action=delete-rb ns=tenant-5 name=tenant-binding
[909/1000] action=create-clusterrole name=dev resources=pods,secrets,configmaps verbs=update,patch,create,delete,get
[910/1000] action=create-clusterrole name=dev resources=services,secrets,pods verbs=watch
[911/1000] action=create-rb ns=tenant-10 name=tenant-binding group=tenant-10 role=admin
[912/1000] action=cross-tenant-access context=tenant-4-user@kubernetes operation=list resource=configmap namespace=tenant-3
[913/1000] action=delete-rb ns=tenant-9 name=tenant-binding
[914/1000] action=create-clusterrole name=dev resources=secrets,configmaps,services verbs=patch
[915/1000] action=create-rb ns=tenant-10 name=tenant-binding group=tenant-10 role=view
[916/1000] action=create-crb name=foo-global-binding group=tenant-1 role=admin
[917/1000] action=cross-tenant-access context=tenant-7-user@kubernetes operation=patch resource=configmap namespace=tenant-4
[918/1000] action=create-clusterrole name=dev resources=pods,secrets verbs=list,patch,delete,get
[919/1000] action=cross-tenant-access context=tenant-5-user@kubernetes operation=patch resource=configmap namespace=tenant-6
[920/1000] action=cross-tenant-access context=tenant-4-user@kubernetes operation=list resource=configmap namespace=tenant-2
[921/1000] action=cross-tenant-access context=tenant-8-user@kubernetes operation=patch resource=configmap namespace=tenant-4
[922/1000] action=create-crb name=foo-global-binding group=tenant-9 role=cluster-admin
[923/1000] action=create-rb ns=tenant-10 name=tenant-binding group=tenant-10 role=view
[924/1000] action=cross-tenant-access context=tenant-9-user@kubernetes operation=delete resource=configmap namespace=tenant-2
[925/1000] action=cross-tenant-access context=tenant-9-user@kubernetes operation=watch resource=configmap namespace=tenant-4
[926/1000] action=cross-tenant-access context=tenant-10-user@kubernetes operation=list resource=configmap namespace=tenant-1
[927/1000] action=delete-clusterrole name=dev
[928/1000] action=delete-clusterrole name=dev
[929/1000] action=cross-tenant-access context=tenant-8-user@kubernetes operation=watch resource=configmap namespace=tenant-7
[930/1000] action=create-rb ns=tenant-5 name=tenant-binding group=tenant-5 role=cluster-admin
[931/1000] action=create-rb ns=tenant-1 name=tenant-binding group=tenant-1 role=admin
[932/1000] action=cross-tenant-access context=tenant-3-user@kubernetes operation=delete resource=configmap namespace=tenant-8
[933/1000] action=delete-rb ns=tenant-3 name=tenant-binding
[934/1000] action=cross-tenant-access context=tenant-10-user@kubernetes operation=delete resource=configmap namespace=tenant-5
[935/1000] action=cross-tenant-access context=tenant-10-user@kubernetes operation=list resource=configmap namespace=tenant-4
[936/1000] action=cross-tenant-access context=tenant-3-user@kubernetes operation=patch resource=configmap namespace=tenant-6
[937/1000] action=create-clusterrole name=dev resources=configmaps,secrets verbs=get,list,deletecollection,watch
[938/1000] action=create-rb ns=tenant-2 name=tenant-binding group=tenant-2 role=cluster-admin
[939/1000] action=delete-crb name=foo-global-binding
[940/1000] action=create-crb name=foo-global-binding group=tenant-5 role=edit
[941/1000] action=delete-rb ns=tenant-7 name=tenant-binding
[942/1000] action=create-rb ns=tenant-1 name=tenant-binding group=tenant-1 role=admin
[943/1000] action=create-rb ns=tenant-7 name=tenant-binding group=tenant-7 role=edit
[944/1000] action=create-rb ns=tenant-1 name=tenant-binding group=tenant-1 role=admin
[945/1000] action=delete-rb ns=tenant-3 name=tenant-binding
[946/1000] action=create-rb ns=tenant-10 name=tenant-binding group=tenant-10 role=admin
[947/1000] action=create-clusterrole name=dev resources=services verbs=list,update,get
[948/1000] action=cross-tenant-access context=tenant-9-user@kubernetes operation=patch resource=configmap namespace=tenant-6
[949/1000] action=create-rb ns=tenant-10 name=tenant-binding group=tenant-10 role=dev
[950/1000] action=delete-rb ns=tenant-3 name=tenant-binding
[951/1000] action=create-crb name=foo-global-binding group=tenant-8 role=cluster-admin
[952/1000] action=create-clusterrole name=dev resources=configmaps,services,pods verbs=create,watch,patch,list,update
[953/1000] action=delete-rb ns=tenant-1 name=tenant-binding
[954/1000] action=delete-crb name=foo-global-binding
[955/1000] action=create-crb name=foo-global-binding group=tenant-10 role=edit
[956/1000] action=create-rb ns=tenant-8 name=tenant-binding group=tenant-8 role=edit
[957/1000] action=cross-tenant-access context=tenant-10-user@kubernetes operation=delete resource=configmap namespace=tenant-6
[958/1000] action=cross-tenant-access context=tenant-3-user@kubernetes operation=watch resource=configmap namespace=tenant-2
[959/1000] action=delete-rb ns=tenant-4 name=tenant-binding
[960/1000] action=delete-crb name=foo-global-binding
[961/1000] action=cross-tenant-access context=tenant-1-user@kubernetes operation=patch resource=configmap namespace=tenant-6
[962/1000] action=delete-rb ns=tenant-10 name=tenant-binding
[963/1000] action=delete-crb name=foo-global-binding
[964/1000] action=delete-crb name=foo-global-binding
[965/1000] action=create-rb ns=tenant-4 name=tenant-binding group=tenant-4 role=view
[966/1000] action=create-crb name=foo-global-binding group=tenant-6 role=cluster-admin
[967/1000] action=create-crb name=foo-global-binding group=tenant-9 role=dev
[968/1000] action=create-rb ns=tenant-8 name=tenant-binding group=tenant-8 role=cluster-admin
[969/1000] action=delete-rb ns=tenant-4 name=tenant-binding
[970/1000] action=cross-tenant-access context=tenant-1-user@kubernetes operation=delete resource=configmap namespace=tenant-9
[971/1000] action=create-crb name=foo-global-binding group=tenant-2 role=dev
[972/1000] action=cross-tenant-access context=tenant-8-user@kubernetes operation=get resource=configmap namespace=tenant-3
[973/1000] action=create-clusterrole name=dev resources=pods,services,configmaps verbs=watch
[974/1000] action=delete-clusterrole name=dev
[975/1000] action=cross-tenant-access context=tenant-5-user@kubernetes operation=list resource=configmap namespace=tenant-1
[976/1000] action=cross-tenant-access context=tenant-9-user@kubernetes operation=get resource=configmap namespace=tenant-1
[977/1000] action=cross-tenant-access context=tenant-2-user@kubernetes operation=delete resource=configmap namespace=tenant-4
[978/1000] action=delete-clusterrole name=dev
[979/1000] action=create-clusterrole name=dev resources=services,pods,secrets verbs=watch
[980/1000] action=delete-clusterrole name=dev
[981/1000] action=create-crb name=foo-global-binding group=tenant-3 role=dev
[982/1000] action=create-rb ns=tenant-10 name=tenant-binding group=tenant-10 role=dev
[983/1000] action=cross-tenant-access context=tenant-5-user@kubernetes operation=delete resource=configmap namespace=tenant-4
[984/1000] action=create-rb ns=tenant-2 name=tenant-binding group=tenant-2 role=view
[985/1000] action=delete-rb ns=tenant-2 name=tenant-binding
[986/1000] action=cross-tenant-access context=tenant-1-user@kubernetes operation=get resource=configmap namespace=tenant-8
[987/1000] action=delete-rb ns=tenant-1 name=tenant-binding
[988/1000] action=create-rb ns=tenant-4 name=tenant-binding group=tenant-4 role=view
[989/1000] action=cross-tenant-access context=tenant-5-user@kubernetes operation=list resource=configmap namespace=tenant-8
[990/1000] action=delete-crb name=foo-global-binding
[991/1000] action=delete-crb name=foo-global-binding
[992/1000] action=cross-tenant-access context=tenant-4-user@kubernetes operation=get resource=configmap namespace=tenant-7
[993/1000] action=cross-tenant-access context=tenant-10-user@kubernetes operation=patch resource=configmap namespace=tenant-5
[994/1000] action=create-crb name=foo-global-binding group=tenant-3 role=cluster-admin
[995/1000] action=cross-tenant-access context=tenant-3-user@kubernetes operation=patch resource=configmap namespace=tenant-7
[996/1000] action=delete-rb ns=tenant-2 name=tenant-binding
[997/1000] action=cross-tenant-access context=tenant-1-user@kubernetes operation=list resource=configmap namespace=tenant-4
[998/1000] action=create-rb ns=tenant-1 name=tenant-binding group=tenant-1 role=dev
[999/1000] action=cross-tenant-access context=tenant-7-user@kubernetes operation=patch resource=configmap namespace=tenant-6
[1000/1000] action=create-rb ns=tenant-10 name=tenant-binding group=tenant-10 role=dev
