[1/50] action=create-crb name=foo-global-binding group=tenant-1 role=dev
[2/50] action=create-clusterrole name=dev resources=secrets,configmaps verbs=watch,patch,deletecollection,list
[3/50] action=create-rb ns=tenant-1 name=tenant-binding group=tenant-1 role=edit
[4/50] action=cross-tenant-access context=tenant-1-user@kubernetes operation=watch resource=configmap namespace=tenant-2
[5/50] action=delete-rb ns=tenant-2 name=tenant-binding
[6/50] action=cross-tenant-access context=tenant-1-user@kubernetes operation=patch resource=configmap namespace=tenant-2
[7/50] action=create-rb ns=tenant-2 name=tenant-binding group=tenant-2 role=dev
[8/50] action=cross-tenant-access context=tenant-1-user@kubernetes operation=watch resource=configmap namespace=tenant-2
[9/50] action=create-rb ns=tenant-2 name=tenant-binding group=tenant-2 role=dev
[10/50] action=cross-tenant-access context=tenant-2-user@kubernetes operation=watch resource=configmap namespace=tenant-1
[11/50] action=cross-tenant-access context=tenant-1-user@kubernetes operation=get resource=configmap namespace=tenant-2
[12/50] action=cross-tenant-access context=tenant-1-user@kubernetes operation=watch resource=configmap namespace=tenant-2
[13/50] action=cross-tenant-access context=tenant-2-user@kubernetes operation=list resource=configmap namespace=tenant-1
[14/50] action=create-crb name=foo-global-binding group=tenant-1 role=edit
[15/50] action=delete-clusterrole name=dev
[16/50] action=create-rb ns=tenant-1 name=tenant-binding group=tenant-1 role=admin
[17/50] action=create-rb ns=tenant-1 name=tenant-binding group=tenant-1 role=view
[18/50] action=delete-rb ns=tenant-1 name=tenant-binding
[19/50] action=cross-tenant-access context=tenant-1-user@kubernetes operation=get resource=configmap namespace=tenant-2
[20/50] action=create-clusterrole name=dev resources=pods,services verbs=create,watch,delete,deletecollection,get
[21/50] action=create-rb ns=tenant-2 name=tenant-binding group=tenant-2 role=edit
[22/50] action=delete-clusterrole name=dev
[23/50] action=delete-clusterrole name=dev
[24/50] action=cross-tenant-access context=tenant-2-user@kubernetes operation=watch resource=configmap namespace=tenant-1
[25/50] action=cross-tenant-access context=tenant-2-user@kubernetes operation=list resource=configmap namespace=tenant-1
[26/50] action=cross-tenant-access context=tenant-1-user@kubernetes operation=get resource=configmap namespace=tenant-2
[27/50] action=delete-crb name=foo-global-binding
[28/50] action=create-clusterrole name=dev resources=configmaps,secrets,pods verbs=list
[29/50] action=create-rb ns=tenant-1 name=tenant-binding group=tenant-1 role=cluster-admin
[30/50] action=cross-tenant-access context=tenant-2-user@kubernetes operation=delete resource=configmap namespace=tenant-1
[31/50] action=create-rb ns=tenant-1 name=tenant-binding group=tenant-1 role=dev
[32/50] action=delete-clusterrole name=dev
[33/50] action=delete-crb name=foo-global-binding
[34/50] action=cross-tenant-access context=tenant-2-user@kubernetes operation=list resource=configmap namespace=tenant-1
[35/50] action=create-rb ns=tenant-2 name=tenant-binding group=tenant-2 role=admin
[36/50] action=create-clusterrole name=dev resources=configmaps,secrets verbs=patch,create
[37/50] action=cross-tenant-access context=tenant-2-user@kubernetes operation=list resource=configmap namespace=tenant-1
[38/50] action=delete-rb ns=tenant-2 name=tenant-binding
[39/50] action=create-rb ns=tenant-1 name=tenant-binding group=tenant-1 role=dev
[40/50] action=delete-crb name=foo-global-binding
[41/50] action=delete-clusterrole name=dev
[42/50] action=create-clusterrole name=dev resources=pods,services verbs=patch,list
[43/50] action=cross-tenant-access context=tenant-2-user@kubernetes operation=patch resource=configmap namespace=tenant-1
[44/50] action=create-rb ns=tenant-2 name=tenant-binding group=tenant-2 role=admin
[45/50] action=create-rb ns=tenant-1 name=tenant-binding group=tenant-1 role=cluster-admin
[46/50] action=delete-rb ns=tenant-1 name=tenant-binding
[47/50] action=cross-tenant-access context=tenant-2-user@kubernetes operation=list resource=configmap namespace=tenant-1
[48/50] action=cross-tenant-access context=tenant-2-user@kubernetes operation=patch resource=configmap namespace=tenant-1
[49/50] action=delete-clusterrole name=dev
[50/50] action=delete-crb name=foo-global-binding
