[1/50] action=create-clusterrole name=dev resources=secrets,services,pods verbs=deletecollection,delete
[2/50] action=delete-rb ns=tenant-1 name=tenant-binding
[3/50] action=delete-clusterrole name=dev
[4/50] action=delete-clusterrole name=dev
[5/50] action=create-rb ns=tenant-2 name=tenant-binding group=tenant-2 role=cluster-admin
[6/50] action=create-clusterrole name=dev resources=secrets,pods verbs=update,get,list,deletecollection
[7/50] action=create-rb ns=tenant-2 name=tenant-binding group=tenant-2 role=edit
[8/50] action=cross-tenant-access context=tenant-5-user@kubernetes operation=delete resource=configmap namespace=tenant-3
[9/50] action=create-clusterrole name=dev resources=secrets,configmaps verbs=update,deletecollection,patch,create
[10/50] action=create-clusterrole name=dev resources=secrets,pods,services verbs=deletecollection,update,list,patch
[11/50] action=delete-crb name=foo-global-binding
[12/50] action=create-clusterrole name=dev resources=services,configmaps,pods verbs=get
[13/50] action=create-clusterrole name=dev resources=secrets,configmaps,services verbs=create
[14/50] action=create-rb ns=tenant-1 name=tenant-binding group=tenant-1 role=edit
[15/50] action=create-clusterrole name=dev resources=services,pods,configmaps verbs=deletecollection,list
[16/50] action=cross-tenant-access context=tenant-5-user@kubernetes operation=get resource=configmap namespace=tenant-1
[17/50] action=create-rb ns=tenant-5 name=tenant-binding group=tenant-5 role=cluster-admin
[18/50] action=delete-crb name=foo-global-binding
[19/50] action=create-rb ns=tenant-4 name=tenant-binding group=tenant-4 role=cluster-admin
[20/50] action=cross-tenant-access context=tenant-3-user@kubernetes operation=patch resource=configmap namespace=tenant-1
[21/50] action=delete-rb ns=tenant-5 name=tenant-binding
[22/50] action=delete-clusterrole name=dev
[23/50] action=delete-clusterrole name=dev
[24/50] action=create-rb ns=tenant-1 name=tenant-binding group=tenant-1 role=dev
[25/50] action=cross-tenant-access context=tenant-1-user@kubernetes operation=watch resource=configmap namespace=tenant-2
[26/50] action=create-crb name=foo-global-binding group=tenant-3 role=dev
[27/50] action=cross-tenant-access context=tenant-1-user@kubernetes operation=get resource=configmap namespace=tenant-3
[28/50] action=delete-rb ns=tenant-1 name=tenant-binding
[29/50] action=cross-tenant-access context=tenant-2-user@kubernetes operation=delete resource=configmap namespace=tenant-4
[30/50] action=delete-crb name=foo-global-binding
[31/50] action=delete-rb ns=tenant-4 name=tenant-binding
[32/50] action=cross-tenant-access context=tenant-4-user@kubernetes operation=list resource=configmap namespace=tenant-3
[33/50] action=create-rb ns=tenant-2 name=tenant-binding group=tenant-2 role=cluster-admin
[34/50] action=delete-clusterrole name=dev
[35/50] action=delete-clusterrole name=dev
[36/50] action=delete-rb ns=tenant-1 name=tenant-binding
[37/50] action=create-rb ns=tenant-4 name=tenant-binding group=tenant-4 role=admin
[38/50] action=create-rb ns=tenant-4 name=tenant-binding group=tenant-4 role=cluster-admin
[39/50] action=cross-tenant-access context=tenant-1-user@kubernetes operation=get resource=configmap namespace=tenant-3
[40/50] action=delete-rb ns=tenant-2 name=tenant-binding
[41/50] action=cross-tenant-access context=tenant-1-user@kubernetes operation=list resource=configmap namespace=tenant-5
[42/50] action=delete-crb name=foo-global-binding
[43/50] action=delete-rb ns=tenant-1 name=tenant-binding
[44/50] action=create-rb ns=tenant-5 name=tenant-binding group=tenant-5 role=dev
[45/50] action=cross-tenant-access context=tenant-4-user@kubernetes operation=get resource=configmap namespace=tenant-1
[46/50] action=cross-tenant-access context=tenant-5-user@kubernetes operation=list resource=configmap namespace=tenant-2
[47/50] action=cross-tenant-access context=tenant-4-user@kubernetes operation=patch resource=configmap namespace=tenant-5
[48/50] action=delete-clusterrole name=dev
[49/50] action=create-crb name=foo-global-binding group=tenant-5 role=edit
[50/50] action=create-crb name=foo-global-binding group=tenant-3 role=view
