[1/50] action=cross-tenant-access context=tenant-10-user@kubernetes operation=get resource=configmap namespace=tenant-7
[2/50] action=cross-tenant-access context=tenant-1-user@kubernetes operation=patch resource=configmap namespace=tenant-3
[3/50] action=delete-clusterrole name=dev
[4/50] action=cross-tenant-access context=tenant-3-user@kubernetes operation=get resource=configmap namespace=tenant-4
[5/50] action=cross-tenant-access context=tenant-6-user@kubernetes operation=delete resource=configmap namespace=tenant-8
[6/50] action=create-rb ns=tenant-3 name=tenant-binding group=tenant-3 role=view
[7/50] action=delete-rb ns=tenant-5 name=tenant-binding
[8/50] action=create-clusterrole name=dev resources=configmaps verbs=get,update,list,deletecollection,watch
[9/50] action=cross-tenant-access context=tenant-10-user@kubernetes operation=get resource=configmap namespace=tenant-5
[10/50] action=cross-tenant-access context=tenant-3-user@kubernetes operation=watch resource=configmap namespace=tenant-9
[11/50] action=cross-tenant-access context=tenant-5-user@kubernetes operation=delete resource=configmap namespace=tenant-2
[12/50] action=create-rb ns=tenant-7 name=tenant-binding group=tenant-7 role=view
[13/50] action=delete-rb ns=tenant-9 name=tenant-binding
[14/50] action=cross-tenant-access context=tenant-6-user@kubernetes operation=patch resource=configmap namespace=tenant-8
[15/50] action=cross-tenant-access context=tenant-8-user@kubernetes operation=get resource=configmap namespace=tenant-10
[16/50] action=cross-tenant-access context=tenant-5-user@kubernetes operation=delete resource=configmap namespace=tenant-9
[17/50] action=create-rb ns=tenant-10 name=tenant-binding group=tenant-10 role=edit
[18/50] action=cross-tenant-access context=tenant-10-user@kubernetes operation=list resource=configmap namespace=tenant-6
[19/50] action=cross-tenant-access context=tenant-1-user@kubernetes operation=watch resource=configmap namespace=tenant-9
[20/50] action=cross-tenant-access context=tenant-4-user@kubernetes operation=watch resource=configmap namespace=tenant-8
[21/50] action=cross-tenant-access context=tenant-9-user@kubernetes operation=list resource=configmap namespace=tenant-8
[22/50] action=create-crb name=foo-global-binding group=tenant-8 role=dev
[23/50] action=delete-rb ns=tenant-7 name=tenant-binding
[24/50] action=cross-tenant-access context=tenant-8-user@kubernetes operation=get resource=configmap namespace=tenant-2
[25/50] action=delete-crb name=foo-global-binding
[26/50] action=delete-clusterrole name=dev
[27/50] action=create-rb ns=tenant-2 name=tenant-binding group=tenant-2 role=admin
[28/50] action=cross-tenant-access context=tenant-1-user@kubernetes operation=delete resource=configmap namespace=tenant-2
[29/50] action=cross-tenant-access context=tenant-7-user@kubernetes operation=get resource=configmap namespace=tenant-6
[30/50] action=cross-tenant-access context=tenant-3-user@kubernetes operation=list resource=configmap namespace=tenant-10
[31/50] action=cross-tenant-access context=tenant-8-user@kubernetes operation=delete resource=configmap namespace=tenant-9
[32/50] action=cross-tenant-access context=tenant-2-user@kubernetes operation=watch resource=configmap namespace=tenant-4
[33/50] action=create-rb ns=tenant-8 name=tenant-binding group=tenant-8 role=dev
[34/50] action=delete-rb ns=tenant-10 name=tenant-binding
[35/50] action=cross-tenant-access context=tenant-3-user@kubernetes operation=watch resource=configmap namespace=tenant-9
[36/50] action=delete-rb ns=tenant-4 name=tenant-binding
[37/50] action=cross-tenant-access context=tenant-9-user@kubernetes operation=watch resource=configmap namespace=tenant-10
[38/50] action=delete-rb ns=tenant-6 name=tenant-binding
[39/50] action=create-crb name=foo-global-binding group=tenant-1 role=edit
[40/50] action=cross-tenant-access context=tenant-8-user@kubernetes operation=patch resource=configmap namespace=tenant-6
[41/50] action=create-rb ns=tenant-1 name=tenant-binding group=tenant-1 role=admin
[42/50] action=cross-tenant-access context=tenant-1-user@kubernetes operation=get resource=configmap namespace=tenant-10
[43/50] action=delete-clusterrole name=dev
[44/50] action=create-clusterrole name=dev resources=secrets,pods verbs=patch
[45/50] action=create-crb name=foo-global-binding group=tenant-5 role=dev
[46/50] action=delete-clusterrole name=dev
[47/50] action=cross-tenant-access context=tenant-3-user@kubernetes operation=watch resource=configmap namespace=tenant-8
[48/50] action=create-rb ns=tenant-10 name=tenant-binding group=tenant-10 role=dev
[49/50] action=create-clusterrole name=dev resources=pods,configmaps,secrets verbs=update
[50/50] action=create-rb ns=tenant-10 name=tenant-binding group=tenant-10 role=cluster-admin
