[1/1000] action=create-crb name=foo-global-binding group=tenant-1 role=view
[2/1000] action=create-rb ns=tenant-4 name=tenant-binding group=tenant-4 role=cluster-admin
[3/1000] action=create-rb ns=tenant-5 name=tenant-binding group=tenant-5 role=view
[4/1000] action=create-clusterrole name=dev resources=services,pods,secrets verbs=deletecollection,get,create,update,list
[5/1000] action=create-rb ns=tenant-8 name=tenant-binding group=tenant-8 role=cluster-admin
[6/1000] action=cross-tenant-access context=tenant-8-user@kubernetes operation=get resource=configmap namespace=tenant-1
[7/1000] action=delete-clusterrole name=dev
[8/1000] action=cross-tenant-access context=tenant-7-user@kubernetes operation=list resource=configmap namespace=tenant-1
[9/1000] action=delete-clusterrole name=dev
[10/1000] action=cross-tenant-access context=tenant-2-user@kubernetes operation=get resource=configmap namespace=tenant-4
[11/1000] action=delete-rb ns=tenant-4 name=tenant-binding
[12/1000] action=cross-tenant-access context=tenant-7-user@kubernetes operation=list resource=configmap namespace=tenant-10
[13/1000] action=cross-tenant-access context=tenant-7-user@kubernetes operation=patch resource=configmap namespace=tenant-9
[14/1000] action=cross-tenant-access context=tenant-9-user@kubernetes operation=delete resource=configmap namespace=tenant-2
[15/1000] action=delete-crb name=foo-global-binding
[16/1000] action=create-rb ns=tenant-4 name=tenant-binding group=tenant-4 role=dev
[17/1000] action=delete-rb ns=tenant-4 name=tenant-binding
[18/1000] action=create-clusterrole name=dev resources=secrets verbs=delete,deletecollection
[19/1000] action=cross-tenant-access context=tenant-5-user@kubernetes operation=list resource=configmap namespace=tenant-9
[20/1000] action=delete-rb ns=tenant-5 name=tenant-binding
[21/1000] action=delete-rb ns=tenant-7 name=tenant-binding
[22/1000] action=delete-rb ns=tenant-4 name=tenant-binding
[23/1000] action=create-rb ns=tenant-2 name=tenant-binding group=tenant-2 role=dev
[24/1000] action=cross-tenant-access context=tenant-3-user@kubernetes operation=patch resource=configmap namespace=tenant-7
[25/1000] action=create-clusterrole name=dev resources=pods,secrets,configmaps verbs=create,get,delete
[26/1000] action=create-rb ns=tenant-10 name=tenant-binding group=tenant-10 role=view
[27/1000] action=delete-crb name=foo-global-binding
[28/1000] action=delete-crb name=foo-global-binding
[29/1000] action=cross-tenant-access context=tenant-3-user@kubernetes operation=list resource=configmap namespace=tenant-5
[30/1000] action=cross-tenant-access context=tenant-3-user@kubernetes operation=patch resource=configmap namespace=tenant-10
[31/1000] action=create-rb ns=tenant-5 name=tenant-binding group=tenant-5 role=cluster-admin
[32/1000] action=cross-tenant-access context=tenant-7-user@kubernetes operation=patch resource=configmap namespace=tenant-9
[33/1000] action=create-clusterrole name=dev resources=services,pods verbs=create,patch
[34/1000] action=cross-tenant-access context=tenant-10-user@kubernetes operation=patch resource=configmap namespace=tenant-2
[35/1000] action=create-rb ns=tenant-10 name=tenant-binding group=tenant-10 role=admin
[36/1000] action=create-rb ns=tenant-7 name=tenant-binding group=tenant-7 role=edit
[37/1000] action=create-rb ns=tenant-4 name=tenant-binding group=tenant-4 role=cluster-admin
[38/1000] action=delete-rb ns=tenant-6 name=tenant-binding
[39/1000] action=cross-tenant-access context=tenant-2-user@kubernetes operation=delete resource=configmap namespace=tenant-6
[40/1000] action=cross-tenant-access context=tenant-10-user@kubernetes operation=watch resource=configmap namespace=tenant-2
[41/1000] action=cross-tenant-access context=tenant-1-user@kubernetes operation=patch resource=configmap namespace=tenant-6
[42/1000] action=create-crb name=foo-global-binding group=tenant-7 role=admin
[43/1000] action=cross-tenant-access context=tenant-1-user@kubernetes operation=patch resource=configmap namespace=tenant-5
[44/1000] action=create-rb ns=tenant-10 name=tenant-binding group=tenant-10 role=dev
[45/1000] action=cross-tenant-access context=tenant-8-user@kubernetes operation=patch resource=configmap namespace=tenant-1
[46/1000] action=cross-tenant-access context=tenant-2-user@kubernetes operation=get resource=configmap namespace=tenant-8
[47/1000] action=cross-tenant-access context=tenant-3-user@kubernetes operation=patch resource=configmap namespace=tenant-10
[48/1000] action=create-clusterrole name=dev resources=secrets verbs=patch
[49/1000] action=delete-crb name=foo-global-binding
[50/1000] action=cross-tenant-access context=tenant-7-user@kubernetes operation=delete resource=configmap namespace=tenant-5
[51/1000] action=create-clusterrole name=dev resources=services,configmaps,pods verbs=watch
[52/1000] action=delete-rb ns=tenant-1 name=tenant-binding
[53/1000] action=delete-rb ns=tenant-2 name=tenant-binding
[54/1000] action=cross-tenant-access context=tenant-5-user@kubernetes operation=watch resource=configmap namespace=tenant-2
[55/1000] action=create-rb ns=tenant-10 name=tenant-binding group=tenant-10 role=cluster-admin
[56/1000] action=delete-rb ns=tenant-9 name=tenant-binding
[57/1000] action=cross-tenant-access context=tenant-10-user@kubernetes operation=list resource=configmap namespace=tenant-4
[58/1000] action=create-clusterrole name=dev resources=secrets,services,pods verbs=delete,list
[59/1000] action=cross-tenant-access context=tenant-7-user@kubernetes operation=watch resource=configmap namespace=tenant-8
[60/1000] action=delete-rb ns=tenant-4 name=tenant-binding
[61/1000] action=cross-tenant-access context=tenant-9-user@kubernetes operation=get resource=configmap namespace=tenant-7
[62/1000] action=delete-clusterrole name=dev
[63/1000] action=cross-tenant-access context=tenant-1-user@kubernetes operation=patch resource=configmap namespace=tenant-3
[64/1000] action=delete-rb ns=tenant-1 name=tenant-binding
[65/1000] action=create-clusterrole name=dev resources=secrets,configmaps,pods verbs=create,watch,deletecollection,update,patch
[66/1000] action=cross-tenant-access context=tenant-10-user@kubernetes operation=watch resource=configmap namespace=tenant-4
[67/1000] action=create-rb ns=tenant-5 name=tenant-binding group=tenant-5 role=cluster-admin
[68/1000] action=create-rb ns=tenant-3 name=tenant-binding group=tenant-3 role=view
[69/1000] action=delete-crb name=foo-global-binding
[70/1000] action=cross-tenant-access context=tenant-6-user@kubernetes operation=get resource=configmap namespace=tenant-2
[71/1000] action=create-rb ns=tenant-3 name=tenant-binding group=tenant-3 role=admin
[72/1000] action=create-rb ns=tenant-4 name=tenant-binding group=tenant-4 role=cluster-admin
[73/1000] action=create-clusterrole name=dev resources=pods,services,secrets verbs=delete,patch
[74/1000] action=create-crb name=foo-global-binding group=tenant-7 role=cluster-admin
[75/1000] action=delete-rb ns=tenant-5 name=tenant-binding
[76/1000] action=cross-tenant-access context=tenant-1-user@kubernetes operation=delete resource=configmap namespace=tenant-10
[77/1000] action=cross-tenant-access context=tenant-4-user@kubernetes operation=patch resource=configmap namespace=tenant-9
[78/1000] action=cross-tenant-access context=tenant-1-user@kubernetes operation=list resource=configmap namespace=tenant-7
[79/1000] action=create-crb name=foo-global-binding group=tenant-9 role=admin
[80/1000] action=cross-tenant-access context=tenant-4-user@kubernetes operation=watch resource=configmap namespace=tenant-9
[81/1000] action=cross-tenant-access context=tenant-5-user@kubernetes operation=list resource=configmap namespace=tenant-8
[82/1000] action=cross-tenant-access context=tenant-6-user@kubernetes operation=patch resource=configmap namespace=tenant-4
[83/1000] action=delete-rb ns=tenant-10 name=tenant-binding
[84/1000] action=cross-tenant-access context=tenant-4-user@kubernetes operation=get resource=configmap namespace=tenant-10
[85/1000] action=delete-clusterrole name=dev
[86/1000] action=delete-rb ns=tenant-3 name=tenant-binding
[87/1000] action=create-crb name=foo-global-binding group=tenant-2 role=admin
[88/1000] action=delete-rb ns=tenant-1 name=tenant-binding
[89/1000] action=cross-tenant-access context=tenant-1-user@kubernetes operation=patch resource=configmap namespace=tenant-3
[90/1000] action=delete-clusterrole name=dev
[91/1000] action=cross-tenant-access context=tenant-4-user@kubernetes operation=patch resource=configmap namespace=tenant-2
[92/1000] action=create-rb ns=tenant-4 name=tenant-binding group=tenant-4 role=admin
[93/1000] action=create-rb ns=tenant-6 name=tenant-binding group=tenant-6 role=admin
[94/1000] action=create-rb ns=tenant-3 name=tenant-binding group=tenant-3 role=cluster-admin
[95/1000] action=delete-clusterrole name=dev
[96/1000] action=create-rb ns=tenant-4 name=tenant-binding group=tenant-4 role=view
[97/1000] action=cross-tenant-access context=tenant-10-user@kubernetes operation=watch resource=configmap namespace=tenant-4
[98/1000] action=cross-tenant-access context=tenant-6-user@kubernetes operation=delete resource=configmap namespace=tenant-4
[99/1000] action=cross-tenant-access context=tenant-1-user@kubernetes operation=delete resource=configmap namespace=tenant-5
[100/1000] action=create-clusterrole name=dev resources=services,pods,configmaps verbs=patch
[101/1000] action=create-crb name=foo-global-binding group=tenant-9 role=cluster-admin
[102/1000] action=cross-tenant-access context=tenant-8-user@kubernetes operation=patch resource=configmap namespace=tenant-5
[103/1000] action=delete-crb name=foo-global-binding
[104/1000] action=cross-tenant-access context=tenant-2-user@kubernetes operation=list resource=configmap namespace=tenant-9
[105/1000] action=create-clusterrole name=dev resources=services,configmaps,secrets verbs=deletecollection,delete
[106/1000] action=delete-crb name=foo-global-binding
[107/1000] action=cross-tenant-access context=tenant-7-user@kubernetes operation=patch resource=configmap namespace=tenant-9
[108/1000] action=cross-tenant-access context=tenant-9-user@kubernetes operation=delete resource=configmap namespace=tenant-8
[109/1000] action=cross-tenant-access context=tenant-8-user@kubernetes operation=get resource=configmap namespace=tenant-2
[110/1000] action=delete-rb ns=tenant-2 name=tenant-binding
[111/1000] action=create-rb ns=tenant-4 name=tenant-binding group=tenant-4 role=cluster-admin
[112/1000] action=cross-tenant-access context=tenant-6-user@kubernetes operation=watch resource=configmap namespace=tenant-5
[113/1000] action=create-rb ns=tenant-4 name=tenant-binding group=tenant-4 role=cluster-admin
[114/1000] action=delete-rb ns=tenant-10 name=tenant-binding
[115/1000] action=cross-tenant-access context=tenant-5-user@kubernetes operation=watch resource=configmap namespace=tenant-1
[116/1000] action=cross-tenant-access context=tenant-8-user@kubernetes operation=patch resource=configmap namespace=tenant-2
[117/1000] action=delete-crb name=foo-global-binding
[118/1000] action=cross-tenant-access context=tenant-8-user@kubernetes operation=delete resource=configmap namespace=tenant-7
[119/1000] action=cross-tenant-access context=tenant-4-user@kubernetes operation=patch resource=configmap namespace=tenant-5
[120/1000] action=delete-rb ns=tenant-7 name=tenant-binding
[121/1000] action=cross-tenant-access context=tenant-6-user@kubernetes operation=list resource=configmap namespace=tenant-1
[122/1000] action=cross-tenant-access context=tenant-6-user@kubernetes operation=get resource=configmap namespace=tenant-5
[123/1000] action=cross-tenant-access context=tenant-4-user@kubernetes operation=get resource=configmap namespace=tenant-3
[124/1000] action=delete-rb ns=tenant-6 name=tenant-binding
[125/1000] action=cross-tenant-access context=tenant-8-user@kubernetes operation=patch resource=configmap namespace=tenant-1
[126/1000] action=create-rb ns=tenant-5 name=tenant-binding group=tenant-5 role=view
[127/1000] action=delete-crb name=foo-global-binding
[128/1000] action=create-crb name=foo-global-binding group=tenant-4 role=view
[129/1000] action=delete-clusterrole name=dev
[130/1000] action=cross-tenant-access context=tenant-2-user@kubernetes operation=get resource=configmap namespace=tenant-10
[131/1000] action=cross-tenant-access context=tenant-2-user@kubernetes operation=watch resource=configmap namespace=tenant-3
[132/1000] action=cross-tenant-access context=tenant-8-user@kubernetes operation=watch resource=configmap namespace=tenant-4
[133/1000] action=create-clusterrole name=dev resources=pods verbs=create,list,delete
[134/1000] action=cross-tenant-access context=tenant-9-user@kubernetes operation=patch resource=configmap namespace=tenant-1
[135/1000] action=delete-rb ns=tenant-1 name=tenant-binding
[136/1000] action=create-clusterrole name=dev resources=configmaps verbs=watch
[137/1000] action=delete-crb name=foo-global-binding
[138/1000] action=create-clusterrole name=dev resources=configmaps,secrets verbs=delete,get,patch,create,watch
[139/1000] action=create-rb ns=tenant-3 name=tenant-binding group=tenant-3 role=edit
[140/1000] action=cross-tenant-access context=tenant-10-user@kubernetes operation=patch resource=configmap namespace=tenant-8
[141/1000] action=delete-rb ns=tenant-4 name=tenant-binding
[142/1000] action=delete-crb name=foo-global-binding
[143/1000] action=delete-rb ns=tenant-1 name=tenant-binding
[144/1000] action=cross-tenant-access context=tenant-5-user@kubernetes operation=delete resource=configmap namespace=tenant-6
[145/1000] action=cross-tenant-access context=tenant-10-user@kubernetes operation=patch resource=configmap namespace=tenant-6
[146/1000] action=cross-tenant-access context=tenant-3-user@kubernetes operation=get resource=configmap namespace=tenant-5
[147/1000] action=create-clusterrole name=dev resources=pods,services,configmaps verbs=create,watch
[148/1000] action=cross-tenant-access context=tenant-3-user@kubernetes operation=get resource=configmap namespace=tenant-9
[149/1000] action=delete-clusterrole name=dev
[150/1000] action=delete-rb ns=tenant-9 name=tenant-binding
[151/1000] action=cross-tenant-access context=tenant-3-user@kubernetes operation=patch resource=configmap namespace=tenant-2
[152/1000] action=delete-clusterrole name=dev
[153/1000] action=create-rb ns=tenant-7 name=tenant-binding group=tenant-7 role=dev
[154/1000] action=cross-tenant-access context=tenant-5-user@kubernetes operation=get resource=configmap namespace=tenant-3
[155/1000] action=create-crb name=foo-global-binding group=tenant-1 role=view
[156/1000] action=delete-rb ns=tenant-7 name=tenant-binding
[157/1000] action=create-rb ns=tenant-8 name=tenant-binding group=tenant-8 role=view
[158/1000] action=cross-tenant-access context=tenant-2-user@kubernetes operation=patch resource=configmap namespace=tenant-1
[159/1000] action=cross-tenant-access context=tenant-4-user@kubernetes operation=list resource=configmap namespace=tenant-3
[160/1000] action=create-clusterrole name=dev resources=configmaps verbs=list,delete,get,update,create
[161/1000] action=cross-tenant-access context=tenant-3-user@kubernetes operation=delete resource=configmap namespace=tenant-4
[162/1000] action=cross-tenant-access context=tenant-6-user@kubernetes operation=watch resource=configmap namespace=tenant-9
[163/1000] action=create-clusterrole name=dev resources=pods verbs=get
[164/1000] action=cross-tenant-access context=tenant-8-user@kubernetes operation=delete resource=configmap namespace=tenant-6
[165/1000] action=cross-tenant-access context=tenant-7-user@kubernetes operation=patch resource=configmap namespace=tenant-8
[166/1000] action=create-clusterrole name=dev resources=pods,services verbs=delete,deletecollection,list,get
[167/1000] action=delete-clusterrole name=dev
[168/1000] action=cross-tenant-access context=tenant-3-user@kubernetes operation=list resource=configmap namespace=tenant-2
[169/1000] action=create-clusterrole name=dev resources=configmaps verbs=update,list,patch
[170/1000] action=create-clusterrole name=dev resources=pods verbs=get
[171/1000] action=cross-tenant-access context=tenant-8-user@kubernetes operation=get resource=configmap namespace=tenant-6
[172/1000] action=cross-tenant-access context=tenant-8-user@kubernetes operation=patch resource=configmap namespace=tenant-2
[173/1000] action=delete-crb name=foo-global-binding
[174/1000] action=cross-tenant-access context=tenant-3-user@kubernetes operation=list resource=configmap namespace=tenant-1
[175/1000] action=cross-tenant-access context=tenant-8-user@kubernetes operation=patch resource=configmap namespace=tenant-5
[176/1000] action=cross-tenant-access context=tenant-9-user@kubernetes operation=list resource=configmap namespace=tenant-7
[177/1000] action=delete-clusterrole name=dev
[178/1000] action=delete-rb ns=tenant-6 name=tenant-binding
[179/1000] action=cross-tenant-access context=tenant-6-user@kubernetes operation=delete resource=configmap namespace=tenant-4
[180/1000] action=create-rb ns=tenant-9 name=tenant-binding group=tenant-9 role=edit
[181/1000] action=cross-tenant-access context=tenant-2-user@kubernetes operation=delete resource=configmap namespace=tenant-6
[182/1000] action=cross-tenant-access context=tenant-9-user@kubernetes operation=watch resource=configmap namespace=tenant-3
[183/1000] action=create-rb ns=tenant-9 name=tenant-binding group=tenant-9 role=dev
[184/1000] action=create-clusterrole name=dev resources=secrets,pods,services verbs=list,update,delete,get,patch
[185/1000] action=cross-tenant-access context=tenant-7-user@kubernetes operation=patch resource=configmap namespace=tenant-3
[186/1000] action=create-clusterrole name=dev resources=pods verbs=delete,patch,create,list,update
[187/1000] action=create-rb ns=tenant-2 name=tenant-binding group=tenant-2 role=edit
[188/1000] action=create-crb name=foo-global-binding group=tenant-5 role=admin
[189/1000] action=create-crb name=foo-global-binding group=tenant-5 role=cluster-admin
[190/1000] action=delete-crb name=foo-global-binding
[191/1000] action=delete-clusterrole name=dev
[192/1000] action=delete-clusterrole name=dev
[193/1000] action=create-rb ns=tenant-8 name=tenant-binding group=tenant-8 role=edit
[194/1000] action=cross-tenant-access context=tenant-2-user@kubernetes operation=watch resource=configmap namespace=tenant-6
[195/1000] action=create-rb ns=tenant-10 name=tenant-binding group=tenant-10 role=edit
[196/1000] action=create-crb name=foo-global-binding group=tenant-2 role=edit
[197/1000] action=create-clusterrole name=dev resources=services verbs=list,patch,get
[198/1000] action=create-crb name=foo-global-binding group=tenant-10 role=view
[199/1000] action=cross-tenant-access context=tenant-4-user@kubernetes operation=list resource=configmap namespace=tenant-6
[200/1000] action=cross-tenant-access context=tenant-7-user@kubernetes operation=list resource=configmap namespace=tenant-3
[201/1000] action=create-rb ns=tenant-3 name=tenant-binding group=tenant-3 role=admin
[202/1000] action=create-rb ns=tenant-8 name=tenant-binding group=tenant-8 role=dev
[203/1000] action=cross-tenant-access context=tenant-4-user@kubernetes operation=watch resource=configmap namespace=tenant-10
[204/1000] action=cross-tenant-access context=tenant-7-user@kubernetes operation=get resource=configmap namespace=tenant-9
[205/1000] action=cross-tenant-access context=tenant-5-user@kubernetes operation=delete resource=configmap namespace=tenant-3
[206/1000] action=delete-rb ns=tenant-7 name=tenant-binding
[207/1000] action=delete-clusterrole name=dev
[208/1000] action=delete-rb ns=tenant-9 name=tenant-binding
[209/1000] action=cross-tenant-access context=tenant-6-user@kubernetes operation=delete resource=configmap namespace=tenant-10
[210/1000] action=cross-tenant-access context=tenant-8-user@kubernetes operation=patch resource=configmap namespace=tenant-4
[211/1000] action=cross-tenant-access context=tenant-10-user@kubernetes operation=watch resource=configmap namespace=tenant-7
[212/1000] action=cross-tenant-access context=tenant-9-user@kubernetes operation=delete resource=configmap namespace=tenant-7
[213/1000] action=create-clusterrole name=dev resources=secrets,services verbs=update,delete
[214/1000] action=cross-tenant-access context=tenant-8-user@kubernetes operation=watch resource=configmap namespace=tenant-7
[215/1000] action=create-clusterrole name=dev resources=services,configmaps verbs=list,update,deletecollection,patch,delete
[216/1000] action=cross-tenant-access context=tenant-1-user@kubernetes operation=patch resource=configmap namespace=tenant-7
[217/1000] action=delete-clusterrole name=dev
[218/1000] action=delete-rb ns=tenant-8 name=tenant-binding
[219/1000] action=delete-clusterrole name=dev
[220/1000] action=delete-rb ns=tenant-6 name=tenant-binding
[221/1000] action=delete-rb ns=tenant-5 name=tenant-binding
[222/1000] action=cross-tenant-access context=tenant-8-user@kubernetes operation=patch resource=configmap namespace=tenant-10
[223/1000] action=create-clusterrole name=dev resources=pods,secrets,services verbs=get,delete
[224/1000] action=cross-tenant-access context=tenant-8-user@kubernetes operation=watch resource=configmap namespace=tenant-6
[225/1000] action=create-rb ns=tenant-10 name=tenant-binding group=tenant-10 role=dev
[226/1000] action=cross-tenant-access context=tenant-2-user@kubernetes operation=watch resource=configmap namespace=tenant-9
[227/1000] action=create-rb ns=tenant-4 name=tenant-binding group=tenant-4 role=edit
[228/1000] action=delete-rb ns=tenant-8 name=tenant-binding
[229/1000] action=cross-tenant-access context=tenant-2-user@kubernetes operation=watch resource=configmap namespace=tenant-5
[230/1000] action=delete-clusterrole name=dev
[231/1000] action=cross-tenant-access context=tenant-3-user@kubernetes operation=get resource=configmap namespace=tenant-4
[232/1000] action=cross-tenant-access context=tenant-10-user@kubernetes operation=watch resource=configmap namespace=tenant-3
[233/1000] action=delete-rb ns=tenant-10 name=tenant-binding
[234/1000] action=create-clusterrole name=dev resources=configmaps,pods,services verbs=patch,get,list,watch
[235/1000] action=cross-tenant-access context=tenant-10-user@kubernetes operation=list resource=configmap namespace=tenant-3
[236/1000] action=delete-rb ns=tenant-5 name=tenant-binding
[237/1000] action=cross-tenant-access context=tenant-8-user@kubernetes operation=list resource=configmap namespace=tenant-1
[238/1000] action=delete-rb ns=tenant-7 name=tenant-binding
[239/1000] action=delete-clusterrole name=dev
[240/1000] action=create-rb ns=tenant-4 name=tenant-binding group=tenant-4 role=dev
[241/1000] action=create-rb ns=tenant-1 name=tenant-binding group=tenant-1 role=edit
[242/1000] action=delete-clusterrole name=dev
[243/1000] action=create-rb ns=tenant-6 name=tenant-binding group=tenant-6 role=cluster-admin
[244/1000] action=cross-tenant-access context=tenant-5-user@kubernetes operation=patch resource=configmap namespace=tenant-8
[245/1000] action=create-rb ns=tenant-2 name=tenant-binding group=tenant-2 role=view
[246/1000] action=create-rb ns=tenant-5 name=tenant-binding group=tenant-5 role=admin
[247/1000] action=create-rb ns=tenant-1 name=tenant-binding group=tenant-1 role=view
[248/1000] action=cross-tenant-access context=tenant-10-user@kubernetes operation=patch resource=configmap namespace=tenant-9
[249/1000] action=cross-tenant-access context=tenant-9-user@kubernetes operation=get resource=configmap namespace=tenant-10
[250/1000] action=cross-tenant-access context=tenant-5-user@kubernetes operation=list resource=configmap namespace=tenant-2
[251/1000] action=delete-rb ns=tenant-1 name=tenant-binding
[252/1000] action=create-rb ns=tenant-7 name=tenant-binding group=tenant-7 role=view
[253/1000] action=delete-crb name=foo-global-binding
[254/1000] action=delete-clusterrole name=dev
[255/1000] action=delete-rb ns=tenant-4 name=tenant-binding
[256/1000] action=create-clusterrole name=dev resources=pods verbs=list,watch,deletecollection
[257/1000] action=cross-tenant-access context=tenant-6-user@kubernetes operation=get resource=configmap namespace=tenant-3
[258/1000] action=create-clusterrole name=dev resources=configmaps,pods verbs=update,list,delete,patch,create
[259/1000] action=cross-tenant-access context=tenant-5-user@kubernetes operation=watch resource=configmap namespace=tenant-4
[260/1000] action=create-crb name=foo-global-binding group=tenant-4 role=admin
[261/1000] action=create-crb name=foo-global-binding group=tenant-3 role=dev
[262/1000] action=delete-rb ns=tenant-7 name=tenant-binding
[263/1000] action=cross-tenant-access context=tenant-3-user@kubernetes operation=patch resource=configmap namespace=tenant-9
[264/1000] action=cross-tenant-access context=tenant-8-user@kubernetes operation=get resource=configmap namespace=tenant-4
[265/1000] action=delete-clusterrole name=dev
[266/1000] action=cross-tenant-access context=tenant-2-user@kubernetes operation=get resource=configmap namespace=tenant-7
[267/1000] action=create-rb ns=tenant-6 name=tenant-binding group=tenant-6 role=cluster-admin
[268/1000] action=cross-tenant-access context=tenant-6-user@kubernetes operation=get resource=configmap namespace=tenant-8
[269/1000] action=create-crb name=foo-global-binding group=tenant-1 role=admin
[270/1000] action=create-clusterrole name=dev resources=services,configmaps verbs=update,list
[271/1000] action=delete-crb name=foo-global-binding
[272/1000] action=create-clusterrole name=dev resources=configmaps,pods verbs=create
[273/1000] action=create-clusterrole name=dev resources=services,pods verbs=delete,get
[274/1000] action=cross-tenant-access context=tenant-1-user@kubernetes operation=watch resource=configmap namespace=tenant-9
[275/1000] action=cross-tenant-access context=tenant-4-user@kubernetes operation=delete resource=configmap namespace=tenant-5
[276/1000] action=delete-clusterrole name=dev
[277/1000] action=cross-tenant-access context=tenant-1-user@kubernetes operation=delete resource=configmap namespace=tenant-9
[278/1000] action=cross-tenant-access context=tenant-5-user@kubernetes operation=get resource=configmap namespace=tenant-6
[279/1000] action=create-rb ns=tenant-5 name=tenant-binding group=tenant-5 role=dev
[280/1000] action=delete-rb ns=tenant-5 name=tenant-binding
[281/1000] action=delete-rb ns=tenant-6 name=tenant-binding
[282/1000] action=delete-rb ns=tenant-10 name=tenant-binding
[283/1000] action=delete-rb ns=tenant-6 name=tenant-binding
[284/1000] action=delete-rb ns=tenant-5 name=tenant-binding
[285/1000] action=create-rb ns=tenant-2 name=tenant-binding group=tenant-2 role=admin
[286/1000] action=delete-rb ns=tenant-4 name=tenant-binding
[287/1000] action=create-rb ns=tenant-3 name=tenant-binding group=tenant-3 role=view
[288/1000] action=cross-tenant-access context=tenant-7-user@kubernetes operation=patch resource=configmap namespace=tenant-4
[289/1000] action=cross-tenant-access context=tenant-4-user@kubernetes operation=get resource=configmap namespace=tenant-5
[290/1000] action=create-crb name=foo-global-binding group=tenant-3 role=view
[291/1000] action=create-rb ns=tenant-4 name=tenant-binding group=tenant-4 role=cluster-admin
[292/1000] action=cross-tenant-access context=tenant-7-user@kubernetes operation=delete resource=configmap namespace=tenant-3
[293/1000] action=cross-tenant-access context=tenant-4-user@kubernetes operation=patch resource=configmap namespace=tenant-9
[294/1000] action=cross-tenant-access context=tenant-9-user@kubernetes operation=patch resource=configmap namespace=tenant-4
[295/1000] action=cross-tenant-access context=tenant-2-user@kubernetes operation=list resource=configmap namespace=tenant-5
[296/1000] action=delete-rb ns=tenant-6 name=tenant-binding
[297/1000] action=cross-tenant-access context=tenant-4-user@kubernetes operation=list resource=configmap namespace=tenant-10
[298/1000] action=cross-tenant-access context=tenant-3-user@kubernetes operation=delete resource=configmap namespace=tenant-6
[299/1000] action=create-rb ns=tenant-9 name=tenant-binding group=tenant-9 role=cluster-admin
[300/1000] action=cross-tenant-access context=tenant-7-user@kubernetes operation=watch resource=configmap namespace=tenant-1
[301/1000] action=create-crb name=foo-global-binding group=tenant-3 role=cluster-admin
[302/1000] action=cross-tenant-access context=tenant-5-user@kubernetes operation=patch resource=configmap namespace=tenant-1
[303/1000] action=cross-tenant-access context=tenant-2-user@kubernetes operation=watch resource=configmap namespace=tenant-1
[304/1000] action=cross-tenant-access context=tenant-3-user@kubernetes operation=delete resource=configmap namespace=tenant-9
[305/1000] action=delete-rb ns=tenant-2 name=tenant-binding
[306/1000] action=delete-clusterrole name=dev
[307/1000] action=create-rb ns=tenant-2 name=tenant-binding group=tenant-2 role=edit
[308/1000] action=create-crb name=foo-global-binding group=tenant-3 role=edit
[309/1000] action=delete-crb name=foo-global-binding
[310/1000] action=cross-tenant-access context=tenant-9-user@kubernetes operation=watch resource=configmap namespace=tenant-7
[311/1000] action=cross-tenant-access context=tenant-5-user@kubernetes operation=patch resource=configmap namespace=tenant-9
[312/1000] action=create-clusterrole name=dev resources=secrets,configmaps,pods verbs=patch,create,watch,get
[313/1000] action=cross-tenant-access context=tenant-8-user@kubernetes operation=patch resource=configmap namespace=tenant-3
[314/1000] action=delete-rb ns=tenant-2 name=tenant-binding
[315/1000] action=cross-tenant-access context=tenant-6-user@kubernetes operation=patch resource=configmap namespace=tenant-1
[316/1000] action=cross-tenant-access context=tenant-1-user@kubernetes operation=list resource=configmap namespace=tenant-10
[317/1000] action=cross-tenant-access context=tenant-3-user@kubernetes operation=list resource=configmap namespace=tenant-5
[318/1000] action=delete-crb name=foo-global-binding
[319/1000] action=create-crb name=foo-global-binding group=tenant-7 role=cluster-admin
[320/1000] action=delete-crb name=foo-global-binding
[321/1000] action=cross-tenant-access context=tenant-6-user@kubernetes operation=get resource=configmap namespace=tenant-1
[322/1000] action=create-crb name=foo-global-binding group=tenant-6 role=dev
[323/1000] action=delete-rb ns=tenant-6 name=tenant-binding
[324/1000] action=create-crb name=foo-global-binding group=tenant-4 role=cluster-admin
[325/1000] action=cross-tenant-access context=tenant-3-user@kubernetes operation=watch resource=configmap namespace=tenant-6
[326/1000] action=cross-tenant-access context=tenant-3-user@kubernetes operation=patch resource=configmap namespace=tenant-1
[327/1000] action=delete-rb ns=tenant-10 name=tenant-binding
[328/1000] action=delete-rb ns=tenant-8 name=tenant-binding
[329/1000] action=cross-tenant-access context=tenant-9-user@kubernetes operation=list resource=configmap namespace=tenant-5
[330/1000] action=create-clusterrole name=dev resources=configmaps,pods verbs=delete,watch,list
[331/1000] action=cross-tenant-access context=tenant-4-user@kubernetes operation=get resource=configmap namespace=tenant-6
[332/1000] action=cross-tenant-access context=tenant-9-user@kubernetes operation=patch resource=configmap namespace=tenant-4
[333/1000] action=create-clusterrole name=dev resources=configmaps,services verbs=get,delete,deletecollection,update,patch
[334/1000] action=create-rb ns=tenant-9 name=tenant-binding group=tenant-9 role=edit
[335/1000] action=delete-crb name=foo-global-binding
[336/1000] action=cross-tenant-access context=tenant-9-user@kubernetes operation=get resource=configmap namespace=tenant-4
[337/1000] action=create-clusterrole name=dev resources=services,secrets verbs=update
[338/1000] action=create-rb ns=tenant-7 name=tenant-binding group=tenant-7 role=view
[339/1000] action=create-crb name=foo-global-binding group=tenant-10 role=view
[340/1000] action=cross-tenant-access context=tenant-3-user@kubernetes operation=list resource=configmap namespace=tenant-2
[341/1000] action=cross-tenant-access context=tenant-7-user@kubernetes operation=get resource=configmap namespace=tenant-4
[342/1000] action=cross-tenant-access context=tenant-5-user@kubernetes operation=patch resource=configmap namespace=tenant-6
[343/1000] action=cross-tenant-access context=tenant-2-user@kubernetes operation=get resource=configmap namespace=tenant-4
[344/1000] action=cross-tenant-access context=tenant-10-user@kubernetes operation=patch resource=configmap namespace=tenant-2
[345/1000] action=create-clusterrole name=dev resources=pods,configmaps verbs=watch
[346/1000] action=delete-crb name=foo-global-binding
[347/1000] action=cross-tenant-access context=tenant-6-user@kubernetes operation=list resource=configmap namespace=tenant-7
[348/1000] action=create-clusterrole name=dev resources=secrets verbs=watch
[349/1000] action=delete-rb ns=tenant-9 name=tenant-binding
[350/1000] action=delete-clusterrole name=dev
[351/1000] action=cross-tenant-access context=tenant-9-user@kubernetes operation=list resource=configmap namespace=tenant-5
[352/1000] action=create-rb ns=tenant-8 name=tenant-binding group=tenant-8 role=edit
[353/1000] action=cross-tenant-access context=tenant-7-user@kubernetes operation=delete resource=configmap namespace=tenant-8
[354/1000] action=cross-tenant-access context=tenant-5-user@kubernetes operation=patch resource=configmap namespace=tenant-4
[355/1000] action=delete-rb ns=tenant-9 name=tenant-binding
[356/1000] action=create-clusterrole name=dev resources=pods verbs=list
[357/1000] action=cross-tenant-access context=tenant-8-user@kubernetes operation=get resource=configmap namespace=tenant-5
[358/1000] action=cross-tenant-access context=tenant-4-user@kubernetes operation=delete resource=configmap namespace=tenant-1
[359/1000] action=create-rb ns=tenant-9 name=tenant-binding group=tenant-9 role=cluster-admin
[360/1000] action=create-clusterrole name=dev resources=pods,secrets,configmaps verbs=list,get,patch
[361/1000] action=cross-tenant-access context=tenant-7-user@kubernetes operation=patch resource=configmap namespace=tenant-8
[362/1000] action=cross-tenant-access context=tenant-7-user@kubernetes operation=delete resource=configmap namespace=tenant-6
[363/1000] action=create-rb ns=tenant-4 name=tenant-binding group=tenant-4 role=cluster-admin
[364/1000] action=cross-tenant-access context=tenant-8-user@kubernetes operation=list resource=configmap namespace=tenant-9
[365/1000] action=cross-tenant-access context=tenant-6-user@kubernetes operation=delete resource=configmap namespace=tenant-3
[366/1000] action=create-rb ns=tenant-9 name=tenant-binding group=tenant-9 role=edit
[367/1000] action=cross-tenant-access context=tenant-4-user@kubernetes operation=delete resource=configmap namespace=tenant-6
[368/1000] action=create-rb ns=tenant-1 name=tenant-binding group=tenant-1 role=view
[369/1000] action=cross-tenant-access context=tenant-6-user@kubernetes operation=get resource=configmap namespace=tenant-9
[370/1000] action=delete-rb ns=tenant-5 name=tenant-binding
[371/1000] action=cross-tenant-access context=tenant-2-user@kubernetes operation=get resource=configmap namespace=tenant-8
[372/1000] action=cross-tenant-access context=tenant-9-user@kubernetes operation=delete resource=configmap namespace=tenant-2
[373/1000] action=delete-rb ns=tenant-4 name=tenant-binding
[374/1000] action=cross-tenant-access context=tenant-4-user@kubernetes operation=patch resource=configmap namespace=tenant-1
[375/1000] action=cross-tenant-access context=tenant-5-user@kubernetes operation=get resource=configmap namespace=tenant-10
[376/1000] action=create-crb name=foo-global-binding group=tenant-8 role=cluster-admin
[377/1000] action=delete-crb name=foo-global-binding
[378/1000] action=create-rb ns=tenant-2 name=tenant-binding group=tenant-2 role=cluster-admin
[379/1000] action=create-rb ns=tenant-1 name=tenant-binding group=tenant-1 role=admin
[380/1000] action=delete-crb name=foo-global-binding
[381/1000] action=delete-rb ns=tenant-7 name=tenant-binding
[382/1000] action=delete-rb ns=tenant-2 name=tenant-binding
[383/1000] action=cross-tenant-access context=tenant-10-user@kubernetes operation=list resource=configmap namespace=tenant-7
[384/1000] action=cross-tenant-access context=tenant-8-user@kubernetes operation=watch resource=configmap namespace=tenant-7
[385/1000] action=delete-rb ns=tenant-6 name=tenant-binding
[386/1000] action=delete-rb ns=tenant-5 name=tenant-binding
[387/1000] action=create-rb ns=tenant-10 name=tenant-binding group=tenant-10 role=dev
[388/1000] action=cross-tenant-access context=tenant-1-user@kubernetes operation=list resource=configmap namespace=tenant-8
[389/1000] action=delete-crb name=foo-global-binding
[390/1000] action=cross-tenant-access context=tenant-10-user@kubernetes operation=list resource=configmap namespace=tenant-2
[391/1000] action=cross-tenant-access context=tenant-9-user@kubernetes operation=delete resource=configmap namespace=tenant-3
[392/1000] action=create-crb name=foo-global-binding group=tenant-10 role=cluster-admin
[393/1000] action=cross-tenant-access context=tenant-10-user@kubernetes operation=delete resource=configmap namespace=tenant-3
[394/1000] action=cross-tenant-access context=tenant-6-user@kubernetes operation=delete resource=configmap namespace=tenant-4
[395/1000] action=cross-tenant-access context=tenant-4-user@kubernetes operation=watch resource=configmap namespace=tenant-2
[396/1000] action=delete-rb ns=tenant-10 name=tenant-binding
[397/1000] action=delete-rb ns=tenant-5 name=tenant-binding
[398/1000] action=cross-tenant-access context=tenant-9-user@kubernetes operation=delete resource=configmap namespace=tenant-1
[399/1000] action=delete-rb ns=tenant-4 name=tenant-binding
[400/1000] action=cross-tenant-access context=tenant-9-user@kubernetes operation=watch resource=configmap namespace=tenant-7
[401/1000] action=cross-tenant-access context=tenant-9-user@kubernetes operation=watch resource=configmap namespace=tenant-5
[402/1000] action=delete-rb ns=tenant-3 name=tenant-binding
[403/1000] action=cross-tenant-access context=tenant-7-user@kubernetes operation=delete resource=configmap namespace=tenant-6
[404/1000] action=delete-rb ns=tenant-9 name=tenant-binding
[405/1000] action=create-crb name=foo-global-binding group=tenant-9 role=admin
[406/1000] action=delete-rb ns=tenant-2 name=tenant-binding
[407/1000] action=create-rb ns=tenant-5 name=tenant-binding group=tenant-5 role=view
[408/1000] action=cross-tenant-access context=tenant-6-user@kubernetes operation=list resource=configmap namespace=tenant-1
[409/1000] action=delete-rb ns=tenant-3 name=tenant-binding
[410/1000] action=delete-clusterrole name=dev
[411/1000] action=cross-tenant-access context=tenant-9-user@kubernetes operation=list resource=configmap namespace=tenant-10
[412/1000] action=cross-tenant-access context=tenant-9-user@kubernetes operation=patch resource=configmap namespace=tenant-1
[413/1000] action=create-rb ns=tenant-2 name=tenant-binding group=tenant-2 role=edit
[414/1000] action=cross-tenant-access context=tenant-3-user@kubernetes operation=list resource=configmap namespace=tenant-10
[415/1000] action=cross-tenant-access context=tenant-5-user@kubernetes operation=delete resource=configmap namespace=tenant-8
[416/1000] action=create-rb ns=tenant-10 name=tenant-binding group=tenant-10 role=view
[417/1000] action=cross-tenant-access context=tenant-8-user@kubernetes operation=get resource=configmap namespace=tenant-1
[418/1000] action=create-crb name=foo-global-binding group=tenant-9 role=view
[419/1000] action=cross-tenant-access context=tenant-8-user@kubernetes operation=delete resource=configmap namespace=tenant-1
[420/1000] action=create-clusterrole name=dev resources=services,pods,secrets verbs=update
[421/1000] action=delete-rb ns=tenant-6 name=tenant-binding
[422/1000] action=create-rb ns=tenant-1 name=tenant-binding group=tenant-1 role=admin
[423/1000] action=delete-crb name=foo-global-binding
[424/1000] action=create-crb name=foo-global-binding group=tenant-6 role=admin
[425/1000] action=cross-tenant-access context=tenant-4-user@kubernetes operation=watch resource=configmap namespace=tenant-2
[426/1000] action=cross-tenant-access context=tenant-1-user@kubernetes operation=delete resource=configmap namespace=tenant-4
[427/1000] action=cross-tenant-access context=tenant-4-user@kubernetes operation=delete resource=configmap namespace=tenant-9
[428/1000] action=delete-rb ns=tenant-10 name=tenant-binding
[429/1000] action=create-clusterrole name=dev resources=services,pods,configmaps verbs=update,get,list,create
[430/1000] action=cross-tenant-access context=tenant-9-user@kubernetes operation=delete resource=configmap namespace=tenant-5
[431/1000] action=delete-crb name=foo-global-binding
[432/1000] action=cross-tenant-access context=tenant-5-user@kubernetes operation=get resource=configmap namespace=tenant-7
[433/1000] action=create-clusterrole name=dev resources=pods,configmaps,services verbs=watch,deletecollection,patch,create,update
[434/1000] action=create-clusterrole name=dev resources=pods verbs=list
[435/1000] action=create-clusterrole name=dev resources=configmaps,pods,services verbs=watch,list,patch
[436/1000] action=delete-rb ns=tenant-7 name=tenant-binding
[437/1000] action=cross-tenant-access context=tenant-6-user@kubernetes operation=list resource=configmap namespace=tenant-9
[438/1000] action=delete-rb ns=tenant-7 name=tenant-binding
[439/1000] action=delete-clusterrole name=dev
[440/1000] action=create-rb ns=tenant-6 name=tenant-binding group=tenant-6 role=view
[441/1000] action=cross-tenant-access context=tenant-9-user@kubernetes operation=delete resource=configmap namespace=tenant-5
[442/1000] action=delete-clusterrole name=dev
[443/1000] action=create-rb ns=tenant-6 name=tenant-binding group=tenant-6 role=view
[444/1000] action=cross-tenant-access context=tenant-4-user@kubernetes operation=delete resource=configmap namespace=tenant-3
[445/1000] action=create-rb ns=tenant-2 name=tenant-binding group=tenant-2 role=admin
[446/1000] action=cross-tenant-access context=tenant-5-user@kubernetes operation=list resource=configmap namespace=tenant-8
[447/1000] action=cross-tenant-access context=tenant-6-user@kubernetes operation=delete resource=configmap namespace=tenant-8
[448/1000] action=delete-rb ns=tenant-2 name=tenant-binding
[449/1000] action=delete-clusterrole name=dev
[450/1000] action=create-rb ns=tenant-2 name=tenant-binding group=tenant-2 role=edit
[451/1000] action=cross-tenant-access context=tenant-2-user@kubernetes operation=get resource=configmap namespace=tenant-9
[452/1000] action=delete-crb name=foo-global-binding
[453/1000] action=cross-tenant-access context=tenant-10-user@kubernetes operation=patch resource=configmap namespace=tenant-9
[454/1000] action=cross-tenant-access context=tenant-9-user@kubernetes operation=patch resource=configmap namespace=tenant-8
[455/1000] action=create-rb ns=tenant-9 name=tenant-binding group=tenant-9 role=edit
[456/1000] action=cross-tenant-access context=tenant-6-user@kubernetes operation=watch resource=configmap namespace=tenant-3
[457/1000] action=delete-crb name=foo-global-binding
[458/1000] action=delete-crb name=foo-global-binding
[459/1000] action=delete-rb ns=tenant-7 name=tenant-binding
[460/1000] action=create-crb name=foo-global-binding group=tenant-8 role=dev
[461/1000] action=create-clusterrole name=dev resources=configmaps,secrets,pods verbs=delete
[462/1000] action=create-rb ns=tenant-2 name=tenant-binding group=tenant-2 role=edit
[463/1000] action=create-crb name=foo-global-binding group=tenant-4 role=cluster-admin
[464/1000] action=delete-crb name=foo-global-binding
[465/1000] action=cross-tenant-access context=tenant-10-user@kubernetes operation=watch resource=configmap namespace=tenant-2
[466/1000] action=create-crb name=foo-global-binding group=tenant-7 role=edit
[467/1000] action=cross-tenant-access context=tenant-1-user@kubernetes operation=list resource=configmap namespace=tenant-5
[468/1000] action=delete-clusterrole name=dev
[469/1000] action=cross-tenant-access context=tenant-9-user@kubernetes operation=get resource=configmap namespace=tenant-7
[470/1000] action=delete-clusterrole name=dev
[471/1000] action=create-clusterrole name=dev resources=configmaps verbs=update,delete
[472/1000] action=delete-rb ns=tenant-4 name=tenant-binding
[473/1000] action=create-rb ns=tenant-8 name=tenant-binding group=tenant-8 role=view
[474/1000] action=create-clusterrole name=dev resources=configmaps verbs=list,update,watch
[475/1000] action=delete-crb name=foo-global-binding
[476/1000] action=cross-tenant-access context=tenant-8-user@kubernetes operation=list resource=configmap namespace=tenant-3
[477/1000] action=delete-clusterrole name=dev
[478/1000] action=cross-tenant-access context=tenant-1-user@kubernetes operation=delete resource=configmap namespace=tenant-2
[479/1000] action=create-rb ns=tenant-9 name=tenant-binding group=tenant-9 role=cluster-admin
[480/1000] action=delete-crb name=foo-global-binding
[481/1000] action=delete-clusterrole name=dev
[482/1000] action=delete-crb name=foo-global-binding
[483/1000] action=delete-rb ns=tenant-2 name=tenant-binding
[484/1000] action=create-rb ns=tenant-8 name=tenant-binding group=tenant-8 role=view
[485/1000] action=create-rb ns=tenant-1 name=tenant-binding group=tenant-1 role=view
[486/1000] action=create-rb ns=tenant-9 name=tenant-binding group=tenant-9 role=edit
[487/1000] action=create-rb ns=tenant-6 name=tenant-binding group=tenant-6 role=admin
[488/1000] action=delete-crb name=foo-global-binding
[489/1000] action=cross-tenant-access context=tenant-2-user@kubernetes operation=get resource=configmap namespace=tenant-8
[490/1000] action=create-rb ns=tenant-9 name=tenant-binding group=tenant-9 role=admin
[491/1000] action=create-clusterrole name=dev resources=secrets verbs=patch,delete
[492/1000] action=create-rb ns=tenant-5 name=tenant-binding group=tenant-5 role=admin
[493/1000] action=cross-tenant-access context=tenant-10-user@kubernetes operation=list resource=configmap namespace=tenant-4
[494/1000] action=create-rb ns=tenant-1 name=tenant-binding group=tenant-1 role=cluster-admin
[495/1000] action=create-rb ns=tenant-1 name=tenant-binding group=tenant-1 role=dev
[496/1000] action=cross-tenant-access context=tenant-9-user@kubernetes operation=list resource=configmap namespace=tenant-2
[497/1000] action=delete-clusterrole name=dev
[498/1000] action=create-rb ns=tenant-8 name=tenant-binding group=tenant-8 role=cluster-admin
[499/1000] action=delete-rb ns=tenant-5 name=tenant-binding
[500/1000] action=delete-clusterrole name=dev
[501/1000] action=create-rb ns=tenant-6 name=tenant-binding group=tenant-6 role=cluster-admin
[502/1000] action=cross-tenant-access context=tenant-9-user@kubernetes operation=get resource=configmap namespace=tenant-4
[503/1000] action=delete-clusterrole name=dev
[504/1000] action=delete-crb name=foo-global-binding
[505/1000] action=delete-rb ns=tenant-7 name=tenant-binding
[506/1000] action=cross-tenant-access context=tenant-2-user@kubernetes operation=delete resource=configmap namespace=tenant-8
[507/1000] action=cross-tenant-access context=tenant-2-user@kubernetes operation=delete resource=configmap namespace=tenant-9
[508/1000] action=delete-crb name=foo-global-binding
[509/1000] action=delete-clusterrole name=dev
[510/1000] action=cross-tenant-access context=tenant-1-user@kubernetes operation=delete resource=configmap namespace=tenant-9
[511/1000] action=create-rb ns=tenant-6 name=tenant-binding group=tenant-6 role=dev
[512/1000] action=delete-rb ns=tenant-7 name=tenant-binding
[513/1000] action=cross-tenant-access context=tenant-9-user@kubernetes operation=list resource=configmap namespace=tenant-10
[514/1000] action=create-rb ns=tenant-3 name=tenant-binding group=tenant-3 role=admin
[515/1000] action=create-rb ns=tenant-3 name=tenant-binding group=tenant-3 role=cluster-admin
[516/1000] action=cross-tenant-access context=tenant-8-user@kubernetes operation=get resource=configmap namespace=tenant-10
[517/1000] action=cross-tenant-access context=tenant-4-user@kubernetes operation=patch resource=configmap namespace=tenant-2
[518/1000] action=cross-tenant-access context=tenant-7-user@kubernetes operation=delete resource=configmap namespace=tenant-6
[519/1000] action=create-crb name=foo-global-binding group=tenant-1 role=edit
[520/1000] action=delete-rb ns=tenant-3 name=tenant-binding
[521/1000] action=cross-tenant-access context=tenant-4-user@kubernetes operation=delete resource=configmap namespace=tenant-10
[522/1000] action=create-clusterrole name=dev resources=services,secrets verbs=patch
[523/1000] action=cross-tenant-access context=tenant-3-user@kubernetes operation=patch resource=configmap namespace=tenant-1
[524/1000] action=create-clusterrole name=dev resources=pods,services,configmaps verbs=update,create,get,deletecollection
[525/1000] action=cross-tenant-access context=tenant-9-user@kubernetes operation=delete resource=configmap namespace=tenant-4
[526/1000] action=create-clusterrole name=dev resources=configmaps,services,pods verbs=patch,create
[527/1000] action=delete-clusterrole name=dev
[528/1000] action=cross-tenant-access context=tenant-3-user@kubernetes operation=watch resource=configmap namespace=tenant-1
[529/1000] action=delete-clusterrole name=dev
[530/1000] action=create-clusterrole name=dev resources=secrets,pods verbs=update,get,create,patch,watch
[531/1000] action=cross-tenant-access context=tenant-2-user@kubernetes operation=list resource=configmap namespace=tenant-8
[532/1000] action=create-rb ns=tenant-2 name=tenant-binding group=tenant-2 role=view
[533/1000] action=create-rb ns=tenant-1 name=tenant-binding group=tenant-1 role=view
[534/1000] action=delete-rb ns=tenant-5 name=tenant-binding
[535/1000] action=create-crb name=foo-global-binding group=tenant-5 role=edit
[536/1000] action=delete-crb name=foo-global-binding
[537/1000] action=cross-tenant-access context=tenant-3-user@kubernetes operation=list resource=configmap namespace=tenant-5
[538/1000] action=delete-clusterrole name=dev
[539/1000] action=cross-tenant-access context=tenant-2-user@kubernetes operation=patch resource=configmap namespace=tenant-3
[540/1000] action=create-clusterrole name=dev resources=configmaps,secrets,services verbs=create,deletecollection,watch,update
[541/1000] action=cross-tenant-access context=tenant-5-user@kubernetes operation=list resource=configmap namespace=tenant-7
[542/1000] action=cross-tenant-access context=tenant-10-user@kubernetes operation=watch resource=configmap namespace=tenant-4
[543/1000] action=delete-clusterrole name=dev
[544/1000] action=delete-crb name=foo-global-binding
[545/1000] action=create-crb name=foo-global-binding group=tenant-10 role=admin
[546/1000] action=cross-tenant-access context=tenant-9-user@kubernetes operation=patch resource=configmap namespace=tenant-10
[547/1000] action=cross-tenant-access context=tenant-10-user@kubernetes operation=get resource=configmap namespace=tenant-2
[548/1000] action=delete-crb name=foo-global-binding
[549/1000] action=cross-tenant-access context=tenant-2-user@kubernetes operation=get resource=configmap namespace=tenant-5
[550/1000] action=cross-tenant-access context=tenant-6-user@kubernetes operation=list resource=configmap namespace=tenant-9
[551/1000] action=delete-crb name=foo-global-binding
[552/1000] action=cross-tenant-access context=tenant-7-user@kubernetes operation=patch resource=configmap namespace=tenant-5
[553/1000] action=cross-tenant-access context=tenant-2-user@kubernetes operation=list resource=configmap namespace=tenant-6
[554/1000] action=cross-tenant-access context=tenant-9-user@kubernetes operation=list resource=configmap namespace=tenant-5
[555/1000] action=delete-rb ns=tenant-9 name=tenant-binding
[556/1000] action=delete-rb ns=tenant-10 name=tenant-binding
[557/1000] action=cross-tenant-access context=tenant-9-user@kubernetes operation=patch resource=configmap namespace=tenant-10
[558/1000] action=create-rb ns=tenant-4 name=tenant-binding group=tenant-4 role=admin
[559/1000] action=create-rb ns=tenant-6 name=tenant-binding group=tenant-6 role=edit
[560/1000] action=delete-rb ns=tenant-9 name=tenant-binding
[561/1000] action=cross-tenant-access context=tenant-1-user@kubernetes operation=watch resource=configmap namespace=tenant-5
[562/1000] action=create-clusterrole name=dev resources=configmaps,pods,services verbs=create
[563/1000] action=cross-tenant-access context=tenant-4-user@kubernetes operation=patch resource=configmap namespace=tenant-1
[564/1000] action=delete-rb ns=tenant-7 name=tenant-binding
[565/1000] action=delete-rb ns=tenant-10 name=tenant-binding
[566/1000] action=delete-crb name=foo-global-binding
[567/1000] action=delete-crb name=foo-global-binding
[568/1000] action=cross-tenant-access context=tenant-4-user@kubernetes operation=get resource=configmap namespace=tenant-5
[569/1000] action=create-crb name=foo-global-binding group=tenant-2 role=admin
[570/1000] action=delete-crb name=foo-global-binding
[571/1000] action=delete-rb ns=tenant-1 name=tenant-binding
[572/1000] action=delete-crb name=foo-global-binding
[573/1000] action=create-rb ns=tenant-9 name=tenant-binding group=tenant-9 role=dev
[574/1000] action=cross-tenant-access context=tenant-5-user@kubernetes operation=patch resource=configmap namespace=tenant-10
[575/1000] action=cross-tenant-access context=tenant-7-user@kubernetes operation=get resource=configmap namespace=tenant-1
[576/1000] action=cross-tenant-access context=tenant-6-user@kubernetes operation=get resource=configmap namespace=tenant-4
[577/1000] action=delete-clusterrole name=dev
[578/1000] action=delete-rb ns=tenant-9 name=tenant-binding
[579/1000] action=create-clusterrole name=dev resources=configmaps verbs=list,watch,update,deletecollection,patch
[580/1000] action=cross-tenant-access context=tenant-4-user@kubernetes operation=delete resource=configmap namespace=tenant-1
[581/1000] action=cross-tenant-access context=tenant-6-user@kubernetes operation=watch resource=configmap namespace=tenant-8
[582/1000] action=create-rb ns=tenant-4 name=tenant-binding group=tenant-4 role=view
[583/1000] action=cross-tenant-access context=tenant-10-user@kubernetes operation=list resource=configmap namespace=tenant-9
[584/1000] action=create-rb ns=tenant-1 name=tenant-binding group=tenant-1 role=admin
[585/1000] action=delete-rb ns=tenant-1 name=tenant-binding
[586/1000] action=create-rb ns=tenant-8 name=tenant-binding group=tenant-8 role=cluster-admin
[587/1000] action=delete-crb name=foo-global-binding
[588/1000] action=cross-tenant-access context=tenant-3-user@kubernetes operation=patch resource=configmap namespace=tenant-4
[589/1000] action=delete-crb name=foo-global-binding
[590/1000] action=delete-crb name=foo-global-binding
[591/1000] action=create-clusterrole name=dev resources=configmaps verbs=delete,list,update,patch,create
[592/1000] action=cross-tenant-access context=tenant-4-user@kubernetes operation=list resource=configmap namespace=tenant-1
[593/1000] action=cross-tenant-access context=tenant-1-user@kubernetes operation=delete resource=configmap namespace=tenant-3
[594/1000] action=create-rb ns=tenant-5 name=tenant-binding group=tenant-5 role=dev
[595/1000] action=delete-crb name=foo-global-binding
[596/1000] action=cross-tenant-access context=tenant-2-user@kubernetes operation=delete resource=configmap namespace=tenant-8
[597/1000] action=delete-rb ns=tenant-10 name=tenant-binding
[598/1000] action=delete-clusterrole name=dev
[599/1000] action=delete-crb name=foo-global-binding
[600/1000] action=cross-tenant-access context=tenant-6-user@kubernetes operation=list resource=configmap namespace=tenant-2
[601/1000] action=cross-tenant-access context=tenant-9-user@kubernetes operation=watch resource=configmap namespace=tenant-3
[602/1000] action=delete-rb ns=tenant-4 name=tenant-binding
[603/1000] action=cross-tenant-access context=tenant-7-user@kubernetes operation=patch resource=configmap namespace=tenant-10
[604/1000] action=create-rb ns=tenant-7 name=tenant-binding group=tenant-7 role=cluster-admin
[605/1000] action=cross-tenant-access context=tenant-10-user@kubernetes operation=get resource=configmap namespace=tenant-4
[606/1000] action=delete-clusterrole name=dev
[607/1000] action=cross-tenant-access context=tenant-1-user@kubernetes operation=get resource=configmap namespace=tenant-10
[608/1000] action=delete-crb name=foo-global-binding
[609/1000] action=delete-clusterrole name=dev
[610/1000] action=cross-tenant-access context=tenant-10-user@kubernetes operation=list resource=configmap namespace=tenant-7
[611/1000] action=delete-clusterrole name=dev
[612/1000] action=delete-rb ns=tenant-2 name=tenant-binding
[613/1000] action=cross-tenant-access context=tenant-3-user@kubernetes operation=delete resource=configmap namespace=tenant-6
[614/1000] action=delete-crb name=foo-global-binding
[615/1000] action=cross-tenant-access context=tenant-7-user@kubernetes operation=watch resource=configmap namespace=tenant-8
[616/1000] action=delete-clusterrole name=dev
[617/1000] action=cross-tenant-access context=tenant-7-user@kubernetes operation=watch resource=configmap namespace=tenant-1
[618/1000] action=cross-tenant-access context=tenant-8-user@kubernetes operation=get resource=configmap namespace=tenant-6
[619/1000] action=cross-tenant-access context=tenant-1-user@kubernetes operation=patch resource=configmap namespace=tenant-8
[620/1000] action=cross-tenant-access context=tenant-1-user@kubernetes operation=delete resource=configmap namespace=tenant-9
[621/1000] action=create-clusterrole name=dev resources=configmaps verbs=delete,list,patch,watch,get
[622/1000] action=create-crb name=foo-global-binding group=tenant-10 role=dev
[623/1000] action=delete-rb ns=tenant-2 name=tenant-binding
[624/1000] action=create-clusterrole name=dev resources=services,configmaps verbs=watch,delete
[625/1000] action=delete-rb ns=tenant-5 name=tenant-binding
[626/1000] action=delete-crb name=foo-global-binding
[627/1000] action=delete-crb name=foo-global-binding
[628/1000] action=create-rb ns=tenant-3 name=tenant-binding group=tenant-3 role=admin
[629/1000] action=create-rb ns=tenant-9 name=tenant-binding group=tenant-9 role=dev
[630/1000] action=delete-rb ns=tenant-1 name=tenant-binding
[631/1000] action=create-crb name=foo-global-binding group=tenant-8 role=view
[632/1000] action=cross-tenant-access context=tenant-4-user@kubernetes operation=patch resource=configmap namespace=tenant-6
[633/1000] action=delete-rb ns=tenant-5 name=tenant-binding
[634/1000] action=create-rb ns=tenant-2 name=tenant-binding group=tenant-2 role=cluster-admin
[635/1000] action=cross-tenant-access context=tenant-8-user@kubernetes operation=list resource=configmap namespace=tenant-1
[636/1000] action=create-clusterrole name=dev resources=configmaps verbs=get,deletecollection,delete,create
[637/1000] action=delete-rb ns=tenant-1 name=tenant-binding
[638/1000] action=cross-tenant-access context=tenant-5-user@kubernetes operation=patch resource=configmap namespace=tenant-1
[639/1000] action=create-rb ns=tenant-7 name=tenant-binding group=tenant-7 role=admin
[640/1000] action=create-rb ns=tenant-2 name=tenant-binding group=tenant-2 role=view
[641/1000] action=cross-tenant-access context=tenant-5-user@kubernetes operation=get resource=configmap namespace=tenant-3
[642/1000] action=delete-crb name=foo-global-binding
[643/1000] action=delete-rb ns=tenant-6 name=tenant-binding
[644/1000] action=cross-tenant-access context=tenant-4-user@kubernetes operation=patch resource=configmap namespace=tenant-6
[645/1000] action=create-clusterrole name=dev resources=secrets,configmaps verbs=deletecollection,update,create,patch
[646/1000] action=cross-tenant-access context=tenant-9-user@kubernetes operation=get resource=configmap namespace=tenant-8
[647/1000] action=delete-rb ns=tenant-8 name=tenant-binding
[648/1000] action=delete-rb ns=tenant-2 name=tenant-binding
[649/1000] action=create-rb ns=tenant-6 name=tenant-binding group=tenant-6 role=cluster-admin
[650/1000] action=delete-rb ns=tenant-7 name=tenant-binding
[651/1000] action=delete-clusterrole name=dev
[652/1000] action=cross-tenant-access context=tenant-3-user@kubernetes operation=list resource=configmap namespace=tenant-4
[653/1000] action=cross-tenant-access context=tenant-1-user@kubernetes operation=delete resource=configmap namespace=tenant-7
[654/1000] action=cross-tenant-access context=tenant-9-user@kubernetes operation=watch resource=configmap namespace=tenant-6
[655/1000] action=delete-rb ns=tenant-4 name=tenant-binding
[656/1000] action=cross-tenant-access context=tenant-4-user@kubernetes operation=watch resource=configmap namespace=tenant-10
[657/1000] action=cross-tenant-access context=tenant-1-user@kubernetes operation=watch resource=configmap namespace=tenant-7
[658/1000] action=cross-tenant-access context=tenant-3-user@kubernetes operation=get resource=configmap namespace=tenant-9
[659/1000] action=cross-tenant-access context=tenant-2-user@kubernetes operation=delete resource=configmap namespace=tenant-6
[660/1000] action=cross-tenant-access context=tenant-2-user@kubernetes operation=patch resource=configmap namespace=tenant-4
[661/1000] action=create-crb name=foo-global-binding group=tenant-8 role=view
[662/1000] action=delete-crb name=foo-global-binding
[663/1000] action=delete-rb ns=tenant-8 name=tenant-binding
[664/1000] action=cross-tenant-access context=tenant-5-user@kubernetes operation=watch resource=configmap namespace=tenant-3
[665/1000] action=delete-rb ns=tenant-6 name=tenant-binding
[666/1000] action=cross-tenant-access context=tenant-9-user@kubernetes operation=watch resource=configmap namespace=tenant-8
[667/1000] action=cross-tenant-access context=tenant-4-user@kubernetes operation=delete resource=configmap namespace=tenant-1
[668/1000] action=delete-clusterrole name=dev
[669/1000] action=cross-tenant-access context=tenant-5-user@kubernetes operation=list resource=configmap namespace=tenant-9
[670/1000] action=delete-clusterrole name=dev
[671/1000] action=create-crb name=foo-global-binding group=tenant-5 role=admin
[672/1000] action=create-rb ns=tenant-7 name=tenant-binding group=tenant-7 role=edit
[673/1000] action=cross-tenant-access context=tenant-9-user@kubernetes operation=list resource=configmap namespace=tenant-5
[674/1000] action=create-clusterrole name=dev resources=configmaps,services verbs=create,deletecollection,watch,list
[675/1000] action=cross-tenant-access context=tenant-4-user@kubernetes operation=watch resource=configmap namespace=tenant-10
[676/1000] action=cross-tenant-access context=tenant-9-user@kubernetes operation=patch resource=configmap namespace=tenant-7
[677/1000] action=create-rb ns=tenant-10 name=tenant-binding group=tenant-10 role=edit
[678/1000] action=delete-clusterrole name=dev
[679/1000] action=cross-tenant-access context=tenant-4-user@kubernetes operation=list resource=configmap namespace=tenant-8
[680/1000] action=delete-crb name=foo-global-binding
[681/1000] action=delete-rb ns=tenant-3 name=tenant-binding
[682/1000] action=cross-tenant-access context=tenant-4-user@kubernetes operation=delete resource=configmap namespace=tenant-9
[683/1000] action=cross-tenant-access context=tenant-10-user@kubernetes operation=get resource=configmap namespace=tenant-3
[684/1000] action=cross-tenant-access context=tenant-6-user@kubernetes operation=delete resource=configmap namespace=tenant-5
[685/1000] action=cross-tenant-access context=tenant-9-user@kubernetes operation=watch resource=configmap namespace=tenant-8
[686/1000] action=cross-tenant-access context=tenant-4-user@kubernetes operation=patch resource=configmap namespace=tenant-7
[687/1000] action=create-rb ns=tenant-10 name=tenant-binding group=tenant-10 role=view
[688/1000] action=delete-clusterrole name=dev
[689/1000] action=create-rb ns=tenant-9 name=tenant-binding group=tenant-9 role=cluster-admin
[690/1000] action=cross-tenant-access context=tenant-8-user@kubernetes operation=get resource=configmap namespace=tenant-9
[691/1000] action=delete-rb ns=tenant-1 name=tenant-binding
[692/1000] action=cross-tenant-access context=tenant-3-user@kubernetes operation=list resource=configmap namespace=tenant-10
[693/1000] action=create-rb ns=tenant-9 name=tenant-binding group=tenant-9 role=admin
[694/1000] action=cross-tenant-access context=tenant-9-user@kubernetes operation=get resource=configmap namespace=tenant-5
[695/1000] action=delete-rb ns=tenant-4 name=tenant-binding
[696/1000] action=cross-tenant-access context=tenant-10-user@kubernetes operation=delete resource=configmap namespace=tenant-4
[697/1000] action=delete-clusterrole name=dev
[698/1000] action=delete-rb ns=tenant-8 name=tenant-binding
[699/1000] action=create-crb name=foo-global-binding group=tenant-7 role=dev
[700/1000] action=cross-tenant-access context=tenant-8-user@kubernetes operation=delete resource=configmap namespace=tenant-3
[701/1000] action=cross-tenant-access context=tenant-8-user@kubernetes operation=watch resource=configmap namespace=tenant-7
[702/1000] action=cross-tenant-access context=tenant-6-user@kubernetes operation=get resource=configmap namespace=tenant-9
[703/1000] action=create-rb ns=tenant-6 name=tenant-binding group=tenant-6 role=edit
[704/1000] action=cross-tenant-access context=tenant-10-user@kubernetes operation=get resource=configmap namespace=tenant-8
[705/1000] action=delete-clusterrole name=dev
[706/1000] action=create-rb ns=tenant-8 name=tenant-binding group=tenant-8 role=dev
[707/1000] action=cross-tenant-access context=tenant-4-user@kubernetes operation=watch resource=configmap namespace=tenant-6
[708/1000] action=cross-tenant-access context=tenant-7-user@kubernetes operation=list resource=configmap namespace=tenant-2
[709/1000] action=create-crb name=foo-global-binding group=tenant-1 role=view
[710/1000] action=create-crb name=foo-global-binding group=tenant-9 role=edit
[711/1000] action=cross-tenant-access context=tenant-2-user@kubernetes operation=list resource=configmap namespace=tenant-8
[712/1000] action=cross-tenant-access context=tenant-1-user@kubernetes operation=list resource=configmap namespace=tenant-5
[713/1000] action=create-clusterrole name=dev resources=secrets,configmaps verbs=watch,patch,get
[714/1000] action=delete-clusterrole name=dev
[715/1000] action=create-rb ns=tenant-1 name=tenant-binding group=tenant-1 role=admin
[716/1000] action=create-rb ns=tenant-1 name=tenant-binding group=tenant-1 role=edit
[717/1000] action=delete-rb ns=tenant-8 name=tenant-binding
[718/1000] action=delete-rb ns=tenant-3 name=tenant-binding
[719/1000] action=cross-tenant-access context=tenant-3-user@kubernetes operation=list resource=configmap namespace=tenant-2
[720/1000] action=create-clusterrole name=dev resources=configmaps,services,secrets verbs=delete
[721/1000] action=cross-tenant-access context=tenant-5-user@kubernetes operation=patch resource=configmap namespace=tenant-3
[722/1000] action=delete-crb name=foo-global-binding
[723/1000] action=cross-tenant-access context=tenant-6-user@kubernetes operation=patch resource=configmap namespace=tenant-3
[724/1000] action=delete-clusterrole name=dev
[725/1000] action=delete-rb ns=tenant-1 name=tenant-binding
[726/1000] action=delete-clusterrole name=dev
[727/1000] action=cross-tenant-access context=tenant-6-user@kubernetes operation=patch resource=configmap namespace=tenant-2
[728/1000] action=create-crb name=foo-global-binding group=tenant-4 role=dev
[729/1000] action=delete-crb name=foo-global-binding
[730/1000] action=create-rb ns=tenant-2 name=tenant-binding group=tenant-2 role=view
[731/1000] action=delete-rb ns=tenant-3 name=tenant-binding
[732/1000] action=create-rb ns=tenant-7 name=tenant-binding group=tenant-7 role=edit
[733/1000] action=delete-rb ns=tenant-1 name=tenant-binding
[734/1000] action=delete-crb name=foo-global-binding
[735/1000] action=cross-tenant-access context=tenant-9-user@kubernetes operation=patch resource=configmap namespace=tenant-4
[736/1000] action=cross-tenant-access context=tenant-1-user@kubernetes operation=patch resource=configmap namespace=tenant-7
[737/1000] action=create-rb ns=tenant-9 name=tenant-binding group=tenant-9 role=cluster-admin
[738/1000] action=cross-tenant-access context=tenant-5-user@kubernetes operation=patch resource=configmap namespace=tenant-3
[739/1000] action=create-rb ns=tenant-1 name=tenant-binding group=tenant-1 role=admin
[740/1000] action=cross-tenant-access context=tenant-3-user@kubernetes operation=get resource=configmap namespace=tenant-6
[741/1000] action=delete-crb name=foo-global-binding
[742/1000] action=cross-tenant-access context=tenant-1-user@kubernetes operation=delete resource=configmap namespace=tenant-6
[743/1000] action=cross-tenant-access context=tenant-4-user@kubernetes operation=patch resource=configmap namespace=tenant-8
[744/1000] action=create-rb ns=tenant-1 name=tenant-binding group=tenant-1 role=cluster-admin
[745/1000] action=cross-tenant-access context=tenant-7-user@kubernetes operation=delete resource=configmap namespace=tenant-9
[746/1000] action=cross-tenant-access context=tenant-6-user@kubernetes operation=watch resource=configmap namespace=tenant-8
[747/1000] action=create-crb name=foo-global-binding group=tenant-5 role=dev
[748/1000] action=cross-tenant-access context=tenant-8-user@kubernetes operation=patch resource=configmap namespace=tenant-1
[749/1000] action=create-rb ns=tenant-1 name=tenant-binding group=tenant-1 role=cluster-admin
[750/1000] action=cross-tenant-access context=tenant-4-user@kubernetes operation=get resource=configmap namespace=tenant-5
[751/1000] action=delete-crb name=foo-global-binding
[752/1000] action=cross-tenant-access context=tenant-2-user@kubernetes operation=patch resource=configmap namespace=tenant-3
[753/1000] action=cross-tenant-access context=tenant-10-user@kubernetes operation=delete resource=configmap namespace=tenant-5
[754/1000] action=delete-clusterrole name=dev
[755/1000] action=delete-rb ns=tenant-5 name=tenant-binding
[756/1000] action=create-clusterrole name=dev resources=configmaps,secrets,services verbs=patch,create,watch,list
[757/1000] action=create-clusterrole name=dev resources=secrets,pods,services verbs=deletecollection,delete,watch,get
[758/1000] action=delete-clusterrole name=dev
[759/1000] action=cross-tenant-access context=tenant-4-user@kubernetes operation=get resource=configmap namespace=tenant-1
[760/1000] action=cross-tenant-access context=tenant-10-user@kubernetes operation=list resource=configmap namespace=tenant-3
[761/1000] action=cross-tenant-access context=tenant-1-user@kubernetes operation=delete resource=configmap namespace=tenant-3
[762/1000] action=create-rb ns=tenant-6 name=tenant-binding group=tenant-6 role=admin
[763/1000] action=delete-clusterrole name=dev
[764/1000] action=cross-tenant-access context=tenant-9-user@kubernetes operation=watch resource=configmap namespace=tenant-6
[765/1000] action=cross-tenant-access context=tenant-5-user@kubernetes operation=list resource=configmap namespace=tenant-2
[766/1000] action=delete-rb ns=tenant-10 name=tenant-binding
[767/1000] action=cross-tenant-access context=tenant-7-user@kubernetes operation=watch resource=configmap namespace=tenant-9
[768/1000] action=create-rb ns=tenant-3 name=tenant-binding group=tenant-3 role=admin
[769/1000] action=delete-rb ns=tenant-10 name=tenant-binding
[770/1000] action=create-rb ns=tenant-2 name=tenant-binding group=tenant-2 role=cluster-admin
[771/1000] action=create-crb name=foo-global-binding group=tenant-3 role=edit
[772/1000] action=cross-tenant-access context=tenant-3-user@kubernetes operation=list resource=configmap namespace=tenant-8
[773/1000] action=cross-tenant-access context=tenant-4-user@kubernetes operation=patch resource=configmap namespace=tenant-5
[774/1000] action=create-rb ns=tenant-9 name=tenant-binding group=tenant-9 role=dev
[775/1000] action=cross-tenant-access context=tenant-9-user@kubernetes operation=list resource=configmap namespace=tenant-5
[776/1000] action=delete-rb ns=tenant-6 name=tenant-binding
[777/1000] action=create-crb name=foo-global-binding group=tenant-3 role=view
[778/1000] action=cross-tenant-access context=tenant-9-user@kubernetes operation=delete resource=configmap namespace=tenant-8
[779/1000] action=cross-tenant-access context=tenant-2-user@kubernetes operation=list resource=configmap namespace=tenant-6
[780/1000] action=delete-rb ns=tenant-2 name=tenant-binding
[781/1000] action=cross-tenant-access context=tenant-1-user@kubernetes operation=watch resource=configmap namespace=tenant-10
[782/1000] action=cross-tenant-access context=tenant-4-user@kubernetes operation=patch resource=configmap namespace=tenant-8
[783/1000] action=cross-tenant-access context=tenant-1-user@kubernetes operation=get resource=configmap namespace=tenant-10
[784/1000] action=cross-tenant-access context=tenant-6-user@kubernetes operation=get resource=configmap namespace=tenant-2
[785/1000] action=cross-tenant-access context=tenant-2-user@kubernetes operation=list resource=configmap namespace=tenant-6
[786/1000] action=create-crb name=foo-global-binding group=tenant-3 role=view
[787/1000] action=create-clusterrole name=dev resources=secrets,configmaps,pods verbs=patch,watch,list,deletecollection,delete
[788/1000] action=cross-tenant-access context=tenant-6-user@kubernetes operation=watch resource=configmap namespace=tenant-10
[789/1000] action=delete-rb ns=tenant-5 name=tenant-binding
[790/1000] action=delete-rb ns=tenant-2 name=tenant-binding
[791/1000] action=cross-tenant-access context=tenant-2-user@kubernetes operation=get resource=configmap namespace=tenant-7
[792/1000] action=create-crb name=foo-global-binding group=tenant-9 role=view
[793/1000] action=delete-rb ns=tenant-6 name=tenant-binding
[794/1000] action=cross-tenant-access context=tenant-7-user@kubernetes operation=get resource=configmap namespace=tenant-8
[795/1000] action=cross-tenant-access context=tenant-5-user@kubernetes operation=delete resource=configmap namespace=tenant-6
[796/1000] action=create-rb ns=tenant-9 name=tenant-binding group=tenant-9 role=view
[797/1000] action=delete-crb name=foo-global-binding
[798/1000] action=delete-rb ns=tenant-4 name=tenant-binding
[799/1000] action=delete-rb ns=tenant-3 name=tenant-binding
[800/1000] action=delete-crb name=foo-global-binding
[801/1000] action=create-crb name=foo-global-binding group=tenant-9 role=view
[802/1000] action=cross-tenant-access context=tenant-7-user@kubernetes operation=delete resource=configmap namespace=tenant-1
[803/1000] action=delete-rb ns=tenant-3 name=tenant-binding
[804/1000] action=cross-tenant-access context=tenant-2-user@kubernetes operation=get resource=configmap namespace=tenant-4
[805/1000] action=delete-rb ns=tenant-3 name=tenant-binding
[806/1000] action=create-clusterrole name=dev resources=secrets verbs=patch,watch
[807/1000] action=cross-tenant-access context=tenant-1-user@kubernetes operation=get resource=configmap namespace=tenant-4
[808/1000] action=cross-tenant-access context=tenant-6-user@kubernetes operation=patch resource=configmap namespace=tenant-8
[809/1000] action=cross-tenant-access context=tenant-5-user@kubernetes operation=list resource=configmap namespace=tenant-7
[810/1000] action=delete-clusterrole name=dev
[811/1000] action=cross-tenant-access context=tenant-6-user@kubernetes operation=watch resource=configmap namespace=tenant-3
[812/1000] action=create-clusterrole name=dev resources=configmaps verbs=list,create,patch
[813/1000] action=delete-clusterrole name=dev
[814/1000] action=cross-tenant-access context=tenant-2-user@kubernetes operation=patch resource=configmap namespace=tenant-10
[815/1000] action=cross-tenant-access context=tenant-5-user@kubernetes operation=watch resource=configmap namespace=tenant-6
[816/1000] action=create-clusterrole name=dev resources=secrets verbs=deletecollection,watch
[817/1000] action=cross-tenant-access context=tenant-2-user@kubernetes operation=patch resource=configmap namespace=tenant-9
[818/1000] action=cross-tenant-access context=tenant-3-user@kubernetes operation=list resource=configmap namespace=tenant-8
[819/1000] action=delete-clusterrole name=dev
[820/1000] action=delete-crb name=foo-global-binding
[821/1000] action=delete-clusterrole name=dev
[822/1000] action=cross-tenant-access context=tenant-4-user@kubernetes operation=get resource=configmap namespace=tenant-3
[823/1000] action=delete-rb ns=tenant-5 name=tenant-binding
[824/1000] action=create-rb ns=tenant-10 name=tenant-binding group=tenant-10 role=admin
[825/1000] action=delete-clusterrole name=dev
[826/1000] action=cross-tenant-access context=tenant-9-user@kubernetes operation=watch resource=configmap namespace=tenant-10
[827/1000] action=create-rb ns=tenant-2 name=tenant-binding group=tenant-2 role=edit
[828/1000] action=cross-tenant-access context=tenant-6-user@kubernetes operation=delete resource=configmap namespace=tenant-4
[829/1000] action=delete-clusterrole name=dev
[830/1000] action=delete-clusterrole name=dev
[831/1000] action=delete-clusterrole name=dev
[832/1000] action=cross-tenant-access context=tenant-1-user@kubernetes operation=list resource=configmap namespace=tenant-3
[833/1000] action=delete-rb ns=tenant-10 name=tenant-binding
[834/1000] action=delete-crb name=foo-global-binding
[835/1000] action=create-rb ns=tenant-9 name=tenant-binding group=tenant-9 role=edit
[836/1000] action=delete-clusterrole name=dev
[837/1000] action=create-rb ns=tenant-4 name=tenant-binding group=tenant-4 role=view
[838/1000] action=cross-tenant-access context=tenant-3-user@kubernetes operation=list resource=configmap namespace=tenant-2
[839/1000] action=cross-tenant-access context=tenant-3-user@kubernetes operation=patch resource=configmap namespace=tenant-2
[840/1000] action=delete-rb ns=tenant-5 name=tenant-binding
[841/1000] action=cross-tenant-access context=tenant-3-user@kubernetes operation=get resource=configmap namespace=tenant-6
[842/1000] action=create-crb name=foo-global-binding group=tenant-7 role=admin
[843/1000] action=delete-crb name=foo-global-binding
[844/1000] action=delete-clusterrole name=dev
[845/1000] action=create-crb name=foo-global-binding group=tenant-8 role=view
[846/1000] action=cross-tenant-access context=tenant-7-user@kubernetes operation=get resource=configmap namespace=tenant-4
[847/1000] action=delete-clusterrole name=dev
[848/1000] action=create-clusterrole name=dev resources=services,configmaps verbs=delete,patch
[849/1000] action=delete-rb ns=tenant-5 name=tenant-binding
[850/1000] action=delete-clusterrole name=dev
[851/1000] action=create-clusterrole name=dev resources=secrets,services verbs=watch,delete
[852/1000] action=cross-tenant-access context=tenant-7-user@kubernetes operation=delete resource=configmap namespace=tenant-1
[853/1000] action=cross-tenant-access context=tenant-4-user@kubernetes operation=delete resource=configmap namespace=tenant-3
[854/1000] action=cross-tenant-access context=tenant-6-user@kubernetes operation=list resource=configmap namespace=tenant-7
[855/1000] action=delete-clusterrole name=dev
[856/1000] action=cross-tenant-access context=tenant-3-user@kubernetes operation=list resource=configmap namespace=tenant-6
[857/1000] action=cross-tenant-access context=tenant-3-user@kubernetes operation=watch resource=configmap namespace=tenant-9
[858/1000] action=create-clusterrole name=dev resources=pods verbs=patch
[859/1000] action=create-clusterrole name=dev resources=pods,secrets,services verbs=get
[860/1000] action=delete-rb ns=tenant-9 name=tenant-binding
[861/1000] action=cross-tenant-access context=tenant-9-user@kubernetes operation=list resource=configmap namespace=tenant-3
[862/1000] action=cross-tenant-access context=tenant-5-user@kubernetes operation=delete resource=configmap namespace=tenant-3
[863/1000] action=create-clusterrole name=dev resources=configmaps,pods verbs=create,update,watch,deletecollection
[864/1000] action=cross-tenant-access context=tenant-1-user@kubernetes operation=list resource=configmap namespace=tenant-2
[865/1000] action=cross-tenant-access context=tenant-5-user@kubernetes operation=patch resource=configmap namespace=tenant-1
[866/1000] action=cross-tenant-access context=tenant-1-user@kubernetes operation=watch resource=configmap namespace=tenant-2
[867/1000] action=delete-rb ns=tenant-6 name=tenant-binding
[868/1000] action=delete-rb ns=tenant-8 name=tenant-binding
[869/1000] action=delete-crb name=foo-global-binding
[870/1000] action=create-rb ns=tenant-5 name=tenant-binding group=tenant-5 role=view
[871/1000] action=cross-tenant-access context=tenant-9-user@kubernetes operation=watch resource=configmap namespace=tenant-10
[872/1000] action=cross-tenant-access context=tenant-6-user@kubernetes operation=delete resource=configmap namespace=tenant-9
[873/1000] action=create-rb ns=tenant-4 name=tenant-binding group=tenant-4 role=admin
[874/1000] action=delete-clusterrole name=dev
[875/1000] action=cross-tenant-access context=tenant-8-user@kubernetes operation=watch resource=configmap namespace=tenant-5
[876/1000] action=delete-rb ns=tenant-10 name=tenant-binding
[877/1000] action=delete-rb ns=tenant-7 name=tenant-binding
[878/1000] action=cross-tenant-access context=tenant-5-user@kubernetes operation=list resource=configmap namespace=tenant-8
[879/1000] action=cross-tenant-access context=tenant-2-user@kubernetes operation=patch resource=configmap namespace=tenant-8
[880/1000] action=create-crb name=foo-global-binding group=tenant-3 role=admin
[881/1000] action=create-rb ns=tenant-8 name=tenant-binding group=tenant-8 role=dev
[882/1000] action=delete-clusterrole name=dev
[883/1000] action=delete-rb ns=tenant-7 name=tenant-binding
[884/1000] action=create-clusterrole name=dev resources=pods verbs=get,delete,deletecollection,patch,update
[885/1000] action=delete-rb ns=tenant-5 name=tenant-binding
[886/1000] action=cross-tenant-access context=tenant-1-user@kubernetes operation=watch resource=configmap namespace=tenant-2
[887/1000] action=create-rb ns=tenant-1 name=tenant-binding group=tenant-1 role=cluster-admin
[888/1000] action=create-clusterrole name=dev resources=configmaps,pods,secrets verbs=watch,create,patch
[889/1000] action=create-clusterrole name=dev resources=services,secrets,pods verbs=list,patch,deletecollection,update,watch
[890/1000] action=create-rb ns=tenant-10 name=tenant-binding group=tenant-10 role=cluster-admin
[891/1000] action=cross-tenant-access context=tenant-8-user@kubernetes operation=list resource=configmap namespace=tenant-4
[892/1000] action=cross-tenant-access context=tenant-4-user@kubernetes operation=patch resource=configmap namespace=tenant-10
[893/1000] action=cross-tenant-access context=tenant-10-user@kubernetes operation=watch resource=configmap namespace=tenant-1
[894/1000] action=cross-tenant-access context=tenant-3-user@kubernetes operation=watch resource=configmap namespace=tenant-5
[895/1000] action=create-crb name=foo-global-binding group=tenant-7 role=admin
[896/1000] action=cross-tenant-access context=tenant-8-user@kubernetes operation=watch resource=configmap namespace=tenant-6
[897/1000] action=delete-crb name=foo-global-binding
[898/1000] action=create-rb ns=tenant-4 name=tenant-binding group=tenant-4 role=cluster-admin
[899/1000] action=create-rb ns=tenant-8 name=tenant-binding group=tenant-8 role=dev
[900/1000] action=create-rb ns=tenant-8 name=tenant-binding group=tenant-8 role=edit
[901/1000] action=create-clusterrole name=dev resources=configmaps,services verbs=patch,deletecollection,list,create,watch
[902/1000] action=cross-tenant-access context=tenant-3-user@kubernetes operation=watch resource=configmap namespace=tenant-8
[903/1000] action=delete-rb ns=tenant-9 name=tenant-binding
[904/1000] action=create-rb ns=tenant-9 name=tenant-binding group=tenant-9 role=cluster-admin
[905/1000] action=delete-rb ns=tenant-2 name=tenant-binding
[906/1000] action=cross-tenant-access context=tenant-6-user@kubernetes operation=patch resource=configmap namespace=tenant-10
[907/1000] action=delete-clusterrole name=dev
[908/1000] action=cross-tenant-access context=tenant-2-user@kubernetes operation=watch resource=configmap namespace=tenant-9
[909/1000] action=delete-crb name=foo-global-binding
[910/1000] action=cross-tenant-access context=tenant-4-user@kubernetes operation=watch resource=configmap namespace=tenant-6
[911/1000] action=create-rb ns=tenant-6 name=tenant-binding group=tenant-6 role=edit
[912/1000] action=create-rb ns=tenant-4 name=tenant-binding group=tenant-4 role=view
[913/1000] action=cross-tenant-access context=tenant-4-user@kubernetes operation=list resource=configmap namespace=tenant-1
[914/1000] action=delete-rb ns=tenant-6 name=tenant-binding
[915/1000] action=create-clusterrole name=dev resources=secrets,pods verbs=list,deletecollection,update,watch
[916/1000] action=delete-crb name=foo-global-binding
[917/1000] action=delete-rb ns=tenant-2 name=tenant-binding
[918/1000] action=delete-rb ns=tenant-9 name=tenant-binding
[919/1000] action=create-crb name=foo-global-binding group=tenant-1 role=view
[920/1000] action=create-rb ns=tenant-10 name=tenant-binding group=tenant-10 role=cluster-admin
[921/1000] action=delete-crb name=foo-global-binding
[922/1000] action=cross-tenant-access context=tenant-1-user@kubernetes operation=get resource=configmap namespace=tenant-8
[923/1000] action=delete-crb name=foo-global-binding
[924/1000] action=delete-rb ns=tenant-6 name=tenant-binding
[925/1000] action=delete-crb name=foo-global-binding
[926/1000] action=delete-rb ns=tenant-8 name=tenant-binding
[927/1000] action=cross-tenant-access context=tenant-5-user@kubernetes operation=list resource=configmap namespace=tenant-7
[928/1000] action=delete-clusterrole name=dev
[929/1000] action=create-crb name=foo-global-binding group=tenant-3 role=cluster-admin
[930/1000] action=cross-tenant-access context=tenant-4-user@kubernetes operation=get resource=configmap namespace=tenant-7
[931/1000] action=delete-clusterrole name=dev
[932/1000] action=create-crb name=foo-global-binding group=tenant-2 role=cluster-admin
[933/1000] action=create-rb ns=tenant-6 name=tenant-binding group=tenant-6 role=cluster-admin
[934/1000] action=create-rb ns=tenant-6 name=tenant-binding group=tenant-6 role=edit
[935/1000] action=delete-crb name=foo-global-binding
[936/1000] action=delete-rb ns=tenant-9 name=tenant-binding
[937/1000] action=delete-rb ns=tenant-4 name=tenant-binding
[938/1000] action=delete-rb ns=tenant-3 name=tenant-binding
[939/1000] action=delete-clusterrole name=dev
[940/1000] action=delete-clusterrole name=dev
[941/1000] action=cross-tenant-access context=tenant-6-user@kubernetes operation=patch resource=configmap namespace=tenant-10
[942/1000] action=cross-tenant-access context=tenant-6-user@kubernetes operation=patch resource=configmap namespace=tenant-2
[943/1000] action=create-rb ns=tenant-8 name=tenant-binding group=tenant-8 role=admin
[944/1000] action=create-rb ns=tenant-5 name=tenant-binding group=tenant-5 role=cluster-admin
[945/1000] action=cross-tenant-access context=tenant-2-user@kubernetes operation=get resource=configmap namespace=tenant-4
[946/1000] action=create-crb name=foo-global-binding group=tenant-7 role=view
[947/1000] action=cross-tenant-access context=tenant-10-user@kubernetes operation=list resource=configmap namespace=tenant-8
[948/1000] action=delete-rb ns=tenant-8 name=tenant-binding
[949/1000] action=cross-tenant-access context=tenant-6-user@kubernetes operation=get resource=configmap namespace=tenant-9
[950/1000] action=cross-tenant-access context=tenant-5-user@kubernetes operation=delete resource=configmap namespace=tenant-1
[951/1000] action=create-rb ns=tenant-3 name=tenant-binding group=tenant-3 role=edit
[952/1000] action=create-rb ns=tenant-9 name=tenant-binding group=tenant-9 role=edit
[953/1000] action=delete-clusterrole name=dev
[954/1000] action=cross-tenant-access context=tenant-3-user@kubernetes operation=delete resource=configmap namespace=tenant-8
[955/1000] action=create-crb name=foo-global-binding group=tenant-7 role=admin
[956/1000] action=delete-crb name=foo-global-binding
[957/1000] action=create-crb name=foo-global-binding group=tenant-4 role=edit
[958/1000] action=delete-rb ns=tenant-6 name=tenant-binding
[959/1000] action=delete-rb ns=tenant-8 name=tenant-binding
[960/1000] action=cross-tenant-access context=tenant-10-user@kubernetes operation=patch resource=configmap namespace=tenant-6
[961/1000] action=cross-tenant-access context=tenant-8-user@kubernetes operation=delete resource=configmap namespace=tenant-10
[962/1000] action=cross-tenant-access context=tenant-9-user@kubernetes operation=get resource=configmap namespace=tenant-2
[963/1000] action=delete-rb ns=tenant-3 name=tenant-binding
[964/1000] action=cross-tenant-access context=tenant-7-user@kubernetes operation=list resource=configmap namespace=tenant-8
[965/1000] action=cross-tenant-access context=tenant-4-user@kubernetes operation=list resource=configmap namespace=tenant-9
[966/1000] action=create-rb ns=tenant-7 name=tenant-binding group=tenant-7 role=view
[967/1000] action=create-clusterrole name=dev resources=services verbs=patch,update
[968/1000] action=delete-crb name=foo-global-binding
[969/1000] action=cross-tenant-access context=tenant-10-user@kubernetes operation=list resource=configmap namespace=tenant-2
[970/1000] action=create-crb name=foo-global-binding group=tenant-5 role=admin
[971/1000] action=delete-rb ns=tenant-6 name=tenant-binding
[972/1000] action=delete-rb ns=tenant-10 name=tenant-binding
[973/1000] action=create-rb ns=tenant-10 name=tenant-binding group=tenant-10 role=cluster-admin
[974/1000] action=create-clusterrole name=dev resources=services verbs=get,update,list,patch
[975/1000] action=delete-clusterrole name=dev
[976/1000] action=delete-crb name=foo-global-binding
[977/1000] action=delete-rb ns=tenant-1 name=tenant-binding
[978/1000] action=cross-tenant-access context=tenant-3-user@kubernetes operation=delete resource=configmap namespace=tenant-2
[979/1000] action=cross-tenant-access context=tenant-1-user@kubernetes operation=get resource=configmap namespace=tenant-3
[980/1000] action=create-clusterrole name=dev resources=pods verbs=patch,update
[981/1000] action=create-rb ns=tenant-1 name=tenant-binding group=tenant-1 role=view
[982/1000] action=cross-tenant-access context=tenant-1-user@kubernetes operation=get resource=configmap namespace=tenant-4
[983/1000] action=cross-tenant-access context=tenant-4-user@kubernetes operation=patch resource=configmap namespace=tenant-3
[984/1000] action=create-crb name=foo-global-binding group=tenant-8 role=edit
[985/1000] action=delete-rb ns=tenant-9 name=tenant-binding
[986/1000] action=delete-clusterrole name=dev
[987/1000] action=create-rb ns=tenant-1 name=tenant-binding group=tenant-1 role=cluster-admin
[988/1000] action=cross-tenant-access context=tenant-2-user@kubernetes operation=watch resource=configmap namespace=tenant-3
[989/1000] action=create-rb ns=tenant-1 name=tenant-binding group=tenant-1 role=admin
[990/1000] action=delete-clusterrole name=dev
[991/1000] action=cross-tenant-access context=tenant-7-user@kubernetes operation=delete resource=configmap namespace=tenant-1
[992/1000] action=create-rb ns=tenant-4 name=tenant-binding group=tenant-4 role=view
[993/1000] action=create-rb ns=tenant-1 name=tenant-binding group=tenant-1 role=cluster-admin
[994/1000] action=create-crb name=foo-global-binding group=tenant-9 role=view
[995/1000] action=delete-rb ns=tenant-8 name=tenant-binding
[996/1000] action=cross-tenant-access context=tenant-6-user@kubernetes operation=patch resource=configmap namespace=tenant-2
[997/1000] action=cross-tenant-access context=tenant-8-user@kubernetes operation=delete resource=configmap namespace=tenant-7
[998/1000] action=cross-tenant-access context=tenant-2-user@kubernetes operation=watch resource=configmap namespace=tenant-8
[999/1000] action=create-rb ns=tenant-7 name=tenant-binding group=tenant-7 role=edit
[1000/1000] action=delete-rb ns=tenant-10 name=tenant-binding
