[1/100] action=delete-rb ns=tenant-6 name=tenant-binding
[2/100] action=cross-tenant-access context=tenant-7-user@kubernetes operation=watch resource=configmap namespace=tenant-10
[3/100] action=create-rb ns=tenant-2 name=tenant-binding group=tenant-2 role=edit
[4/100] action=cross-tenant-access context=tenant-7-user@kubernetes operation=delete resource=configmap namespace=tenant-5
[5/100] action=cross-tenant-access context=tenant-2-user@kubernetes operation=list resource=configmap namespace=tenant-6
[6/100] action=cross-tenant-access context=tenant-10-user@kubernetes operation=get resource=configmap namespace=tenant-6
[7/100] action=create-rb ns=tenant-9 name=tenant-binding group=tenant-9 role=view
[8/100] action=delete-rb ns=tenant-8 name=tenant-binding
[9/100] action=create-rb ns=tenant-3 name=tenant-binding group=tenant-3 role=view
[10/100] action=cross-tenant-access context=tenant-7-user@kubernetes operation=watch resource=configmap namespace=tenant-8
[11/100] action=delete-crb name=foo-global-binding
[12/100] action=delete-clusterrole name=dev
[13/100] action=cross-tenant-access context=tenant-9-user@kubernetes operation=get resource=configmap namespace=tenant-3
[14/100] action=cross-tenant-access context=tenant-4-user@kubernetes operation=list resource=configmap namespace=tenant-2
[15/100] action=cross-tenant-access context=tenant-9-user@kubernetes operation=watch resource=configmap namespace=tenant-3
[16/100] action=create-rb ns=tenant-5 name=tenant-binding group=tenant-5 role=edit
[17/100] action=cross-tenant-access context=tenant-2-user@kubernetes operation=delete resource=configmap namespace=tenant-10
[18/100] action=cross-tenant-access context=tenant-5-user@kubernetes operation=list resource=configmap namespace=tenant-3
[19/100] action=create-clusterrole name=dev resources=configmaps,pods verbs=list
[20/100] action=create-clusterrole name=dev resources=secrets,configmaps,services verbs=update,get,deletecollection
[21/100] action=delete-rb ns=tenant-5 name=tenant-binding
[22/100] action=cross-tenant-access context=tenant-7-user@kubernetes operation=patch resource=configmap namespace=tenant-5
[23/100] action=create-clusterrole name=dev resources=pods,secrets,configmaps verbs=update,get
[24/100] action=delete-rb ns=tenant-9 name=tenant-binding
[25/100] action=delete-rb ns=tenant-5 name=tenant-binding
[26/100] action=delete-rb ns=tenant-5 name=tenant-binding
[27/100] action=delete-rb ns=tenant-10 name=tenant-binding
[28/100] action=cross-tenant-access context=tenant-5-user@kubernetes operation=get resource=configmap namespace=tenant-6
[29/100] action=delete-crb name=foo-global-binding
[30/100] action=delete-rb ns=tenant-10 name=tenant-binding
[31/100] action=cross-tenant-access context=tenant-4-user@kubernetes operation=watch resource=configmap namespace=tenant-3
[32/100] action=cross-tenant-access context=tenant-2-user@kubernetes operation=watch resource=configmap namespace=tenant-3
[33/100] action=delete-crb name=foo-global-binding
[34/100] action=delete-rb ns=tenant-2 name=tenant-binding
[35/100] action=create-clusterrole name=dev resources=pods,configmaps,services verbs=list,deletecollection,watch,patch
[36/100] action=cross-tenant-access context=tenant-7-user@kubernetes operation=watch resource=configmap namespace=tenant-10
[37/100] action=cross-tenant-access context=tenant-7-user@kubernetes operation=patch resource=configmap namespace=tenant-9
[38/100] action=delete-rb ns=tenant-6 name=tenant-binding
[39/100] action=delete-rb ns=tenant-10 name=tenant-binding
[40/100] action=delete-clusterrole name=dev
[41/100] action=delete-clusterrole name=dev
[42/100] action=delete-clusterrole name=dev
[43/100] action=delete-rb ns=tenant-3 name=tenant-binding
[44/100] action=cross-tenant-access context=tenant-9-user@kubernetes operation=list resource=configmap namespace=tenant-10
[45/100] action=cross-tenant-access context=tenant-2-user@kubernetes operation=patch resource=configmap namespace=tenant-8
[46/100] action=delete-rb ns=tenant-1 name=tenant-binding
[47/100] action=delete-rb ns=tenant-4 name=tenant-binding
[48/100] action=create-crb name=foo-global-binding group=tenant-6 role=cluster-admin
[49/100] action=cross-tenant-access context=tenant-2-user@kubernetes operation=get resource=configmap namespace=tenant-6
[50/100] action=create-clusterrole name=dev resources=services verbs=update
[51/100] action=delete-crb name=foo-global-binding
[52/100] action=delete-rb ns=tenant-1 name=tenant-binding
[53/100] action=create-rb ns=tenant-10 name=tenant-binding group=tenant-10 role=admin
[54/100] action=delete-rb ns=tenant-5 name=tenant-binding
[55/100] action=create-crb name=foo-global-binding group=tenant-2 role=dev
[56/100] action=delete-crb name=foo-global-binding
[57/100] action=create-clusterrole name=dev resources=secrets,configmaps verbs=list
[58/100] action=create-crb name=foo-global-binding group=tenant-1 role=dev
[59/100] action=delete-crb name=foo-global-binding
[60/100] action=cross-tenant-access context=tenant-3-user@kubernetes operation=watch resource=configmap namespace=tenant-4
[61/100] action=delete-crb name=foo-global-binding
[62/100] action=cross-tenant-access context=tenant-3-user@kubernetes operation=get resource=configmap namespace=tenant-10
[63/100] action=create-rb ns=tenant-8 name=tenant-binding group=tenant-8 role=admin
[64/100] action=cross-tenant-access context=tenant-9-user@kubernetes operation=delete resource=configmap namespace=tenant-8
[65/100] action=cross-tenant-access context=tenant-4-user@kubernetes operation=watch resource=configmap namespace=tenant-9
[66/100] action=cross-tenant-access context=tenant-4-user@kubernetes operation=get resource=configmap namespace=tenant-8
[67/100] action=cross-tenant-access context=tenant-4-user@kubernetes operation=list resource=configmap namespace=tenant-5
[68/100] action=cross-tenant-access context=tenant-8-user@kubernetes operation=patch resource=configmap namespace=tenant-7
[69/100] action=cross-tenant-access context=tenant-10-user@kubernetes operation=watch resource=configmap namespace=tenant-2
[70/100] action=create-rb ns=tenant-8 name=tenant-binding group=tenant-8 role=admin
[71/100] action=create-rb ns=tenant-4 name=tenant-binding group=tenant-4 role=dev
[72/100] action=delete-rb ns=tenant-6 name=tenant-binding
[73/100] action=cross-tenant-access context=tenant-9-user@kubernetes operation=get resource=configmap namespace=tenant-8
[74/100] action=cross-tenant-access context=tenant-8-user@kubernetes operation=get resource=configmap namespace=tenant-1
[75/100] action=cross-tenant-access context=tenant-1-user@kubernetes operation=list resource=configmap namespace=tenant-2
[76/100] action=cross-tenant-access context=tenant-6-user@kubernetes operation=patch resource=configmap namespace=tenant-1
[77/100] action=delete-rb ns=tenant-2 name=tenant-binding
[78/100] action=create-rb ns=tenant-4 name=tenant-binding group=tenant-4 role=dev
[79/100] action=create-rb ns=tenant-9 name=tenant-binding group=tenant-9 role=edit
[80/100] action=create-crb name=foo-global-binding group=tenant-10 role=edit
[81/100] action=create-crb name=foo-global-binding group=tenant-9 role=dev
[82/100] action=cross-tenant-access context=tenant-7-user@kubernetes operation=patch resource=configmap namespace=tenant-8
[83/100] action=cross-tenant-access context=tenant-2-user@kubernetes operation=list resource=configmap namespace=tenant-5
[84/100] action=delete-rb ns=tenant-8 name=tenant-binding
[85/100] action=create-crb name=foo-global-binding group=tenant-4 role=admin
[86/100] action=create-clusterrole name=dev resources=services verbs=patch
[87/100] action=cross-tenant-access context=tenant-8-user@kubernetes operation=patch resource=configmap namespace=tenant-6
[88/100] action=create-clusterrole name=dev resources=pods,configmaps verbs=get
[89/100] action=cross-tenant-access context=tenant-4-user@kubernetes operation=patch resource=configmap namespace=tenant-6
[90/100] action=cross-tenant-access context=tenant-8-user@kubernetes operation=list resource=configmap namespace=tenant-6
[91/100] action=cross-tenant-access context=tenant-3-user@kubernetes operation=watch resource=configmap namespace=tenant-6
[92/100] action=cross-tenant-access context=tenant-4-user@kubernetes operation=watch resource=configmap namespace=tenant-1
[93/100] action=delete-rb ns=tenant-10 name=tenant-binding
[94/100] action=delete-rb ns=tenant-9 name=tenant-binding
[95/100] action=delete-crb name=foo-global-binding
[96/100] action=delete-clusterrole name=dev
[97/100] action=cross-tenant-access context=tenant-3-user@kubernetes operation=list resource=configmap namespace=tenant-6
[98/100] action=cross-tenant-access context=tenant-2-user@kubernetes operation=patch resource=configmap namespace=tenant-3
[99/100] action=create-rb ns=tenant-4 name=tenant-binding group=tenant-4 role=cluster-admin
[100/100] action=create-rb ns=tenant-10 name=tenant-binding group=tenant-10 role=cluster-admin
