[1/50] action=create-crb name=foo-global-binding group=tenant-4 role=edit
[2/50] action=cross-tenant-access context=tenant-1-user@kubernetes operation=patch resource=configmap namespace=tenant-8
[3/50] action=create-rb ns=tenant-4 name=tenant-binding group=tenant-4 role=edit
[4/50] action=delete-crb name=foo-global-binding
[5/50] action=create-clusterrole name=dev resources=secrets verbs=patch,delete
[6/50] action=create-crb name=foo-global-binding group=tenant-7 role=admin
[7/50] action=cross-tenant-access context=tenant-7-user@kubernetes operation=watch resource=configmap namespace=tenant-1
[8/50] action=cross-tenant-access context=tenant-4-user@kubernetes operation=delete resource=configmap namespace=tenant-6
[9/50] action=create-rb ns=tenant-3 name=tenant-binding group=tenant-3 role=dev
[10/50] action=delete-clusterrole name=dev
[11/50] action=create-rb ns=tenant-10 name=tenant-binding group=tenant-10 role=view
[12/50] action=create-rb ns=tenant-9 name=tenant-binding group=tenant-9 role=edit
[13/50] action=cross-tenant-access context=tenant-2-user@kubernetes operation=delete resource=configmap namespace=tenant-7
[14/50] action=delete-rb ns=tenant-7 name=tenant-binding
[15/50] action=delete-rb ns=tenant-10 name=tenant-binding
[16/50] action=create-clusterrole name=dev resources=configmaps,services,pods verbs=patch,create,get
[17/50] action=cross-tenant-access context=tenant-8-user@kubernetes operation=list resource=configmap namespace=tenant-9
[18/50] action=cross-tenant-access context=tenant-9-user@kubernetes operation=delete resource=configmap namespace=tenant-4
[19/50] action=delete-clusterrole name=dev
[20/50] action=delete-crb name=foo-global-binding
[21/50] action=create-clusterrole name=dev resources=secrets verbs=delete,list,deletecollection
[22/50] action=cross-tenant-access context=tenant-8-user@kubernetes operation=get resource=configmap namespace=tenant-7
[23/50] action=cross-tenant-access context=tenant-4-user@kubernetes operation=watch resource=configmap namespace=tenant-8
[24/50] action=create-rb ns=tenant-4 name=tenant-binding group=tenant-4 role=edit
[25/50] action=create-rb ns=tenant-5 name=tenant-binding group=tenant-5 role=edit
[26/50] action=delete-clusterrole name=dev
[27/50] action=cross-tenant-access context=tenant-10-user@kubernetes operation=list resource=configmap namespace=tenant-4
[28/50] action=cross-tenant-access context=tenant-7-user@kubernetes operation=delete resource=configmap namespace=tenant-10
[29/50] action=cross-tenant-access context=tenant-8-user@kubernetes operation=patch resource=configmap namespace=tenant-4
[30/50] action=create-clusterrole name=dev resources=pods verbs=update
[31/50] action=create-rb ns=tenant-5 name=tenant-binding group=tenant-5 role=admin
[32/50] action=delete-crb name=foo-global-binding
[33/50] action=cross-tenant-access context=tenant-8-user@kubernetes operation=delete resource=configmap namespace=tenant-1
[34/50] action=cross-tenant-access context=tenant-4-user@kubernetes operation=delete resource=configmap namespace=tenant-3
[35/50] action=cross-tenant-access context=tenant-1-user@kubernetes operation=watch resource=configmap namespace=tenant-9
[36/50] action=create-rb ns=tenant-10 name=tenant-binding group=tenant-10 role=admin
[37/50] action=delete-clusterrole name=dev
[38/50] action=create-rb ns=tenant-1 name=tenant-binding group=tenant-1 role=view
[39/50] action=delete-rb ns=tenant-10 name=tenant-binding
[40/50] action=delete-rb ns=tenant-6 name=tenant-binding
[41/50] action=create-crb name=foo-global-binding group=tenant-9 role=dev
[42/50] action=create-clusterrole name=dev resources=secrets,configmaps verbs=delete,patch,deletecollection
[43/50] action=delete-clusterrole name=dev
[44/50] action=cross-tenant-access context=tenant-2-user@kubernetes operation=get resource=configmap namespace=tenant-4
[45/50] action=cross-tenant-access context=tenant-2-user@kubernetes operation=watch resource=configmap namespace=tenant-9
[46/50] action=cross-tenant-access context=tenant-2-user@kubernetes operation=watch resource=configmap namespace=tenant-10
[47/50] action=cross-tenant-access context=tenant-4-user@kubernetes operation=list resource=configmap namespace=tenant-6
[48/50] action=create-crb name=foo-global-binding group=tenant-7 role=dev
[49/50] action=create-rb ns=tenant-4 name=tenant-binding group=tenant-4 role=dev
[50/50] action=delete-clusterrole name=dev
