[1/1000] action=create-rb ns=tenant-4 name=tenant-binding group=tenant-4 role=dev
[2/1000] action=cross-tenant-access context=tenant-2-user@kubernetes operation=watch resource=configmap namespace=tenant-4
[3/1000] action=cross-tenant-access context=tenant-5-user@kubernetes operation=delete resource=configmap namespace=tenant-4
[4/1000] action=delete-rb ns=tenant-1 name=tenant-binding
[5/1000] action=delete-rb ns=tenant-5 name=tenant-binding
[6/1000] action=delete-rb ns=tenant-3 name=tenant-binding
[7/1000] action=cross-tenant-access context=tenant-4-user@kubernetes operation=patch resource=configmap namespace=tenant-1
[8/1000] action=create-rb ns=tenant-2 name=tenant-binding group=tenant-2 role=cluster-admin
[9/1000] action=delete-rb ns=tenant-5 name=tenant-binding
[10/1000] action=cross-tenant-access context=tenant-3-user@kubernetes operation=patch resource=configmap namespace=tenant-1
[11/1000] action=cross-tenant-access context=tenant-4-user@kubernetes operation=patch resource=configmap namespace=tenant-2
[12/1000] action=delete-clusterrole name=dev
[13/1000] action=delete-rb ns=tenant-2 name=tenant-binding
[14/1000] action=create-clusterrole name=dev resources=secrets,services,configmaps verbs=create,update,watch
[15/1000] action=create-crb name=foo-global-binding group=tenant-2 role=view
[16/1000] action=delete-clusterrole name=dev
[17/1000] action=create-rb ns=tenant-3 name=tenant-binding group=tenant-3 role=dev
[18/1000] action=cross-tenant-access context=tenant-5-user@kubernetes operation=delete resource=configmap namespace=tenant-1
[19/1000] action=delete-rb ns=tenant-4 name=tenant-binding
[20/1000] action=create-rb ns=tenant-4 name=tenant-binding group=tenant-4 role=dev
[21/1000] action=create-crb name=foo-global-binding group=tenant-4 role=view
[22/1000] action=delete-clusterrole name=dev
[23/1000] action=create-crb name=foo-global-binding group=tenant-4 role=admin
[24/1000] action=create-crb name=foo-global-binding group=tenant-1 role=admin
[25/1000] action=cross-tenant-access context=tenant-2-user@kubernetes operation=get resource=configmap namespace=tenant-1
[26/1000] action=delete-rb ns=tenant-4 name=tenant-binding
[27/1000] action=cross-tenant-access context=tenant-3-user@kubernetes operation=list resource=configmap namespace=tenant-4
[28/1000] action=cross-tenant-access context=tenant-1-user@kubernetes operation=list resource=configmap namespace=tenant-2
[29/1000] action=create-rb ns=tenant-3 name=tenant-binding group=tenant-3 role=cluster-admin
[30/1000] action=create-crb name=foo-global-binding group=tenant-4 role=view
[31/1000] action=delete-rb ns=tenant-1 name=tenant-binding
[32/1000] action=create-rb ns=tenant-3 name=tenant-binding group=tenant-3 role=cluster-admin
[33/1000] action=cross-tenant-access context=tenant-3-user@kubernetes operation=patch resource=configmap namespace=tenant-2
[34/1000] action=create-clusterrole name=dev resources=pods,configmaps,secrets verbs=delete,get,create,list,watch
[35/1000] action=delete-crb name=foo-global-binding
[36/1000] action=cross-tenant-access context=tenant-1-user@kubernetes operation=list resource=configmap namespace=tenant-5
[37/1000] action=delete-crb name=foo-global-binding
[38/1000] action=create-crb name=foo-global-binding group=tenant-1 role=dev
[39/1000] action=delete-clusterrole name=dev
[40/1000] action=create-rb ns=tenant-2 name=tenant-binding group=tenant-2 role=dev
[41/1000] action=create-crb name=foo-global-binding group=tenant-5 role=admin
[42/1000] action=cross-tenant-access context=tenant-5-user@kubernetes operation=get resource=configmap namespace=tenant-3
[43/1000] action=cross-tenant-access context=tenant-1-user@kubernetes operation=get resource=configmap namespace=tenant-3
[44/1000] action=cross-tenant-access context=tenant-3-user@kubernetes operation=delete resource=configmap namespace=tenant-1
[45/1000] action=delete-rb ns=tenant-2 name=tenant-binding
[46/1000] action=create-crb name=foo-global-binding group=tenant-4 role=edit
[47/1000] action=delete-rb ns=tenant-1 name=tenant-binding
[48/1000] action=delete-clusterrole name=dev
[49/1000] action=create-clusterrole name=dev resources=configmaps verbs=watch,list,deletecollection,create,update
[50/1000] action=cross-tenant-access context=tenant-5-user@kubernetes operation=list resource=configmap namespace=tenant-2
[51/1000] action=create-clusterrole name=dev resources=secrets,pods,services verbs=watch,deletecollection,list,update,patch
[52/1000] action=cross-tenant-access context=tenant-1-user@kubernetes operation=patch resource=configmap namespace=tenant-2
[53/1000] action=create-clusterrole name=dev resources=services,secrets verbs=deletecollection,create
[54/1000] action=cross-tenant-access context=tenant-1-user@kubernetes operation=delete resource=configmap namespace=tenant-5
[55/1000] action=cross-tenant-access context=tenant-4-user@kubernetes operation=get resource=configmap namespace=tenant-2
[56/1000] action=create-rb ns=tenant-5 name=tenant-binding group=tenant-5 role=view
[57/1000] action=delete-rb ns=tenant-5 name=tenant-binding
[58/1000] action=delete-rb ns=tenant-3 name=tenant-binding
[59/1000] action=delete-rb ns=tenant-3 name=tenant-binding
[60/1000] action=create-rb ns=tenant-1 name=tenant-binding group=tenant-1 role=edit
[61/1000] action=delete-rb ns=tenant-4 name=tenant-binding
[62/1000] action=create-rb ns=tenant-5 name=tenant-binding group=tenant-5 role=cluster-admin
[63/1000] action=create-rb ns=tenant-5 name=tenant-binding group=tenant-5 role=cluster-admin
[64/1000] action=create-rb ns=tenant-1 name=tenant-binding group=tenant-1 role=view
[65/1000] action=create-clusterrole name=dev resources=configmaps,pods verbs=watch,create,list,update
[66/1000] action=cross-tenant-access context=tenant-1-user@kubernetes operation=patch resource=configmap namespace=tenant-3
[67/1000] action=create-clusterrole name=dev resources=pods verbs=delete,patch,watch,create,update
[68/1000] action=create-rb ns=tenant-4 name=tenant-binding group=tenant-4 role=admin
[69/1000] action=create-rb ns=tenant-3 name=tenant-binding group=tenant-3 role=edit
[70/1000] action=cross-tenant-access context=tenant-4-user@kubernetes operation=watch resource=configmap namespace=tenant-5
[71/1000] action=create-rb ns=tenant-2 name=tenant-binding group=tenant-2 role=view
[72/1000] action=cross-tenant-access context=tenant-1-user@kubernetes operation=patch resource=configmap namespace=tenant-4
[73/1000] action=delete-rb ns=tenant-2 name=tenant-binding
[74/1000] action=create-rb ns=tenant-2 name=tenant-binding group=tenant-2 role=view
[75/1000] action=delete-crb name=foo-global-binding
[76/1000] action=cross-tenant-access context=tenant-4-user@kubernetes operation=watch resource=configmap namespace=tenant-2
[77/1000] action=create-rb ns=tenant-5 name=tenant-binding group=tenant-5 role=edit
[78/1000] action=cross-tenant-access context=tenant-3-user@kubernetes operation=get resource=configmap namespace=tenant-5
[79/1000] action=cross-tenant-access context=tenant-4-user@kubernetes operation=list resource=configmap namespace=tenant-2
[80/1000] action=create-rb ns=tenant-1 name=tenant-binding group=tenant-1 role=admin
[81/1000] action=delete-rb ns=tenant-4 name=tenant-binding
[82/1000] action=cross-tenant-access context=tenant-4-user@kubernetes operation=delete resource=configmap namespace=tenant-3
[83/1000] action=delete-rb ns=tenant-4 name=tenant-binding
[84/1000] action=cross-tenant-access context=tenant-1-user@kubernetes operation=get resource=configmap namespace=tenant-2
[85/1000] action=delete-rb ns=tenant-5 name=tenant-binding
[86/1000] action=create-clusterrole name=dev resources=pods,secrets,services verbs=patch,update,get
[87/1000] action=cross-tenant-access context=tenant-1-user@kubernetes operation=patch resource=configmap namespace=tenant-2
[88/1000] action=cross-tenant-access context=tenant-5-user@kubernetes operation=watch resource=configmap namespace=tenant-3
[89/1000] action=delete-rb ns=tenant-3 name=tenant-binding
[90/1000] action=delete-crb name=foo-global-binding
[91/1000] action=cross-tenant-access context=tenant-2-user@kubernetes operation=watch resource=configmap namespace=tenant-1
[92/1000] action=delete-rb ns=tenant-5 name=tenant-binding
[93/1000] action=cross-tenant-access context=tenant-4-user@kubernetes operation=patch resource=configmap namespace=tenant-5
[94/1000] action=create-crb name=foo-global-binding group=tenant-5 role=admin
[95/1000] action=delete-crb name=foo-global-binding
[96/1000] action=cross-tenant-access context=tenant-5-user@kubernetes operation=watch resource=configmap namespace=tenant-1
[97/1000] action=cross-tenant-access context=tenant-3-user@kubernetes operation=delete resource=configmap namespace=tenant-4
[98/1000] action=create-crb name=foo-global-binding group=tenant-5 role=admin
[99/1000] action=delete-crb name=foo-global-binding
[100/1000] action=create-clusterrole name=dev resources=configmaps,services,secrets verbs=create,delete,update,get
[101/1000] action=create-clusterrole name=dev resources=pods,services,secrets verbs=patch,deletecollection
[102/1000] action=delete-rb ns=tenant-5 name=tenant-binding
[103/1000] action=create-rb ns=tenant-1 name=tenant-binding group=tenant-1 role=cluster-admin
[104/1000] action=delete-rb ns=tenant-2 name=tenant-binding
[105/1000] action=delete-clusterrole name=dev
[106/1000] action=delete-crb name=foo-global-binding
[107/1000] action=cross-tenant-access context=tenant-1-user@kubernetes operation=patch resource=configmap namespace=tenant-5
[108/1000] action=cross-tenant-access context=tenant-2-user@kubernetes operation=get resource=configmap namespace=tenant-1
[109/1000] action=create-rb ns=tenant-1 name=tenant-binding group=tenant-1 role=edit
[110/1000] action=cross-tenant-access context=tenant-4-user@kubernetes operation=watch resource=configmap namespace=tenant-1
[111/1000] action=cross-tenant-access context=tenant-5-user@kubernetes operation=list resource=configmap namespace=tenant-4
[112/1000] action=delete-rb ns=tenant-5 name=tenant-binding
[113/1000] action=cross-tenant-access context=tenant-5-user@kubernetes operation=patch resource=configmap namespace=tenant-4
[114/1000] action=delete-rb ns=tenant-5 name=tenant-binding
[115/1000] action=cross-tenant-access context=tenant-1-user@kubernetes operation=delete resource=configmap namespace=tenant-5
[116/1000] action=cross-tenant-access context=tenant-5-user@kubernetes operation=list resource=configmap namespace=tenant-4
[117/1000] action=create-rb ns=tenant-3 name=tenant-binding group=tenant-3 role=edit
[118/1000] action=delete-rb ns=tenant-4 name=tenant-binding
[119/1000] action=create-rb ns=tenant-2 name=tenant-binding group=tenant-2 role=edit
[120/1000] action=create-clusterrole name=dev resources=services,secrets,configmaps verbs=get,deletecollection,delete
[121/1000] action=delete-rb ns=tenant-3 name=tenant-binding
[122/1000] action=delete-crb name=foo-global-binding
[123/1000] action=cross-tenant-access context=tenant-1-user@kubernetes operation=list resource=configmap namespace=tenant-2
[124/1000] action=create-rb ns=tenant-1 name=tenant-binding group=tenant-1 role=view
[125/1000] action=delete-rb ns=tenant-5 name=tenant-binding
[126/1000] action=cross-tenant-access context=tenant-1-user@kubernetes operation=list resource=configmap namespace=tenant-2
[127/1000] action=cross-tenant-access context=tenant-1-user@kubernetes operation=patch resource=configmap namespace=tenant-4
[128/1000] action=cross-tenant-access context=tenant-5-user@kubernetes operation=delete resource=configmap namespace=tenant-3
[129/1000] action=cross-tenant-access context=tenant-2-user@kubernetes operation=watch resource=configmap namespace=tenant-3
[130/1000] action=cross-tenant-access context=tenant-5-user@kubernetes operation=patch resource=configmap namespace=tenant-4
[131/1000] action=create-rb ns=tenant-4 name=tenant-binding group=tenant-4 role=cluster-admin
[132/1000] action=create-rb ns=tenant-2 name=tenant-binding group=tenant-2 role=admin
[133/1000] action=create-rb ns=tenant-1 name=tenant-binding group=tenant-1 role=admin
[134/1000] action=create-clusterrole name=dev resources=configmaps,services,secrets verbs=get,update,create,patch
[135/1000] action=cross-tenant-access context=tenant-2-user@kubernetes operation=watch resource=configmap namespace=tenant-3
[136/1000] action=delete-clusterrole name=dev
[137/1000] action=delete-rb ns=tenant-2 name=tenant-binding
[138/1000] action=cross-tenant-access context=tenant-4-user@kubernetes operation=delete resource=configmap namespace=tenant-2
[139/1000] action=delete-rb ns=tenant-3 name=tenant-binding
[140/1000] action=create-clusterrole name=dev resources=configmaps,services,secrets verbs=delete,update,create,get,patch
[141/1000] action=delete-crb name=foo-global-binding
[142/1000] action=cross-tenant-access context=tenant-4-user@kubernetes operation=get resource=configmap namespace=tenant-5
[143/1000] action=create-clusterrole name=dev resources=configmaps verbs=patch,deletecollection,update,get
[144/1000] action=delete-rb ns=tenant-4 name=tenant-binding
[145/1000] action=delete-rb ns=tenant-1 name=tenant-binding
[146/1000] action=create-rb ns=tenant-3 name=tenant-binding group=tenant-3 role=view
[147/1000] action=cross-tenant-access context=tenant-2-user@kubernetes operation=watch resource=configmap namespace=tenant-1
[148/1000] action=delete-rb ns=tenant-1 name=tenant-binding
[149/1000] action=cross-tenant-access context=tenant-1-user@kubernetes operation=patch resource=configmap namespace=tenant-5
[150/1000] action=delete-rb ns=tenant-1 name=tenant-binding
[151/1000] action=delete-crb name=foo-global-binding
[152/1000] action=cross-tenant-access context=tenant-3-user@kubernetes operation=delete resource=configmap namespace=tenant-4
[153/1000] action=create-rb ns=tenant-1 name=tenant-binding group=tenant-1 role=view
[154/1000] action=delete-crb name=foo-global-binding
[155/1000] action=delete-rb ns=tenant-1 name=tenant-binding
[156/1000] action=create-rb ns=tenant-1 name=tenant-binding group=tenant-1 role=admin
[157/1000] action=create-crb name=foo-global-binding group=tenant-3 role=cluster-admin
[158/1000] action=delete-clusterrole name=dev
[159/1000] action=create-rb ns=tenant-4 name=tenant-binding group=tenant-4 role=view
[160/1000] action=create-crb name=foo-global-binding group=tenant-5 role=cluster-admin
[161/1000] action=delete-rb ns=tenant-1 name=tenant-binding
[162/1000] action=cross-tenant-access context=tenant-5-user@kubernetes operation=patch resource=configmap namespace=tenant-2
[163/1000] action=create-crb name=foo-global-binding group=tenant-5 role=admin
[164/1000] action=delete-clusterrole name=dev
[165/1000] action=create-clusterrole name=dev resources=configmaps verbs=list,get,update,patch
[166/1000] action=cross-tenant-access context=tenant-2-user@kubernetes operation=list resource=configmap namespace=tenant-4
[167/1000] action=create-rb ns=tenant-3 name=tenant-binding group=tenant-3 role=admin
[168/1000] action=cross-tenant-access context=tenant-4-user@kubernetes operation=patch resource=configmap namespace=tenant-5
[169/1000] action=delete-rb ns=tenant-4 name=tenant-binding
[170/1000] action=cross-tenant-access context=tenant-3-user@kubernetes operation=list resource=configmap namespace=tenant-1
[171/1000] action=delete-rb ns=tenant-5 name=tenant-binding
[172/1000] action=cross-tenant-access context=tenant-3-user@kubernetes operation=list resource=configmap namespace=tenant-1
[173/1000] action=cross-tenant-access context=tenant-4-user@kubernetes operation=get resource=configmap namespace=tenant-1
[174/1000] action=cross-tenant-access context=tenant-3-user@kubernetes operation=delete resource=configmap namespace=tenant-1
[175/1000] action=create-clusterrole name=dev resources=services,pods,secrets verbs=update,deletecollection
[176/1000] action=cross-tenant-access context=tenant-1-user@kubernetes operation=watch resource=configmap namespace=tenant-5
[177/1000] action=create-clusterrole name=dev resources=pods,services,configmaps verbs=delete,deletecollection,create,update,patch
[178/1000] action=cross-tenant-access context=tenant-1-user@kubernetes operation=get resource=configmap namespace=tenant-4
[179/1000] action=cross-tenant-access context=tenant-3-user@kubernetes operation=patch resource=configmap namespace=tenant-5
[180/1000] action=delete-clusterrole name=dev
[181/1000] action=cross-tenant-access context=tenant-1-user@kubernetes operation=get resource=configmap namespace=tenant-5
[182/1000] action=cross-tenant-access context=tenant-3-user@kubernetes operation=delete resource=configmap namespace=tenant-5
[183/1000] action=cross-tenant-access context=tenant-3-user@kubernetes operation=list resource=configmap namespace=tenant-4
[184/1000] action=create-clusterrole name=dev resources=configmaps verbs=watch,update
[185/1000] action=cross-tenant-access context=tenant-1-user@kubernetes operation=get resource=configmap namespace=tenant-2
[186/1000] action=cross-tenant-access context=tenant-4-user@kubernetes operation=delete resource=configmap namespace=tenant-5
[187/1000] action=cross-tenant-access context=tenant-4-user@kubernetes operation=delete resource=configmap namespace=tenant-2
[188/1000] action=cross-tenant-access context=tenant-1-user@kubernetes operation=patch resource=configmap namespace=tenant-5
[189/1000] action=create-clusterrole name=dev resources=secrets,pods,services verbs=get
[190/1000] action=cross-tenant-access context=tenant-4-user@kubernetes operation=get resource=configmap namespace=tenant-3
[191/1000] action=cross-tenant-access context=tenant-1-user@kubernetes operation=delete resource=configmap namespace=tenant-4
[192/1000] action=cross-tenant-access context=tenant-2-user@kubernetes operation=get resource=configmap namespace=tenant-4
[193/1000] action=delete-crb name=foo-global-binding
[194/1000] action=delete-crb name=foo-global-binding
[195/1000] action=delete-rb ns=tenant-1 name=tenant-binding
[196/1000] action=cross-tenant-access context=tenant-5-user@kubernetes operation=get resource=configmap namespace=tenant-3
[197/1000] action=delete-rb ns=tenant-1 name=tenant-binding
[198/1000] action=cross-tenant-access context=tenant-3-user@kubernetes operation=patch resource=configmap namespace=tenant-1
[199/1000] action=delete-rb ns=tenant-3 name=tenant-binding
[200/1000] action=create-rb ns=tenant-5 name=tenant-binding group=tenant-5 role=dev
[201/1000] action=cross-tenant-access context=tenant-2-user@kubernetes operation=watch resource=configmap namespace=tenant-4
[202/1000] action=cross-tenant-access context=tenant-3-user@kubernetes operation=list resource=configmap namespace=tenant-5
[203/1000] action=cross-tenant-access context=tenant-5-user@kubernetes operation=watch resource=configmap namespace=tenant-1
[204/1000] action=delete-crb name=foo-global-binding
[205/1000] action=cross-tenant-access context=tenant-1-user@kubernetes operation=watch resource=configmap namespace=tenant-4
[206/1000] action=delete-clusterrole name=dev
[207/1000] action=create-clusterrole name=dev resources=secrets,services verbs=delete,list,create
[208/1000] action=delete-crb name=foo-global-binding
[209/1000] action=cross-tenant-access context=tenant-3-user@kubernetes operation=patch resource=configmap namespace=tenant-2
[210/1000] action=delete-rb ns=tenant-1 name=tenant-binding
[211/1000] action=cross-tenant-access context=tenant-5-user@kubernetes operation=patch resource=configmap namespace=tenant-1
[212/1000] action=create-crb name=foo-global-binding group=tenant-1 role=admin
[213/1000] action=delete-rb ns=tenant-2 name=tenant-binding
[214/1000] action=create-rb ns=tenant-2 name=tenant-binding group=tenant-2 role=edit
[215/1000] action=create-crb name=foo-global-binding group=tenant-5 role=view
[216/1000] action=create-rb ns=tenant-3 name=tenant-binding group=tenant-3 role=dev
[217/1000] action=create-clusterrole name=dev resources=pods,secrets,configmaps verbs=watch,get,patch,update
[218/1000] action=create-rb ns=tenant-3 name=tenant-binding group=tenant-3 role=admin
[219/1000] action=cross-tenant-access context=tenant-1-user@kubernetes operation=watch resource=configmap namespace=tenant-2
[220/1000] action=delete-clusterrole name=dev
[221/1000] action=create-rb ns=tenant-1 name=tenant-binding group=tenant-1 role=edit
[222/1000] action=create-clusterrole name=dev resources=pods,secrets verbs=list,patch,get
[223/1000] action=cross-tenant-access context=tenant-2-user@kubernetes operation=list resource=configmap namespace=tenant-3
[224/1000] action=delete-clusterrole name=dev
[225/1000] action=create-clusterrole name=dev resources=services,pods,secrets verbs=create,watch,get
[226/1000] action=create-rb ns=tenant-3 name=tenant-binding group=tenant-3 role=cluster-admin
[227/1000] action=cross-tenant-access context=tenant-5-user@kubernetes operation=get resource=configmap namespace=tenant-2
[228/1000] action=cross-tenant-access context=tenant-4-user@kubernetes operation=delete resource=configmap namespace=tenant-3
[229/1000] action=cross-tenant-access context=tenant-1-user@kubernetes operation=watch resource=configmap namespace=tenant-2
[230/1000] action=delete-rb ns=tenant-2 name=tenant-binding
[231/1000] action=create-rb ns=tenant-5 name=tenant-binding group=tenant-5 role=edit
[232/1000] action=delete-rb ns=tenant-2 name=tenant-binding
[233/1000] action=create-clusterrole name=dev resources=services verbs=create
[234/1000] action=cross-tenant-access context=tenant-4-user@kubernetes operation=watch resource=configmap namespace=tenant-2
[235/1000] action=delete-rb ns=tenant-3 name=tenant-binding
[236/1000] action=delete-rb ns=tenant-2 name=tenant-binding
[237/1000] action=create-rb ns=tenant-3 name=tenant-binding group=tenant-3 role=dev
[238/1000] action=cross-tenant-access context=tenant-5-user@kubernetes operation=list resource=configmap namespace=tenant-3
[239/1000] action=create-rb ns=tenant-4 name=tenant-binding group=tenant-4 role=view
[240/1000] action=cross-tenant-access context=tenant-3-user@kubernetes operation=patch resource=configmap namespace=tenant-5
[241/1000] action=delete-crb name=foo-global-binding
[242/1000] action=delete-rb ns=tenant-1 name=tenant-binding
[243/1000] action=create-crb name=foo-global-binding group=tenant-4 role=admin
[244/1000] action=create-rb ns=tenant-3 name=tenant-binding group=tenant-3 role=edit
[245/1000] action=delete-rb ns=tenant-2 name=tenant-binding
[246/1000] action=cross-tenant-access context=tenant-4-user@kubernetes operation=watch resource=configmap namespace=tenant-1
[247/1000] action=delete-clusterrole name=dev
[248/1000] action=cross-tenant-access context=tenant-5-user@kubernetes operation=delete resource=configmap namespace=tenant-1
[249/1000] action=cross-tenant-access context=tenant-5-user@kubernetes operation=list resource=configmap namespace=tenant-4
[250/1000] action=delete-rb ns=tenant-4 name=tenant-binding
[251/1000] action=cross-tenant-access context=tenant-4-user@kubernetes operation=list resource=configmap namespace=tenant-5
[252/1000] action=cross-tenant-access context=tenant-5-user@kubernetes operation=get resource=configmap namespace=tenant-3
[253/1000] action=delete-rb ns=tenant-3 name=tenant-binding
[254/1000] action=cross-tenant-access context=tenant-5-user@kubernetes operation=patch resource=configmap namespace=tenant-4
[255/1000] action=cross-tenant-access context=tenant-5-user@kubernetes operation=get resource=configmap namespace=tenant-2
[256/1000] action=create-rb ns=tenant-5 name=tenant-binding group=tenant-5 role=cluster-admin
[257/1000] action=delete-crb name=foo-global-binding
[258/1000] action=delete-rb ns=tenant-4 name=tenant-binding
[259/1000] action=delete-rb ns=tenant-3 name=tenant-binding
[260/1000] action=delete-rb ns=tenant-1 name=tenant-binding
[261/1000] action=delete-clusterrole name=dev
[262/1000] action=delete-rb ns=tenant-4 name=tenant-binding
[263/1000] action=delete-crb name=foo-global-binding
[264/1000] action=cross-tenant-access context=tenant-1-user@kubernetes operation=watch resource=configmap namespace=tenant-4
[265/1000] action=delete-clusterrole name=dev
[266/1000] action=create-rb ns=tenant-3 name=tenant-binding group=tenant-3 role=edit
[267/1000] action=create-rb ns=tenant-5 name=tenant-binding group=tenant-5 role=dev
[268/1000] action=cross-tenant-access context=tenant-3-user@kubernetes operation=watch resource=configmap namespace=tenant-5
[269/1000] action=delete-crb name=foo-global-binding
[270/1000] action=cross-tenant-access context=tenant-5-user@kubernetes operation=patch resource=configmap namespace=tenant-4
[271/1000] action=create-rb ns=tenant-4 name=tenant-binding group=tenant-4 role=edit
[272/1000] action=cross-tenant-access context=tenant-2-user@kubernetes operation=get resource=configmap namespace=tenant-1
[273/1000] action=cross-tenant-access context=tenant-4-user@kubernetes operation=patch resource=configmap namespace=tenant-5
[274/1000] action=create-clusterrole name=dev resources=secrets,configmaps verbs=deletecollection,watch
[275/1000] action=cross-tenant-access context=tenant-3-user@kubernetes operation=list resource=configmap namespace=tenant-5
[276/1000] action=create-rb ns=tenant-2 name=tenant-binding group=tenant-2 role=admin
[277/1000] action=delete-clusterrole name=dev
[278/1000] action=delete-rb ns=tenant-5 name=tenant-binding
[279/1000] action=cross-tenant-access context=tenant-3-user@kubernetes operation=patch resource=configmap namespace=tenant-1
[280/1000] action=delete-clusterrole name=dev
[281/1000] action=delete-rb ns=tenant-5 name=tenant-binding
[282/1000] action=cross-tenant-access context=tenant-2-user@kubernetes operation=get resource=configmap namespace=tenant-1
[283/1000] action=delete-rb ns=tenant-4 name=tenant-binding
[284/1000] action=cross-tenant-access context=tenant-1-user@kubernetes operation=patch resource=configmap namespace=tenant-5
[285/1000] action=cross-tenant-access context=tenant-5-user@kubernetes operation=get resource=configmap namespace=tenant-2
[286/1000] action=delete-crb name=foo-global-binding
[287/1000] action=delete-clusterrole name=dev
[288/1000] action=cross-tenant-access context=tenant-3-user@kubernetes operation=patch resource=configmap namespace=tenant-2
[289/1000] action=create-crb name=foo-global-binding group=tenant-5 role=admin
[290/1000] action=cross-tenant-access context=tenant-5-user@kubernetes operation=list resource=configmap namespace=tenant-2
[291/1000] action=cross-tenant-access context=tenant-1-user@kubernetes operation=delete resource=configmap namespace=tenant-2
[292/1000] action=cross-tenant-access context=tenant-5-user@kubernetes operation=delete resource=configmap namespace=tenant-1
[293/1000] action=create-rb ns=tenant-1 name=tenant-binding group=tenant-1 role=dev
[294/1000] action=cross-tenant-access context=tenant-4-user@kubernetes operation=watch resource=configmap namespace=tenant-2
[295/1000] action=cross-tenant-access context=tenant-3-user@kubernetes operation=watch resource=configmap namespace=tenant-4
[296/1000] action=cross-tenant-access context=tenant-4-user@kubernetes operation=patch resource=configmap namespace=tenant-5
[297/1000] action=create-clusterrole name=dev resources=services,pods,configmaps verbs=get,watch,list,create,patch
[298/1000] action=cross-tenant-access context=tenant-3-user@kubernetes operation=delete resource=configmap namespace=tenant-2
[299/1000] action=cross-tenant-access context=tenant-5-user@kubernetes operation=list resource=configmap namespace=tenant-4
[300/1000] action=create-rb ns=tenant-2 name=tenant-binding group=tenant-2 role=dev
[301/1000] action=create-rb ns=tenant-4 name=tenant-binding group=tenant-4 role=view
[302/1000] action=cross-tenant-access context=tenant-3-user@kubernetes operation=patch resource=configmap namespace=tenant-2
[303/1000] action=delete-rb ns=tenant-2 name=tenant-binding
[304/1000] action=cross-tenant-access context=tenant-4-user@kubernetes operation=watch resource=configmap namespace=tenant-2
[305/1000] action=cross-tenant-access context=tenant-3-user@kubernetes operation=patch resource=configmap namespace=tenant-4
[306/1000] action=cross-tenant-access context=tenant-1-user@kubernetes operation=watch resource=configmap namespace=tenant-2
[307/1000] action=delete-clusterrole name=dev
[308/1000] action=cross-tenant-access context=tenant-2-user@kubernetes operation=list resource=configmap namespace=tenant-3
[309/1000] action=cross-tenant-access context=tenant-3-user@kubernetes operation=watch resource=configmap namespace=tenant-4
[310/1000] action=delete-clusterrole name=dev
[311/1000] action=cross-tenant-access context=tenant-2-user@kubernetes operation=list resource=configmap namespace=tenant-1
[312/1000] action=create-rb ns=tenant-2 name=tenant-binding group=tenant-2 role=admin
[313/1000] action=cross-tenant-access context=tenant-5-user@kubernetes operation=get resource=configmap namespace=tenant-2
[314/1000] action=delete-rb ns=tenant-5 name=tenant-binding
[315/1000] action=delete-crb name=foo-global-binding
[316/1000] action=cross-tenant-access context=tenant-5-user@kubernetes operation=get resource=configmap namespace=tenant-4
[317/1000] action=create-rb ns=tenant-1 name=tenant-binding group=tenant-1 role=view
[318/1000] action=cross-tenant-access context=tenant-4-user@kubernetes operation=list resource=configmap namespace=tenant-2
[319/1000] action=delete-rb ns=tenant-2 name=tenant-binding
[320/1000] action=cross-tenant-access context=tenant-4-user@kubernetes operation=patch resource=configmap namespace=tenant-3
[321/1000] action=delete-rb ns=tenant-2 name=tenant-binding
[322/1000] action=cross-tenant-access context=tenant-1-user@kubernetes operation=patch resource=configmap namespace=tenant-5
[323/1000] action=cross-tenant-access context=tenant-2-user@kubernetes operation=delete resource=configmap namespace=tenant-4
[324/1000] action=delete-crb name=foo-global-binding
[325/1000] action=cross-tenant-access context=tenant-1-user@kubernetes operation=list resource=configmap namespace=tenant-3
[326/1000] action=cross-tenant-access context=tenant-5-user@kubernetes operation=delete resource=configmap namespace=tenant-1
[327/1000] action=cross-tenant-access context=tenant-4-user@kubernetes operation=get resource=configmap namespace=tenant-2
[328/1000] action=create-rb ns=tenant-1 name=tenant-binding group=tenant-1 role=cluster-admin
[329/1000] action=create-rb ns=tenant-2 name=tenant-binding group=tenant-2 role=edit
[330/1000] action=cross-tenant-access context=tenant-5-user@kubernetes operation=watch resource=configmap namespace=tenant-3
[331/1000] action=cross-tenant-access context=tenant-3-user@kubernetes operation=delete resource=configmap namespace=tenant-4
[332/1000] action=cross-tenant-access context=tenant-4-user@kubernetes operation=list resource=configmap namespace=tenant-2
[333/1000] action=cross-tenant-access context=tenant-3-user@kubernetes operation=list resource=configmap namespace=tenant-4
[334/1000] action=create-crb name=foo-global-binding group=tenant-5 role=admin
[335/1000] action=cross-tenant-access context=tenant-5-user@kubernetes operation=get resource=configmap namespace=tenant-4
[336/1000] action=delete-rb ns=tenant-1 name=tenant-binding
[337/1000] action=cross-tenant-access context=tenant-4-user@kubernetes operation=get resource=configmap namespace=tenant-5
[338/1000] action=cross-tenant-access context=tenant-3-user@kubernetes operation=watch resource=configmap namespace=tenant-2
[339/1000] action=cross-tenant-access context=tenant-4-user@kubernetes operation=list resource=configmap namespace=tenant-1
[340/1000] action=delete-rb ns=tenant-3 name=tenant-binding
[341/1000] action=cross-tenant-access context=tenant-1-user@kubernetes operation=get resource=configmap namespace=tenant-4
[342/1000] action=create-rb ns=tenant-3 name=tenant-binding group=tenant-3 role=edit
[343/1000] action=create-crb name=foo-global-binding group=tenant-3 role=cluster-admin
[344/1000] action=cross-tenant-access context=tenant-5-user@kubernetes operation=get resource=configmap namespace=tenant-1
[345/1000] action=delete-rb ns=tenant-4 name=tenant-binding
[346/1000] action=cross-tenant-access context=tenant-2-user@kubernetes operation=list resource=configmap namespace=tenant-3
[347/1000] action=delete-crb name=foo-global-binding
[348/1000] action=delete-rb ns=tenant-2 name=tenant-binding
[349/1000] action=delete-rb ns=tenant-3 name=tenant-binding
[350/1000] action=delete-crb name=foo-global-binding
[351/1000] action=cross-tenant-access context=tenant-3-user@kubernetes operation=watch resource=configmap namespace=tenant-2
[352/1000] action=create-clusterrole name=dev resources=secrets,services,configmaps verbs=get,list
[353/1000] action=create-rb ns=tenant-2 name=tenant-binding group=tenant-2 role=admin
[354/1000] action=cross-tenant-access context=tenant-2-user@kubernetes operation=list resource=configmap namespace=tenant-1
[355/1000] action=delete-crb name=foo-global-binding
[356/1000] action=cross-tenant-access context=tenant-1-user@kubernetes operation=watch resource=configmap namespace=tenant-5
[357/1000] action=create-rb ns=tenant-2 name=tenant-binding group=tenant-2 role=dev
[358/1000] action=cross-tenant-access context=tenant-4-user@kubernetes operation=list resource=configmap namespace=tenant-2
[359/1000] action=cross-tenant-access context=tenant-4-user@kubernetes operation=list resource=configmap namespace=tenant-3
[360/1000] action=create-rb ns=tenant-5 name=tenant-binding group=tenant-5 role=admin
[361/1000] action=cross-tenant-access context=tenant-2-user@kubernetes operation=watch resource=configmap namespace=tenant-4
[362/1000] action=delete-clusterrole name=dev
[363/1000] action=delete-rb ns=tenant-5 name=tenant-binding
[364/1000] action=delete-rb ns=tenant-3 name=tenant-binding
[365/1000] action=cross-tenant-access context=tenant-3-user@kubernetes operation=get resource=configmap namespace=tenant-4
[366/1000] action=cross-tenant-access context=tenant-1-user@kubernetes operation=delete resource=configmap namespace=tenant-3
[367/1000] action=create-crb name=foo-global-binding group=tenant-2 role=dev
[368/1000] action=create-clusterrole name=dev resources=configmaps,services,pods verbs=watch,update,get
[369/1000] action=create-crb name=foo-global-binding group=tenant-3 role=edit
[370/1000] action=delete-crb name=foo-global-binding
[371/1000] action=create-clusterrole name=dev resources=pods,secrets,configmaps verbs=delete,watch
[372/1000] action=cross-tenant-access context=tenant-2-user@kubernetes operation=patch resource=configmap namespace=tenant-1
[373/1000] action=create-rb ns=tenant-1 name=tenant-binding group=tenant-1 role=view
[374/1000] action=cross-tenant-access context=tenant-5-user@kubernetes operation=delete resource=configmap namespace=tenant-4
[375/1000] action=delete-clusterrole name=dev
[376/1000] action=cross-tenant-access context=tenant-2-user@kubernetes operation=watch resource=configmap namespace=tenant-3
[377/1000] action=delete-clusterrole name=dev
[378/1000] action=delete-crb name=foo-global-binding
[379/1000] action=delete-crb name=foo-global-binding
[380/1000] action=delete-clusterrole name=dev
[381/1000] action=delete-rb ns=tenant-3 name=tenant-binding
[382/1000] action=cross-tenant-access context=tenant-5-user@kubernetes operation=get resource=configmap namespace=tenant-2
[383/1000] action=delete-crb name=foo-global-binding
[384/1000] action=cross-tenant-access context=tenant-5-user@kubernetes operation=watch resource=configmap namespace=tenant-1
[385/1000] action=cross-tenant-access context=tenant-5-user@kubernetes operation=watch resource=configmap namespace=tenant-2
[386/1000] action=create-clusterrole name=dev resources=secrets verbs=get,delete,watch,create
[387/1000] action=delete-rb ns=tenant-1 name=tenant-binding
[388/1000] action=delete-rb ns=tenant-2 name=tenant-binding
[389/1000] action=delete-clusterrole name=dev
[390/1000] action=cross-tenant-access context=tenant-3-user@kubernetes operation=delete resource=configmap namespace=tenant-5
[391/1000] action=delete-crb name=foo-global-binding
[392/1000] action=delete-crb name=foo-global-binding
[393/1000] action=create-rb ns=tenant-1 name=tenant-binding group=tenant-1 role=cluster-admin
[394/1000] action=cross-tenant-access context=tenant-1-user@kubernetes operation=patch resource=configmap namespace=tenant-5
[395/1000] action=cross-tenant-access context=tenant-3-user@kubernetes operation=get resource=configmap namespace=tenant-5
[396/1000] action=delete-rb ns=tenant-3 name=tenant-binding
[397/1000] action=delete-crb name=foo-global-binding
[398/1000] action=cross-tenant-access context=tenant-1-user@kubernetes operation=watch resource=configmap namespace=tenant-2
[399/1000] action=create-rb ns=tenant-5 name=tenant-binding group=tenant-5 role=admin
[400/1000] action=delete-rb ns=tenant-1 name=tenant-binding
[401/1000] action=create-crb name=foo-global-binding group=tenant-4 role=dev
[402/1000] action=create-rb ns=tenant-1 name=tenant-binding group=tenant-1 role=admin
[403/1000] action=cross-tenant-access context=tenant-2-user@kubernetes operation=list resource=configmap namespace=tenant-1
[404/1000] action=delete-crb name=foo-global-binding
[405/1000] action=delete-crb name=foo-global-binding
[406/1000] action=create-clusterrole name=dev resources=pods verbs=watch,create,patch
[407/1000] action=cross-tenant-access context=tenant-1-user@kubernetes operation=delete resource=configmap namespace=tenant-4
[408/1000] action=cross-tenant-access context=tenant-5-user@kubernetes operation=watch resource=configmap namespace=tenant-4
[409/1000] action=delete-crb name=foo-global-binding
[410/1000] action=delete-rb ns=tenant-3 name=tenant-binding
[411/1000] action=create-crb name=foo-global-binding group=tenant-3 role=edit
[412/1000] action=create-rb ns=tenant-4 name=tenant-binding group=tenant-4 role=cluster-admin
[413/1000] action=create-clusterrole name=dev resources=pods,secrets,configmaps verbs=get
[414/1000] action=cross-tenant-access context=tenant-4-user@kubernetes operation=watch resource=configmap namespace=tenant-3
[415/1000] action=create-crb name=foo-global-binding group=tenant-1 role=edit
[416/1000] action=cross-tenant-access context=tenant-1-user@kubernetes operation=get resource=configmap namespace=tenant-2
[417/1000] action=delete-crb name=foo-global-binding
[418/1000] action=delete-rb ns=tenant-1 name=tenant-binding
[419/1000] action=delete-clusterrole name=dev
[420/1000] action=create-crb name=foo-global-binding group=tenant-5 role=admin
[421/1000] action=create-crb name=foo-global-binding group=tenant-5 role=dev
[422/1000] action=cross-tenant-access context=tenant-2-user@kubernetes operation=list resource=configmap namespace=tenant-3
[423/1000] action=cross-tenant-access context=tenant-3-user@kubernetes operation=watch resource=configmap namespace=tenant-4
[424/1000] action=cross-tenant-access context=tenant-2-user@kubernetes operation=list resource=configmap namespace=tenant-5
[425/1000] action=cross-tenant-access context=tenant-2-user@kubernetes operation=get resource=configmap namespace=tenant-4
[426/1000] action=delete-crb name=foo-global-binding
[427/1000] action=delete-crb name=foo-global-binding
[428/1000] action=delete-clusterrole name=dev
[429/1000] action=delete-rb ns=tenant-3 name=tenant-binding
[430/1000] action=delete-rb ns=tenant-2 name=tenant-binding
[431/1000] action=cross-tenant-access context=tenant-3-user@kubernetes operation=list resource=configmap namespace=tenant-4
[432/1000] action=create-crb name=foo-global-binding group=tenant-3 role=edit
[433/1000] action=create-clusterrole name=dev resources=configmaps,secrets,services verbs=delete
[434/1000] action=delete-rb ns=tenant-4 name=tenant-binding
[435/1000] action=delete-rb ns=tenant-3 name=tenant-binding
[436/1000] action=cross-tenant-access context=tenant-3-user@kubernetes operation=watch resource=configmap namespace=tenant-1
[437/1000] action=cross-tenant-access context=tenant-1-user@kubernetes operation=delete resource=configmap namespace=tenant-2
[438/1000] action=create-clusterrole name=dev resources=configmaps,pods,secrets verbs=update,list,get,delete,deletecollection
[439/1000] action=cross-tenant-access context=tenant-1-user@kubernetes operation=delete resource=configmap namespace=tenant-5
[440/1000] action=delete-rb ns=tenant-4 name=tenant-binding
[441/1000] action=cross-tenant-access context=tenant-5-user@kubernetes operation=delete resource=configmap namespace=tenant-1
[442/1000] action=cross-tenant-access context=tenant-2-user@kubernetes operation=delete resource=configmap namespace=tenant-4
[443/1000] action=cross-tenant-access context=tenant-1-user@kubernetes operation=get resource=configmap namespace=tenant-4
[444/1000] action=delete-clusterrole name=dev
[445/1000] action=cross-tenant-access context=tenant-2-user@kubernetes operation=delete resource=configmap namespace=tenant-4
[446/1000] action=delete-crb name=foo-global-binding
[447/1000] action=delete-clusterrole name=dev
[448/1000] action=cross-tenant-access context=tenant-5-user@kubernetes operation=delete resource=configmap namespace=tenant-4
[449/1000] action=delete-crb name=foo-global-binding
[450/1000] action=cross-tenant-access context=tenant-3-user@kubernetes operation=watch resource=configmap namespace=tenant-1
[451/1000] action=cross-tenant-access context=tenant-2-user@kubernetes operation=watch resource=configmap namespace=tenant-1
[452/1000] action=cross-tenant-access context=tenant-5-user@kubernetes operation=patch resource=configmap namespace=tenant-4
[453/1000] action=delete-clusterrole name=dev
[454/1000] action=delete-crb name=foo-global-binding
[455/1000] action=create-crb name=foo-global-binding group=tenant-4 role=view
[456/1000] action=create-crb name=foo-global-binding group=tenant-1 role=dev
[457/1000] action=cross-tenant-access context=tenant-5-user@kubernetes operation=patch resource=configmap namespace=tenant-4
[458/1000] action=cross-tenant-access context=tenant-1-user@kubernetes operation=watch resource=configmap namespace=tenant-5
[459/1000] action=delete-rb ns=tenant-5 name=tenant-binding
[460/1000] action=delete-clusterrole name=dev
[461/1000] action=delete-crb name=foo-global-binding
[462/1000] action=create-crb name=foo-global-binding group=tenant-5 role=view
[463/1000] action=delete-rb ns=tenant-2 name=tenant-binding
[464/1000] action=cross-tenant-access context=tenant-4-user@kubernetes operation=watch resource=configmap namespace=tenant-2
[465/1000] action=create-rb ns=tenant-1 name=tenant-binding group=tenant-1 role=cluster-admin
[466/1000] action=delete-crb name=foo-global-binding
[467/1000] action=cross-tenant-access context=tenant-3-user@kubernetes operation=watch resource=configmap namespace=tenant-4
[468/1000] action=delete-rb ns=tenant-1 name=tenant-binding
[469/1000] action=cross-tenant-access context=tenant-1-user@kubernetes operation=patch resource=configmap namespace=tenant-3
[470/1000] action=delete-clusterrole name=dev
[471/1000] action=delete-rb ns=tenant-2 name=tenant-binding
[472/1000] action=create-clusterrole name=dev resources=services,pods verbs=deletecollection,patch,watch
[473/1000] action=cross-tenant-access context=tenant-4-user@kubernetes operation=delete resource=configmap namespace=tenant-2
[474/1000] action=cross-tenant-access context=tenant-3-user@kubernetes operation=watch resource=configmap namespace=tenant-4
[475/1000] action=delete-rb ns=tenant-1 name=tenant-binding
[476/1000] action=cross-tenant-access context=tenant-3-user@kubernetes operation=patch resource=configmap namespace=tenant-5
[477/1000] action=create-rb ns=tenant-4 name=tenant-binding group=tenant-4 role=cluster-admin
[478/1000] action=cross-tenant-access context=tenant-5-user@kubernetes operation=patch resource=configmap namespace=tenant-4
[479/1000] action=cross-tenant-access context=tenant-4-user@kubernetes operation=watch resource=configmap namespace=tenant-1
[480/1000] action=delete-rb ns=tenant-3 name=tenant-binding
[481/1000] action=delete-clusterrole name=dev
[482/1000] action=cross-tenant-access context=tenant-3-user@kubernetes operation=watch resource=configmap namespace=tenant-4
[483/1000] action=cross-tenant-access context=tenant-1-user@kubernetes operation=watch resource=configmap namespace=tenant-4
[484/1000] action=cross-tenant-access context=tenant-2-user@kubernetes operation=get resource=configmap namespace=tenant-5
[485/1000] action=create-rb ns=tenant-2 name=tenant-binding group=tenant-2 role=view
[486/1000] action=create-crb name=foo-global-binding group=tenant-5 role=cluster-admin
[487/1000] action=cross-tenant-access context=tenant-4-user@kubernetes operation=get resource=configmap namespace=tenant-2
[488/1000] action=delete-crb name=foo-global-binding
[489/1000] action=cross-tenant-access context=tenant-3-user@kubernetes operation=list resource=configmap namespace=tenant-4
[490/1000] action=create-crb name=foo-global-binding group=tenant-4 role=view
[491/1000] action=create-rb ns=tenant-4 name=tenant-binding group=tenant-4 role=edit
[492/1000] action=create-clusterrole name=dev resources=secrets,services,configmaps verbs=watch,create,deletecollection,patch
[493/1000] action=create-rb ns=tenant-5 name=tenant-binding group=tenant-5 role=dev
[494/1000] action=cross-tenant-access context=tenant-4-user@kubernetes operation=list resource=configmap namespace=tenant-3
[495/1000] action=delete-rb ns=tenant-1 name=tenant-binding
[496/1000] action=delete-rb ns=tenant-1 name=tenant-binding
[497/1000] action=create-crb name=foo-global-binding group=tenant-4 role=view
[498/1000] action=cross-tenant-access context=tenant-3-user@kubernetes operation=get resource=configmap namespace=tenant-5
[499/1000] action=cross-tenant-access context=tenant-2-user@kubernetes operation=get resource=configmap namespace=tenant-1
[500/1000] action=cross-tenant-access context=tenant-3-user@kubernetes operation=list resource=configmap namespace=tenant-4
[501/1000] action=delete-crb name=foo-global-binding
[502/1000] action=delete-crb name=foo-global-binding
[503/1000] action=create-rb ns=tenant-4 name=tenant-binding group=tenant-4 role=view
[504/1000] action=create-rb ns=tenant-4 name=tenant-binding group=tenant-4 role=edit
[505/1000] action=cross-tenant-access context=tenant-3-user@kubernetes operation=delete resource=configmap namespace=tenant-5
[506/1000] action=delete-rb ns=tenant-2 name=tenant-binding
[507/1000] action=delete-rb ns=tenant-3 name=tenant-binding
[508/1000] action=cross-tenant-access context=tenant-3-user@kubernetes operation=patch resource=configmap namespace=tenant-2
[509/1000] action=delete-crb name=foo-global-binding
[510/1000] action=cross-tenant-access context=tenant-2-user@kubernetes operation=get resource=configmap namespace=tenant-4
[511/1000] action=delete-rb ns=tenant-3 name=tenant-binding
[512/1000] action=cross-tenant-access context=tenant-2-user@kubernetes operation=delete resource=configmap namespace=tenant-4
[513/1000] action=delete-clusterrole name=dev
[514/1000] action=cross-tenant-access context=tenant-3-user@kubernetes operation=get resource=configmap namespace=tenant-2
[515/1000] action=cross-tenant-access context=tenant-1-user@kubernetes operation=get resource=configmap namespace=tenant-4
[516/1000] action=delete-rb ns=tenant-5 name=tenant-binding
[517/1000] action=create-clusterrole name=dev resources=services verbs=watch,delete,create
[518/1000] action=delete-crb name=foo-global-binding
[519/1000] action=delete-rb ns=tenant-1 name=tenant-binding
[520/1000] action=create-crb name=foo-global-binding group=tenant-2 role=cluster-admin
[521/1000] action=cross-tenant-access context=tenant-3-user@kubernetes operation=list resource=configmap namespace=tenant-4
[522/1000] action=delete-rb ns=tenant-4 name=tenant-binding
[523/1000] action=delete-rb ns=tenant-3 name=tenant-binding
[524/1000] action=cross-tenant-access context=tenant-1-user@kubernetes operation=watch resource=configmap namespace=tenant-3
[525/1000] action=delete-crb name=foo-global-binding
[526/1000] action=delete-rb ns=tenant-1 name=tenant-binding
[527/1000] action=delete-rb ns=tenant-1 name=tenant-binding
[528/1000] action=delete-rb ns=tenant-5 name=tenant-binding
[529/1000] action=create-rb ns=tenant-3 name=tenant-binding group=tenant-3 role=dev
[530/1000] action=cross-tenant-access context=tenant-4-user@kubernetes operation=watch resource=configmap namespace=tenant-5
[531/1000] action=create-crb name=foo-global-binding group=tenant-3 role=cluster-admin
[532/1000] action=cross-tenant-access context=tenant-3-user@kubernetes operation=delete resource=configmap namespace=tenant-2
[533/1000] action=delete-rb ns=tenant-4 name=tenant-binding
[534/1000] action=create-rb ns=tenant-5 name=tenant-binding group=tenant-5 role=admin
[535/1000] action=delete-crb name=foo-global-binding
[536/1000] action=create-crb name=foo-global-binding group=tenant-2 role=cluster-admin
[537/1000] action=create-crb name=foo-global-binding group=tenant-2 role=admin
[538/1000] action=cross-tenant-access context=tenant-1-user@kubernetes operation=get resource=configmap namespace=tenant-3
[539/1000] action=delete-rb ns=tenant-1 name=tenant-binding
[540/1000] action=delete-rb ns=tenant-2 name=tenant-binding
[541/1000] action=cross-tenant-access context=tenant-5-user@kubernetes operation=watch resource=configmap namespace=tenant-4
[542/1000] action=cross-tenant-access context=tenant-3-user@kubernetes operation=get resource=configmap namespace=tenant-1
[543/1000] action=create-rb ns=tenant-1 name=tenant-binding group=tenant-1 role=admin
[544/1000] action=create-rb ns=tenant-5 name=tenant-binding group=tenant-5 role=admin
[545/1000] action=cross-tenant-access context=tenant-4-user@kubernetes operation=watch resource=configmap namespace=tenant-2
[546/1000] action=create-rb ns=tenant-5 name=tenant-binding group=tenant-5 role=view
[547/1000] action=cross-tenant-access context=tenant-2-user@kubernetes operation=delete resource=configmap namespace=tenant-3
[548/1000] action=create-rb ns=tenant-5 name=tenant-binding group=tenant-5 role=dev
[549/1000] action=cross-tenant-access context=tenant-1-user@kubernetes operation=get resource=configmap namespace=tenant-5
[550/1000] action=create-clusterrole name=dev resources=pods verbs=patch,list,delete,deletecollection,create
[551/1000] action=delete-rb ns=tenant-5 name=tenant-binding
[552/1000] action=cross-tenant-access context=tenant-1-user@kubernetes operation=watch resource=configmap namespace=tenant-2
[553/1000] action=delete-rb ns=tenant-4 name=tenant-binding
[554/1000] action=cross-tenant-access context=tenant-2-user@kubernetes operation=watch resource=configmap namespace=tenant-5
[555/1000] action=delete-rb ns=tenant-1 name=tenant-binding
[556/1000] action=cross-tenant-access context=tenant-5-user@kubernetes operation=get resource=configmap namespace=tenant-4
[557/1000] action=delete-crb name=foo-global-binding
[558/1000] action=cross-tenant-access context=tenant-5-user@kubernetes operation=patch resource=configmap namespace=tenant-2
[559/1000] action=cross-tenant-access context=tenant-1-user@kubernetes operation=patch resource=configmap namespace=tenant-3
[560/1000] action=delete-rb ns=tenant-3 name=tenant-binding
[561/1000] action=delete-crb name=foo-global-binding
[562/1000] action=cross-tenant-access context=tenant-4-user@kubernetes operation=get resource=configmap namespace=tenant-5
[563/1000] action=create-rb ns=tenant-2 name=tenant-binding group=tenant-2 role=edit
[564/1000] action=delete-rb ns=tenant-3 name=tenant-binding
[565/1000] action=cross-tenant-access context=tenant-4-user@kubernetes operation=watch resource=configmap namespace=tenant-1
[566/1000] action=cross-tenant-access context=tenant-5-user@kubernetes operation=delete resource=configmap namespace=tenant-4
[567/1000] action=delete-crb name=foo-global-binding
[568/1000] action=delete-rb ns=tenant-2 name=tenant-binding
[569/1000] action=cross-tenant-access context=tenant-1-user@kubernetes operation=delete resource=configmap namespace=tenant-2
[570/1000] action=cross-tenant-access context=tenant-2-user@kubernetes operation=watch resource=configmap namespace=tenant-3
[571/1000] action=cross-tenant-access context=tenant-3-user@kubernetes operation=watch resource=configmap namespace=tenant-5
[572/1000] action=cross-tenant-access context=tenant-3-user@kubernetes operation=watch resource=configmap namespace=tenant-5
[573/1000] action=delete-rb ns=tenant-3 name=tenant-binding
[574/1000] action=delete-rb ns=tenant-1 name=tenant-binding
[575/1000] action=cross-tenant-access context=tenant-3-user@kubernetes operation=get resource=configmap namespace=tenant-5
[576/1000] action=delete-crb name=foo-global-binding
[577/1000] action=cross-tenant-access context=tenant-1-user@kubernetes operation=watch resource=configmap namespace=tenant-4
[578/1000] action=create-clusterrole name=dev resources=services,pods,configmaps verbs=watch,list,deletecollection,update
[579/1000] action=delete-clusterrole name=dev
[580/1000] action=cross-tenant-access context=tenant-3-user@kubernetes operation=patch resource=configmap namespace=tenant-2
[581/1000] action=create-crb name=foo-global-binding group=tenant-5 role=view
[582/1000] action=cross-tenant-access context=tenant-3-user@kubernetes operation=list resource=configmap namespace=tenant-1
[583/1000] action=create-clusterrole name=dev resources=pods verbs=delete,deletecollection,list,watch,patch
[584/1000] action=delete-rb ns=tenant-4 name=tenant-binding
[585/1000] action=delete-rb ns=tenant-2 name=tenant-binding
[586/1000] action=delete-rb ns=tenant-1 name=tenant-binding
[587/1000] action=delete-rb ns=tenant-2 name=tenant-binding
[588/1000] action=delete-rb ns=tenant-4 name=tenant-binding
[589/1000] action=cross-tenant-access context=tenant-3-user@kubernetes operation=watch resource=configmap namespace=tenant-5
[590/1000] action=create-rb ns=tenant-3 name=tenant-binding group=tenant-3 role=view
[591/1000] action=cross-tenant-access context=tenant-2-user@kubernetes operation=delete resource=configmap namespace=tenant-5
[592/1000] action=create-rb ns=tenant-4 name=tenant-binding group=tenant-4 role=dev
[593/1000] action=cross-tenant-access context=tenant-1-user@kubernetes operation=list resource=configmap namespace=tenant-3
[594/1000] action=create-crb name=foo-global-binding group=tenant-3 role=cluster-admin
[595/1000] action=create-rb ns=tenant-2 name=tenant-binding group=tenant-2 role=view
[596/1000] action=delete-rb ns=tenant-3 name=tenant-binding
[597/1000] action=cross-tenant-access context=tenant-3-user@kubernetes operation=get resource=configmap namespace=tenant-5
[598/1000] action=delete-crb name=foo-global-binding
[599/1000] action=cross-tenant-access context=tenant-4-user@kubernetes operation=get resource=configmap namespace=tenant-3
[600/1000] action=cross-tenant-access context=tenant-2-user@kubernetes operation=delete resource=configmap namespace=tenant-5
[601/1000] action=create-clusterrole name=dev resources=configmaps,pods verbs=watch,patch,list
[602/1000] action=cross-tenant-access context=tenant-2-user@kubernetes operation=list resource=configmap namespace=tenant-3
[603/1000] action=create-rb ns=tenant-1 name=tenant-binding group=tenant-1 role=view
[604/1000] action=delete-clusterrole name=dev
[605/1000] action=cross-tenant-access context=tenant-4-user@kubernetes operation=get resource=configmap namespace=tenant-1
[606/1000] action=cross-tenant-access context=tenant-2-user@kubernetes operation=get resource=configmap namespace=tenant-5
[607/1000] action=delete-crb name=foo-global-binding
[608/1000] action=cross-tenant-access context=tenant-3-user@kubernetes operation=delete resource=configmap namespace=tenant-4
[609/1000] action=cross-tenant-access context=tenant-4-user@kubernetes operation=list resource=configmap namespace=tenant-5
[610/1000] action=cross-tenant-access context=tenant-5-user@kubernetes operation=watch resource=configmap namespace=tenant-2
[611/1000] action=create-rb ns=tenant-2 name=tenant-binding group=tenant-2 role=cluster-admin
[612/1000] action=cross-tenant-access context=tenant-2-user@kubernetes operation=watch resource=configmap namespace=tenant-3
[613/1000] action=cross-tenant-access context=tenant-4-user@kubernetes operation=patch resource=configmap namespace=tenant-1
[614/1000] action=delete-rb ns=tenant-5 name=tenant-binding
[615/1000] action=cross-tenant-access context=tenant-1-user@kubernetes operation=delete resource=configmap namespace=tenant-5
[616/1000] action=create-crb name=foo-global-binding group=tenant-2 role=view
[617/1000] action=delete-clusterrole name=dev
[618/1000] action=cross-tenant-access context=tenant-1-user@kubernetes operation=patch resource=configmap namespace=tenant-5
[619/1000] action=delete-clusterrole name=dev
[620/1000] action=cross-tenant-access context=tenant-5-user@kubernetes operation=list resource=configmap namespace=tenant-2
[621/1000] action=delete-rb ns=tenant-3 name=tenant-binding
[622/1000] action=create-rb ns=tenant-2 name=tenant-binding group=tenant-2 role=admin
[623/1000] action=create-rb ns=tenant-3 name=tenant-binding group=tenant-3 role=view
[624/1000] action=delete-rb ns=tenant-2 name=tenant-binding
[625/1000] action=cross-tenant-access context=tenant-2-user@kubernetes operation=patch resource=configmap namespace=tenant-3
[626/1000] action=create-rb ns=tenant-1 name=tenant-binding group=tenant-1 role=view
[627/1000] action=create-clusterrole name=dev resources=services,pods,configmaps verbs=delete,list,create,patch,get
[628/1000] action=cross-tenant-access context=tenant-1-user@kubernetes operation=get resource=configmap namespace=tenant-5
[629/1000] action=cross-tenant-access context=tenant-4-user@kubernetes operation=watch resource=configmap namespace=tenant-1
[630/1000] action=delete-rb ns=tenant-2 name=tenant-binding
[631/1000] action=cross-tenant-access context=tenant-3-user@kubernetes operation=patch resource=configmap namespace=tenant-2
[632/1000] action=create-rb ns=tenant-1 name=tenant-binding group=tenant-1 role=dev
[633/1000] action=create-crb name=foo-global-binding group=tenant-1 role=cluster-admin
[634/1000] action=cross-tenant-access context=tenant-5-user@kubernetes operation=watch resource=configmap namespace=tenant-2
[635/1000] action=delete-rb ns=tenant-3 name=tenant-binding
[636/1000] action=create-rb ns=tenant-5 name=tenant-binding group=tenant-5 role=view
[637/1000] action=delete-rb ns=tenant-4 name=tenant-binding
[638/1000] action=cross-tenant-access context=tenant-3-user@kubernetes operation=watch resource=configmap namespace=tenant-1
[639/1000] action=cross-tenant-access context=tenant-1-user@kubernetes operation=list resource=configmap namespace=tenant-4
[640/1000] action=cross-tenant-access context=tenant-5-user@kubernetes operation=list resource=configmap namespace=tenant-4
[641/1000] action=delete-rb ns=tenant-2 name=tenant-binding
[642/1000] action=delete-crb name=foo-global-binding
[643/1000] action=cross-tenant-access context=tenant-4-user@kubernetes operation=get resource=configmap namespace=tenant-1
[644/1000] action=cross-tenant-access context=tenant-1-user@kubernetes operation=list resource=configmap namespace=tenant-5
[645/1000] action=cross-tenant-access context=tenant-2-user@kubernetes operation=get resource=configmap namespace=tenant-5
[646/1000] action=create-crb name=foo-global-binding group=tenant-1 role=dev
[647/1000] action=cross-tenant-access context=tenant-2-user@kubernetes operation=get resource=configmap namespace=tenant-4
[648/1000] action=delete-rb ns=tenant-3 name=tenant-binding
[649/1000] action=cross-tenant-access context=tenant-3-user@kubernetes operation=get resource=configmap namespace=tenant-2
[650/1000] action=delete-clusterrole name=dev
[651/1000] action=create-crb name=foo-global-binding group=tenant-5 role=cluster-admin
[652/1000] action=delete-crb name=foo-global-binding
[653/1000] action=cross-tenant-access context=tenant-5-user@kubernetes operation=list resource=configmap namespace=tenant-1
[654/1000] action=create-clusterrole name=dev resources=pods,configmaps verbs=watch,delete,list,patch,get
[655/1000] action=cross-tenant-access context=tenant-3-user@kubernetes operation=delete resource=configmap namespace=tenant-2
[656/1000] action=delete-clusterrole name=dev
[657/1000] action=create-crb name=foo-global-binding group=tenant-3 role=admin
[658/1000] action=create-rb ns=tenant-1 name=tenant-binding group=tenant-1 role=cluster-admin
[659/1000] action=delete-rb ns=tenant-2 name=tenant-binding
[660/1000] action=cross-tenant-access context=tenant-3-user@kubernetes operation=patch resource=configmap namespace=tenant-4
[661/1000] action=create-crb name=foo-global-binding group=tenant-2 role=view
[662/1000] action=delete-crb name=foo-global-binding
[663/1000] action=create-rb ns=tenant-2 name=tenant-binding group=tenant-2 role=view
[664/1000] action=create-rb ns=tenant-5 name=tenant-binding group=tenant-5 role=edit
[665/1000] action=create-clusterrole name=dev resources=services,configmaps verbs=watch,list
[666/1000] action=cross-tenant-access context=tenant-5-user@kubernetes operation=delete resource=configmap namespace=tenant-1
[667/1000] action=delete-rb ns=tenant-2 name=tenant-binding
[668/1000] action=delete-clusterrole name=dev
[669/1000] action=cross-tenant-access context=tenant-1-user@kubernetes operation=delete resource=configmap namespace=tenant-4
[670/1000] action=cross-tenant-access context=tenant-4-user@kubernetes operation=delete resource=configmap namespace=tenant-2
[671/1000] action=cross-tenant-access context=tenant-3-user@kubernetes operation=get resource=configmap namespace=tenant-5
[672/1000] action=create-clusterrole name=dev resources=services,secrets,configmaps verbs=create,list
[673/1000] action=create-rb ns=tenant-1 name=tenant-binding group=tenant-1 role=edit
[674/1000] action=delete-clusterrole name=dev
[675/1000] action=cross-tenant-access context=tenant-2-user@kubernetes operation=patch resource=configmap namespace=tenant-1
[676/1000] action=delete-clusterrole name=dev
[677/1000] action=create-crb name=foo-global-binding group=tenant-1 role=edit
[678/1000] action=cross-tenant-access context=tenant-2-user@kubernetes operation=patch resource=configmap namespace=tenant-1
[679/1000] action=delete-rb ns=tenant-1 name=tenant-binding
[680/1000] action=cross-tenant-access context=tenant-5-user@kubernetes operation=delete resource=configmap namespace=tenant-4
[681/1000] action=create-crb name=foo-global-binding group=tenant-5 role=edit
[682/1000] action=delete-rb ns=tenant-5 name=tenant-binding
[683/1000] action=cross-tenant-access context=tenant-1-user@kubernetes operation=patch resource=configmap namespace=tenant-3
[684/1000] action=cross-tenant-access context=tenant-4-user@kubernetes operation=patch resource=configmap namespace=tenant-5
[685/1000] action=create-clusterrole name=dev resources=pods verbs=watch
[686/1000] action=cross-tenant-access context=tenant-1-user@kubernetes operation=list resource=configmap namespace=tenant-2
[687/1000] action=create-crb name=foo-global-binding group=tenant-2 role=edit
[688/1000] action=delete-rb ns=tenant-3 name=tenant-binding
[689/1000] action=delete-rb ns=tenant-3 name=tenant-binding
[690/1000] action=create-rb ns=tenant-4 name=tenant-binding group=tenant-4 role=dev
[691/1000] action=cross-tenant-access context=tenant-2-user@kubernetes operation=delete resource=configmap namespace=tenant-4
[692/1000] action=delete-crb name=foo-global-binding
[693/1000] action=cross-tenant-access context=tenant-5-user@kubernetes operation=list resource=configmap namespace=tenant-1
[694/1000] action=cross-tenant-access context=tenant-5-user@kubernetes operation=get resource=configmap namespace=tenant-2
[695/1000] action=create-rb ns=tenant-2 name=tenant-binding group=tenant-2 role=dev
[696/1000] action=cross-tenant-access context=tenant-1-user@kubernetes operation=delete resource=configmap namespace=tenant-2
[697/1000] action=create-rb ns=tenant-2 name=tenant-binding group=tenant-2 role=cluster-admin
[698/1000] action=delete-rb ns=tenant-4 name=tenant-binding
[699/1000] action=cross-tenant-access context=tenant-3-user@kubernetes operation=list resource=configmap namespace=tenant-2
[700/1000] action=cross-tenant-access context=tenant-1-user@kubernetes operation=list resource=configmap namespace=tenant-5
[701/1000] action=delete-rb ns=tenant-1 name=tenant-binding
[702/1000] action=create-rb ns=tenant-5 name=tenant-binding group=tenant-5 role=cluster-admin
[703/1000] action=create-rb ns=tenant-4 name=tenant-binding group=tenant-4 role=dev
[704/1000] action=delete-clusterrole name=dev
[705/1000] action=create-rb ns=tenant-5 name=tenant-binding group=tenant-5 role=dev
[706/1000] action=cross-tenant-access context=tenant-2-user@kubernetes operation=delete resource=configmap namespace=tenant-4
[707/1000] action=delete-rb ns=tenant-4 name=tenant-binding
[708/1000] action=delete-rb ns=tenant-5 name=tenant-binding
[709/1000] action=delete-crb name=foo-global-binding
[710/1000] action=cross-tenant-access context=tenant-1-user@kubernetes operation=delete resource=configmap namespace=tenant-2
[711/1000] action=delete-crb name=foo-global-binding
[712/1000] action=create-clusterrole name=dev resources=secrets verbs=watch,patch
[713/1000] action=cross-tenant-access context=tenant-4-user@kubernetes operation=list resource=configmap namespace=tenant-5
[714/1000] action=create-rb ns=tenant-1 name=tenant-binding group=tenant-1 role=view
[715/1000] action=cross-tenant-access context=tenant-5-user@kubernetes operation=delete resource=configmap namespace=tenant-4
[716/1000] action=delete-rb ns=tenant-3 name=tenant-binding
[717/1000] action=cross-tenant-access context=tenant-4-user@kubernetes operation=delete resource=configmap namespace=tenant-1
[718/1000] action=delete-clusterrole name=dev
[719/1000] action=create-rb ns=tenant-2 name=tenant-binding group=tenant-2 role=cluster-admin
[720/1000] action=delete-crb name=foo-global-binding
[721/1000] action=delete-clusterrole name=dev
[722/1000] action=cross-tenant-access context=tenant-3-user@kubernetes operation=patch resource=configmap namespace=tenant-5
[723/1000] action=cross-tenant-access context=tenant-2-user@kubernetes operation=delete resource=configmap namespace=tenant-1
[724/1000] action=delete-rb ns=tenant-2 name=tenant-binding
[725/1000] action=create-rb ns=tenant-3 name=tenant-binding group=tenant-3 role=edit
[726/1000] action=create-rb ns=tenant-2 name=tenant-binding group=tenant-2 role=edit
[727/1000] action=create-rb ns=tenant-2 name=tenant-binding group=tenant-2 role=edit
[728/1000] action=create-clusterrole name=dev resources=pods,secrets verbs=update,patch,delete,deletecollection,watch
[729/1000] action=delete-clusterrole name=dev
[730/1000] action=delete-clusterrole name=dev
[731/1000] action=create-crb name=foo-global-binding group=tenant-5 role=dev
[732/1000] action=create-rb ns=tenant-3 name=tenant-binding group=tenant-3 role=view
[733/1000] action=cross-tenant-access context=tenant-5-user@kubernetes operation=patch resource=configmap namespace=tenant-3
[734/1000] action=create-rb ns=tenant-3 name=tenant-binding group=tenant-3 role=edit
[735/1000] action=cross-tenant-access context=tenant-2-user@kubernetes operation=watch resource=configmap namespace=tenant-5
[736/1000] action=cross-tenant-access context=tenant-5-user@kubernetes operation=list resource=configmap namespace=tenant-2
[737/1000] action=delete-rb ns=tenant-3 name=tenant-binding
[738/1000] action=cross-tenant-access context=tenant-3-user@kubernetes operation=list resource=configmap namespace=tenant-2
[739/1000] action=cross-tenant-access context=tenant-5-user@kubernetes operation=delete resource=configmap namespace=tenant-4
[740/1000] action=delete-clusterrole name=dev
[741/1000] action=delete-crb name=foo-global-binding
[742/1000] action=delete-rb ns=tenant-3 name=tenant-binding
[743/1000] action=cross-tenant-access context=tenant-5-user@kubernetes operation=watch resource=configmap namespace=tenant-3
[744/1000] action=delete-rb ns=tenant-3 name=tenant-binding
[745/1000] action=create-crb name=foo-global-binding group=tenant-5 role=cluster-admin
[746/1000] action=delete-clusterrole name=dev
[747/1000] action=delete-clusterrole name=dev
[748/1000] action=cross-tenant-access context=tenant-5-user@kubernetes operation=patch resource=configmap namespace=tenant-1
[749/1000] action=delete-crb name=foo-global-binding
[750/1000] action=cross-tenant-access context=tenant-3-user@kubernetes operation=patch resource=configmap namespace=tenant-4
[751/1000] action=delete-rb ns=tenant-4 name=tenant-binding
[752/1000] action=delete-clusterrole name=dev
[753/1000] action=cross-tenant-access context=tenant-5-user@kubernetes operation=list resource=configmap namespace=tenant-2
[754/1000] action=create-clusterrole name=dev resources=pods verbs=update,patch
[755/1000] action=create-crb name=foo-global-binding group=tenant-2 role=view
[756/1000] action=cross-tenant-access context=tenant-4-user@kubernetes operation=patch resource=configmap namespace=tenant-1
[757/1000] action=cross-tenant-access context=tenant-4-user@kubernetes operation=patch resource=configmap namespace=tenant-1
[758/1000] action=cross-tenant-access context=tenant-1-user@kubernetes operation=watch resource=configmap namespace=tenant-3
[759/1000] action=cross-tenant-access context=tenant-2-user@kubernetes operation=list resource=configmap namespace=tenant-4
[760/1000] action=delete-rb ns=tenant-3 name=tenant-binding
[761/1000] action=create-rb ns=tenant-2 name=tenant-binding group=tenant-2 role=edit
[762/1000] action=cross-tenant-access context=tenant-2-user@kubernetes operation=list resource=configmap namespace=tenant-5
[763/1000] action=cross-tenant-access context=tenant-5-user@kubernetes operation=watch resource=configmap namespace=tenant-2
[764/1000] action=create-rb ns=tenant-5 name=tenant-binding group=tenant-5 role=cluster-admin
[765/1000] action=create-rb ns=tenant-1 name=tenant-binding group=tenant-1 role=view
[766/1000] action=create-clusterrole name=dev resources=services verbs=patch,delete,create
[767/1000] action=cross-tenant-access context=tenant-4-user@kubernetes operation=patch resource=configmap namespace=tenant-3
[768/1000] action=cross-tenant-access context=tenant-4-user@kubernetes operation=delete resource=configmap namespace=tenant-5
[769/1000] action=cross-tenant-access context=tenant-2-user@kubernetes operation=delete resource=configmap namespace=tenant-4
[770/1000] action=cross-tenant-access context=tenant-1-user@kubernetes operation=list resource=configmap namespace=tenant-2
[771/1000] action=cross-tenant-access context=tenant-1-user@kubernetes operation=list resource=configmap namespace=tenant-4
[772/1000] action=cross-tenant-access context=tenant-5-user@kubernetes operation=patch resource=configmap namespace=tenant-4
[773/1000] action=delete-crb name=foo-global-binding
[774/1000] action=delete-rb ns=tenant-4 name=tenant-binding
[775/1000] action=delete-rb ns=tenant-3 name=tenant-binding
[776/1000] action=delete-crb name=foo-global-binding
[777/1000] action=delete-clusterrole name=dev
[778/1000] action=cross-tenant-access context=tenant-4-user@kubernetes operation=patch resource=configmap namespace=tenant-2
[779/1000] action=create-crb name=foo-global-binding group=tenant-3 role=cluster-admin
[780/1000] action=cross-tenant-access context=tenant-4-user@kubernetes operation=get resource=configmap namespace=tenant-5
[781/1000] action=delete-rb ns=tenant-5 name=tenant-binding
[782/1000] action=create-rb ns=tenant-3 name=tenant-binding group=tenant-3 role=cluster-admin
[783/1000] action=create-clusterrole name=dev resources=secrets,configmaps,services verbs=list,get,deletecollection,delete,watch
[784/1000] action=create-rb ns=tenant-5 name=tenant-binding group=tenant-5 role=admin
[785/1000] action=create-clusterrole name=dev resources=secrets,configmaps,services verbs=patch,watch,create,update,list
[786/1000] action=delete-rb ns=tenant-2 name=tenant-binding
[787/1000] action=create-rb ns=tenant-3 name=tenant-binding group=tenant-3 role=dev
[788/1000] action=delete-clusterrole name=dev
[789/1000] action=cross-tenant-access context=tenant-3-user@kubernetes operation=patch resource=configmap namespace=tenant-5
[790/1000] action=cross-tenant-access context=tenant-1-user@kubernetes operation=delete resource=configmap namespace=tenant-4
[791/1000] action=cross-tenant-access context=tenant-4-user@kubernetes operation=delete resource=configmap namespace=tenant-1
[792/1000] action=create-rb ns=tenant-4 name=tenant-binding group=tenant-4 role=edit
[793/1000] action=cross-tenant-access context=tenant-3-user@kubernetes operation=get resource=configmap namespace=tenant-5
[794/1000] action=delete-rb ns=tenant-5 name=tenant-binding
[795/1000] action=create-rb ns=tenant-2 name=tenant-binding group=tenant-2 role=dev
[796/1000] action=cross-tenant-access context=tenant-3-user@kubernetes operation=patch resource=configmap namespace=tenant-1
[797/1000] action=cross-tenant-access context=tenant-1-user@kubernetes operation=list resource=configmap namespace=tenant-3
[798/1000] action=delete-crb name=foo-global-binding
[799/1000] action=cross-tenant-access context=tenant-1-user@kubernetes operation=get resource=configmap namespace=tenant-2
[800/1000] action=delete-clusterrole name=dev
[801/1000] action=cross-tenant-access context=tenant-4-user@kubernetes operation=watch resource=configmap namespace=tenant-3
[802/1000] action=cross-tenant-access context=tenant-5-user@kubernetes operation=list resource=configmap namespace=tenant-4
[803/1000] action=cross-tenant-access context=tenant-4-user@kubernetes operation=get resource=configmap namespace=tenant-3
[804/1000] action=cross-tenant-access context=tenant-5-user@kubernetes operation=watch resource=configmap namespace=tenant-4
[805/1000] action=cross-tenant-access context=tenant-2-user@kubernetes operation=list resource=configmap namespace=tenant-5
[806/1000] action=delete-rb ns=tenant-1 name=tenant-binding
[807/1000] action=create-rb ns=tenant-4 name=tenant-binding group=tenant-4 role=view
[808/1000] action=delete-crb name=foo-global-binding
[809/1000] action=create-rb ns=tenant-3 name=tenant-binding group=tenant-3 role=view
[810/1000] action=create-clusterrole name=dev resources=configmaps,services,secrets verbs=create,deletecollection
[811/1000] action=cross-tenant-access context=tenant-5-user@kubernetes operation=get resource=configmap namespace=tenant-4
[812/1000] action=create-rb ns=tenant-3 name=tenant-binding group=tenant-3 role=view
[813/1000] action=cross-tenant-access context=tenant-5-user@kubernetes operation=delete resource=configmap namespace=tenant-2
[814/1000] action=create-rb ns=tenant-1 name=tenant-binding group=tenant-1 role=admin
[815/1000] action=delete-rb ns=tenant-2 name=tenant-binding
[816/1000] action=cross-tenant-access context=tenant-4-user@kubernetes operation=patch resource=configmap namespace=tenant-1
[817/1000] action=cross-tenant-access context=tenant-2-user@kubernetes operation=watch resource=configmap namespace=tenant-4
[818/1000] action=create-rb ns=tenant-3 name=tenant-binding group=tenant-3 role=dev
[819/1000] action=cross-tenant-access context=tenant-3-user@kubernetes operation=get resource=configmap namespace=tenant-2
[820/1000] action=create-rb ns=tenant-4 name=tenant-binding group=tenant-4 role=view
[821/1000] action=delete-crb name=foo-global-binding
[822/1000] action=create-rb ns=tenant-1 name=tenant-binding group=tenant-1 role=view
[823/1000] action=cross-tenant-access context=tenant-1-user@kubernetes operation=watch resource=configmap namespace=tenant-2
[824/1000] action=cross-tenant-access context=tenant-4-user@kubernetes operation=list resource=configmap namespace=tenant-3
[825/1000] action=create-clusterrole name=dev resources=pods,services,secrets verbs=create,update
[826/1000] action=cross-tenant-access context=tenant-1-user@kubernetes operation=delete resource=configmap namespace=tenant-3
[827/1000] action=delete-rb ns=tenant-5 name=tenant-binding
[828/1000] action=create-rb ns=tenant-3 name=tenant-binding group=tenant-3 role=edit
[829/1000] action=create-clusterrole name=dev resources=pods verbs=list,update,delete
[830/1000] action=delete-rb ns=tenant-3 name=tenant-binding
[831/1000] action=cross-tenant-access context=tenant-4-user@kubernetes operation=patch resource=configmap namespace=tenant-5
[832/1000] action=delete-rb ns=tenant-1 name=tenant-binding
[833/1000] action=cross-tenant-access context=tenant-4-user@kubernetes operation=patch resource=configmap namespace=tenant-5
[834/1000] action=cross-tenant-access context=tenant-1-user@kubernetes operation=get resource=configmap namespace=tenant-5
[835/1000] action=cross-tenant-access context=tenant-3-user@kubernetes operation=patch resource=configmap namespace=tenant-5
[836/1000] action=delete-rb ns=tenant-4 name=tenant-binding
[837/1000] action=cross-tenant-access context=tenant-4-user@kubernetes operation=get resource=configmap namespace=tenant-3
[838/1000] action=create-rb ns=tenant-5 name=tenant-binding group=tenant-5 role=cluster-admin
[839/1000] action=delete-clusterrole name=dev
[840/1000] action=cross-tenant-access context=tenant-1-user@kubernetes operation=list resource=configmap namespace=tenant-2
[841/1000] action=create-rb ns=tenant-5 name=tenant-binding group=tenant-5 role=admin
[842/1000] action=cross-tenant-access context=tenant-1-user@kubernetes operation=list resource=configmap namespace=tenant-2
[843/1000] action=delete-rb ns=tenant-3 name=tenant-binding
[844/1000] action=delete-rb ns=tenant-1 name=tenant-binding
[845/1000] action=delete-crb name=foo-global-binding
[846/1000] action=cross-tenant-access context=tenant-1-user@kubernetes operation=list resource=configmap namespace=tenant-5
[847/1000] action=cross-tenant-access context=tenant-5-user@kubernetes operation=patch resource=configmap namespace=tenant-4
[848/1000] action=cross-tenant-access context=tenant-4-user@kubernetes operation=list resource=configmap namespace=tenant-1
[849/1000] action=delete-crb name=foo-global-binding
[850/1000] action=delete-rb ns=tenant-3 name=tenant-binding
[851/1000] action=delete-clusterrole name=dev
[852/1000] action=cross-tenant-access context=tenant-2-user@kubernetes operation=get resource=configmap namespace=tenant-3
[853/1000] action=create-clusterrole name=dev resources=pods,secrets verbs=get,update,delete,list
[854/1000] action=create-rb ns=tenant-1 name=tenant-binding group=tenant-1 role=view
[855/1000] action=delete-rb ns=tenant-1 name=tenant-binding
[856/1000] action=delete-rb ns=tenant-4 name=tenant-binding
[857/1000] action=cross-tenant-access context=tenant-2-user@kubernetes operation=get resource=configmap namespace=tenant-4
[858/1000] action=cross-tenant-access context=tenant-1-user@kubernetes operation=get resource=configmap namespace=tenant-2
[859/1000] action=cross-tenant-access context=tenant-2-user@kubernetes operation=list resource=configmap namespace=tenant-1
[860/1000] action=cross-tenant-access context=tenant-3-user@kubernetes operation=patch resource=configmap namespace=tenant-5
[861/1000] action=cross-tenant-access context=tenant-4-user@kubernetes operation=patch resource=configmap namespace=tenant-3
[862/1000] action=create-crb name=foo-global-binding group=tenant-3 role=edit
[863/1000] action=cross-tenant-access context=tenant-2-user@kubernetes operation=watch resource=configmap namespace=tenant-4
[864/1000] action=delete-rb ns=tenant-1 name=tenant-binding
[865/1000] action=cross-tenant-access context=tenant-5-user@kubernetes operation=watch resource=configmap namespace=tenant-1
[866/1000] action=delete-crb name=foo-global-binding
[867/1000] action=create-rb ns=tenant-1 name=tenant-binding group=tenant-1 role=dev
[868/1000] action=cross-tenant-access context=tenant-5-user@kubernetes operation=patch resource=configmap namespace=tenant-4
[869/1000] action=cross-tenant-access context=tenant-3-user@kubernetes operation=watch resource=configmap namespace=tenant-5
[870/1000] action=cross-tenant-access context=tenant-5-user@kubernetes operation=get resource=configmap namespace=tenant-4
[871/1000] action=cross-tenant-access context=tenant-3-user@kubernetes operation=watch resource=configmap namespace=tenant-2
[872/1000] action=delete-rb ns=tenant-3 name=tenant-binding
[873/1000] action=delete-clusterrole name=dev
[874/1000] action=delete-rb ns=tenant-5 name=tenant-binding
[875/1000] action=cross-tenant-access context=tenant-4-user@kubernetes operation=get resource=configmap namespace=tenant-1
[876/1000] action=cross-tenant-access context=tenant-3-user@kubernetes operation=watch resource=configmap namespace=tenant-1
[877/1000] action=create-rb ns=tenant-5 name=tenant-binding group=tenant-5 role=edit
[878/1000] action=delete-rb ns=tenant-3 name=tenant-binding
[879/1000] action=delete-rb ns=tenant-2 name=tenant-binding
[880/1000] action=cross-tenant-access context=tenant-2-user@kubernetes operation=get resource=configmap namespace=tenant-5
[881/1000] action=delete-crb name=foo-global-binding
[882/1000] action=delete-clusterrole name=dev
[883/1000] action=create-rb ns=tenant-1 name=tenant-binding group=tenant-1 role=dev
[884/1000] action=cross-tenant-access context=tenant-5-user@kubernetes operation=delete resource=configmap namespace=tenant-1
[885/1000] action=cross-tenant-access context=tenant-3-user@kubernetes operation=patch resource=configmap namespace=tenant-5
[886/1000] action=create-rb ns=tenant-2 name=tenant-binding group=tenant-2 role=edit
[887/1000] action=delete-crb name=foo-global-binding
[888/1000] action=create-crb name=foo-global-binding group=tenant-5 role=dev
[889/1000] action=delete-rb ns=tenant-4 name=tenant-binding
[890/1000] action=delete-rb ns=tenant-3 name=tenant-binding
[891/1000] action=create-rb ns=tenant-4 name=tenant-binding group=tenant-4 role=view
[892/1000] action=delete-crb name=foo-global-binding
[893/1000] action=cross-tenant-access context=tenant-4-user@kubernetes operation=delete resource=configmap namespace=tenant-1
[894/1000] action=create-rb ns=tenant-3 name=tenant-binding group=tenant-3 role=cluster-admin
[895/1000] action=cross-tenant-access context=tenant-1-user@kubernetes operation=watch resource=configmap namespace=tenant-3
[896/1000] action=create-crb name=foo-global-binding group=tenant-1 role=dev
[897/1000] action=delete-rb ns=tenant-1 name=tenant-binding
[898/1000] action=create-clusterrole name=dev resources=pods,configmaps verbs=watch,patch,deletecollection,create
[899/1000] action=create-clusterrole name=dev resources=services verbs=deletecollection,watch,patch
[900/1000] action=delete-rb ns=tenant-5 name=tenant-binding
[901/1000] action=delete-rb ns=tenant-1 name=tenant-binding
[902/1000] action=cross-tenant-access context=tenant-3-user@kubernetes operation=patch resource=configmap namespace=tenant-2
[903/1000] action=delete-clusterrole name=dev
[904/1000] action=create-rb ns=tenant-2 name=tenant-binding group=tenant-2 role=cluster-admin
[905/1000] action=cross-tenant-access context=tenant-1-user@kubernetes operation=get resource=configmap namespace=tenant-5
[906/1000] action=delete-rb ns=tenant-2 name=tenant-binding
[907/1000] action=create-clusterrole name=dev resources=pods verbs=list,update,deletecollection,delete
[908/1000] action=delete-clusterrole name=dev
[909/1000] action=create-crb name=foo-global-binding group=tenant-1 role=cluster-admin
[910/1000] action=create-rb ns=tenant-1 name=tenant-binding group=tenant-1 role=admin
[911/1000] action=create-crb name=foo-global-binding group=tenant-2 role=view
[912/1000] action=delete-clusterrole name=dev
[913/1000] action=delete-rb ns=tenant-5 name=tenant-binding
[914/1000] action=create-rb ns=tenant-5 name=tenant-binding group=tenant-5 role=admin
[915/1000] action=cross-tenant-access context=tenant-4-user@kubernetes operation=list resource=configmap namespace=tenant-5
[916/1000] action=cross-tenant-access context=tenant-4-user@kubernetes operation=delete resource=configmap namespace=tenant-5
[917/1000] action=delete-crb name=foo-global-binding
[918/1000] action=create-crb name=foo-global-binding group=tenant-3 role=admin
[919/1000] action=cross-tenant-access context=tenant-2-user@kubernetes operation=patch resource=configmap namespace=tenant-5
[920/1000] action=delete-clusterrole name=dev
[921/1000] action=delete-rb ns=tenant-5 name=tenant-binding
[922/1000] action=create-rb ns=tenant-5 name=tenant-binding group=tenant-5 role=dev
[923/1000] action=create-clusterrole name=dev resources=services,configmaps,secrets verbs=list,update,create,delete,watch
[924/1000] action=cross-tenant-access context=tenant-2-user@kubernetes operation=watch resource=configmap namespace=tenant-4
[925/1000] action=create-rb ns=tenant-3 name=tenant-binding group=tenant-3 role=edit
[926/1000] action=delete-rb ns=tenant-2 name=tenant-binding
[927/1000] action=cross-tenant-access context=tenant-1-user@kubernetes operation=watch resource=configmap namespace=tenant-5
[928/1000] action=create-rb ns=tenant-4 name=tenant-binding group=tenant-4 role=dev
[929/1000] action=delete-rb ns=tenant-2 name=tenant-binding
[930/1000] action=delete-clusterrole name=dev
[931/1000] action=cross-tenant-access context=tenant-4-user@kubernetes operation=get resource=configmap namespace=tenant-5
[932/1000] action=cross-tenant-access context=tenant-2-user@kubernetes operation=get resource=configmap namespace=tenant-1
[933/1000] action=delete-crb name=foo-global-binding
[934/1000] action=cross-tenant-access context=tenant-3-user@kubernetes operation=get resource=configmap namespace=tenant-4
[935/1000] action=delete-rb ns=tenant-5 name=tenant-binding
[936/1000] action=delete-rb ns=tenant-5 name=tenant-binding
[937/1000] action=cross-tenant-access context=tenant-1-user@kubernetes operation=get resource=configmap namespace=tenant-5
[938/1000] action=delete-rb ns=tenant-1 name=tenant-binding
[939/1000] action=cross-tenant-access context=tenant-3-user@kubernetes operation=watch resource=configmap namespace=tenant-5
[940/1000] action=cross-tenant-access context=tenant-1-user@kubernetes operation=list resource=configmap namespace=tenant-3
[941/1000] action=cross-tenant-access context=tenant-3-user@kubernetes operation=list resource=configmap namespace=tenant-4
[942/1000] action=delete-rb ns=tenant-5 name=tenant-binding
[943/1000] action=cross-tenant-access context=tenant-2-user@kubernetes operation=patch resource=configmap namespace=tenant-1
[944/1000] action=delete-rb ns=tenant-5 name=tenant-binding
[945/1000] action=create-clusterrole name=dev resources=services,secrets,configmaps verbs=get,update,create,patch,deletecollection
[946/1000] action=delete-clusterrole name=dev
[947/1000] action=create-clusterrole name=dev resources=services,pods verbs=list,create,deletecollection,delete,get
[948/1000] action=cross-tenant-access context=tenant-3-user@kubernetes operation=watch resource=configmap namespace=tenant-1
[949/1000] action=delete-rb ns=tenant-1 name=tenant-binding
[950/1000] action=cross-tenant-access context=tenant-3-user@kubernetes operation=patch resource=configmap namespace=tenant-5
[951/1000] action=cross-tenant-access context=tenant-5-user@kubernetes operation=list resource=configmap namespace=tenant-1
[952/1000] action=create-crb name=foo-global-binding group=tenant-4 role=admin
[953/1000] action=delete-rb ns=tenant-5 name=tenant-binding
[954/1000] action=cross-tenant-access context=tenant-4-user@kubernetes operation=list resource=configmap namespace=tenant-3
[955/1000] action=cross-tenant-access context=tenant-4-user@kubernetes operation=patch resource=configmap namespace=tenant-3
[956/1000] action=cross-tenant-access context=tenant-2-user@kubernetes operation=watch resource=configmap namespace=tenant-3
[957/1000] action=delete-crb name=foo-global-binding
[958/1000] action=create-rb ns=tenant-4 name=tenant-binding group=tenant-4 role=edit
[959/1000] action=cross-tenant-access context=tenant-2-user@kubernetes operation=watch resource=configmap namespace=tenant-1
[960/1000] action=create-rb ns=tenant-4 name=tenant-binding group=tenant-4 role=cluster-admin
[961/1000] action=create-crb name=foo-global-binding group=tenant-2 role=dev
[962/1000] action=cross-tenant-access context=tenant-3-user@kubernetes operation=list resource=configmap namespace=tenant-5
[963/1000] action=create-clusterrole name=dev resources=secrets,pods,services verbs=watch,deletecollection,patch
[964/1000] action=delete-clusterrole name=dev
[965/1000] action=cross-tenant-access context=tenant-5-user@kubernetes operation=delete resource=configmap namespace=tenant-4
[966/1000] action=cross-tenant-access context=tenant-5-user@kubernetes operation=list resource=configmap namespace=tenant-2
[967/1000] action=create-rb ns=tenant-3 name=tenant-binding group=tenant-3 role=admin
[968/1000] action=cross-tenant-access context=tenant-2-user@kubernetes operation=get resource=configmap namespace=tenant-3
[969/1000] action=create-rb ns=tenant-1 name=tenant-binding group=tenant-1 role=admin
[970/1000] action=create-crb name=foo-global-binding group=tenant-3 role=cluster-admin
[971/1000] action=create-rb ns=tenant-5 name=tenant-binding group=tenant-5 role=admin
[972/1000] action=create-clusterrole name=dev resources=services,configmaps verbs=list
[973/1000] action=create-rb ns=tenant-1 name=tenant-binding group=tenant-1 role=cluster-admin
[974/1000] action=create-rb ns=tenant-5 name=tenant-binding group=tenant-5 role=cluster-admin
[975/1000] action=create-clusterrole name=dev resources=services verbs=update,get,watch,create,delete
[976/1000] action=delete-crb name=foo-global-binding
[977/1000] action=cross-tenant-access context=tenant-1-user@kubernetes operation=delete resource=configmap namespace=tenant-3
[978/1000] action=create-rb ns=tenant-3 name=tenant-binding group=tenant-3 role=admin
[979/1000] action=create-rb ns=tenant-5 name=tenant-binding group=tenant-5 role=cluster-admin
[980/1000] action=create-crb name=foo-global-binding group=tenant-3 role=dev
[981/1000] action=cross-tenant-access context=tenant-4-user@kubernetes operation=watch resource=configmap namespace=tenant-3
[982/1000] action=create-clusterrole name=dev resources=pods verbs=get,watch,list
[983/1000] action=delete-rb ns=tenant-5 name=tenant-binding
[984/1000] action=cross-tenant-access context=tenant-5-user@kubernetes operation=delete resource=configmap namespace=tenant-2
[985/1000] action=delete-clusterrole name=dev
[986/1000] action=cross-tenant-access context=tenant-1-user@kubernetes operation=list resource=configmap namespace=tenant-4
[987/1000] action=cross-tenant-access context=tenant-5-user@kubernetes operation=list resource=configmap namespace=tenant-3
[988/1000] action=cross-tenant-access context=tenant-2-user@kubernetes operation=list resource=configmap namespace=tenant-4
[989/1000] action=cross-tenant-access context=tenant-4-user@kubernetes operation=patch resource=configmap namespace=tenant-2
[990/1000] action=cross-tenant-access context=tenant-4-user@kubernetes operation=list resource=configmap namespace=tenant-5
[991/1000] action=delete-clusterrole name=dev
[992/1000] action=create-crb name=foo-global-binding group=tenant-3 role=admin
[993/1000] action=cross-tenant-access context=tenant-4-user@kubernetes operation=list resource=configmap namespace=tenant-5
[994/1000] action=create-clusterrole name=dev resources=configmaps,pods verbs=patch,update,deletecollection
[995/1000] action=delete-rb ns=tenant-3 name=tenant-binding
[996/1000] action=create-clusterrole name=dev resources=services verbs=get,update,deletecollection,create
[997/1000] action=cross-tenant-access context=tenant-4-user@kubernetes operation=patch resource=configmap namespace=tenant-5
[998/1000] action=create-clusterrole name=dev resources=configmaps verbs=watch,delete
[999/1000] action=cross-tenant-access context=tenant-5-user@kubernetes operation=watch resource=configmap namespace=tenant-3
[1000/1000] action=delete-clusterrole name=dev
