[1/1000] action=cross-tenant-access context=tenant-3-user@kubernetes operation=patch resource=configmap namespace=tenant-1
[2/1000] action=create-clusterrole name=dev resources=pods,configmaps,secrets verbs=list,create
[3/1000] action=delete-rb ns=tenant-5 name=tenant-binding
[4/1000] action=create-crb name=foo-global-binding group=tenant-1 role=view
[5/1000] action=delete-rb ns=tenant-6 name=tenant-binding
[6/1000] action=cross-tenant-access context=tenant-4-user@kubernetes operation=list resource=configmap namespace=tenant-2
[7/1000] action=cross-tenant-access context=tenant-1-user@kubernetes operation=list resource=configmap namespace=tenant-6
[8/1000] action=create-rb ns=tenant-9 name=tenant-binding group=tenant-9 role=edit
[9/1000] action=delete-rb ns=tenant-6 name=tenant-binding
[10/1000] action=delete-clusterrole name=dev
[11/1000] action=cross-tenant-access context=tenant-1-user@kubernetes operation=get resource=configmap namespace=tenant-4
[12/1000] action=create-crb name=foo-global-binding group=tenant-8 role=edit
[13/1000] action=delete-clusterrole name=dev
[14/1000] action=cross-tenant-access context=tenant-4-user@kubernetes operation=watch resource=configmap namespace=tenant-5
[15/1000] action=cross-tenant-access context=tenant-9-user@kubernetes operation=watch resource=configmap namespace=tenant-1
[16/1000] action=cross-tenant-access context=tenant-3-user@kubernetes operation=list resource=configmap namespace=tenant-8
[17/1000] action=delete-clusterrole name=dev
[18/1000] action=delete-crb name=foo-global-binding
[19/1000] action=create-clusterrole name=dev resources=pods verbs=patch,get,create,watch,list
[20/1000] action=delete-clusterrole name=dev
[21/1000] action=cross-tenant-access context=tenant-3-user@kubernetes operation=list resource=configmap namespace=tenant-6
[22/1000] action=create-rb ns=tenant-4 name=tenant-binding group=tenant-4 role=view
[23/1000] action=delete-rb ns=tenant-10 name=tenant-binding
[24/1000] action=delete-rb ns=tenant-10 name=tenant-binding
[25/1000] action=delete-rb ns=tenant-10 name=tenant-binding
[26/1000] action=cross-tenant-access context=tenant-8-user@kubernetes operation=patch resource=configmap namespace=tenant-6
[27/1000] action=delete-rb ns=tenant-2 name=tenant-binding
[28/1000] action=cross-tenant-access context=tenant-5-user@kubernetes operation=delete resource=configmap namespace=tenant-2
[29/1000] action=cross-tenant-access context=tenant-2-user@kubernetes operation=get resource=configmap namespace=tenant-10
[30/1000] action=cross-tenant-access context=tenant-7-user@kubernetes operation=watch resource=configmap namespace=tenant-1
[31/1000] action=cross-tenant-access context=tenant-5-user@kubernetes operation=patch resource=configmap namespace=tenant-2
[32/1000] action=cross-tenant-access context=tenant-1-user@kubernetes operation=watch resource=configmap namespace=tenant-2
[33/1000] action=create-clusterrole name=dev resources=services,configmaps verbs=patch,update,create
[34/1000] action=cross-tenant-access context=tenant-4-user@kubernetes operation=patch resource=configmap namespace=tenant-2
[35/1000] action=create-clusterrole name=dev resources=configmaps verbs=deletecollection,list,watch
[36/1000] action=create-rb ns=tenant-9 name=tenant-binding group=tenant-9 role=view
[37/1000] action=create-crb name=foo-global-binding group=tenant-8 role=view
[38/1000] action=cross-tenant-access context=tenant-6-user@kubernetes operation=patch resource=configmap namespace=tenant-9
[39/1000] action=create-rb ns=tenant-5 name=tenant-binding group=tenant-5 role=dev
[40/1000] action=create-clusterrole name=dev resources=configmaps,pods verbs=get,update
[41/1000] action=cross-tenant-access context=tenant-9-user@kubernetes operation=patch resource=configmap namespace=tenant-8
[42/1000] action=cross-tenant-access context=tenant-3-user@kubernetes operation=get resource=configmap namespace=tenant-5
[43/1000] action=cross-tenant-access context=tenant-7-user@kubernetes operation=get resource=configmap namespace=tenant-5
[44/1000] action=create-crb name=foo-global-binding group=tenant-8 role=edit
[45/1000] action=delete-crb name=foo-global-binding
[46/1000] action=delete-clusterrole name=dev
[47/1000] action=delete-rb ns=tenant-9 name=tenant-binding
[48/1000] action=create-rb ns=tenant-4 name=tenant-binding group=tenant-4 role=edit
[49/1000] action=create-crb name=foo-global-binding group=tenant-5 role=admin
[50/1000] action=delete-clusterrole name=dev
[51/1000] action=cross-tenant-access context=tenant-7-user@kubernetes operation=patch resource=configmap namespace=tenant-5
[52/1000] action=delete-rb ns=tenant-2 name=tenant-binding
[53/1000] action=cross-tenant-access context=tenant-3-user@kubernetes operation=get resource=configmap namespace=tenant-7
[54/1000] action=cross-tenant-access context=tenant-8-user@kubernetes operation=get resource=configmap namespace=tenant-4
[55/1000] action=cross-tenant-access context=tenant-2-user@kubernetes operation=patch resource=configmap namespace=tenant-6
[56/1000] action=delete-rb ns=tenant-6 name=tenant-binding
[57/1000] action=create-rb ns=tenant-9 name=tenant-binding group=tenant-9 role=edit
[58/1000] action=delete-clusterrole name=dev
[59/1000] action=cross-tenant-access context=tenant-8-user@kubernetes operation=watch resource=configmap namespace=tenant-10
[60/1000] action=delete-crb name=foo-global-binding
[61/1000] action=cross-tenant-access context=tenant-5-user@kubernetes operation=patch resource=configmap namespace=tenant-9
[62/1000] action=create-rb ns=tenant-5 name=tenant-binding group=tenant-5 role=admin
[63/1000] action=create-rb ns=tenant-10 name=tenant-binding group=tenant-10 role=admin
[64/1000] action=cross-tenant-access context=tenant-8-user@kubernetes operation=watch resource=configmap namespace=tenant-3
[65/1000] action=cross-tenant-access context=tenant-3-user@kubernetes operation=watch resource=configmap namespace=tenant-7
[66/1000] action=cross-tenant-access context=tenant-10-user@kubernetes operation=get resource=configmap namespace=tenant-5
[67/1000] action=cross-tenant-access context=tenant-1-user@kubernetes operation=list resource=configmap namespace=tenant-2
[68/1000] action=cross-tenant-access context=tenant-3-user@kubernetes operation=list resource=configmap namespace=tenant-6
[69/1000] action=cross-tenant-access context=tenant-9-user@kubernetes operation=get resource=configmap namespace=tenant-4
[70/1000] action=cross-tenant-access context=tenant-2-user@kubernetes operation=watch resource=configmap namespace=tenant-10
[71/1000] action=delete-crb name=foo-global-binding
[72/1000] action=create-clusterrole name=dev resources=configmaps verbs=watch,get,delete
[73/1000] action=cross-tenant-access context=tenant-7-user@kubernetes operation=patch resource=configmap namespace=tenant-8
[74/1000] action=create-crb name=foo-global-binding group=tenant-7 role=view
[75/1000] action=cross-tenant-access context=tenant-9-user@kubernetes operation=patch resource=configmap namespace=tenant-3
[76/1000] action=delete-rb ns=tenant-6 name=tenant-binding
[77/1000] action=create-rb ns=tenant-2 name=tenant-binding group=tenant-2 role=view
[78/1000] action=delete-crb name=foo-global-binding
[79/1000] action=cross-tenant-access context=tenant-10-user@kubernetes operation=patch resource=configmap namespace=tenant-7
[80/1000] action=create-rb ns=tenant-2 name=tenant-binding group=tenant-2 role=edit
[81/1000] action=cross-tenant-access context=tenant-8-user@kubernetes operation=delete resource=configmap namespace=tenant-5
[82/1000] action=create-crb name=foo-global-binding group=tenant-1 role=edit
[83/1000] action=create-rb ns=tenant-4 name=tenant-binding group=tenant-4 role=edit
[84/1000] action=delete-rb ns=tenant-2 name=tenant-binding
[85/1000] action=create-rb ns=tenant-9 name=tenant-binding group=tenant-9 role=admin
[86/1000] action=create-rb ns=tenant-9 name=tenant-binding group=tenant-9 role=cluster-admin
[87/1000] action=delete-clusterrole name=dev
[88/1000] action=cross-tenant-access context=tenant-5-user@kubernetes operation=get resource=configmap namespace=tenant-4
[89/1000] action=cross-tenant-access context=tenant-1-user@kubernetes operation=list resource=configmap namespace=tenant-2
[90/1000] action=create-rb ns=tenant-8 name=tenant-binding group=tenant-8 role=dev
[91/1000] action=cross-tenant-access context=tenant-3-user@kubernetes operation=list resource=configmap namespace=tenant-8
[92/1000] action=cross-tenant-access context=tenant-8-user@kubernetes operation=delete resource=configmap namespace=tenant-2
[93/1000] action=cross-tenant-access context=tenant-1-user@kubernetes operation=get resource=configmap namespace=tenant-8
[94/1000] action=cross-tenant-access context=tenant-9-user@kubernetes operation=get resource=configmap namespace=tenant-7
[95/1000] action=cross-tenant-access context=tenant-1-user@kubernetes operation=delete resource=configmap namespace=tenant-3
[96/1000] action=cross-tenant-access context=tenant-2-user@kubernetes operation=get resource=configmap namespace=tenant-8
[97/1000] action=delete-rb ns=tenant-4 name=tenant-binding
[98/1000] action=cross-tenant-access context=tenant-10-user@kubernetes operation=list resource=configmap namespace=tenant-8
[99/1000] action=cross-tenant-access context=tenant-1-user@kubernetes operation=watch resource=configmap namespace=tenant-5
[100/1000] action=cross-tenant-access context=tenant-7-user@kubernetes operation=list resource=configmap namespace=tenant-8
[101/1000] action=delete-rb ns=tenant-1 name=tenant-binding
[102/1000] action=delete-crb name=foo-global-binding
[103/1000] action=cross-tenant-access context=tenant-7-user@kubernetes operation=delete resource=configmap namespace=tenant-4
[104/1000] action=cross-tenant-access context=tenant-9-user@kubernetes operation=get resource=configmap namespace=tenant-5
[105/1000] action=delete-clusterrole name=dev
[106/1000] action=cross-tenant-access context=tenant-5-user@kubernetes operation=delete resource=configmap namespace=tenant-2
[107/1000] action=delete-rb ns=tenant-6 name=tenant-binding
[108/1000] action=cross-tenant-access context=tenant-3-user@kubernetes operation=watch resource=configmap namespace=tenant-2
[109/1000] action=cross-tenant-access context=tenant-6-user@kubernetes operation=list resource=configmap namespace=tenant-7
[110/1000] action=delete-rb ns=tenant-2 name=tenant-binding
[111/1000] action=delete-crb name=foo-global-binding
[112/1000] action=cross-tenant-access context=tenant-10-user@kubernetes operation=delete resource=configmap namespace=tenant-9
[113/1000] action=create-rb ns=tenant-2 name=tenant-binding group=tenant-2 role=cluster-admin
[114/1000] action=create-clusterrole name=dev resources=services,configmaps,pods verbs=get,create
[115/1000] action=cross-tenant-access context=tenant-3-user@kubernetes operation=watch resource=configmap namespace=tenant-10
[116/1000] action=cross-tenant-access context=tenant-10-user@kubernetes operation=list resource=configmap namespace=tenant-3
[117/1000] action=delete-rb ns=tenant-4 name=tenant-binding
[118/1000] action=cross-tenant-access context=tenant-9-user@kubernetes operation=delete resource=configmap namespace=tenant-3
[119/1000] action=cross-tenant-access context=tenant-3-user@kubernetes operation=watch resource=configmap namespace=tenant-2
[120/1000] action=cross-tenant-access context=tenant-1-user@kubernetes operation=delete resource=configmap namespace=tenant-7
[121/1000] action=cross-tenant-access context=tenant-2-user@kubernetes operation=watch resource=configmap namespace=tenant-1
[122/1000] action=cross-tenant-access context=tenant-4-user@kubernetes operation=patch resource=configmap namespace=tenant-1
[123/1000] action=create-rb ns=tenant-7 name=tenant-binding group=tenant-7 role=dev
[124/1000] action=cross-tenant-access context=tenant-9-user@kubernetes operation=watch resource=configmap namespace=tenant-10
[125/1000] action=cross-tenant-access context=tenant-7-user@kubernetes operation=list resource=configmap namespace=tenant-4
[126/1000] action=create-crb name=foo-global-binding group=tenant-6 role=cluster-admin
[127/1000] action=create-clusterrole name=dev resources=secrets verbs=get,delete,create,update
[128/1000] action=cross-tenant-access context=tenant-3-user@kubernetes operation=watch resource=configmap namespace=tenant-7
[129/1000] action=cross-tenant-access context=tenant-2-user@kubernetes operation=get resource=configmap namespace=tenant-5
[130/1000] action=delete-rb ns=tenant-3 name=tenant-binding
[131/1000] action=create-rb ns=tenant-1 name=tenant-binding group=tenant-1 role=admin
[132/1000] action=delete-rb ns=tenant-1 name=tenant-binding
[133/1000] action=cross-tenant-access context=tenant-6-user@kubernetes operation=list resource=configmap namespace=tenant-7
[134/1000] action=create-clusterrole name=dev resources=secrets verbs=create,watch
[135/1000] action=create-clusterrole name=dev resources=pods,configmaps verbs=create,update
[136/1000] action=delete-clusterrole name=dev
[137/1000] action=cross-tenant-access context=tenant-3-user@kubernetes operation=watch resource=configmap namespace=tenant-4
[138/1000] action=delete-crb name=foo-global-binding
[139/1000] action=cross-tenant-access context=tenant-5-user@kubernetes operation=get resource=configmap namespace=tenant-2
[140/1000] action=create-rb ns=tenant-2 name=tenant-binding group=tenant-2 role=cluster-admin
[141/1000] action=delete-rb ns=tenant-1 name=tenant-binding
[142/1000] action=create-crb name=foo-global-binding group=tenant-7 role=admin
[143/1000] action=delete-rb ns=tenant-4 name=tenant-binding
[144/1000] action=create-rb ns=tenant-7 name=tenant-binding group=tenant-7 role=cluster-admin
[145/1000] action=delete-rb ns=tenant-4 name=tenant-binding
[146/1000] action=cross-tenant-access context=tenant-3-user@kubernetes operation=get resource=configmap namespace=tenant-6
[147/1000] action=cross-tenant-access context=tenant-1-user@kubernetes operation=get resource=configmap namespace=tenant-7
[148/1000] action=delete-rb ns=tenant-9 name=tenant-binding
[149/1000] action=cross-tenant-access context=tenant-10-user@kubernetes operation=patch resource=configmap namespace=tenant-8
[150/1000] action=create-rb ns=tenant-3 name=tenant-binding group=tenant-3 role=dev
[151/1000] action=create-rb ns=tenant-1 name=tenant-binding group=tenant-1 role=admin
[152/1000] action=create-rb ns=tenant-8 name=tenant-binding group=tenant-8 role=edit
[153/1000] action=create-rb ns=tenant-8 name=tenant-binding group=tenant-8 role=cluster-admin
[154/1000] action=delete-rb ns=tenant-1 name=tenant-binding
[155/1000] action=delete-clusterrole name=dev
[156/1000] action=delete-crb name=foo-global-binding
[157/1000] action=delete-crb name=foo-global-binding
[158/1000] action=cross-tenant-access context=tenant-2-user@kubernetes operation=delete resource=configmap namespace=tenant-9
[159/1000] action=cross-tenant-access context=tenant-7-user@kubernetes operation=get resource=configmap namespace=tenant-4
[160/1000] action=delete-rb ns=tenant-1 name=tenant-binding
[161/1000] action=cross-tenant-access context=tenant-5-user@kubernetes operation=delete resource=configmap namespace=tenant-6
[162/1000] action=create-rb ns=tenant-8 name=tenant-binding group=tenant-8 role=cluster-admin
[163/1000] action=delete-rb ns=tenant-1 name=tenant-binding
[164/1000] action=delete-crb name=foo-global-binding
[165/1000] action=create-crb name=foo-global-binding group=tenant-3 role=cluster-admin
[166/1000] action=delete-rb ns=tenant-8 name=tenant-binding
[167/1000] action=delete-rb ns=tenant-8 name=tenant-binding
[168/1000] action=cross-tenant-access context=tenant-3-user@kubernetes operation=get resource=configmap namespace=tenant-5
[169/1000] action=cross-tenant-access context=tenant-1-user@kubernetes operation=watch resource=configmap namespace=tenant-7
[170/1000] action=cross-tenant-access context=tenant-7-user@kubernetes operation=get resource=configmap namespace=tenant-5
[171/1000] action=create-rb ns=tenant-3 name=tenant-binding group=tenant-3 role=dev
[172/1000] action=delete-clusterrole name=dev
[173/1000] action=cross-tenant-access context=tenant-8-user@kubernetes operation=delete resource=configmap namespace=tenant-6
[174/1000] action=cross-tenant-access context=tenant-10-user@kubernetes operation=get resource=configmap namespace=tenant-5
[175/1000] action=cross-tenant-access context=tenant-6-user@kubernetes operation=list resource=configmap namespace=tenant-10
[176/1000] action=create-rb ns=tenant-4 name=tenant-binding group=tenant-4 role=admin
[177/1000] action=create-rb ns=tenant-5 name=tenant-binding group=tenant-5 role=view
[178/1000] action=create-rb ns=tenant-8 name=tenant-binding group=tenant-8 role=dev
[179/1000] action=create-rb ns=tenant-7 name=tenant-binding group=tenant-7 role=admin
[180/1000] action=delete-rb ns=tenant-9 name=tenant-binding
[181/1000] action=cross-tenant-access context=tenant-3-user@kubernetes operation=list resource=configmap namespace=tenant-5
[182/1000] action=delete-clusterrole name=dev
[183/1000] action=cross-tenant-access context=tenant-3-user@kubernetes operation=delete resource=configmap namespace=tenant-6
[184/1000] action=create-crb name=foo-global-binding group=tenant-8 role=admin
[185/1000] action=cross-tenant-access context=tenant-6-user@kubernetes operation=patch resource=configmap namespace=tenant-2
[186/1000] action=delete-crb name=foo-global-binding
[187/1000] action=create-crb name=foo-global-binding group=tenant-8 role=dev
[188/1000] action=create-rb ns=tenant-2 name=tenant-binding group=tenant-2 role=cluster-admin
[189/1000] action=create-rb ns=tenant-2 name=tenant-binding group=tenant-2 role=dev
[190/1000] action=cross-tenant-access context=tenant-2-user@kubernetes operation=patch resource=configmap namespace=tenant-1
[191/1000] action=create-rb ns=tenant-6 name=tenant-binding group=tenant-6 role=admin
[192/1000] action=delete-clusterrole name=dev
[193/1000] action=delete-crb name=foo-global-binding
[194/1000] action=cross-tenant-access context=tenant-2-user@kubernetes operation=list resource=configmap namespace=tenant-4
[195/1000] action=delete-rb ns=tenant-5 name=tenant-binding
[196/1000] action=delete-rb ns=tenant-9 name=tenant-binding
[197/1000] action=delete-rb ns=tenant-10 name=tenant-binding
[198/1000] action=create-crb name=foo-global-binding group=tenant-5 role=cluster-admin
[199/1000] action=cross-tenant-access context=tenant-4-user@kubernetes operation=list resource=configmap namespace=tenant-7
[200/1000] action=delete-rb ns=tenant-4 name=tenant-binding
[201/1000] action=create-rb ns=tenant-10 name=tenant-binding group=tenant-10 role=dev
[202/1000] action=cross-tenant-access context=tenant-1-user@kubernetes operation=watch resource=configmap namespace=tenant-9
[203/1000] action=create-crb name=foo-global-binding group=tenant-5 role=edit
[204/1000] action=create-crb name=foo-global-binding group=tenant-7 role=cluster-admin
[205/1000] action=create-crb name=foo-global-binding group=tenant-2 role=cluster-admin
[206/1000] action=delete-rb ns=tenant-8 name=tenant-binding
[207/1000] action=cross-tenant-access context=tenant-4-user@kubernetes operation=list resource=configmap namespace=tenant-2
[208/1000] action=create-clusterrole name=dev resources=services,secrets verbs=update,get,list
[209/1000] action=delete-rb ns=tenant-7 name=tenant-binding
[210/1000] action=delete-clusterrole name=dev
[211/1000] action=cross-tenant-access context=tenant-1-user@kubernetes operation=get resource=configmap namespace=tenant-5
[212/1000] action=cross-tenant-access context=tenant-7-user@kubernetes operation=watch resource=configmap namespace=tenant-9
[213/1000] action=cross-tenant-access context=tenant-6-user@kubernetes operation=list resource=configmap namespace=tenant-1
[214/1000] action=delete-crb name=foo-global-binding
[215/1000] action=create-clusterrole name=dev resources=pods verbs=update,get,create,patch
[216/1000] action=create-rb ns=tenant-2 name=tenant-binding group=tenant-2 role=edit
[217/1000] action=cross-tenant-access context=tenant-10-user@kubernetes operation=get resource=configmap namespace=tenant-9
[218/1000] action=delete-rb ns=tenant-1 name=tenant-binding
[219/1000] action=delete-rb ns=tenant-8 name=tenant-binding
[220/1000] action=delete-clusterrole name=dev
[221/1000] action=create-rb ns=tenant-7 name=tenant-binding group=tenant-7 role=admin
[222/1000] action=create-rb ns=tenant-6 name=tenant-binding group=tenant-6 role=admin
[223/1000] action=cross-tenant-access context=tenant-4-user@kubernetes operation=get resource=configmap namespace=tenant-1
[224/1000] action=create-clusterrole name=dev resources=configmaps,secrets verbs=create,deletecollection,list,patch,delete
[225/1000] action=cross-tenant-access context=tenant-2-user@kubernetes operation=patch resource=configmap namespace=tenant-10
[226/1000] action=delete-rb ns=tenant-3 name=tenant-binding
[227/1000] action=cross-tenant-access context=tenant-4-user@kubernetes operation=patch resource=configmap namespace=tenant-7
[228/1000] action=delete-rb ns=tenant-3 name=tenant-binding
[229/1000] action=cross-tenant-access context=tenant-9-user@kubernetes operation=patch resource=configmap namespace=tenant-4
[230/1000] action=cross-tenant-access context=tenant-3-user@kubernetes operation=list resource=configmap namespace=tenant-8
[231/1000] action=delete-rb ns=tenant-4 name=tenant-binding
[232/1000] action=create-clusterrole name=dev resources=secrets verbs=list,deletecollection,delete,get,create
[233/1000] action=create-clusterrole name=dev resources=configmaps,secrets verbs=list,patch,create,get
[234/1000] action=cross-tenant-access context=tenant-10-user@kubernetes operation=watch resource=configmap namespace=tenant-6
[235/1000] action=cross-tenant-access context=tenant-3-user@kubernetes operation=watch resource=configmap namespace=tenant-5
[236/1000] action=cross-tenant-access context=tenant-7-user@kubernetes operation=delete resource=configmap namespace=tenant-9
[237/1000] action=cross-tenant-access context=tenant-3-user@kubernetes operation=delete resource=configmap namespace=tenant-9
[238/1000] action=delete-clusterrole name=dev
[239/1000] action=delete-rb ns=tenant-5 name=tenant-binding
[240/1000] action=cross-tenant-access context=tenant-9-user@kubernetes operation=watch resource=configmap namespace=tenant-5
[241/1000] action=create-clusterrole name=dev resources=secrets,services verbs=update,patch
[242/1000] action=delete-rb ns=tenant-3 name=tenant-binding
[243/1000] action=create-rb ns=tenant-5 name=tenant-binding group=tenant-5 role=view
[244/1000] action=create-clusterrole name=dev resources=secrets,services verbs=list,get
[245/1000] action=cross-tenant-access context=tenant-1-user@kubernetes operation=patch resource=configmap namespace=tenant-2
[246/1000] action=delete-crb name=foo-global-binding
[247/1000] action=create-rb ns=tenant-5 name=tenant-binding group=tenant-5 role=view
[248/1000] action=create-rb ns=tenant-1 name=tenant-binding group=tenant-1 role=cluster-admin
[249/1000] action=create-crb name=foo-global-binding group=tenant-4 role=admin
[250/1000] action=create-rb ns=tenant-8 name=tenant-binding group=tenant-8 role=view
[251/1000] action=delete-rb ns=tenant-3 name=tenant-binding
[252/1000] action=delete-crb name=foo-global-binding
[253/1000] action=cross-tenant-access context=tenant-9-user@kubernetes operation=delete resource=configmap namespace=tenant-6
[254/1000] action=cross-tenant-access context=tenant-3-user@kubernetes operation=list resource=configmap namespace=tenant-10
[255/1000] action=delete-clusterrole name=dev
[256/1000] action=cross-tenant-access context=tenant-10-user@kubernetes operation=watch resource=configmap namespace=tenant-7
[257/1000] action=cross-tenant-access context=tenant-2-user@kubernetes operation=delete resource=configmap namespace=tenant-9
[258/1000] action=delete-rb ns=tenant-3 name=tenant-binding
[259/1000] action=cross-tenant-access context=tenant-10-user@kubernetes operation=patch resource=configmap namespace=tenant-4
[260/1000] action=delete-crb name=foo-global-binding
[261/1000] action=delete-rb ns=tenant-7 name=tenant-binding
[262/1000] action=create-rb ns=tenant-10 name=tenant-binding group=tenant-10 role=admin
[263/1000] action=create-rb ns=tenant-8 name=tenant-binding group=tenant-8 role=cluster-admin
[264/1000] action=delete-rb ns=tenant-10 name=tenant-binding
[265/1000] action=delete-rb ns=tenant-9 name=tenant-binding
[266/1000] action=delete-crb name=foo-global-binding
[267/1000] action=cross-tenant-access context=tenant-1-user@kubernetes operation=patch resource=configmap namespace=tenant-7
[268/1000] action=delete-rb ns=tenant-10 name=tenant-binding
[269/1000] action=cross-tenant-access context=tenant-1-user@kubernetes operation=delete resource=configmap namespace=tenant-4
[270/1000] action=cross-tenant-access context=tenant-2-user@kubernetes operation=patch resource=configmap namespace=tenant-4
[271/1000] action=create-crb name=foo-global-binding group=tenant-2 role=cluster-admin
[272/1000] action=delete-rb ns=tenant-7 name=tenant-binding
[273/1000] action=delete-crb name=foo-global-binding
[274/1000] action=delete-rb ns=tenant-8 name=tenant-binding
[275/1000] action=delete-clusterrole name=dev
[276/1000] action=delete-rb ns=tenant-2 name=tenant-binding
[277/1000] action=cross-tenant-access context=tenant-10-user@kubernetes operation=watch resource=configmap namespace=tenant-4
[278/1000] action=delete-crb name=foo-global-binding
[279/1000] action=create-crb name=foo-global-binding group=tenant-6 role=cluster-admin
[280/1000] action=cross-tenant-access context=tenant-9-user@kubernetes operation=list resource=configmap namespace=tenant-2
[281/1000] action=cross-tenant-access context=tenant-1-user@kubernetes operation=delete resource=configmap namespace=tenant-8
[282/1000] action=cross-tenant-access context=tenant-3-user@kubernetes operation=list resource=configmap namespace=tenant-2
[283/1000] action=delete-rb ns=tenant-7 name=tenant-binding
[284/1000] action=create-crb name=foo-global-binding group=tenant-9 role=edit
[285/1000] action=cross-tenant-access context=tenant-9-user@kubernetes operation=list resource=configmap namespace=tenant-1
[286/1000] action=cross-tenant-access context=tenant-5-user@kubernetes operation=watch resource=configmap namespace=tenant-4
[287/1000] action=delete-rb ns=tenant-4 name=tenant-binding
[288/1000] action=create-rb ns=tenant-1 name=tenant-binding group=tenant-1 role=cluster-admin
[289/1000] action=cross-tenant-access context=tenant-4-user@kubernetes operation=delete resource=configmap namespace=tenant-6
[290/1000] action=delete-crb name=foo-global-binding
[291/1000] action=delete-rb ns=tenant-3 name=tenant-binding
[292/1000] action=cross-tenant-access context=tenant-3-user@kubernetes operation=watch resource=configmap namespace=tenant-1
[293/1000] action=delete-crb name=foo-global-binding
[294/1000] action=create-clusterrole name=dev resources=services verbs=get,patch
[295/1000] action=delete-crb name=foo-global-binding
[296/1000] action=create-crb name=foo-global-binding group=tenant-5 role=admin
[297/1000] action=create-rb ns=tenant-10 name=tenant-binding group=tenant-10 role=view
[298/1000] action=cross-tenant-access context=tenant-8-user@kubernetes operation=delete resource=configmap namespace=tenant-7
[299/1000] action=create-clusterrole name=dev resources=secrets,services verbs=delete,get,list,create,patch
[300/1000] action=create-clusterrole name=dev resources=configmaps,services,pods verbs=list,patch,update,get,create
[301/1000] action=delete-clusterrole name=dev
[302/1000] action=create-crb name=foo-global-binding group=tenant-6 role=cluster-admin
[303/1000] action=cross-tenant-access context=tenant-9-user@kubernetes operation=watch resource=configmap namespace=tenant-4
[304/1000] action=cross-tenant-access context=tenant-4-user@kubernetes operation=get resource=configmap namespace=tenant-3
[305/1000] action=delete-clusterrole name=dev
[306/1000] action=delete-crb name=foo-global-binding
[307/1000] action=delete-rb ns=tenant-4 name=tenant-binding
[308/1000] action=delete-rb ns=tenant-6 name=tenant-binding
[309/1000] action=cross-tenant-access context=tenant-7-user@kubernetes operation=delete resource=configmap namespace=tenant-3
[310/1000] action=create-clusterrole name=dev resources=configmaps,services,pods verbs=patch,watch
[311/1000] action=cross-tenant-access context=tenant-3-user@kubernetes operation=get resource=configmap namespace=tenant-4
[312/1000] action=cross-tenant-access context=tenant-5-user@kubernetes operation=patch resource=configmap namespace=tenant-9
[313/1000] action=delete-clusterrole name=dev
[314/1000] action=cross-tenant-access context=tenant-8-user@kubernetes operation=patch resource=configmap namespace=tenant-9
[315/1000] action=cross-tenant-access context=tenant-1-user@kubernetes operation=watch resource=configmap namespace=tenant-9
[316/1000] action=delete-clusterrole name=dev
[317/1000] action=delete-clusterrole name=dev
[318/1000] action=delete-crb name=foo-global-binding
[319/1000] action=delete-rb ns=tenant-1 name=tenant-binding
[320/1000] action=delete-clusterrole name=dev
[321/1000] action=cross-tenant-access context=tenant-10-user@kubernetes operation=list resource=configmap namespace=tenant-7
[322/1000] action=cross-tenant-access context=tenant-3-user@kubernetes operation=watch resource=configmap namespace=tenant-8
[323/1000] action=cross-tenant-access context=tenant-7-user@kubernetes operation=delete resource=configmap namespace=tenant-6
[324/1000] action=delete-clusterrole name=dev
[325/1000] action=create-clusterrole name=dev resources=configmaps verbs=update,patch
[326/1000] action=delete-rb ns=tenant-7 name=tenant-binding
[327/1000] action=create-rb ns=tenant-10 name=tenant-binding group=tenant-10 role=cluster-admin
[328/1000] action=create-rb ns=tenant-9 name=tenant-binding group=tenant-9 role=dev
[329/1000] action=create-clusterrole name=dev resources=services,pods,secrets verbs=patch,delete,watch,update
[330/1000] action=delete-clusterrole name=dev
[331/1000] action=delete-clusterrole name=dev
[332/1000] action=cross-tenant-access context=tenant-3-user@kubernetes operation=patch resource=configmap namespace=tenant-4
[333/1000] action=cross-tenant-access context=tenant-6-user@kubernetes operation=patch resource=configmap namespace=tenant-1
[334/1000] action=create-rb ns=tenant-10 name=tenant-binding group=tenant-10 role=view
[335/1000] action=create-crb name=foo-global-binding group=tenant-8 role=view
[336/1000] action=cross-tenant-access context=tenant-9-user@kubernetes operation=list resource=configmap namespace=tenant-5
[337/1000] action=cross-tenant-access context=tenant-9-user@kubernetes operation=delete resource=configmap namespace=tenant-7
[338/1000] action=create-crb name=foo-global-binding group=tenant-1 role=cluster-admin
[339/1000] action=delete-crb name=foo-global-binding
[340/1000] action=delete-clusterrole name=dev
[341/1000] action=cross-tenant-access context=tenant-3-user@kubernetes operation=delete resource=configmap namespace=tenant-1
[342/1000] action=cross-tenant-access context=tenant-10-user@kubernetes operation=list resource=configmap namespace=tenant-6
[343/1000] action=cross-tenant-access context=tenant-2-user@kubernetes operation=delete resource=configmap namespace=tenant-3
[344/1000] action=cross-tenant-access context=tenant-2-user@kubernetes operation=delete resource=configmap namespace=tenant-4
[345/1000] action=delete-clusterrole name=dev
[346/1000] action=delete-rb ns=tenant-10 name=tenant-binding
[347/1000] action=delete-clusterrole name=dev
[348/1000] action=cross-tenant-access context=tenant-1-user@kubernetes operation=watch resource=configmap namespace=tenant-2
[349/1000] action=create-rb ns=tenant-7 name=tenant-binding group=tenant-7 role=edit
[350/1000] action=delete-rb ns=tenant-10 name=tenant-binding
[351/1000] action=cross-tenant-access context=tenant-1-user@kubernetes operation=list resource=configmap namespace=tenant-2
[352/1000] action=cross-tenant-access context=tenant-2-user@kubernetes operation=list resource=configmap namespace=tenant-9
[353/1000] action=delete-crb name=foo-global-binding
[354/1000] action=delete-rb ns=tenant-9 name=tenant-binding
[355/1000] action=delete-rb ns=tenant-9 name=tenant-binding
[356/1000] action=cross-tenant-access context=tenant-3-user@kubernetes operation=list resource=configmap namespace=tenant-5
[357/1000] action=delete-rb ns=tenant-1 name=tenant-binding
[358/1000] action=create-rb ns=tenant-9 name=tenant-binding group=tenant-9 role=cluster-admin
[359/1000] action=cross-tenant-access context=tenant-1-user@kubernetes operation=list resource=configmap namespace=tenant-4
[360/1000] action=delete-clusterrole name=dev
[361/1000] action=cross-tenant-access context=tenant-1-user@kubernetes operation=delete resource=configmap namespace=tenant-2
[362/1000] action=delete-rb ns=tenant-2 name=tenant-binding
[363/1000] action=delete-crb name=foo-global-binding
[364/1000] action=cross-tenant-access context=tenant-3-user@kubernetes operation=watch resource=configmap namespace=tenant-6
[365/1000] action=create-rb ns=tenant-8 name=tenant-binding group=tenant-8 role=edit
[366/1000] action=create-rb ns=tenant-8 name=tenant-binding group=tenant-8 role=edit
[367/1000] action=cross-tenant-access context=tenant-3-user@kubernetes operation=get resource=configmap namespace=tenant-9
[368/1000] action=cross-tenant-access context=tenant-10-user@kubernetes operation=delete resource=configmap namespace=tenant-6
[369/1000] action=delete-rb ns=tenant-8 name=tenant-binding
[370/1000] action=cross-tenant-access context=tenant-1-user@kubernetes operation=list resource=configmap namespace=tenant-5
[371/1000] action=delete-crb name=foo-global-binding
[372/1000] action=create-crb name=foo-global-binding group=tenant-2 role=view
[373/1000] action=create-crb name=foo-global-binding group=tenant-4 role=view
[374/1000] action=cross-tenant-access context=tenant-4-user@kubernetes operation=get resource=configmap namespace=tenant-3
[375/1000] action=cross-tenant-access context=tenant-6-user@kubernetes operation=list resource=configmap namespace=tenant-9
[376/1000] action=delete-clusterrole name=dev
[377/1000] action=delete-rb ns=tenant-3 name=tenant-binding
[378/1000] action=delete-clusterrole name=dev
[379/1000] action=cross-tenant-access context=tenant-10-user@kubernetes operation=delete resource=configmap namespace=tenant-5
[380/1000] action=delete-rb ns=tenant-3 name=tenant-binding
[381/1000] action=cross-tenant-access context=tenant-9-user@kubernetes operation=get resource=configmap namespace=tenant-4
[382/1000] action=create-crb name=foo-global-binding group=tenant-7 role=view
[383/1000] action=create-rb ns=tenant-7 name=tenant-binding group=tenant-7 role=admin
[384/1000] action=create-clusterrole name=dev resources=pods verbs=delete,patch,update,list,create
[385/1000] action=delete-rb ns=tenant-8 name=tenant-binding
[386/1000] action=cross-tenant-access context=tenant-8-user@kubernetes operation=delete resource=configmap namespace=tenant-4
[387/1000] action=delete-clusterrole name=dev
[388/1000] action=create-rb ns=tenant-5 name=tenant-binding group=tenant-5 role=admin
[389/1000] action=delete-clusterrole name=dev
[390/1000] action=create-rb ns=tenant-9 name=tenant-binding group=tenant-9 role=edit
[391/1000] action=cross-tenant-access context=tenant-4-user@kubernetes operation=list resource=configmap namespace=tenant-7
[392/1000] action=create-rb ns=tenant-9 name=tenant-binding group=tenant-9 role=admin
[393/1000] action=create-clusterrole name=dev resources=pods,secrets verbs=list,watch
[394/1000] action=cross-tenant-access context=tenant-2-user@kubernetes operation=delete resource=configmap namespace=tenant-3
[395/1000] action=cross-tenant-access context=tenant-2-user@kubernetes operation=delete resource=configmap namespace=tenant-3
[396/1000] action=create-rb ns=tenant-10 name=tenant-binding group=tenant-10 role=cluster-admin
[397/1000] action=cross-tenant-access context=tenant-4-user@kubernetes operation=list resource=configmap namespace=tenant-10
[398/1000] action=create-clusterrole name=dev resources=services verbs=create,patch
[399/1000] action=delete-rb ns=tenant-6 name=tenant-binding
[400/1000] action=create-rb ns=tenant-10 name=tenant-binding group=tenant-10 role=dev
[401/1000] action=delete-rb ns=tenant-6 name=tenant-binding
[402/1000] action=cross-tenant-access context=tenant-1-user@kubernetes operation=watch resource=configmap namespace=tenant-7
[403/1000] action=delete-crb name=foo-global-binding
[404/1000] action=delete-rb ns=tenant-1 name=tenant-binding
[405/1000] action=cross-tenant-access context=tenant-9-user@kubernetes operation=get resource=configmap namespace=tenant-10
[406/1000] action=create-rb ns=tenant-10 name=tenant-binding group=tenant-10 role=admin
[407/1000] action=cross-tenant-access context=tenant-10-user@kubernetes operation=list resource=configmap namespace=tenant-3
[408/1000] action=delete-clusterrole name=dev
[409/1000] action=cross-tenant-access context=tenant-9-user@kubernetes operation=delete resource=configmap namespace=tenant-4
[410/1000] action=delete-rb ns=tenant-1 name=tenant-binding
[411/1000] action=create-rb ns=tenant-10 name=tenant-binding group=tenant-10 role=dev
[412/1000] action=delete-rb ns=tenant-2 name=tenant-binding
[413/1000] action=cross-tenant-access context=tenant-9-user@kubernetes operation=watch resource=configmap namespace=tenant-2
[414/1000] action=create-clusterrole name=dev resources=pods verbs=patch,deletecollection,update
[415/1000] action=cross-tenant-access context=tenant-7-user@kubernetes operation=delete resource=configmap namespace=tenant-3
[416/1000] action=delete-clusterrole name=dev
[417/1000] action=cross-tenant-access context=tenant-4-user@kubernetes operation=list resource=configmap namespace=tenant-9
[418/1000] action=delete-rb ns=tenant-2 name=tenant-binding
[419/1000] action=delete-clusterrole name=dev
[420/1000] action=create-rb ns=tenant-7 name=tenant-binding group=tenant-7 role=view
[421/1000] action=cross-tenant-access context=tenant-6-user@kubernetes operation=watch resource=configmap namespace=tenant-4
[422/1000] action=cross-tenant-access context=tenant-10-user@kubernetes operation=watch resource=configmap namespace=tenant-3
[423/1000] action=cross-tenant-access context=tenant-8-user@kubernetes operation=patch resource=configmap namespace=tenant-1
[424/1000] action=create-rb ns=tenant-4 name=tenant-binding group=tenant-4 role=view
[425/1000] action=cross-tenant-access context=tenant-6-user@kubernetes operation=watch resource=configmap namespace=tenant-2
[426/1000] action=delete-rb ns=tenant-5 name=tenant-binding
[427/1000] action=delete-crb name=foo-global-binding
[428/1000] action=delete-crb name=foo-global-binding
[429/1000] action=delete-crb name=foo-global-binding
[430/1000] action=create-clusterrole name=dev resources=secrets,services,configmaps verbs=list,update,get
[431/1000] action=delete-rb ns=tenant-4 name=tenant-binding
[432/1000] action=delete-clusterrole name=dev
[433/1000] action=cross-tenant-access context=tenant-1-user@kubernetes operation=delete resource=configmap namespace=tenant-8
[434/1000] action=create-rb ns=tenant-10 name=tenant-binding group=tenant-10 role=cluster-admin
[435/1000] action=create-crb name=foo-global-binding group=tenant-10 role=edit
[436/1000] action=delete-rb ns=tenant-3 name=tenant-binding
[437/1000] action=create-crb name=foo-global-binding group=tenant-3 role=admin
[438/1000] action=delete-rb ns=tenant-1 name=tenant-binding
[439/1000] action=create-rb ns=tenant-9 name=tenant-binding group=tenant-9 role=edit
[440/1000] action=cross-tenant-access context=tenant-10-user@kubernetes operation=watch resource=configmap namespace=tenant-3
[441/1000] action=cross-tenant-access context=tenant-4-user@kubernetes operation=list resource=configmap namespace=tenant-1
[442/1000] action=cross-tenant-access context=tenant-6-user@kubernetes operation=patch resource=configmap namespace=tenant-5
[443/1000] action=cross-tenant-access context=tenant-3-user@kubernetes operation=delete resource=configmap namespace=tenant-1
[444/1000] action=cross-tenant-access context=tenant-9-user@kubernetes operation=list resource=configmap namespace=tenant-2
[445/1000] action=cross-tenant-access context=tenant-1-user@kubernetes operation=list resource=configmap namespace=tenant-6
[446/1000] action=delete-rb ns=tenant-10 name=tenant-binding
[447/1000] action=cross-tenant-access context=tenant-6-user@kubernetes operation=delete resource=configmap namespace=tenant-7
[448/1000] action=delete-crb name=foo-global-binding
[449/1000] action=cross-tenant-access context=tenant-6-user@kubernetes operation=delete resource=configmap namespace=tenant-1
[450/1000] action=delete-rb ns=tenant-10 name=tenant-binding
[451/1000] action=cross-tenant-access context=tenant-1-user@kubernetes operation=list resource=configmap namespace=tenant-8
[452/1000] action=delete-rb ns=tenant-5 name=tenant-binding
[453/1000] action=cross-tenant-access context=tenant-7-user@kubernetes operation=patch resource=configmap namespace=tenant-6
[454/1000] action=create-rb ns=tenant-5 name=tenant-binding group=tenant-5 role=cluster-admin
[455/1000] action=delete-rb ns=tenant-7 name=tenant-binding
[456/1000] action=cross-tenant-access context=tenant-6-user@kubernetes operation=get resource=configmap namespace=tenant-5
[457/1000] action=create-rb ns=tenant-10 name=tenant-binding group=tenant-10 role=edit
[458/1000] action=cross-tenant-access context=tenant-2-user@kubernetes operation=watch resource=configmap namespace=tenant-3
[459/1000] action=cross-tenant-access context=tenant-7-user@kubernetes operation=list resource=configmap namespace=tenant-9
[460/1000] action=cross-tenant-access context=tenant-4-user@kubernetes operation=watch resource=configmap namespace=tenant-6
[461/1000] action=cross-tenant-access context=tenant-9-user@kubernetes operation=watch resource=configmap namespace=tenant-5
[462/1000] action=delete-rb ns=tenant-3 name=tenant-binding
[463/1000] action=create-rb ns=tenant-8 name=tenant-binding group=tenant-8 role=dev
[464/1000] action=cross-tenant-access context=tenant-10-user@kubernetes operation=delete resource=configmap namespace=tenant-6
[465/1000] action=create-rb ns=tenant-5 name=tenant-binding group=tenant-5 role=view
[466/1000] action=cross-tenant-access context=tenant-6-user@kubernetes operation=delete resource=configmap namespace=tenant-5
[467/1000] action=cross-tenant-access context=tenant-8-user@kubernetes operation=get resource=configmap namespace=tenant-2
[468/1000] action=create-rb ns=tenant-7 name=tenant-binding group=tenant-7 role=admin
[469/1000] action=delete-crb name=foo-global-binding
[470/1000] action=create-clusterrole name=dev resources=secrets,services,pods verbs=delete
[471/1000] action=delete-crb name=foo-global-binding
[472/1000] action=delete-clusterrole name=dev
[473/1000] action=create-clusterrole name=dev resources=secrets,configmaps,pods verbs=get,watch,update,list,delete
[474/1000] action=delete-crb name=foo-global-binding
[475/1000] action=cross-tenant-access context=tenant-1-user@kubernetes operation=patch resource=configmap namespace=tenant-5
[476/1000] action=delete-rb ns=tenant-5 name=tenant-binding
[477/1000] action=create-rb ns=tenant-3 name=tenant-binding group=tenant-3 role=edit
[478/1000] action=create-rb ns=tenant-3 name=tenant-binding group=tenant-3 role=cluster-admin
[479/1000] action=delete-rb ns=tenant-2 name=tenant-binding
[480/1000] action=cross-tenant-access context=tenant-7-user@kubernetes operation=watch resource=configmap namespace=tenant-3
[481/1000] action=cross-tenant-access context=tenant-9-user@kubernetes operation=delete resource=configmap namespace=tenant-3
[482/1000] action=delete-clusterrole name=dev
[483/1000] action=delete-crb name=foo-global-binding
[484/1000] action=create-crb name=foo-global-binding group=tenant-8 role=admin
[485/1000] action=create-rb ns=tenant-7 name=tenant-binding group=tenant-7 role=dev
[486/1000] action=cross-tenant-access context=tenant-4-user@kubernetes operation=patch resource=configmap namespace=tenant-8
[487/1000] action=cross-tenant-access context=tenant-5-user@kubernetes operation=watch resource=configmap namespace=tenant-3
[488/1000] action=delete-rb ns=tenant-9 name=tenant-binding
[489/1000] action=create-crb name=foo-global-binding group=tenant-1 role=view
[490/1000] action=cross-tenant-access context=tenant-7-user@kubernetes operation=patch resource=configmap namespace=tenant-2
[491/1000] action=delete-rb ns=tenant-7 name=tenant-binding
[492/1000] action=cross-tenant-access context=tenant-1-user@kubernetes operation=get resource=configmap namespace=tenant-7
[493/1000] action=delete-rb ns=tenant-8 name=tenant-binding
[494/1000] action=create-crb name=foo-global-binding group=tenant-10 role=edit
[495/1000] action=delete-rb ns=tenant-8 name=tenant-binding
[496/1000] action=create-rb ns=tenant-9 name=tenant-binding group=tenant-9 role=view
[497/1000] action=cross-tenant-access context=tenant-9-user@kubernetes operation=delete resource=configmap namespace=tenant-1
[498/1000] action=create-clusterrole name=dev resources=configmaps verbs=update,deletecollection
[499/1000] action=cross-tenant-access context=tenant-9-user@kubernetes operation=list resource=configmap namespace=tenant-3
[500/1000] action=cross-tenant-access context=tenant-2-user@kubernetes operation=get resource=configmap namespace=tenant-8
[501/1000] action=cross-tenant-access context=tenant-5-user@kubernetes operation=patch resource=configmap namespace=tenant-3
[502/1000] action=create-crb name=foo-global-binding group=tenant-3 role=dev
[503/1000] action=cross-tenant-access context=tenant-1-user@kubernetes operation=delete resource=configmap namespace=tenant-9
[504/1000] action=create-rb ns=tenant-4 name=tenant-binding group=tenant-4 role=edit
[505/1000] action=create-crb name=foo-global-binding group=tenant-3 role=edit
[506/1000] action=create-clusterrole name=dev resources=configmaps,services verbs=deletecollection,update,list,patch
[507/1000] action=delete-crb name=foo-global-binding
[508/1000] action=create-rb ns=tenant-3 name=tenant-binding group=tenant-3 role=edit
[509/1000] action=cross-tenant-access context=tenant-8-user@kubernetes operation=get resource=configmap namespace=tenant-3
[510/1000] action=create-rb ns=tenant-3 name=tenant-binding group=tenant-3 role=dev
[511/1000] action=delete-rb ns=tenant-5 name=tenant-binding
[512/1000] action=cross-tenant-access context=tenant-2-user@kubernetes operation=get resource=configmap namespace=tenant-4
[513/1000] action=delete-clusterrole name=dev
[514/1000] action=cross-tenant-access context=tenant-5-user@kubernetes operation=list resource=configmap namespace=tenant-10
[515/1000] action=cross-tenant-access context=tenant-1-user@kubernetes operation=list resource=configmap namespace=tenant-10
[516/1000] action=cross-tenant-access context=tenant-7-user@kubernetes operation=watch resource=configmap namespace=tenant-5
[517/1000] action=delete-crb name=foo-global-binding
[518/1000] action=create-clusterrole name=dev resources=pods,configmaps verbs=deletecollection,update
[519/1000] action=create-rb ns=tenant-9 name=tenant-binding group=tenant-9 role=admin
[520/1000] action=cross-tenant-access context=tenant-9-user@kubernetes operation=watch resource=configmap namespace=tenant-7
[521/1000] action=delete-clusterrole name=dev
[522/1000] action=create-clusterrole name=dev resources=secrets,configmaps,services verbs=create,list,delete
[523/1000] action=delete-rb ns=tenant-1 name=tenant-binding
[524/1000] action=create-clusterrole name=dev resources=configmaps,services,secrets verbs=create,list
[525/1000] action=cross-tenant-access context=tenant-1-user@kubernetes operation=get resource=configmap namespace=tenant-3
[526/1000] action=cross-tenant-access context=tenant-4-user@kubernetes operation=patch resource=configmap namespace=tenant-3
[527/1000] action=create-clusterrole name=dev resources=services,pods verbs=deletecollection,get
[528/1000] action=delete-clusterrole name=dev
[529/1000] action=create-crb name=foo-global-binding group=tenant-8 role=cluster-admin
[530/1000] action=delete-rb ns=tenant-8 name=tenant-binding
[531/1000] action=cross-tenant-access context=tenant-10-user@kubernetes operation=patch resource=configmap namespace=tenant-2
[532/1000] action=create-crb name=foo-global-binding group=tenant-1 role=view
[533/1000] action=delete-rb ns=tenant-10 name=tenant-binding
[534/1000] action=cross-tenant-access context=tenant-1-user@kubernetes operation=watch resource=configmap namespace=tenant-10
[535/1000] action=create-rb ns=tenant-6 name=tenant-binding group=tenant-6 role=admin
[536/1000] action=cross-tenant-access context=tenant-4-user@kubernetes operation=patch resource=configmap namespace=tenant-10
[537/1000] action=cross-tenant-access context=tenant-8-user@kubernetes operation=delete resource=configmap namespace=tenant-9
[538/1000] action=delete-crb name=foo-global-binding
[539/1000] action=cross-tenant-access context=tenant-2-user@kubernetes operation=watch resource=configmap namespace=tenant-3
[540/1000] action=create-crb name=foo-global-binding group=tenant-1 role=cluster-admin
[541/1000] action=delete-crb name=foo-global-binding
[542/1000] action=delete-crb name=foo-global-binding
[543/1000] action=create-crb name=foo-global-binding group=tenant-2 role=cluster-admin
[544/1000] action=delete-crb name=foo-global-binding
[545/1000] action=cross-tenant-access context=tenant-6-user@kubernetes operation=watch resource=configmap namespace=tenant-10
[546/1000] action=delete-rb ns=tenant-10 name=tenant-binding
[547/1000] action=delete-crb name=foo-global-binding
[548/1000] action=cross-tenant-access context=tenant-1-user@kubernetes operation=delete resource=configmap namespace=tenant-10
[549/1000] action=delete-rb ns=tenant-3 name=tenant-binding
[550/1000] action=delete-rb ns=tenant-10 name=tenant-binding
[551/1000] action=cross-tenant-access context=tenant-5-user@kubernetes operation=patch resource=configmap namespace=tenant-6
[552/1000] action=cross-tenant-access context=tenant-2-user@kubernetes operation=patch resource=configmap namespace=tenant-3
[553/1000] action=cross-tenant-access context=tenant-2-user@kubernetes operation=list resource=configmap namespace=tenant-7
[554/1000] action=cross-tenant-access context=tenant-5-user@kubernetes operation=patch resource=configmap namespace=tenant-3
[555/1000] action=cross-tenant-access context=tenant-2-user@kubernetes operation=list resource=configmap namespace=tenant-10
[556/1000] action=cross-tenant-access context=tenant-3-user@kubernetes operation=watch resource=configmap namespace=tenant-9
[557/1000] action=cross-tenant-access context=tenant-8-user@kubernetes operation=list resource=configmap namespace=tenant-9
[558/1000] action=delete-clusterrole name=dev
[559/1000] action=create-crb name=foo-global-binding group=tenant-8 role=dev
[560/1000] action=cross-tenant-access context=tenant-10-user@kubernetes operation=patch resource=configmap namespace=tenant-8
[561/1000] action=create-crb name=foo-global-binding group=tenant-9 role=edit
[562/1000] action=delete-clusterrole name=dev
[563/1000] action=cross-tenant-access context=tenant-8-user@kubernetes operation=patch resource=configmap namespace=tenant-4
[564/1000] action=cross-tenant-access context=tenant-10-user@kubernetes operation=patch resource=configmap namespace=tenant-4
[565/1000] action=delete-rb ns=tenant-1 name=tenant-binding
[566/1000] action=delete-clusterrole name=dev
[567/1000] action=create-rb ns=tenant-4 name=tenant-binding group=tenant-4 role=edit
[568/1000] action=delete-clusterrole name=dev
[569/1000] action=cross-tenant-access context=tenant-2-user@kubernetes operation=get resource=configmap namespace=tenant-1
[570/1000] action=delete-rb ns=tenant-3 name=tenant-binding
[571/1000] action=cross-tenant-access context=tenant-5-user@kubernetes operation=list resource=configmap namespace=tenant-7
[572/1000] action=cross-tenant-access context=tenant-5-user@kubernetes operation=list resource=configmap namespace=tenant-4
[573/1000] action=delete-clusterrole name=dev
[574/1000] action=cross-tenant-access context=tenant-3-user@kubernetes operation=watch resource=configmap namespace=tenant-8
[575/1000] action=cross-tenant-access context=tenant-9-user@kubernetes operation=delete resource=configmap namespace=tenant-10
[576/1000] action=delete-rb ns=tenant-6 name=tenant-binding
[577/1000] action=cross-tenant-access context=tenant-2-user@kubernetes operation=watch resource=configmap namespace=tenant-6
[578/1000] action=delete-rb ns=tenant-9 name=tenant-binding
[579/1000] action=create-rb ns=tenant-4 name=tenant-binding group=tenant-4 role=edit
[580/1000] action=create-crb name=foo-global-binding group=tenant-5 role=cluster-admin
[581/1000] action=delete-crb name=foo-global-binding
[582/1000] action=delete-rb ns=tenant-5 name=tenant-binding
[583/1000] action=create-crb name=foo-global-binding group=tenant-2 role=dev
[584/1000] action=create-rb ns=tenant-10 name=tenant-binding group=tenant-10 role=view
[585/1000] action=cross-tenant-access context=tenant-4-user@kubernetes operation=patch resource=configmap namespace=tenant-3
[586/1000] action=delete-rb ns=tenant-9 name=tenant-binding
[587/1000] action=delete-rb ns=tenant-9 name=tenant-binding
[588/1000] action=create-crb name=foo-global-binding group=tenant-2 role=cluster-admin
[589/1000] action=delete-clusterrole name=dev
[590/1000] action=create-rb ns=tenant-9 name=tenant-binding group=tenant-9 role=edit
[591/1000] action=cross-tenant-access context=tenant-3-user@kubernetes operation=delete resource=configmap namespace=tenant-4
[592/1000] action=cross-tenant-access context=tenant-3-user@kubernetes operation=patch resource=configmap namespace=tenant-9
[593/1000] action=create-clusterrole name=dev resources=configmaps verbs=deletecollection,delete
[594/1000] action=create-clusterrole name=dev resources=services,secrets,pods verbs=get,watch,patch
[595/1000] action=create-crb name=foo-global-binding group=tenant-9 role=cluster-admin
[596/1000] action=create-crb name=foo-global-binding group=tenant-10 role=dev
[597/1000] action=create-crb name=foo-global-binding group=tenant-1 role=edit
[598/1000] action=cross-tenant-access context=tenant-5-user@kubernetes operation=watch resource=configmap namespace=tenant-4
[599/1000] action=cross-tenant-access context=tenant-6-user@kubernetes operation=list resource=configmap namespace=tenant-9
[600/1000] action=cross-tenant-access context=tenant-1-user@kubernetes operation=list resource=configmap namespace=tenant-2
[601/1000] action=delete-crb name=foo-global-binding
[602/1000] action=cross-tenant-access context=tenant-8-user@kubernetes operation=get resource=configmap namespace=tenant-7
[603/1000] action=delete-crb name=foo-global-binding
[604/1000] action=cross-tenant-access context=tenant-4-user@kubernetes operation=list resource=configmap namespace=tenant-2
[605/1000] action=create-clusterrole name=dev resources=pods,services verbs=get,deletecollection,watch,list
[606/1000] action=create-crb name=foo-global-binding group=tenant-3 role=edit
[607/1000] action=cross-tenant-access context=tenant-9-user@kubernetes operation=delete resource=configmap namespace=tenant-7
[608/1000] action=delete-rb ns=tenant-6 name=tenant-binding
[609/1000] action=cross-tenant-access context=tenant-1-user@kubernetes operation=list resource=configmap namespace=tenant-3
[610/1000] action=cross-tenant-access context=tenant-2-user@kubernetes operation=watch resource=configmap namespace=tenant-10
[611/1000] action=delete-crb name=foo-global-binding
[612/1000] action=delete-crb name=foo-global-binding
[613/1000] action=delete-rb ns=tenant-10 name=tenant-binding
[614/1000] action=cross-tenant-access context=tenant-2-user@kubernetes operation=delete resource=configmap namespace=tenant-9
[615/1000] action=create-crb name=foo-global-binding group=tenant-6 role=dev
[616/1000] action=delete-rb ns=tenant-8 name=tenant-binding
[617/1000] action=cross-tenant-access context=tenant-5-user@kubernetes operation=patch resource=configmap namespace=tenant-2
[618/1000] action=cross-tenant-access context=tenant-2-user@kubernetes operation=watch resource=configmap namespace=tenant-10
[619/1000] action=create-rb ns=tenant-7 name=tenant-binding group=tenant-7 role=view
[620/1000] action=cross-tenant-access context=tenant-6-user@kubernetes operation=get resource=configmap namespace=tenant-7
[621/1000] action=cross-tenant-access context=tenant-6-user@kubernetes operation=watch resource=configmap namespace=tenant-10
[622/1000] action=cross-tenant-access context=tenant-4-user@kubernetes operation=watch resource=configmap namespace=tenant-6
[623/1000] action=delete-crb name=foo-global-binding
[624/1000] action=delete-clusterrole name=dev
[625/1000] action=create-rb ns=tenant-9 name=tenant-binding group=tenant-9 role=edit
[626/1000] action=create-crb name=foo-global-binding group=tenant-6 role=admin
[627/1000] action=cross-tenant-access context=tenant-1-user@kubernetes operation=watch resource=configmap namespace=tenant-3
[628/1000] action=cross-tenant-access context=tenant-9-user@kubernetes operation=delete resource=configmap namespace=tenant-6
[629/1000] action=delete-clusterrole name=dev
[630/1000] action=cross-tenant-access context=tenant-6-user@kubernetes operation=patch resource=configmap namespace=tenant-1
[631/1000] action=create-rb ns=tenant-5 name=tenant-binding group=tenant-5 role=cluster-admin
[632/1000] action=create-rb ns=tenant-6 name=tenant-binding group=tenant-6 role=cluster-admin
[633/1000] action=create-rb ns=tenant-9 name=tenant-binding group=tenant-9 role=cluster-admin
[634/1000] action=delete-clusterrole name=dev
[635/1000] action=cross-tenant-access context=tenant-3-user@kubernetes operation=patch resource=configmap namespace=tenant-1
[636/1000] action=delete-rb ns=tenant-10 name=tenant-binding
[637/1000] action=cross-tenant-access context=tenant-10-user@kubernetes operation=delete resource=configmap namespace=tenant-2
[638/1000] action=delete-rb ns=tenant-6 name=tenant-binding
[639/1000] action=delete-rb ns=tenant-3 name=tenant-binding
[640/1000] action=delete-clusterrole name=dev
[641/1000] action=cross-tenant-access context=tenant-10-user@kubernetes operation=get resource=configmap namespace=tenant-1
[642/1000] action=cross-tenant-access context=tenant-5-user@kubernetes operation=get resource=configmap namespace=tenant-7
[643/1000] action=delete-rb ns=tenant-6 name=tenant-binding
[644/1000] action=create-crb name=foo-global-binding group=tenant-7 role=edit
[645/1000] action=create-clusterrole name=dev resources=configmaps verbs=list,update,delete,get,deletecollection
[646/1000] action=delete-clusterrole name=dev
[647/1000] action=create-rb ns=tenant-8 name=tenant-binding group=tenant-8 role=dev
[648/1000] action=create-clusterrole name=dev resources=secrets,configmaps,pods verbs=watch,delete
[649/1000] action=cross-tenant-access context=tenant-4-user@kubernetes operation=list resource=configmap namespace=tenant-6
[650/1000] action=delete-crb name=foo-global-binding
[651/1000] action=cross-tenant-access context=tenant-1-user@kubernetes operation=get resource=configmap namespace=tenant-7
[652/1000] action=create-rb ns=tenant-2 name=tenant-binding group=tenant-2 role=dev
[653/1000] action=cross-tenant-access context=tenant-6-user@kubernetes operation=list resource=configmap namespace=tenant-3
[654/1000] action=create-rb ns=tenant-7 name=tenant-binding group=tenant-7 role=dev
[655/1000] action=delete-clusterrole name=dev
[656/1000] action=delete-rb ns=tenant-6 name=tenant-binding
[657/1000] action=delete-clusterrole name=dev
[658/1000] action=create-rb ns=tenant-1 name=tenant-binding group=tenant-1 role=cluster-admin
[659/1000] action=cross-tenant-access context=tenant-5-user@kubernetes operation=list resource=configmap namespace=tenant-7
[660/1000] action=create-rb ns=tenant-8 name=tenant-binding group=tenant-8 role=dev
[661/1000] action=delete-rb ns=tenant-3 name=tenant-binding
[662/1000] action=create-crb name=foo-global-binding group=tenant-10 role=cluster-admin
[663/1000] action=cross-tenant-access context=tenant-3-user@kubernetes operation=list resource=configmap namespace=tenant-10
[664/1000] action=cross-tenant-access context=tenant-8-user@kubernetes operation=get resource=configmap namespace=tenant-7
[665/1000] action=create-clusterrole name=dev resources=secrets,services,configmaps verbs=get,patch,create,update
[666/1000] action=delete-rb ns=tenant-6 name=tenant-binding
[667/1000] action=create-rb ns=tenant-2 name=tenant-binding group=tenant-2 role=dev
[668/1000] action=delete-clusterrole name=dev
[669/1000] action=cross-tenant-access context=tenant-6-user@kubernetes operation=watch resource=configmap namespace=tenant-3
[670/1000] action=create-clusterrole name=dev resources=secrets,pods,configmaps verbs=delete,create,get
[671/1000] action=cross-tenant-access context=tenant-1-user@kubernetes operation=get resource=configmap namespace=tenant-9
[672/1000] action=create-rb ns=tenant-4 name=tenant-binding group=tenant-4 role=view
[673/1000] action=create-rb ns=tenant-8 name=tenant-binding group=tenant-8 role=cluster-admin
[674/1000] action=cross-tenant-access context=tenant-9-user@kubernetes operation=watch resource=configmap namespace=tenant-5
[675/1000] action=delete-crb name=foo-global-binding
[676/1000] action=delete-rb ns=tenant-5 name=tenant-binding
[677/1000] action=delete-clusterrole name=dev
[678/1000] action=delete-rb ns=tenant-9 name=tenant-binding
[679/1000] action=cross-tenant-access context=tenant-3-user@kubernetes operation=patch resource=configmap namespace=tenant-4
[680/1000] action=create-crb name=foo-global-binding group=tenant-6 role=dev
[681/1000] action=create-crb name=foo-global-binding group=tenant-7 role=dev
[682/1000] action=delete-clusterrole name=dev
[683/1000] action=cross-tenant-access context=tenant-4-user@kubernetes operation=get resource=configmap namespace=tenant-1
[684/1000] action=cross-tenant-access context=tenant-8-user@kubernetes operation=list resource=configmap namespace=tenant-7
[685/1000] action=cross-tenant-access context=tenant-5-user@kubernetes operation=watch resource=configmap namespace=tenant-1
[686/1000] action=delete-rb ns=tenant-6 name=tenant-binding
[687/1000] action=cross-tenant-access context=tenant-3-user@kubernetes operation=watch resource=configmap namespace=tenant-4
[688/1000] action=cross-tenant-access context=tenant-3-user@kubernetes operation=watch resource=configmap namespace=tenant-1
[689/1000] action=delete-crb name=foo-global-binding
[690/1000] action=create-rb ns=tenant-8 name=tenant-binding group=tenant-8 role=dev
[691/1000] action=cross-tenant-access context=tenant-5-user@kubernetes operation=delete resource=configmap namespace=tenant-7
[692/1000] action=create-clusterrole name=dev resources=secrets,configmaps,services verbs=delete,watch
[693/1000] action=cross-tenant-access context=tenant-6-user@kubernetes operation=patch resource=configmap namespace=tenant-5
[694/1000] action=delete-rb ns=tenant-2 name=tenant-binding
[695/1000] action=delete-crb name=foo-global-binding
[696/1000] action=create-clusterrole name=dev resources=secrets,services verbs=watch,deletecollection,patch
[697/1000] action=cross-tenant-access context=tenant-2-user@kubernetes operation=patch resource=configmap namespace=tenant-5
[698/1000] action=create-rb ns=tenant-3 name=tenant-binding group=tenant-3 role=cluster-admin
[699/1000] action=cross-tenant-access context=tenant-5-user@kubernetes operation=get resource=configmap namespace=tenant-6
[700/1000] action=cross-tenant-access context=tenant-4-user@kubernetes operation=patch resource=configmap namespace=tenant-7
[701/1000] action=create-rb ns=tenant-4 name=tenant-binding group=tenant-4 role=edit
[702/1000] action=cross-tenant-access context=tenant-9-user@kubernetes operation=watch resource=configmap namespace=tenant-4
[703/1000] action=create-crb name=foo-global-binding group=tenant-2 role=admin
[704/1000] action=delete-crb name=foo-global-binding
[705/1000] action=delete-rb ns=tenant-7 name=tenant-binding
[706/1000] action=create-rb ns=tenant-1 name=tenant-binding group=tenant-1 role=cluster-admin
[707/1000] action=create-crb name=foo-global-binding group=tenant-9 role=view
[708/1000] action=create-clusterrole name=dev resources=pods,configmaps,secrets verbs=update,create,patch
[709/1000] action=cross-tenant-access context=tenant-3-user@kubernetes operation=patch resource=configmap namespace=tenant-6
[710/1000] action=create-clusterrole name=dev resources=pods,services,secrets verbs=patch
[711/1000] action=cross-tenant-access context=tenant-5-user@kubernetes operation=list resource=configmap namespace=tenant-10
[712/1000] action=cross-tenant-access context=tenant-8-user@kubernetes operation=delete resource=configmap namespace=tenant-5
[713/1000] action=create-clusterrole name=dev resources=services,secrets,pods verbs=patch
[714/1000] action=cross-tenant-access context=tenant-1-user@kubernetes operation=patch resource=configmap namespace=tenant-8
[715/1000] action=create-crb name=foo-global-binding group=tenant-10 role=edit
[716/1000] action=create-crb name=foo-global-binding group=tenant-3 role=view
[717/1000] action=create-clusterrole name=dev resources=pods,configmaps verbs=deletecollection
[718/1000] action=cross-tenant-access context=tenant-3-user@kubernetes operation=list resource=configmap namespace=tenant-9
[719/1000] action=delete-clusterrole name=dev
[720/1000] action=create-rb ns=tenant-2 name=tenant-binding group=tenant-2 role=admin
[721/1000] action=create-crb name=foo-global-binding group=tenant-6 role=edit
[722/1000] action=cross-tenant-access context=tenant-4-user@kubernetes operation=watch resource=configmap namespace=tenant-7
[723/1000] action=create-clusterrole name=dev resources=secrets verbs=delete,deletecollection
[724/1000] action=cross-tenant-access context=tenant-8-user@kubernetes operation=delete resource=configmap namespace=tenant-1
[725/1000] action=delete-rb ns=tenant-9 name=tenant-binding
[726/1000] action=cross-tenant-access context=tenant-10-user@kubernetes operation=list resource=configmap namespace=tenant-6
[727/1000] action=cross-tenant-access context=tenant-6-user@kubernetes operation=delete resource=configmap namespace=tenant-4
[728/1000] action=delete-crb name=foo-global-binding
[729/1000] action=create-rb ns=tenant-5 name=tenant-binding group=tenant-5 role=admin
[730/1000] action=create-rb ns=tenant-6 name=tenant-binding group=tenant-6 role=dev
[731/1000] action=create-clusterrole name=dev resources=secrets verbs=update,list
[732/1000] action=create-clusterrole name=dev resources=services verbs=delete,get,deletecollection
[733/1000] action=cross-tenant-access context=tenant-1-user@kubernetes operation=list resource=configmap namespace=tenant-3
[734/1000] action=cross-tenant-access context=tenant-6-user@kubernetes operation=list resource=configmap namespace=tenant-1
[735/1000] action=delete-rb ns=tenant-5 name=tenant-binding
[736/1000] action=cross-tenant-access context=tenant-5-user@kubernetes operation=list resource=configmap namespace=tenant-2
[737/1000] action=delete-crb name=foo-global-binding
[738/1000] action=delete-rb ns=tenant-1 name=tenant-binding
[739/1000] action=create-crb name=foo-global-binding group=tenant-4 role=edit
[740/1000] action=delete-rb ns=tenant-1 name=tenant-binding
[741/1000] action=create-crb name=foo-global-binding group=tenant-3 role=dev
[742/1000] action=cross-tenant-access context=tenant-4-user@kubernetes operation=patch resource=configmap namespace=tenant-5
[743/1000] action=create-rb ns=tenant-4 name=tenant-binding group=tenant-4 role=admin
[744/1000] action=cross-tenant-access context=tenant-7-user@kubernetes operation=delete resource=configmap namespace=tenant-10
[745/1000] action=create-rb ns=tenant-8 name=tenant-binding group=tenant-8 role=admin
[746/1000] action=create-crb name=foo-global-binding group=tenant-5 role=cluster-admin
[747/1000] action=delete-clusterrole name=dev
[748/1000] action=create-rb ns=tenant-6 name=tenant-binding group=tenant-6 role=view
[749/1000] action=delete-clusterrole name=dev
[750/1000] action=create-crb name=foo-global-binding group=tenant-4 role=edit
[751/1000] action=delete-rb ns=tenant-5 name=tenant-binding
[752/1000] action=create-crb name=foo-global-binding group=tenant-2 role=cluster-admin
[753/1000] action=cross-tenant-access context=tenant-3-user@kubernetes operation=get resource=configmap namespace=tenant-9
[754/1000] action=cross-tenant-access context=tenant-4-user@kubernetes operation=get resource=configmap namespace=tenant-5
[755/1000] action=cross-tenant-access context=tenant-5-user@kubernetes operation=watch resource=configmap namespace=tenant-10
[756/1000] action=create-clusterrole name=dev resources=services,secrets verbs=create,deletecollection,update,watch
[757/1000] action=create-crb name=foo-global-binding group=tenant-8 role=view
[758/1000] action=cross-tenant-access context=tenant-6-user@kubernetes operation=delete resource=configmap namespace=tenant-2
[759/1000] action=create-rb ns=tenant-10 name=tenant-binding group=tenant-10 role=admin
[760/1000] action=create-rb ns=tenant-2 name=tenant-binding group=tenant-2 role=view
[761/1000] action=create-clusterrole name=dev resources=configmaps,services verbs=deletecollection
[762/1000] action=cross-tenant-access context=tenant-4-user@kubernetes operation=watch resource=configmap namespace=tenant-9
[763/1000] action=create-rb ns=tenant-2 name=tenant-binding group=tenant-2 role=view
[764/1000] action=delete-rb ns=tenant-6 name=tenant-binding
[765/1000] action=delete-clusterrole name=dev
[766/1000] action=cross-tenant-access context=tenant-4-user@kubernetes operation=list resource=configmap namespace=tenant-9
[767/1000] action=cross-tenant-access context=tenant-2-user@kubernetes operation=watch resource=configmap namespace=tenant-9
[768/1000] action=delete-rb ns=tenant-2 name=tenant-binding
[769/1000] action=cross-tenant-access context=tenant-7-user@kubernetes operation=delete resource=configmap namespace=tenant-1
[770/1000] action=cross-tenant-access context=tenant-4-user@kubernetes operation=delete resource=configmap namespace=tenant-6
[771/1000] action=create-crb name=foo-global-binding group=tenant-3 role=view
[772/1000] action=create-rb ns=tenant-10 name=tenant-binding group=tenant-10 role=view
[773/1000] action=delete-rb ns=tenant-1 name=tenant-binding
[774/1000] action=create-rb ns=tenant-9 name=tenant-binding group=tenant-9 role=edit
[775/1000] action=create-crb name=foo-global-binding group=tenant-9 role=edit
[776/1000] action=create-rb ns=tenant-6 name=tenant-binding group=tenant-6 role=dev
[777/1000] action=cross-tenant-access context=tenant-3-user@kubernetes operation=patch resource=configmap namespace=tenant-10
[778/1000] action=delete-rb ns=tenant-7 name=tenant-binding
[779/1000] action=delete-rb ns=tenant-3 name=tenant-binding
[780/1000] action=delete-rb ns=tenant-1 name=tenant-binding
[781/1000] action=cross-tenant-access context=tenant-1-user@kubernetes operation=patch resource=configmap namespace=tenant-10
[782/1000] action=delete-rb ns=tenant-1 name=tenant-binding
[783/1000] action=cross-tenant-access context=tenant-2-user@kubernetes operation=get resource=configmap namespace=tenant-5
[784/1000] action=cross-tenant-access context=tenant-9-user@kubernetes operation=list resource=configmap namespace=tenant-5
[785/1000] action=cross-tenant-access context=tenant-6-user@kubernetes operation=get resource=configmap namespace=tenant-9
[786/1000] action=cross-tenant-access context=tenant-4-user@kubernetes operation=list resource=configmap namespace=tenant-1
[787/1000] action=create-clusterrole name=dev resources=pods,configmaps verbs=list
[788/1000] action=cross-tenant-access context=tenant-5-user@kubernetes operation=list resource=configmap namespace=tenant-4
[789/1000] action=cross-tenant-access context=tenant-5-user@kubernetes operation=delete resource=configmap namespace=tenant-1
[790/1000] action=cross-tenant-access context=tenant-7-user@kubernetes operation=watch resource=configmap namespace=tenant-9
[791/1000] action=delete-rb ns=tenant-1 name=tenant-binding
[792/1000] action=cross-tenant-access context=tenant-4-user@kubernetes operation=delete resource=configmap namespace=tenant-8
[793/1000] action=delete-crb name=foo-global-binding
[794/1000] action=delete-rb ns=tenant-8 name=tenant-binding
[795/1000] action=cross-tenant-access context=tenant-9-user@kubernetes operation=delete resource=configmap namespace=tenant-6
[796/1000] action=delete-clusterrole name=dev
[797/1000] action=cross-tenant-access context=tenant-6-user@kubernetes operation=delete resource=configmap namespace=tenant-7
[798/1000] action=delete-clusterrole name=dev
[799/1000] action=create-crb name=foo-global-binding group=tenant-6 role=cluster-admin
[800/1000] action=delete-rb ns=tenant-7 name=tenant-binding
[801/1000] action=create-rb ns=tenant-3 name=tenant-binding group=tenant-3 role=edit
[802/1000] action=create-crb name=foo-global-binding group=tenant-8 role=admin
[803/1000] action=create-rb ns=tenant-1 name=tenant-binding group=tenant-1 role=cluster-admin
[804/1000] action=create-clusterrole name=dev resources=configmaps verbs=watch,patch,get,update
[805/1000] action=delete-rb ns=tenant-7 name=tenant-binding
[806/1000] action=delete-crb name=foo-global-binding
[807/1000] action=create-clusterrole name=dev resources=configmaps verbs=list,patch,update
[808/1000] action=cross-tenant-access context=tenant-8-user@kubernetes operation=patch resource=configmap namespace=tenant-6
[809/1000] action=cross-tenant-access context=tenant-1-user@kubernetes operation=delete resource=configmap namespace=tenant-3
[810/1000] action=cross-tenant-access context=tenant-8-user@kubernetes operation=get resource=configmap namespace=tenant-3
[811/1000] action=cross-tenant-access context=tenant-3-user@kubernetes operation=get resource=configmap namespace=tenant-7
[812/1000] action=cross-tenant-access context=tenant-3-user@kubernetes operation=get resource=configmap namespace=tenant-10
[813/1000] action=delete-clusterrole name=dev
[814/1000] action=create-rb ns=tenant-6 name=tenant-binding group=tenant-6 role=edit
[815/1000] action=cross-tenant-access context=tenant-7-user@kubernetes operation=watch resource=configmap namespace=tenant-10
[816/1000] action=delete-crb name=foo-global-binding
[817/1000] action=cross-tenant-access context=tenant-9-user@kubernetes operation=patch resource=configmap namespace=tenant-2
[818/1000] action=delete-rb ns=tenant-2 name=tenant-binding
[819/1000] action=create-clusterrole name=dev resources=pods verbs=update,watch
[820/1000] action=delete-crb name=foo-global-binding
[821/1000] action=cross-tenant-access context=tenant-4-user@kubernetes operation=watch resource=configmap namespace=tenant-1
[822/1000] action=create-rb ns=tenant-4 name=tenant-binding group=tenant-4 role=view
[823/1000] action=create-clusterrole name=dev resources=configmaps verbs=list,get,delete,create,watch
[824/1000] action=delete-crb name=foo-global-binding
[825/1000] action=cross-tenant-access context=tenant-8-user@kubernetes operation=watch resource=configmap namespace=tenant-2
[826/1000] action=cross-tenant-access context=tenant-5-user@kubernetes operation=delete resource=configmap namespace=tenant-6
[827/1000] action=create-crb name=foo-global-binding group=tenant-9 role=dev
[828/1000] action=delete-clusterrole name=dev
[829/1000] action=delete-crb name=foo-global-binding
[830/1000] action=create-crb name=foo-global-binding group=tenant-2 role=edit
[831/1000] action=create-crb name=foo-global-binding group=tenant-7 role=dev
[832/1000] action=cross-tenant-access context=tenant-4-user@kubernetes operation=list resource=configmap namespace=tenant-10
[833/1000] action=create-clusterrole name=dev resources=pods,secrets,configmaps verbs=deletecollection,list,patch,update
[834/1000] action=create-clusterrole name=dev resources=secrets verbs=deletecollection,list,update,watch,create
[835/1000] action=delete-crb name=foo-global-binding
[836/1000] action=delete-rb ns=tenant-3 name=tenant-binding
[837/1000] action=create-clusterrole name=dev resources=services,pods,secrets verbs=delete,update,create
[838/1000] action=cross-tenant-access context=tenant-7-user@kubernetes operation=patch resource=configmap namespace=tenant-6
[839/1000] action=delete-rb ns=tenant-4 name=tenant-binding
[840/1000] action=delete-rb ns=tenant-10 name=tenant-binding
[841/1000] action=create-crb name=foo-global-binding group=tenant-7 role=cluster-admin
[842/1000] action=create-crb name=foo-global-binding group=tenant-6 role=dev
[843/1000] action=cross-tenant-access context=tenant-6-user@kubernetes operation=get resource=configmap namespace=tenant-3
[844/1000] action=cross-tenant-access context=tenant-6-user@kubernetes operation=get resource=configmap namespace=tenant-4
[845/1000] action=create-clusterrole name=dev resources=pods,configmaps verbs=create
[846/1000] action=create-rb ns=tenant-10 name=tenant-binding group=tenant-10 role=admin
[847/1000] action=cross-tenant-access context=tenant-10-user@kubernetes operation=delete resource=configmap namespace=tenant-6
[848/1000] action=cross-tenant-access context=tenant-9-user@kubernetes operation=get resource=configmap namespace=tenant-4
[849/1000] action=cross-tenant-access context=tenant-3-user@kubernetes operation=watch resource=configmap namespace=tenant-5
[850/1000] action=create-rb ns=tenant-4 name=tenant-binding group=tenant-4 role=edit
[851/1000] action=delete-rb ns=tenant-3 name=tenant-binding
[852/1000] action=create-rb ns=tenant-2 name=tenant-binding group=tenant-2 role=view
[853/1000] action=delete-rb ns=tenant-5 name=tenant-binding
[854/1000] action=delete-rb ns=tenant-3 name=tenant-binding
[855/1000] action=cross-tenant-access context=tenant-9-user@kubernetes operation=watch resource=configmap namespace=tenant-5
[856/1000] action=delete-rb ns=tenant-10 name=tenant-binding
[857/1000] action=create-rb ns=tenant-3 name=tenant-binding group=tenant-3 role=edit
[858/1000] action=delete-rb ns=tenant-2 name=tenant-binding
[859/1000] action=cross-tenant-access context=tenant-5-user@kubernetes operation=patch resource=configmap namespace=tenant-6
[860/1000] action=delete-crb name=foo-global-binding
[861/1000] action=delete-rb ns=tenant-8 name=tenant-binding
[862/1000] action=cross-tenant-access context=tenant-8-user@kubernetes operation=watch resource=configmap namespace=tenant-7
[863/1000] action=create-rb ns=tenant-10 name=tenant-binding group=tenant-10 role=cluster-admin
[864/1000] action=create-crb name=foo-global-binding group=tenant-3 role=view
[865/1000] action=delete-rb ns=tenant-2 name=tenant-binding
[866/1000] action=cross-tenant-access context=tenant-5-user@kubernetes operation=get resource=configmap namespace=tenant-4
[867/1000] action=delete-rb ns=tenant-2 name=tenant-binding
[868/1000] action=delete-crb name=foo-global-binding
[869/1000] action=delete-clusterrole name=dev
[870/1000] action=cross-tenant-access context=tenant-4-user@kubernetes operation=list resource=configmap namespace=tenant-9
[871/1000] action=create-crb name=foo-global-binding group=tenant-1 role=dev
[872/1000] action=create-clusterrole name=dev resources=pods,configmaps verbs=list,create,deletecollection,update,watch
[873/1000] action=create-crb name=foo-global-binding group=tenant-9 role=edit
[874/1000] action=delete-rb ns=tenant-4 name=tenant-binding
[875/1000] action=cross-tenant-access context=tenant-3-user@kubernetes operation=list resource=configmap namespace=tenant-4
[876/1000] action=delete-rb ns=tenant-7 name=tenant-binding
[877/1000] action=create-rb ns=tenant-2 name=tenant-binding group=tenant-2 role=edit
[878/1000] action=cross-tenant-access context=tenant-6-user@kubernetes operation=list resource=configmap namespace=tenant-5
[879/1000] action=cross-tenant-access context=tenant-3-user@kubernetes operation=get resource=configmap namespace=tenant-7
[880/1000] action=cross-tenant-access context=tenant-8-user@kubernetes operation=watch resource=configmap namespace=tenant-5
[881/1000] action=cross-tenant-access context=tenant-3-user@kubernetes operation=list resource=configmap namespace=tenant-5
[882/1000] action=create-crb name=foo-global-binding group=tenant-3 role=view
[883/1000] action=cross-tenant-access context=tenant-4-user@kubernetes operation=get resource=configmap namespace=tenant-5
[884/1000] action=create-rb ns=tenant-10 name=tenant-binding group=tenant-10 role=admin
[885/1000] action=delete-clusterrole name=dev
[886/1000] action=cross-tenant-access context=tenant-3-user@kubernetes operation=list resource=configmap namespace=tenant-7
[887/1000] action=cross-tenant-access context=tenant-10-user@kubernetes operation=list resource=configmap namespace=tenant-1
[888/1000] action=cross-tenant-access context=tenant-5-user@kubernetes operation=get resource=configmap namespace=tenant-2
[889/1000] action=cross-tenant-access context=tenant-7-user@kubernetes operation=patch resource=configmap namespace=tenant-9
[890/1000] action=create-clusterrole name=dev resources=secrets,services,configmaps verbs=get
[891/1000] action=delete-rb ns=tenant-4 name=tenant-binding
[892/1000] action=cross-tenant-access context=tenant-6-user@kubernetes operation=patch resource=configmap namespace=tenant-1
[893/1000] action=create-crb name=foo-global-binding group=tenant-5 role=cluster-admin
[894/1000] action=create-rb ns=tenant-5 name=tenant-binding group=tenant-5 role=dev
[895/1000] action=create-crb name=foo-global-binding group=tenant-9 role=dev
[896/1000] action=create-crb name=foo-global-binding group=tenant-1 role=cluster-admin
[897/1000] action=cross-tenant-access context=tenant-2-user@kubernetes operation=delete resource=configmap namespace=tenant-5
[898/1000] action=delete-rb ns=tenant-7 name=tenant-binding
[899/1000] action=delete-rb ns=tenant-9 name=tenant-binding
[900/1000] action=create-clusterrole name=dev resources=services,configmaps,secrets verbs=deletecollection,watch
[901/1000] action=cross-tenant-access context=tenant-3-user@kubernetes operation=get resource=configmap namespace=tenant-8
[902/1000] action=create-crb name=foo-global-binding group=tenant-6 role=dev
[903/1000] action=delete-clusterrole name=dev
[904/1000] action=cross-tenant-access context=tenant-10-user@kubernetes operation=delete resource=configmap namespace=tenant-5
[905/1000] action=create-rb ns=tenant-6 name=tenant-binding group=tenant-6 role=edit
[906/1000] action=delete-rb ns=tenant-5 name=tenant-binding
[907/1000] action=create-crb name=foo-global-binding group=tenant-9 role=cluster-admin
[908/1000] action=create-rb ns=tenant-10 name=tenant-binding group=tenant-10 role=view
[909/1000] action=cross-tenant-access context=tenant-9-user@kubernetes operation=delete resource=configmap namespace=tenant-8
[910/1000] action=create-clusterrole name=dev resources=services,secrets,configmaps verbs=deletecollection,create,list
[911/1000] action=cross-tenant-access context=tenant-7-user@kubernetes operation=list resource=configmap namespace=tenant-4
[912/1000] action=delete-clusterrole name=dev
[913/1000] action=create-rb ns=tenant-5 name=tenant-binding group=tenant-5 role=edit
[914/1000] action=cross-tenant-access context=tenant-3-user@kubernetes operation=patch resource=configmap namespace=tenant-1
[915/1000] action=create-rb ns=tenant-6 name=tenant-binding group=tenant-6 role=edit
[916/1000] action=delete-rb ns=tenant-4 name=tenant-binding
[917/1000] action=cross-tenant-access context=tenant-10-user@kubernetes operation=get resource=configmap namespace=tenant-9
[918/1000] action=create-rb ns=tenant-7 name=tenant-binding group=tenant-7 role=edit
[919/1000] action=delete-rb ns=tenant-6 name=tenant-binding
[920/1000] action=create-rb ns=tenant-7 name=tenant-binding group=tenant-7 role=view
[921/1000] action=cross-tenant-access context=tenant-3-user@kubernetes operation=patch resource=configmap namespace=tenant-2
[922/1000] action=delete-crb name=foo-global-binding
[923/1000] action=create-rb ns=tenant-7 name=tenant-binding group=tenant-7 role=admin
[924/1000] action=cross-tenant-access context=tenant-1-user@kubernetes operation=patch resource=configmap namespace=tenant-4
[925/1000] action=cross-tenant-access context=tenant-2-user@kubernetes operation=patch resource=configmap namespace=tenant-1
[926/1000] action=cross-tenant-access context=tenant-8-user@kubernetes operation=watch resource=configmap namespace=tenant-1
[927/1000] action=delete-clusterrole name=dev
[928/1000] action=delete-clusterrole name=dev
[929/1000] action=delete-clusterrole name=dev
[930/1000] action=cross-tenant-access context=tenant-3-user@kubernetes operation=patch resource=configmap namespace=tenant-4
[931/1000] action=create-crb name=foo-global-binding group=tenant-2 role=admin
[932/1000] action=delete-clusterrole name=dev
[933/1000] action=create-rb ns=tenant-7 name=tenant-binding group=tenant-7 role=dev
[934/1000] action=create-rb ns=tenant-1 name=tenant-binding group=tenant-1 role=cluster-admin
[935/1000] action=cross-tenant-access context=tenant-7-user@kubernetes operation=delete resource=configmap namespace=tenant-8
[936/1000] action=delete-rb ns=tenant-6 name=tenant-binding
[937/1000] action=delete-rb ns=tenant-7 name=tenant-binding
[938/1000] action=delete-clusterrole name=dev
[939/1000] action=cross-tenant-access context=tenant-2-user@kubernetes operation=watch resource=configmap namespace=tenant-6
[940/1000] action=cross-tenant-access context=tenant-3-user@kubernetes operation=get resource=configmap namespace=tenant-9
[941/1000] action=delete-clusterrole name=dev
[942/1000] action=cross-tenant-access context=tenant-2-user@kubernetes operation=list resource=configmap namespace=tenant-3
[943/1000] action=cross-tenant-access context=tenant-2-user@kubernetes operation=list resource=configmap namespace=tenant-5
[944/1000] action=create-rb ns=tenant-10 name=tenant-binding group=tenant-10 role=edit
[945/1000] action=create-rb ns=tenant-10 name=tenant-binding group=tenant-10 role=cluster-admin
[946/1000] action=delete-rb ns=tenant-5 name=tenant-binding
[947/1000] action=delete-crb name=foo-global-binding
[948/1000] action=create-crb name=foo-global-binding group=tenant-8 role=dev
[949/1000] action=create-crb name=foo-global-binding group=tenant-9 role=view
[950/1000] action=cross-tenant-access context=tenant-5-user@kubernetes operation=delete resource=configmap namespace=tenant-9
[951/1000] action=create-crb name=foo-global-binding group=tenant-2 role=view
[952/1000] action=delete-rb ns=tenant-6 name=tenant-binding
[953/1000] action=cross-tenant-access context=tenant-2-user@kubernetes operation=get resource=configmap namespace=tenant-3
[954/1000] action=cross-tenant-access context=tenant-10-user@kubernetes operation=get resource=configmap namespace=tenant-1
[955/1000] action=cross-tenant-access context=tenant-2-user@kubernetes operation=get resource=configmap namespace=tenant-4
[956/1000] action=create-crb name=foo-global-binding group=tenant-2 role=edit
[957/1000] action=cross-tenant-access context=tenant-1-user@kubernetes operation=list resource=configmap namespace=tenant-5
[958/1000] action=delete-crb name=foo-global-binding
[959/1000] action=delete-clusterrole name=dev
[960/1000] action=cross-tenant-access context=tenant-7-user@kubernetes operation=get resource=configmap namespace=tenant-4
[961/1000] action=cross-tenant-access context=tenant-4-user@kubernetes operation=watch resource=configmap namespace=tenant-7
[962/1000] action=delete-crb name=foo-global-binding
[963/1000] action=cross-tenant-access context=tenant-7-user@kubernetes operation=get resource=configmap namespace=tenant-9
[964/1000] action=delete-crb name=foo-global-binding
[965/1000] action=delete-clusterrole name=dev
[966/1000] action=cross-tenant-access context=tenant-7-user@kubernetes operation=patch resource=configmap namespace=tenant-8
[967/1000] action=create-clusterrole name=dev resources=configmaps,secrets verbs=get,create,list,deletecollection,watch
[968/1000] action=create-clusterrole name=dev resources=secrets verbs=update
[969/1000] action=create-rb ns=tenant-8 name=tenant-binding group=tenant-8 role=cluster-admin
[970/1000] action=cross-tenant-access context=tenant-5-user@kubernetes operation=delete resource=configmap namespace=tenant-6
[971/1000] action=delete-crb name=foo-global-binding
[972/1000] action=delete-rb ns=tenant-4 name=tenant-binding
[973/1000] action=create-rb ns=tenant-6 name=tenant-binding group=tenant-6 role=dev
[974/1000] action=create-rb ns=tenant-1 name=tenant-binding group=tenant-1 role=view
[975/1000] action=cross-tenant-access context=tenant-3-user@kubernetes operation=get resource=configmap namespace=tenant-9
[976/1000] action=create-clusterrole name=dev resources=configmaps,services,pods verbs=delete,get,create
[977/1000] action=delete-rb ns=tenant-2 name=tenant-binding
[978/1000] action=create-crb name=foo-global-binding group=tenant-7 role=edit
[979/1000] action=create-rb ns=tenant-8 name=tenant-binding group=tenant-8 role=edit
[980/1000] action=create-rb ns=tenant-3 name=tenant-binding group=tenant-3 role=dev
[981/1000] action=cross-tenant-access context=tenant-7-user@kubernetes operation=list resource=configmap namespace=tenant-5
[982/1000] action=cross-tenant-access context=tenant-2-user@kubernetes operation=patch resource=configmap namespace=tenant-3
[983/1000] action=cross-tenant-access context=tenant-6-user@kubernetes operation=list resource=configmap namespace=tenant-1
[984/1000] action=cross-tenant-access context=tenant-9-user@kubernetes operation=get resource=configmap namespace=tenant-3
[985/1000] action=delete-rb ns=tenant-8 name=tenant-binding
[986/1000] action=create-rb ns=tenant-9 name=tenant-binding group=tenant-9 role=view
[987/1000] action=cross-tenant-access context=tenant-7-user@kubernetes operation=list resource=configmap namespace=tenant-1
[988/1000] action=cross-tenant-access context=tenant-10-user@kubernetes operation=get resource=configmap namespace=tenant-8
[989/1000] action=create-clusterrole name=dev resources=configmaps,secrets verbs=update,get
[990/1000] action=delete-clusterrole name=dev
[991/1000] action=create-crb name=foo-global-binding group=tenant-9 role=dev
[992/1000] action=delete-rb ns=tenant-5 name=tenant-binding
[993/1000] action=cross-tenant-access context=tenant-4-user@kubernetes operation=patch resource=configmap namespace=tenant-1
[994/1000] action=delete-rb ns=tenant-9 name=tenant-binding
[995/1000] action=cross-tenant-access context=tenant-3-user@kubernetes operation=list resource=configmap namespace=tenant-1
[996/1000] action=cross-tenant-access context=tenant-8-user@kubernetes operation=list resource=configmap namespace=tenant-3
[997/1000] action=cross-tenant-access context=tenant-2-user@kubernetes operation=patch resource=configmap namespace=tenant-4
[998/1000] action=cross-tenant-access context=tenant-7-user@kubernetes operation=list resource=configmap namespace=tenant-9
[999/1000] action=create-rb ns=tenant-4 name=tenant-binding group=tenant-4 role=dev
[1000/1000] action=delete-rb ns=tenant-8 name=tenant-binding
