[1/50] action=cross-tenant-access context=tenant-2-user@kubernetes operation=get resource=configmap namespace=tenant-3
[2/50] action=create-clusterrole name=dev resources=pods,secrets verbs=update,create,delete
[3/50] action=cross-tenant-access context=tenant-2-user@kubernetes operation=patch resource=configmap namespace=tenant-5
[4/50] action=create-crb name=foo-global-binding group=tenant-2 role=admin
[5/50] action=create-clusterrole name=dev resources=pods,secrets verbs=delete,update,patch,deletecollection
[6/50] action=cross-tenant-access context=tenant-3-user@kubernetes operation=list resource=configmap namespace=tenant-2
[7/50] action=create-rb ns=tenant-2 name=tenant-binding group=tenant-2 role=dev
[8/50] action=cross-tenant-access context=tenant-4-user@kubernetes operation=list resource=configmap namespace=tenant-2
[9/50] action=cross-tenant-access context=tenant-4-user@kubernetes operation=get resource=configmap namespace=tenant-3
[10/50] action=cross-tenant-access context=tenant-4-user@kubernetes operation=get resource=configmap namespace=tenant-1
[11/50] action=delete-crb name=foo-global-binding
[12/50] action=cross-tenant-access context=tenant-3-user@kubernetes operation=patch resource=configmap namespace=tenant-1
[13/50] action=cross-tenant-access context=tenant-2-user@kubernetes operation=delete resource=configmap namespace=tenant-5
[14/50] action=create-rb ns=tenant-2 name=tenant-binding group=tenant-2 role=admin
[15/50] action=delete-crb name=foo-global-binding
[16/50] action=create-clusterrole name=dev resources=services,pods,configmaps verbs=list
[17/50] action=cross-tenant-access context=tenant-3-user@kubernetes operation=get resource=configmap namespace=tenant-2
[18/50] action=cross-tenant-access context=tenant-2-user@kubernetes operation=delete resource=configmap namespace=tenant-5
[19/50] action=cross-tenant-access context=tenant-2-user@kubernetes operation=delete resource=configmap namespace=tenant-4
[20/50] action=create-clusterrole name=dev resources=secrets verbs=update
[21/50] action=delete-crb name=foo-global-binding
[22/50] action=cross-tenant-access context=tenant-5-user@kubernetes operation=watch resource=configmap namespace=tenant-3
[23/50] action=create-rb ns=tenant-3 name=tenant-binding group=tenant-3 role=admin
[24/50] action=delete-rb ns=tenant-1 name=tenant-binding
[25/50] action=cross-tenant-access context=tenant-3-user@kubernetes operation=delete resource=configmap namespace=tenant-2
[26/50] action=create-rb ns=tenant-3 name=tenant-binding group=tenant-3 role=edit
[27/50] action=delete-clusterrole name=dev
[28/50] action=delete-clusterrole name=dev
[29/50] action=create-rb ns=tenant-1 name=tenant-binding group=tenant-1 role=edit
[30/50] action=delete-rb ns=tenant-2 name=tenant-binding
[31/50] action=create-rb ns=tenant-1 name=tenant-binding group=tenant-1 role=dev
[32/50] action=cross-tenant-access context=tenant-3-user@kubernetes operation=delete resource=configmap namespace=tenant-4
[33/50] action=delete-crb name=foo-global-binding
[34/50] action=create-rb ns=tenant-5 name=tenant-binding group=tenant-5 role=edit
[35/50] action=delete-rb ns=tenant-3 name=tenant-binding
[36/50] action=create-rb ns=tenant-3 name=tenant-binding group=tenant-3 role=view
[37/50] action=delete-crb name=foo-global-binding
[38/50] action=create-rb ns=tenant-2 name=tenant-binding group=tenant-2 role=admin
[39/50] action=delete-rb ns=tenant-3 name=tenant-binding
[40/50] action=cross-tenant-access context=tenant-4-user@kubernetes operation=watch resource=configmap namespace=tenant-5
[41/50] action=cross-tenant-access context=tenant-4-user@kubernetes operation=list resource=configmap namespace=tenant-3
[42/50] action=delete-rb ns=tenant-3 name=tenant-binding
[43/50] action=create-clusterrole name=dev resources=services,configmaps verbs=deletecollection,patch
[44/50] action=delete-crb name=foo-global-binding
[45/50] action=create-rb ns=tenant-4 name=tenant-binding group=tenant-4 role=cluster-admin
[46/50] action=delete-rb ns=tenant-4 name=tenant-binding
[47/50] action=delete-rb ns=tenant-2 name=tenant-binding
[48/50] action=create-clusterrole name=dev resources=pods,secrets,configmaps verbs=watch,delete,deletecollection
[49/50] action=create-rb ns=tenant-3 name=tenant-binding group=tenant-3 role=admin
[50/50] action=create-rb ns=tenant-2 name=tenant-binding group=tenant-2 role=admin
