[1/50] action=create-crb name=foo-global-binding group=tenant-2 role=view
[2/50] action=delete-clusterrole name=dev
[3/50] action=cross-tenant-access context=tenant-1-user@kubernetes operation=patch resource=configmap namespace=tenant-2
[4/50] action=create-rb ns=tenant-1 name=tenant-binding group=tenant-1 role=admin
[5/50] action=create-rb ns=tenant-2 name=tenant-binding group=tenant-2 role=admin
[6/50] action=cross-tenant-access context=tenant-1-user@kubernetes operation=list resource=configmap namespace=tenant-2
[7/50] action=create-clusterrole name=dev resources=pods verbs=watch,delete,update,list,deletecollection
[8/50] action=delete-rb ns=tenant-2 name=tenant-binding
[9/50] action=create-rb ns=tenant-2 name=tenant-binding group=tenant-2 role=edit
[10/50] action=create-clusterrole name=dev resources=services,configmaps verbs=create
[11/50] action=create-rb ns=tenant-1 name=tenant-binding group=tenant-1 role=cluster-admin
[12/50] action=cross-tenant-access context=tenant-2-user@kubernetes operation=get resource=configmap namespace=tenant-1
[13/50] action=cross-tenant-access context=tenant-2-user@kubernetes operation=get resource=configmap namespace=tenant-1
[14/50] action=create-crb name=foo-global-binding group=tenant-1 role=edit
[15/50] action=delete-clusterrole name=dev
[16/50] action=cross-tenant-access context=tenant-1-user@kubernetes operation=patch resource=configmap namespace=tenant-2
[17/50] action=delete-rb ns=tenant-1 name=tenant-binding
[18/50] action=cross-tenant-access context=tenant-2-user@kubernetes operation=patch resource=configmap namespace=tenant-1
[19/50] action=delete-rb ns=tenant-2 name=tenant-binding
[20/50] action=cross-tenant-access context=tenant-1-user@kubernetes operation=get resource=configmap namespace=tenant-2
[21/50] action=cross-tenant-access context=tenant-1-user@kubernetes operation=list resource=configmap namespace=tenant-2
[22/50] action=cross-tenant-access context=tenant-1-user@kubernetes operation=get resource=configmap namespace=tenant-2
[23/50] action=delete-clusterrole name=dev
[24/50] action=create-crb name=foo-global-binding group=tenant-1 role=admin
[25/50] action=cross-tenant-access context=tenant-1-user@kubernetes operation=watch resource=configmap namespace=tenant-2
[26/50] action=cross-tenant-access context=tenant-1-user@kubernetes operation=list resource=configmap namespace=tenant-2
[27/50] action=create-clusterrole name=dev resources=secrets,pods,configmaps verbs=delete
[28/50] action=cross-tenant-access context=tenant-1-user@kubernetes operation=delete resource=configmap namespace=tenant-2
[29/50] action=cross-tenant-access context=tenant-1-user@kubernetes operation=delete resource=configmap namespace=tenant-2
[30/50] action=create-clusterrole name=dev resources=pods,secrets verbs=patch,list
[31/50] action=create-rb ns=tenant-2 name=tenant-binding group=tenant-2 role=edit
[32/50] action=create-rb ns=tenant-2 name=tenant-binding group=tenant-2 role=admin
[33/50] action=cross-tenant-access context=tenant-2-user@kubernetes operation=patch resource=configmap namespace=tenant-1
[34/50] action=create-rb ns=tenant-2 name=tenant-binding group=tenant-2 role=view
[35/50] action=cross-tenant-access context=tenant-1-user@kubernetes operation=watch resource=configmap namespace=tenant-2
[36/50] action=cross-tenant-access context=tenant-1-user@kubernetes operation=list resource=configmap namespace=tenant-2
[37/50] action=cross-tenant-access context=tenant-1-user@kubernetes operation=watch resource=configmap namespace=tenant-2
[38/50] action=delete-rb ns=tenant-2 name=tenant-binding
[39/50] action=delete-crb name=foo-global-binding
[40/50] action=delete-clusterrole name=dev
[41/50] action=cross-tenant-access context=tenant-2-user@kubernetes operation=get resource=configmap namespace=tenant-1
[42/50] action=delete-rb ns=tenant-1 name=tenant-binding
[43/50] action=delete-rb ns=tenant-2 name=tenant-binding
[44/50] action=delete-rb ns=tenant-1 name=tenant-binding
[45/50] action=delete-crb name=foo-global-binding
[46/50] action=cross-tenant-access context=tenant-1-user@kubernetes operation=get resource=configmap namespace=tenant-2
[47/50] action=cross-tenant-access context=tenant-2-user@kubernetes operation=list resource=configmap namespace=tenant-1
[48/50] action=create-rb ns=tenant-2 name=tenant-binding group=tenant-2 role=admin
[49/50] action=cross-tenant-access context=tenant-1-user@kubernetes operation=get resource=configmap namespace=tenant-2
[50/50] action=cross-tenant-access context=tenant-2-user@kubernetes operation=patch resource=configmap namespace=tenant-1
