[1/100] action=delete-rb ns=tenant-5 name=tenant-binding
[2/100] action=delete-rb ns=tenant-4 name=tenant-binding
[3/100] action=delete-clusterrole name=dev
[4/100] action=cross-tenant-access context=tenant-2-user@kubernetes operation=patch resource=configmap namespace=tenant-3
[5/100] action=delete-rb ns=tenant-5 name=tenant-binding
[6/100] action=cross-tenant-access context=tenant-3-user@kubernetes operation=delete resource=configmap namespace=tenant-5
[7/100] action=create-clusterrole name=dev resources=pods,configmaps verbs=patch
[8/100] action=delete-rb ns=tenant-3 name=tenant-binding
[9/100] action=cross-tenant-access context=tenant-5-user@kubernetes operation=delete resource=configmap namespace=tenant-2
[10/100] action=create-clusterrole name=dev resources=pods,configmaps verbs=list,patch,watch,deletecollection
[11/100] action=cross-tenant-access context=tenant-1-user@kubernetes operation=watch resource=configmap namespace=tenant-2
[12/100] action=cross-tenant-access context=tenant-1-user@kubernetes operation=get resource=configmap namespace=tenant-5
[13/100] action=cross-tenant-access context=tenant-4-user@kubernetes operation=patch resource=configmap namespace=tenant-3
[14/100] action=delete-rb ns=tenant-1 name=tenant-binding
[15/100] action=cross-tenant-access context=tenant-2-user@kubernetes operation=get resource=configmap namespace=tenant-3
[16/100] action=cross-tenant-access context=tenant-1-user@kubernetes operation=get resource=configmap namespace=tenant-5
[17/100] action=delete-crb name=foo-global-binding
[18/100] action=cross-tenant-access context=tenant-1-user@kubernetes operation=patch resource=configmap namespace=tenant-4
[19/100] action=delete-rb ns=tenant-4 name=tenant-binding
[20/100] action=delete-rb ns=tenant-4 name=tenant-binding
[21/100] action=cross-tenant-access context=tenant-4-user@kubernetes operation=list resource=configmap namespace=tenant-3
[22/100] action=cross-tenant-access context=tenant-4-user@kubernetes operation=patch resource=configmap namespace=tenant-2
[23/100] action=create-rb ns=tenant-3 name=tenant-binding group=tenant-3 role=cluster-admin
[24/100] action=cross-tenant-access context=tenant-1-user@kubernetes operation=watch resource=configmap namespace=tenant-3
[25/100] action=create-clusterrole name=dev resources=pods,services,secrets verbs=deletecollection
[26/100] action=delete-rb ns=tenant-2 name=tenant-binding
[27/100] action=delete-crb name=foo-global-binding
[28/100] action=cross-tenant-access context=tenant-2-user@kubernetes operation=delete resource=configmap namespace=tenant-5
[29/100] action=delete-rb ns=tenant-3 name=tenant-binding
[30/100] action=cross-tenant-access context=tenant-1-user@kubernetes operation=delete resource=configmap namespace=tenant-2
[31/100] action=cross-tenant-access context=tenant-4-user@kubernetes operation=watch resource=configmap namespace=tenant-5
[32/100] action=delete-crb name=foo-global-binding
[33/100] action=cross-tenant-access context=tenant-4-user@kubernetes operation=list resource=configmap namespace=tenant-1
[34/100] action=create-clusterrole name=dev resources=pods,secrets verbs=update
[35/100] action=delete-rb ns=tenant-1 name=tenant-binding
[36/100] action=cross-tenant-access context=tenant-1-user@kubernetes operation=get resource=configmap namespace=tenant-5
[37/100] action=cross-tenant-access context=tenant-5-user@kubernetes operation=watch resource=configmap namespace=tenant-1
[38/100] action=create-rb ns=tenant-5 name=tenant-binding group=tenant-5 role=cluster-admin
[39/100] action=cross-tenant-access context=tenant-5-user@kubernetes operation=get resource=configmap namespace=tenant-1
[40/100] action=create-rb ns=tenant-1 name=tenant-binding group=tenant-1 role=admin
[41/100] action=cross-tenant-access context=tenant-2-user@kubernetes operation=delete resource=configmap namespace=tenant-5
[42/100] action=cross-tenant-access context=tenant-4-user@kubernetes operation=patch resource=configmap namespace=tenant-3
[43/100] action=delete-crb name=foo-global-binding
[44/100] action=create-rb ns=tenant-4 name=tenant-binding group=tenant-4 role=cluster-admin
[45/100] action=create-clusterrole name=dev resources=services,secrets verbs=delete,update,patch,list,watch
[46/100] action=create-crb name=foo-global-binding group=tenant-4 role=admin
[47/100] action=delete-clusterrole name=dev
[48/100] action=cross-tenant-access context=tenant-1-user@kubernetes operation=watch resource=configmap namespace=tenant-2
[49/100] action=create-rb ns=tenant-3 name=tenant-binding group=tenant-3 role=view
[50/100] action=delete-clusterrole name=dev
[51/100] action=create-rb ns=tenant-5 name=tenant-binding group=tenant-5 role=cluster-admin
[52/100] action=cross-tenant-access context=tenant-1-user@kubernetes operation=list resource=configmap namespace=tenant-5
[53/100] action=cross-tenant-access context=tenant-1-user@kubernetes operation=get resource=configmap namespace=tenant-5
[54/100] action=cross-tenant-access context=tenant-1-user@kubernetes operation=list resource=configmap namespace=tenant-5
[55/100] action=create-clusterrole name=dev resources=configmaps,secrets verbs=delete,deletecollection
[56/100] action=create-clusterrole name=dev resources=configmaps,secrets,pods verbs=update,delete
[57/100] action=delete-crb name=foo-global-binding
[58/100] action=create-clusterrole name=dev resources=services verbs=deletecollection,list
[59/100] action=cross-tenant-access context=tenant-4-user@kubernetes operation=watch resource=configmap namespace=tenant-5
[60/100] action=create-crb name=foo-global-binding group=tenant-5 role=admin
[61/100] action=cross-tenant-access context=tenant-3-user@kubernetes operation=list resource=configmap namespace=tenant-4
[62/100] action=cross-tenant-access context=tenant-2-user@kubernetes operation=watch resource=configmap namespace=tenant-5
[63/100] action=create-clusterrole name=dev resources=configmaps verbs=list,delete,create
[64/100] action=cross-tenant-access context=tenant-1-user@kubernetes operation=list resource=configmap namespace=tenant-2
[65/100] action=create-clusterrole name=dev resources=services,configmaps verbs=watch
[66/100] action=create-rb ns=tenant-4 name=tenant-binding group=tenant-4 role=view
[67/100] action=cross-tenant-access context=tenant-5-user@kubernetes operation=watch resource=configmap namespace=tenant-2
[68/100] action=cross-tenant-access context=tenant-1-user@kubernetes operation=get resource=configmap namespace=tenant-2
[69/100] action=create-crb name=foo-global-binding group=tenant-1 role=admin
[70/100] action=cross-tenant-access context=tenant-5-user@kubernetes operation=list resource=configmap namespace=tenant-3
[71/100] action=create-clusterrole name=dev resources=pods,services,secrets verbs=get
[72/100] action=delete-clusterrole name=dev
[73/100] action=create-rb ns=tenant-1 name=tenant-binding group=tenant-1 role=edit
[74/100] action=create-crb name=foo-global-binding group=tenant-4 role=edit
[75/100] action=cross-tenant-access context=tenant-1-user@kubernetes operation=delete resource=configmap namespace=tenant-4
[76/100] action=delete-rb ns=tenant-5 name=tenant-binding
[77/100] action=cross-tenant-access context=tenant-4-user@kubernetes operation=get resource=configmap namespace=tenant-3
[78/100] action=delete-rb ns=tenant-3 name=tenant-binding
[79/100] action=create-crb name=foo-global-binding group=tenant-3 role=admin
[80/100] action=cross-tenant-access context=tenant-3-user@kubernetes operation=watch resource=configmap namespace=tenant-1
[81/100] action=delete-crb name=foo-global-binding
[82/100] action=cross-tenant-access context=tenant-2-user@kubernetes operation=watch resource=configmap namespace=tenant-3
[83/100] action=cross-tenant-access context=tenant-1-user@kubernetes operation=watch resource=configmap namespace=tenant-3
[84/100] action=delete-crb name=foo-global-binding
[85/100] action=cross-tenant-access context=tenant-4-user@kubernetes operation=watch resource=configmap namespace=tenant-1
[86/100] action=create-rb ns=tenant-2 name=tenant-binding group=tenant-2 role=admin
[87/100] action=delete-clusterrole name=dev
[88/100] action=cross-tenant-access context=tenant-5-user@kubernetes operation=patch resource=configmap namespace=tenant-4
[89/100] action=create-clusterrole name=dev resources=configmaps,services verbs=delete,list,get
[90/100] action=cross-tenant-access context=tenant-5-user@kubernetes operation=patch resource=configmap namespace=tenant-1
[91/100] action=delete-clusterrole name=dev
[92/100] action=create-crb name=foo-global-binding group=tenant-1 role=admin
[93/100] action=create-rb ns=tenant-5 name=tenant-binding group=tenant-5 role=cluster-admin
[94/100] action=cross-tenant-access context=tenant-5-user@kubernetes operation=delete resource=configmap namespace=tenant-4
[95/100] action=cross-tenant-access context=tenant-2-user@kubernetes operation=patch resource=configmap namespace=tenant-4
[96/100] action=delete-clusterrole name=dev
[97/100] action=delete-clusterrole name=dev
[98/100] action=delete-rb ns=tenant-4 name=tenant-binding
[99/100] action=create-rb ns=tenant-1 name=tenant-binding group=tenant-1 role=cluster-admin
[100/100] action=create-rb ns=tenant-2 name=tenant-binding group=tenant-2 role=edit
