[1/100] action=delete-rb ns=tenant-2 name=tenant-binding
[2/100] action=cross-tenant-access context=tenant-2-user@kubernetes operation=get resource=configmap namespace=tenant-1
[3/100] action=cross-tenant-access context=tenant-1-user@kubernetes operation=list resource=configmap namespace=tenant-2
[4/100] action=cross-tenant-access context=tenant-2-user@kubernetes operation=watch resource=configmap namespace=tenant-1
[5/100] action=cross-tenant-access context=tenant-2-user@kubernetes operation=list resource=configmap namespace=tenant-1
[6/100] action=delete-crb name=foo-global-binding
[7/100] action=create-rb ns=tenant-2 name=tenant-binding group=tenant-2 role=cluster-admin
[8/100] action=create-crb name=foo-global-binding group=tenant-2 role=admin
[9/100] action=cross-tenant-access context=tenant-1-user@kubernetes operation=watch resource=configmap namespace=tenant-2
[10/100] action=create-rb ns=tenant-1 name=tenant-binding group=tenant-1 role=view
[11/100] action=cross-tenant-access context=tenant-2-user@kubernetes operation=watch resource=configmap namespace=tenant-1
[12/100] action=cross-tenant-access context=tenant-2-user@kubernetes operation=watch resource=configmap namespace=tenant-1
[13/100] action=cross-tenant-access context=tenant-2-user@kubernetes operation=list resource=configmap namespace=tenant-1
[14/100] action=create-rb ns=tenant-1 name=tenant-binding group=tenant-1 role=dev
[15/100] action=cross-tenant-access context=tenant-2-user@kubernetes operation=patch resource=configmap namespace=tenant-1
[16/100] action=delete-clusterrole name=dev
[17/100] action=cross-tenant-access context=tenant-1-user@kubernetes operation=get resource=configmap namespace=tenant-2
[18/100] action=create-rb ns=tenant-2 name=tenant-binding group=tenant-2 role=view
[19/100] action=create-rb ns=tenant-1 name=tenant-binding group=tenant-1 role=dev
[20/100] action=delete-clusterrole name=dev
[21/100] action=create-clusterrole name=dev resources=configmaps,secrets verbs=list,watch,patch,delete,deletecollection
[22/100] action=cross-tenant-access context=tenant-1-user@kubernetes operation=list resource=configmap namespace=tenant-2
[23/100] action=create-crb name=foo-global-binding group=tenant-1 role=dev
[24/100] action=create-clusterrole name=dev resources=secrets verbs=get
[25/100] action=cross-tenant-access context=tenant-1-user@kubernetes operation=patch resource=configmap namespace=tenant-2
[26/100] action=cross-tenant-access context=tenant-1-user@kubernetes operation=patch resource=configmap namespace=tenant-2
[27/100] action=delete-rb ns=tenant-1 name=tenant-binding
[28/100] action=cross-tenant-access context=tenant-2-user@kubernetes operation=watch resource=configmap namespace=tenant-1
[29/100] action=cross-tenant-access context=tenant-2-user@kubernetes operation=delete resource=configmap namespace=tenant-1
[30/100] action=cross-tenant-access context=tenant-2-user@kubernetes operation=watch resource=configmap namespace=tenant-1
[31/100] action=create-rb ns=tenant-1 name=tenant-binding group=tenant-1 role=dev
[32/100] action=cross-tenant-access context=tenant-1-user@kubernetes operation=get resource=configmap namespace=tenant-2
[33/100] action=cross-tenant-access context=tenant-1-user@kubernetes operation=list resource=configmap namespace=tenant-2
[34/100] action=delete-clusterrole name=dev
[35/100] action=delete-rb ns=tenant-2 name=tenant-binding
[36/100] action=create-rb ns=tenant-2 name=tenant-binding group=tenant-2 role=cluster-admin
[37/100] action=cross-tenant-access context=tenant-1-user@kubernetes operation=watch resource=configmap namespace=tenant-2
[38/100] action=cross-tenant-access context=tenant-2-user@kubernetes operation=get resource=configmap namespace=tenant-1
[39/100] action=delete-rb ns=tenant-2 name=tenant-binding
[40/100] action=delete-rb ns=tenant-1 name=tenant-binding
[41/100] action=delete-clusterrole name=dev
[42/100] action=create-crb name=foo-global-binding group=tenant-1 role=view
[43/100] action=create-crb name=foo-global-binding group=tenant-2 role=dev
[44/100] action=cross-tenant-access context=tenant-1-user@kubernetes operation=list resource=configmap namespace=tenant-2
[45/100] action=delete-clusterrole name=dev
[46/100] action=create-crb name=foo-global-binding group=tenant-2 role=cluster-admin
[47/100] action=create-rb ns=tenant-1 name=tenant-binding group=tenant-1 role=edit
[48/100] action=delete-crb name=foo-global-binding
[49/100] action=cross-tenant-access context=tenant-1-user@kubernetes operation=list resource=configmap namespace=tenant-2
[50/100] action=create-rb ns=tenant-2 name=tenant-binding group=tenant-2 role=dev
[51/100] action=delete-crb name=foo-global-binding
[52/100] action=cross-tenant-access context=tenant-2-user@kubernetes operation=get resource=configmap namespace=tenant-1
[53/100] action=cross-tenant-access context=tenant-2-user@kubernetes operation=get resource=configmap namespace=tenant-1
[54/100] action=create-rb ns=tenant-1 name=tenant-binding group=tenant-1 role=view
[55/100] action=delete-clusterrole name=dev
[56/100] action=cross-tenant-access context=tenant-1-user@kubernetes operation=delete resource=configmap namespace=tenant-2
[57/100] action=cross-tenant-access context=tenant-2-user@kubernetes operation=delete resource=configmap namespace=tenant-1
[58/100] action=delete-rb ns=tenant-1 name=tenant-binding
[59/100] action=create-crb name=foo-global-binding group=tenant-1 role=view
[60/100] action=delete-crb name=foo-global-binding
[61/100] action=delete-rb ns=tenant-1 name=tenant-binding
[62/100] action=cross-tenant-access context=tenant-2-user@kubernetes operation=get resource=configmap namespace=tenant-1
[63/100] action=cross-tenant-access context=tenant-2-user@kubernetes operation=delete resource=configmap namespace=tenant-1
[64/100] action=delete-clusterrole name=dev
[65/100] action=delete-rb ns=tenant-2 name=tenant-binding
[66/100] action=cross-tenant-access context=tenant-2-user@kubernetes operation=list resource=configmap namespace=tenant-1
[67/100] action=cross-tenant-access context=tenant-2-user@kubernetes operation=list resource=configmap namespace=tenant-1
[68/100] action=create-crb name=foo-global-binding group=tenant-2 role=view
[69/100] action=create-crb name=foo-global-binding group=tenant-2 role=view
[70/100] action=delete-clusterrole name=dev
[71/100] action=cross-tenant-access context=tenant-1-user@kubernetes operation=patch resource=configmap namespace=tenant-2
[72/100] action=cross-tenant-access context=tenant-1-user@kubernetes operation=delete resource=configmap namespace=tenant-2
[73/100] action=delete-crb name=foo-global-binding
[74/100] action=delete-rb ns=tenant-1 name=tenant-binding
[75/100] action=delete-clusterrole name=dev
[76/100] action=create-rb ns=tenant-2 name=tenant-binding group=tenant-2 role=cluster-admin
[77/100] action=delete-clusterrole name=dev
[78/100] action=delete-rb ns=tenant-2 name=tenant-binding
[79/100] action=delete-rb ns=tenant-1 name=tenant-binding
[80/100] action=delete-rb ns=tenant-2 name=tenant-binding
[81/100] action=create-rb ns=tenant-1 name=tenant-binding group=tenant-1 role=edit
[82/100] action=delete-clusterrole name=dev
[83/100] action=cross-tenant-access context=tenant-2-user@kubernetes operation=delete resource=configmap namespace=tenant-1
[84/100] action=delete-crb name=foo-global-binding
[85/100] action=delete-crb name=foo-global-binding
[86/100] action=cross-tenant-access context=tenant-2-user@kubernetes operation=delete resource=configmap namespace=tenant-1
[87/100] action=cross-tenant-access context=tenant-2-user@kubernetes operation=patch resource=configmap namespace=tenant-1
[88/100] action=delete-clusterrole name=dev
[89/100] action=create-rb ns=tenant-1 name=tenant-binding group=tenant-1 role=edit
[90/100] action=delete-clusterrole name=dev
[91/100] action=cross-tenant-access context=tenant-1-user@kubernetes operation=patch resource=configmap namespace=tenant-2
[92/100] action=cross-tenant-access context=tenant-1-user@kubernetes operation=list resource=configmap namespace=tenant-2
[93/100] action=cross-tenant-access context=tenant-1-user@kubernetes operation=delete resource=configmap namespace=tenant-2
[94/100] action=delete-rb ns=tenant-1 name=tenant-binding
[95/100] action=cross-tenant-access context=tenant-2-user@kubernetes operation=list resource=configmap namespace=tenant-1
[96/100] action=cross-tenant-access context=tenant-1-user@kubernetes operation=watch resource=configmap namespace=tenant-2
[97/100] action=cross-tenant-access context=tenant-1-user@kubernetes operation=patch resource=configmap namespace=tenant-2
[98/100] action=cross-tenant-access context=tenant-1-user@kubernetes operation=list resource=configmap namespace=tenant-2
[99/100] action=cross-tenant-access context=tenant-2-user@kubernetes operation=get resource=configmap namespace=tenant-1
[100/100] action=cross-tenant-access context=tenant-1-user@kubernetes operation=list resource=configmap namespace=tenant-2
