[1/1000] action=cross-tenant-access context=tenant-5-user@kubernetes operation=list resource=configmap namespace=tenant-4
[2/1000] action=delete-rb ns=tenant-1 name=tenant-binding
[3/1000] action=cross-tenant-access context=tenant-2-user@kubernetes operation=patch resource=configmap namespace=tenant-7
[4/1000] action=cross-tenant-access context=tenant-8-user@kubernetes operation=list resource=configmap namespace=tenant-2
[5/1000] action=cross-tenant-access context=tenant-4-user@kubernetes operation=watch resource=configmap namespace=tenant-3
[6/1000] action=delete-rb ns=tenant-10 name=tenant-binding
[7/1000] action=delete-rb ns=tenant-8 name=tenant-binding
[8/1000] action=cross-tenant-access context=tenant-10-user@kubernetes operation=delete resource=configmap namespace=tenant-6
[9/1000] action=create-rb ns=tenant-1 name=tenant-binding group=tenant-1 role=dev
[10/1000] action=create-clusterrole name=dev resources=configmaps,pods verbs=patch,deletecollection,watch,update,delete
[11/1000] action=cross-tenant-access context=tenant-3-user@kubernetes operation=delete resource=configmap namespace=tenant-2
[12/1000] action=delete-rb ns=tenant-10 name=tenant-binding
[13/1000] action=delete-rb ns=tenant-8 name=tenant-binding
[14/1000] action=cross-tenant-access context=tenant-4-user@kubernetes operation=get resource=configmap namespace=tenant-8
[15/1000] action=create-rb ns=tenant-9 name=tenant-binding group=tenant-9 role=dev
[16/1000] action=create-rb ns=tenant-10 name=tenant-binding group=tenant-10 role=view
[17/1000] action=create-rb ns=tenant-5 name=tenant-binding group=tenant-5 role=admin
[18/1000] action=delete-rb ns=tenant-5 name=tenant-binding
[19/1000] action=cross-tenant-access context=tenant-9-user@kubernetes operation=watch resource=configmap namespace=tenant-6
[20/1000] action=create-rb ns=tenant-9 name=tenant-binding group=tenant-9 role=dev
[21/1000] action=create-clusterrole name=dev resources=pods,services,secrets verbs=patch
[22/1000] action=delete-crb name=foo-global-binding
[23/1000] action=cross-tenant-access context=tenant-8-user@kubernetes operation=delete resource=configmap namespace=tenant-2
[24/1000] action=delete-crb name=foo-global-binding
[25/1000] action=cross-tenant-access context=tenant-10-user@kubernetes operation=list resource=configmap namespace=tenant-8
[26/1000] action=cross-tenant-access context=tenant-2-user@kubernetes operation=patch resource=configmap namespace=tenant-9
[27/1000] action=delete-rb ns=tenant-9 name=tenant-binding
[28/1000] action=create-rb ns=tenant-1 name=tenant-binding group=tenant-1 role=admin
[29/1000] action=cross-tenant-access context=tenant-1-user@kubernetes operation=get resource=configmap namespace=tenant-10
[30/1000] action=create-rb ns=tenant-7 name=tenant-binding group=tenant-7 role=dev
[31/1000] action=delete-clusterrole name=dev
[32/1000] action=cross-tenant-access context=tenant-3-user@kubernetes operation=get resource=configmap namespace=tenant-8
[33/1000] action=cross-tenant-access context=tenant-2-user@kubernetes operation=delete resource=configmap namespace=tenant-8
[34/1000] action=create-rb ns=tenant-6 name=tenant-binding group=tenant-6 role=admin
[35/1000] action=create-clusterrole name=dev resources=pods verbs=list,update
[36/1000] action=create-clusterrole name=dev resources=configmaps,services,pods verbs=watch,delete,patch
[37/1000] action=cross-tenant-access context=tenant-3-user@kubernetes operation=patch resource=configmap namespace=tenant-5
[38/1000] action=cross-tenant-access context=tenant-2-user@kubernetes operation=patch resource=configmap namespace=tenant-8
[39/1000] action=cross-tenant-access context=tenant-2-user@kubernetes operation=list resource=configmap namespace=tenant-8
[40/1000] action=create-crb name=foo-global-binding group=tenant-10 role=edit
[41/1000] action=create-rb ns=tenant-9 name=tenant-binding group=tenant-9 role=cluster-admin
[42/1000] action=cross-tenant-access context=tenant-5-user@kubernetes operation=get resource=configmap namespace=tenant-10
[43/1000] action=create-rb ns=tenant-8 name=tenant-binding group=tenant-8 role=view
[44/1000] action=delete-rb ns=tenant-10 name=tenant-binding
[45/1000] action=create-crb name=foo-global-binding group=tenant-6 role=view
[46/1000] action=cross-tenant-access context=tenant-10-user@kubernetes operation=list resource=configmap namespace=tenant-1
[47/1000] action=delete-crb name=foo-global-binding
[48/1000] action=create-rb ns=tenant-8 name=tenant-binding group=tenant-8 role=edit
[49/1000] action=delete-rb ns=tenant-9 name=tenant-binding
[50/1000] action=delete-crb name=foo-global-binding
[51/1000] action=cross-tenant-access context=tenant-1-user@kubernetes operation=get resource=configmap namespace=tenant-2
[52/1000] action=create-rb ns=tenant-9 name=tenant-binding group=tenant-9 role=edit
[53/1000] action=cross-tenant-access context=tenant-9-user@kubernetes operation=patch resource=configmap namespace=tenant-1
[54/1000] action=cross-tenant-access context=tenant-3-user@kubernetes operation=delete resource=configmap namespace=tenant-5
[55/1000] action=delete-clusterrole name=dev
[56/1000] action=create-clusterrole name=dev resources=configmaps,pods verbs=list,get,patch,update,watch
[57/1000] action=delete-rb ns=tenant-9 name=tenant-binding
[58/1000] action=cross-tenant-access context=tenant-5-user@kubernetes operation=delete resource=configmap namespace=tenant-9
[59/1000] action=cross-tenant-access context=tenant-4-user@kubernetes operation=list resource=configmap namespace=tenant-10
[60/1000] action=create-rb ns=tenant-4 name=tenant-binding group=tenant-4 role=admin
[61/1000] action=delete-crb name=foo-global-binding
[62/1000] action=cross-tenant-access context=tenant-7-user@kubernetes operation=delete resource=configmap namespace=tenant-3
[63/1000] action=create-clusterrole name=dev resources=pods,services verbs=create,deletecollection,list
[64/1000] action=cross-tenant-access context=tenant-4-user@kubernetes operation=watch resource=configmap namespace=tenant-6
[65/1000] action=create-rb ns=tenant-2 name=tenant-binding group=tenant-2 role=dev
[66/1000] action=create-rb ns=tenant-8 name=tenant-binding group=tenant-8 role=admin
[67/1000] action=cross-tenant-access context=tenant-6-user@kubernetes operation=get resource=configmap namespace=tenant-5
[68/1000] action=create-rb ns=tenant-9 name=tenant-binding group=tenant-9 role=admin
[69/1000] action=cross-tenant-access context=tenant-6-user@kubernetes operation=get resource=configmap namespace=tenant-2
[70/1000] action=cross-tenant-access context=tenant-10-user@kubernetes operation=get resource=configmap namespace=tenant-6
[71/1000] action=create-rb ns=tenant-2 name=tenant-binding group=tenant-2 role=dev
[72/1000] action=create-clusterrole name=dev resources=pods verbs=list,create,watch,update
[73/1000] action=cross-tenant-access context=tenant-5-user@kubernetes operation=delete resource=configmap namespace=tenant-4
[74/1000] action=create-rb ns=tenant-7 name=tenant-binding group=tenant-7 role=admin
[75/1000] action=delete-rb ns=tenant-9 name=tenant-binding
[76/1000] action=create-crb name=foo-global-binding group=tenant-9 role=edit
[77/1000] action=create-clusterrole name=dev resources=pods,services verbs=watch,get,create,delete
[78/1000] action=cross-tenant-access context=tenant-3-user@kubernetes operation=delete resource=configmap namespace=tenant-9
[79/1000] action=delete-crb name=foo-global-binding
[80/1000] action=delete-rb ns=tenant-10 name=tenant-binding
[81/1000] action=cross-tenant-access context=tenant-10-user@kubernetes operation=patch resource=configmap namespace=tenant-3
[82/1000] action=cross-tenant-access context=tenant-7-user@kubernetes operation=watch resource=configmap namespace=tenant-8
[83/1000] action=create-rb ns=tenant-6 name=tenant-binding group=tenant-6 role=admin
[84/1000] action=delete-rb ns=tenant-3 name=tenant-binding
[85/1000] action=delete-rb ns=tenant-3 name=tenant-binding
[86/1000] action=delete-rb ns=tenant-8 name=tenant-binding
[87/1000] action=create-rb ns=tenant-9 name=tenant-binding group=tenant-9 role=dev
[88/1000] action=delete-rb ns=tenant-2 name=tenant-binding
[89/1000] action=delete-rb ns=tenant-1 name=tenant-binding
[90/1000] action=delete-rb ns=tenant-9 name=tenant-binding
[91/1000] action=cross-tenant-access context=tenant-5-user@kubernetes operation=watch resource=configmap namespace=tenant-7
[92/1000] action=cross-tenant-access context=tenant-4-user@kubernetes operation=patch resource=configmap namespace=tenant-5
[93/1000] action=delete-rb ns=tenant-2 name=tenant-binding
[94/1000] action=create-clusterrole name=dev resources=services verbs=deletecollection,update,delete,create
[95/1000] action=create-rb ns=tenant-7 name=tenant-binding group=tenant-7 role=edit
[96/1000] action=create-rb ns=tenant-2 name=tenant-binding group=tenant-2 role=dev
[97/1000] action=delete-rb ns=tenant-4 name=tenant-binding
[98/1000] action=cross-tenant-access context=tenant-5-user@kubernetes operation=list resource=configmap namespace=tenant-7
[99/1000] action=create-crb name=foo-global-binding group=tenant-4 role=view
[100/1000] action=delete-clusterrole name=dev
[101/1000] action=cross-tenant-access context=tenant-9-user@kubernetes operation=patch resource=configmap namespace=tenant-7
[102/1000] action=delete-rb ns=tenant-5 name=tenant-binding
[103/1000] action=delete-crb name=foo-global-binding
[104/1000] action=cross-tenant-access context=tenant-8-user@kubernetes operation=delete resource=configmap namespace=tenant-4
[105/1000] action=create-crb name=foo-global-binding group=tenant-5 role=admin
[106/1000] action=cross-tenant-access context=tenant-2-user@kubernetes operation=patch resource=configmap namespace=tenant-10
[107/1000] action=cross-tenant-access context=tenant-1-user@kubernetes operation=get resource=configmap namespace=tenant-4
[108/1000] action=cross-tenant-access context=tenant-9-user@kubernetes operation=delete resource=configmap namespace=tenant-3
[109/1000] action=create-clusterrole name=dev resources=configmaps,services,secrets verbs=watch,list,patch
[110/1000] action=create-rb ns=tenant-4 name=tenant-binding group=tenant-4 role=view
[111/1000] action=delete-clusterrole name=dev
[112/1000] action=create-rb ns=tenant-3 name=tenant-binding group=tenant-3 role=edit
[113/1000] action=cross-tenant-access context=tenant-3-user@kubernetes operation=delete resource=configmap namespace=tenant-6
[114/1000] action=delete-rb ns=tenant-2 name=tenant-binding
[115/1000] action=create-crb name=foo-global-binding group=tenant-3 role=cluster-admin
[116/1000] action=cross-tenant-access context=tenant-6-user@kubernetes operation=watch resource=configmap namespace=tenant-7
[117/1000] action=create-rb ns=tenant-5 name=tenant-binding group=tenant-5 role=dev
[118/1000] action=delete-rb ns=tenant-4 name=tenant-binding
[119/1000] action=cross-tenant-access context=tenant-7-user@kubernetes operation=list resource=configmap namespace=tenant-8
[120/1000] action=create-crb name=foo-global-binding group=tenant-2 role=dev
[121/1000] action=cross-tenant-access context=tenant-4-user@kubernetes operation=list resource=configmap namespace=tenant-5
[122/1000] action=cross-tenant-access context=tenant-7-user@kubernetes operation=list resource=configmap namespace=tenant-2
[123/1000] action=cross-tenant-access context=tenant-6-user@kubernetes operation=patch resource=configmap namespace=tenant-4
[124/1000] action=create-rb ns=tenant-1 name=tenant-binding group=tenant-1 role=admin
[125/1000] action=cross-tenant-access context=tenant-6-user@kubernetes operation=get resource=configmap namespace=tenant-5
[126/1000] action=delete-rb ns=tenant-3 name=tenant-binding
[127/1000] action=delete-rb ns=tenant-3 name=tenant-binding
[128/1000] action=cross-tenant-access context=tenant-7-user@kubernetes operation=patch resource=configmap namespace=tenant-9
[129/1000] action=cross-tenant-access context=tenant-5-user@kubernetes operation=list resource=configmap namespace=tenant-7
[130/1000] action=delete-crb name=foo-global-binding
[131/1000] action=cross-tenant-access context=tenant-4-user@kubernetes operation=list resource=configmap namespace=tenant-1
[132/1000] action=delete-crb name=foo-global-binding
[133/1000] action=create-rb ns=tenant-9 name=tenant-binding group=tenant-9 role=view
[134/1000] action=cross-tenant-access context=tenant-8-user@kubernetes operation=delete resource=configmap namespace=tenant-3
[135/1000] action=create-rb ns=tenant-6 name=tenant-binding group=tenant-6 role=dev
[136/1000] action=create-rb ns=tenant-4 name=tenant-binding group=tenant-4 role=cluster-admin
[137/1000] action=cross-tenant-access context=tenant-7-user@kubernetes operation=watch resource=configmap namespace=tenant-2
[138/1000] action=delete-crb name=foo-global-binding
[139/1000] action=create-rb ns=tenant-8 name=tenant-binding group=tenant-8 role=cluster-admin
[140/1000] action=create-clusterrole name=dev resources=services,secrets verbs=create,list,deletecollection
[141/1000] action=delete-clusterrole name=dev
[142/1000] action=cross-tenant-access context=tenant-4-user@kubernetes operation=delete resource=configmap namespace=tenant-10
[143/1000] action=create-rb ns=tenant-4 name=tenant-binding group=tenant-4 role=cluster-admin
[144/1000] action=delete-crb name=foo-global-binding
[145/1000] action=delete-rb ns=tenant-1 name=tenant-binding
[146/1000] action=cross-tenant-access context=tenant-2-user@kubernetes operation=delete resource=configmap namespace=tenant-1
[147/1000] action=create-crb name=foo-global-binding group=tenant-4 role=admin
[148/1000] action=cross-tenant-access context=tenant-8-user@kubernetes operation=watch resource=configmap namespace=tenant-9
[149/1000] action=cross-tenant-access context=tenant-5-user@kubernetes operation=patch resource=configmap namespace=tenant-1
[150/1000] action=cross-tenant-access context=tenant-2-user@kubernetes operation=list resource=configmap namespace=tenant-5
[151/1000] action=cross-tenant-access context=tenant-5-user@kubernetes operation=get resource=configmap namespace=tenant-1
[152/1000] action=create-clusterrole name=dev resources=pods,secrets,configmaps verbs=create,list,update,get
[153/1000] action=cross-tenant-access context=tenant-9-user@kubernetes operation=delete resource=configmap namespace=tenant-2
[154/1000] action=cross-tenant-access context=tenant-8-user@kubernetes operation=delete resource=configmap namespace=tenant-3
[155/1000] action=cross-tenant-access context=tenant-5-user@kubernetes operation=delete resource=configmap namespace=tenant-9
[156/1000] action=delete-crb name=foo-global-binding
[157/1000] action=cross-tenant-access context=tenant-1-user@kubernetes operation=delete resource=configmap namespace=tenant-4
[158/1000] action=delete-clusterrole name=dev
[159/1000] action=create-clusterrole name=dev resources=pods,configmaps verbs=watch
[160/1000] action=cross-tenant-access context=tenant-7-user@kubernetes operation=get resource=configmap namespace=tenant-3
[161/1000] action=create-crb name=foo-global-binding group=tenant-2 role=admin
[162/1000] action=delete-crb name=foo-global-binding
[163/1000] action=delete-rb ns=tenant-10 name=tenant-binding
[164/1000] action=delete-rb ns=tenant-9 name=tenant-binding
[165/1000] action=cross-tenant-access context=tenant-7-user@kubernetes operation=watch resource=configmap namespace=tenant-9
[166/1000] action=cross-tenant-access context=tenant-9-user@kubernetes operation=patch resource=configmap namespace=tenant-1
[167/1000] action=delete-clusterrole name=dev
[168/1000] action=delete-rb ns=tenant-4 name=tenant-binding
[169/1000] action=create-crb name=foo-global-binding group=tenant-6 role=admin
[170/1000] action=delete-clusterrole name=dev
[171/1000] action=create-clusterrole name=dev resources=secrets,services verbs=update,list,create,watch
[172/1000] action=cross-tenant-access context=tenant-1-user@kubernetes operation=patch resource=configmap namespace=tenant-5
[173/1000] action=delete-clusterrole name=dev
[174/1000] action=cross-tenant-access context=tenant-10-user@kubernetes operation=get resource=configmap namespace=tenant-2
[175/1000] action=create-rb ns=tenant-1 name=tenant-binding group=tenant-1 role=admin
[176/1000] action=cross-tenant-access context=tenant-3-user@kubernetes operation=patch resource=configmap namespace=tenant-1
[177/1000] action=delete-crb name=foo-global-binding
[178/1000] action=create-rb ns=tenant-9 name=tenant-binding group=tenant-9 role=view
[179/1000] action=create-crb name=foo-global-binding group=tenant-2 role=dev
[180/1000] action=create-rb ns=tenant-4 name=tenant-binding group=tenant-4 role=view
[181/1000] action=create-rb ns=tenant-2 name=tenant-binding group=tenant-2 role=dev
[182/1000] action=delete-crb name=foo-global-binding
[183/1000] action=delete-rb ns=tenant-10 name=tenant-binding
[184/1000] action=create-rb ns=tenant-5 name=tenant-binding group=tenant-5 role=cluster-admin
[185/1000] action=cross-tenant-access context=tenant-1-user@kubernetes operation=delete resource=configmap namespace=tenant-2
[186/1000] action=cross-tenant-access context=tenant-10-user@kubernetes operation=list resource=configmap namespace=tenant-6
[187/1000] action=delete-rb ns=tenant-10 name=tenant-binding
[188/1000] action=cross-tenant-access context=tenant-9-user@kubernetes operation=get resource=configmap namespace=tenant-7
[189/1000] action=delete-rb ns=tenant-9 name=tenant-binding
[190/1000] action=cross-tenant-access context=tenant-1-user@kubernetes operation=watch resource=configmap namespace=tenant-8
[191/1000] action=create-clusterrole name=dev resources=pods,services verbs=watch,list
[192/1000] action=cross-tenant-access context=tenant-7-user@kubernetes operation=patch resource=configmap namespace=tenant-4
[193/1000] action=cross-tenant-access context=tenant-8-user@kubernetes operation=list resource=configmap namespace=tenant-4
[194/1000] action=create-clusterrole name=dev resources=secrets,services verbs=watch,create,list
[195/1000] action=cross-tenant-access context=tenant-6-user@kubernetes operation=watch resource=configmap namespace=tenant-8
[196/1000] action=create-clusterrole name=dev resources=secrets,services,configmaps verbs=list,deletecollection
[197/1000] action=create-clusterrole name=dev resources=services verbs=update
[198/1000] action=delete-clusterrole name=dev
[199/1000] action=cross-tenant-access context=tenant-10-user@kubernetes operation=get resource=configmap namespace=tenant-8
[200/1000] action=delete-rb ns=tenant-6 name=tenant-binding
[201/1000] action=delete-clusterrole name=dev
[202/1000] action=create-crb name=foo-global-binding group=tenant-2 role=cluster-admin
[203/1000] action=cross-tenant-access context=tenant-6-user@kubernetes operation=delete resource=configmap namespace=tenant-7
[204/1000] action=cross-tenant-access context=tenant-10-user@kubernetes operation=delete resource=configmap namespace=tenant-2
[205/1000] action=cross-tenant-access context=tenant-4-user@kubernetes operation=delete resource=configmap namespace=tenant-3
[206/1000] action=cross-tenant-access context=tenant-8-user@kubernetes operation=patch resource=configmap namespace=tenant-5
[207/1000] action=cross-tenant-access context=tenant-10-user@kubernetes operation=delete resource=configmap namespace=tenant-4
[208/1000] action=create-rb ns=tenant-10 name=tenant-binding group=tenant-10 role=admin
[209/1000] action=create-crb name=foo-global-binding group=tenant-3 role=admin
[210/1000] action=cross-tenant-access context=tenant-7-user@kubernetes operation=list resource=configmap namespace=tenant-5
[211/1000] action=create-crb name=foo-global-binding group=tenant-3 role=edit
[212/1000] action=create-clusterrole name=dev resources=secrets,configmaps,pods verbs=delete,deletecollection,list
[213/1000] action=delete-crb name=foo-global-binding
[214/1000] action=delete-rb ns=tenant-4 name=tenant-binding
[215/1000] action=cross-tenant-access context=tenant-9-user@kubernetes operation=watch resource=configmap namespace=tenant-7
[216/1000] action=cross-tenant-access context=tenant-9-user@kubernetes operation=patch resource=configmap namespace=tenant-5
[217/1000] action=create-rb ns=tenant-8 name=tenant-binding group=tenant-8 role=view
[218/1000] action=create-rb ns=tenant-10 name=tenant-binding group=tenant-10 role=admin
[219/1000] action=cross-tenant-access context=tenant-7-user@kubernetes operation=list resource=configmap namespace=tenant-10
[220/1000] action=delete-rb ns=tenant-8 name=tenant-binding
[221/1000] action=delete-rb ns=tenant-5 name=tenant-binding
[222/1000] action=create-rb ns=tenant-5 name=tenant-binding group=tenant-5 role=view
[223/1000] action=create-clusterrole name=dev resources=pods verbs=delete,list,deletecollection,watch
[224/1000] action=create-rb ns=tenant-2 name=tenant-binding group=tenant-2 role=view
[225/1000] action=cross-tenant-access context=tenant-3-user@kubernetes operation=get resource=configmap namespace=tenant-2
[226/1000] action=delete-crb name=foo-global-binding
[227/1000] action=cross-tenant-access context=tenant-4-user@kubernetes operation=list resource=configmap namespace=tenant-5
[228/1000] action=delete-crb name=foo-global-binding
[229/1000] action=create-crb name=foo-global-binding group=tenant-9 role=admin
[230/1000] action=create-clusterrole name=dev resources=services verbs=update
[231/1000] action=delete-rb ns=tenant-1 name=tenant-binding
[232/1000] action=cross-tenant-access context=tenant-4-user@kubernetes operation=delete resource=configmap namespace=tenant-10
[233/1000] action=delete-rb ns=tenant-10 name=tenant-binding
[234/1000] action=create-rb ns=tenant-7 name=tenant-binding group=tenant-7 role=view
[235/1000] action=cross-tenant-access context=tenant-10-user@kubernetes operation=delete resource=configmap namespace=tenant-1
[236/1000] action=delete-rb ns=tenant-6 name=tenant-binding
[237/1000] action=create-rb ns=tenant-2 name=tenant-binding group=tenant-2 role=edit
[238/1000] action=cross-tenant-access context=tenant-8-user@kubernetes operation=watch resource=configmap namespace=tenant-5
[239/1000] action=create-rb ns=tenant-1 name=tenant-binding group=tenant-1 role=edit
[240/1000] action=cross-tenant-access context=tenant-5-user@kubernetes operation=delete resource=configmap namespace=tenant-1
[241/1000] action=create-rb ns=tenant-4 name=tenant-binding group=tenant-4 role=cluster-admin
[242/1000] action=delete-clusterrole name=dev
[243/1000] action=create-clusterrole name=dev resources=configmaps,pods,secrets verbs=patch
[244/1000] action=delete-rb ns=tenant-2 name=tenant-binding
[245/1000] action=cross-tenant-access context=tenant-9-user@kubernetes operation=patch resource=configmap namespace=tenant-3
[246/1000] action=create-crb name=foo-global-binding group=tenant-4 role=edit
[247/1000] action=create-rb ns=tenant-3 name=tenant-binding group=tenant-3 role=dev
[248/1000] action=cross-tenant-access context=tenant-2-user@kubernetes operation=get resource=configmap namespace=tenant-6
[249/1000] action=cross-tenant-access context=tenant-6-user@kubernetes operation=patch resource=configmap namespace=tenant-2
[250/1000] action=cross-tenant-access context=tenant-10-user@kubernetes operation=watch resource=configmap namespace=tenant-2
[251/1000] action=delete-rb ns=tenant-1 name=tenant-binding
[252/1000] action=cross-tenant-access context=tenant-4-user@kubernetes operation=watch resource=configmap namespace=tenant-5
[253/1000] action=create-rb ns=tenant-2 name=tenant-binding group=tenant-2 role=admin
[254/1000] action=cross-tenant-access context=tenant-9-user@kubernetes operation=delete resource=configmap namespace=tenant-3
[255/1000] action=delete-rb ns=tenant-2 name=tenant-binding
[256/1000] action=cross-tenant-access context=tenant-3-user@kubernetes operation=delete resource=configmap namespace=tenant-6
[257/1000] action=cross-tenant-access context=tenant-10-user@kubernetes operation=watch resource=configmap namespace=tenant-5
[258/1000] action=create-clusterrole name=dev resources=pods,secrets,services verbs=create,list,delete
[259/1000] action=create-rb ns=tenant-9 name=tenant-binding group=tenant-9 role=admin
[260/1000] action=cross-tenant-access context=tenant-5-user@kubernetes operation=get resource=configmap namespace=tenant-1
[261/1000] action=delete-rb ns=tenant-8 name=tenant-binding
[262/1000] action=delete-clusterrole name=dev
[263/1000] action=cross-tenant-access context=tenant-9-user@kubernetes operation=get resource=configmap namespace=tenant-8
[264/1000] action=cross-tenant-access context=tenant-7-user@kubernetes operation=list resource=configmap namespace=tenant-4
[265/1000] action=create-rb ns=tenant-7 name=tenant-binding group=tenant-7 role=dev
[266/1000] action=create-crb name=foo-global-binding group=tenant-8 role=view
[267/1000] action=cross-tenant-access context=tenant-10-user@kubernetes operation=patch resource=configmap namespace=tenant-8
[268/1000] action=delete-rb ns=tenant-3 name=tenant-binding
[269/1000] action=create-rb ns=tenant-7 name=tenant-binding group=tenant-7 role=edit
[270/1000] action=create-crb name=foo-global-binding group=tenant-7 role=admin
[271/1000] action=cross-tenant-access context=tenant-9-user@kubernetes operation=get resource=configmap namespace=tenant-3
[272/1000] action=create-crb name=foo-global-binding group=tenant-6 role=view
[273/1000] action=cross-tenant-access context=tenant-1-user@kubernetes operation=patch resource=configmap namespace=tenant-8
[274/1000] action=delete-rb ns=tenant-1 name=tenant-binding
[275/1000] action=create-rb ns=tenant-9 name=tenant-binding group=tenant-9 role=edit
[276/1000] action=delete-clusterrole name=dev
[277/1000] action=create-crb name=foo-global-binding group=tenant-3 role=dev
[278/1000] action=create-rb ns=tenant-6 name=tenant-binding group=tenant-6 role=dev
[279/1000] action=cross-tenant-access context=tenant-7-user@kubernetes operation=delete resource=configmap namespace=tenant-10
[280/1000] action=cross-tenant-access context=tenant-8-user@kubernetes operation=list resource=configmap namespace=tenant-2
[281/1000] action=delete-crb name=foo-global-binding
[282/1000] action=cross-tenant-access context=tenant-2-user@kubernetes operation=watch resource=configmap namespace=tenant-9
[283/1000] action=delete-rb ns=tenant-9 name=tenant-binding
[284/1000] action=cross-tenant-access context=tenant-7-user@kubernetes operation=delete resource=configmap namespace=tenant-10
[285/1000] action=cross-tenant-access context=tenant-2-user@kubernetes operation=list resource=configmap namespace=tenant-5
[286/1000] action=cross-tenant-access context=tenant-9-user@kubernetes operation=watch resource=configmap namespace=tenant-8
[287/1000] action=delete-rb ns=tenant-3 name=tenant-binding
[288/1000] action=delete-crb name=foo-global-binding
[289/1000] action=cross-tenant-access context=tenant-4-user@kubernetes operation=get resource=configmap namespace=tenant-1
[290/1000] action=cross-tenant-access context=tenant-3-user@kubernetes operation=watch resource=configmap namespace=tenant-10
[291/1000] action=delete-rb ns=tenant-1 name=tenant-binding
[292/1000] action=cross-tenant-access context=tenant-5-user@kubernetes operation=delete resource=configmap namespace=tenant-4
[293/1000] action=cross-tenant-access context=tenant-10-user@kubernetes operation=list resource=configmap namespace=tenant-5
[294/1000] action=cross-tenant-access context=tenant-9-user@kubernetes operation=list resource=configmap namespace=tenant-1
[295/1000] action=delete-rb ns=tenant-3 name=tenant-binding
[296/1000] action=cross-tenant-access context=tenant-5-user@kubernetes operation=watch resource=configmap namespace=tenant-7
[297/1000] action=cross-tenant-access context=tenant-4-user@kubernetes operation=watch resource=configmap namespace=tenant-8
[298/1000] action=cross-tenant-access context=tenant-1-user@kubernetes operation=patch resource=configmap namespace=tenant-4
[299/1000] action=delete-rb ns=tenant-3 name=tenant-binding
[300/1000] action=create-rb ns=tenant-7 name=tenant-binding group=tenant-7 role=view
[301/1000] action=cross-tenant-access context=tenant-3-user@kubernetes operation=watch resource=configmap namespace=tenant-5
[302/1000] action=create-rb ns=tenant-8 name=tenant-binding group=tenant-8 role=dev
[303/1000] action=cross-tenant-access context=tenant-9-user@kubernetes operation=patch resource=configmap namespace=tenant-4
[304/1000] action=cross-tenant-access context=tenant-2-user@kubernetes operation=list resource=configmap namespace=tenant-5
[305/1000] action=create-clusterrole name=dev resources=secrets,pods,configmaps verbs=list,patch,create,watch
[306/1000] action=cross-tenant-access context=tenant-10-user@kubernetes operation=delete resource=configmap namespace=tenant-2
[307/1000] action=cross-tenant-access context=tenant-1-user@kubernetes operation=list resource=configmap namespace=tenant-10
[308/1000] action=delete-clusterrole name=dev
[309/1000] action=create-rb ns=tenant-1 name=tenant-binding group=tenant-1 role=cluster-admin
[310/1000] action=create-rb ns=tenant-4 name=tenant-binding group=tenant-4 role=dev
[311/1000] action=create-rb ns=tenant-1 name=tenant-binding group=tenant-1 role=cluster-admin
[312/1000] action=delete-rb ns=tenant-10 name=tenant-binding
[313/1000] action=delete-rb ns=tenant-2 name=tenant-binding
[314/1000] action=cross-tenant-access context=tenant-7-user@kubernetes operation=get resource=configmap namespace=tenant-1
[315/1000] action=cross-tenant-access context=tenant-4-user@kubernetes operation=list resource=configmap namespace=tenant-9
[316/1000] action=create-rb ns=tenant-8 name=tenant-binding group=tenant-8 role=edit
[317/1000] action=delete-crb name=foo-global-binding
[318/1000] action=delete-rb ns=tenant-10 name=tenant-binding
[319/1000] action=delete-crb name=foo-global-binding
[320/1000] action=delete-crb name=foo-global-binding
[321/1000] action=create-clusterrole name=dev resources=pods,secrets,configmaps verbs=watch,delete,get,create
[322/1000] action=delete-rb ns=tenant-4 name=tenant-binding
[323/1000] action=cross-tenant-access context=tenant-9-user@kubernetes operation=patch resource=configmap namespace=tenant-1
[324/1000] action=delete-clusterrole name=dev
[325/1000] action=cross-tenant-access context=tenant-8-user@kubernetes operation=delete resource=configmap namespace=tenant-6
[326/1000] action=cross-tenant-access context=tenant-7-user@kubernetes operation=patch resource=configmap namespace=tenant-8
[327/1000] action=cross-tenant-access context=tenant-1-user@kubernetes operation=patch resource=configmap namespace=tenant-5
[328/1000] action=delete-rb ns=tenant-4 name=tenant-binding
[329/1000] action=delete-clusterrole name=dev
[330/1000] action=create-rb ns=tenant-5 name=tenant-binding group=tenant-5 role=edit
[331/1000] action=create-rb ns=tenant-5 name=tenant-binding group=tenant-5 role=view
[332/1000] action=create-crb name=foo-global-binding group=tenant-4 role=view
[333/1000] action=cross-tenant-access context=tenant-10-user@kubernetes operation=get resource=configmap namespace=tenant-4
[334/1000] action=create-clusterrole name=dev resources=configmaps,secrets verbs=get,deletecollection,delete
[335/1000] action=cross-tenant-access context=tenant-10-user@kubernetes operation=patch resource=configmap namespace=tenant-8
[336/1000] action=delete-rb ns=tenant-5 name=tenant-binding
[337/1000] action=cross-tenant-access context=tenant-7-user@kubernetes operation=watch resource=configmap namespace=tenant-3
[338/1000] action=cross-tenant-access context=tenant-8-user@kubernetes operation=get resource=configmap namespace=tenant-1
[339/1000] action=cross-tenant-access context=tenant-9-user@kubernetes operation=watch resource=configmap namespace=tenant-8
[340/1000] action=cross-tenant-access context=tenant-1-user@kubernetes operation=list resource=configmap namespace=tenant-7
[341/1000] action=create-rb ns=tenant-6 name=tenant-binding group=tenant-6 role=dev
[342/1000] action=cross-tenant-access context=tenant-9-user@kubernetes operation=delete resource=configmap namespace=tenant-5
[343/1000] action=delete-crb name=foo-global-binding
[344/1000] action=create-rb ns=tenant-1 name=tenant-binding group=tenant-1 role=dev
[345/1000] action=cross-tenant-access context=tenant-10-user@kubernetes operation=watch resource=configmap namespace=tenant-4
[346/1000] action=delete-rb ns=tenant-5 name=tenant-binding
[347/1000] action=delete-clusterrole name=dev
[348/1000] action=cross-tenant-access context=tenant-10-user@kubernetes operation=delete resource=configmap namespace=tenant-8
[349/1000] action=cross-tenant-access context=tenant-1-user@kubernetes operation=patch resource=configmap namespace=tenant-5
[350/1000] action=delete-crb name=foo-global-binding
[351/1000] action=delete-rb ns=tenant-9 name=tenant-binding
[352/1000] action=delete-clusterrole name=dev
[353/1000] action=delete-rb ns=tenant-10 name=tenant-binding
[354/1000] action=cross-tenant-access context=tenant-4-user@kubernetes operation=list resource=configmap namespace=tenant-3
[355/1000] action=create-rb ns=tenant-7 name=tenant-binding group=tenant-7 role=view
[356/1000] action=delete-rb ns=tenant-4 name=tenant-binding
[357/1000] action=delete-rb ns=tenant-7 name=tenant-binding
[358/1000] action=create-rb ns=tenant-3 name=tenant-binding group=tenant-3 role=view
[359/1000] action=create-clusterrole name=dev resources=secrets,services verbs=get,patch,create
[360/1000] action=cross-tenant-access context=tenant-6-user@kubernetes operation=delete resource=configmap namespace=tenant-9
[361/1000] action=delete-crb name=foo-global-binding
[362/1000] action=delete-rb ns=tenant-9 name=tenant-binding
[363/1000] action=delete-crb name=foo-global-binding
[364/1000] action=create-crb name=foo-global-binding group=tenant-10 role=edit
[365/1000] action=cross-tenant-access context=tenant-7-user@kubernetes operation=watch resource=configmap namespace=tenant-9
[366/1000] action=cross-tenant-access context=tenant-1-user@kubernetes operation=list resource=configmap namespace=tenant-7
[367/1000] action=delete-crb name=foo-global-binding
[368/1000] action=delete-rb ns=tenant-4 name=tenant-binding
[369/1000] action=cross-tenant-access context=tenant-9-user@kubernetes operation=list resource=configmap namespace=tenant-10
[370/1000] action=cross-tenant-access context=tenant-2-user@kubernetes operation=delete resource=configmap namespace=tenant-4
[371/1000] action=create-crb name=foo-global-binding group=tenant-8 role=cluster-admin
[372/1000] action=delete-crb name=foo-global-binding
[373/1000] action=delete-rb ns=tenant-5 name=tenant-binding
[374/1000] action=create-crb name=foo-global-binding group=tenant-5 role=view
[375/1000] action=delete-crb name=foo-global-binding
[376/1000] action=cross-tenant-access context=tenant-3-user@kubernetes operation=patch resource=configmap namespace=tenant-10
[377/1000] action=delete-rb ns=tenant-5 name=tenant-binding
[378/1000] action=cross-tenant-access context=tenant-4-user@kubernetes operation=delete resource=configmap namespace=tenant-2
[379/1000] action=create-crb name=foo-global-binding group=tenant-2 role=cluster-admin
[380/1000] action=delete-crb name=foo-global-binding
[381/1000] action=create-rb ns=tenant-3 name=tenant-binding group=tenant-3 role=dev
[382/1000] action=cross-tenant-access context=tenant-3-user@kubernetes operation=watch resource=configmap namespace=tenant-2
[383/1000] action=delete-crb name=foo-global-binding
[384/1000] action=delete-rb ns=tenant-8 name=tenant-binding
[385/1000] action=cross-tenant-access context=tenant-1-user@kubernetes operation=patch resource=configmap namespace=tenant-3
[386/1000] action=delete-clusterrole name=dev
[387/1000] action=create-rb ns=tenant-7 name=tenant-binding group=tenant-7 role=edit
[388/1000] action=cross-tenant-access context=tenant-4-user@kubernetes operation=list resource=configmap namespace=tenant-8
[389/1000] action=delete-clusterrole name=dev
[390/1000] action=cross-tenant-access context=tenant-4-user@kubernetes operation=patch resource=configmap namespace=tenant-10
[391/1000] action=delete-rb ns=tenant-1 name=tenant-binding
[392/1000] action=delete-clusterrole name=dev
[393/1000] action=delete-rb ns=tenant-5 name=tenant-binding
[394/1000] action=create-rb ns=tenant-9 name=tenant-binding group=tenant-9 role=dev
[395/1000] action=delete-rb ns=tenant-6 name=tenant-binding
[396/1000] action=delete-rb ns=tenant-7 name=tenant-binding
[397/1000] action=create-clusterrole name=dev resources=services,pods,secrets verbs=delete,update,get,patch
[398/1000] action=delete-rb ns=tenant-9 name=tenant-binding
[399/1000] action=cross-tenant-access context=tenant-7-user@kubernetes operation=watch resource=configmap namespace=tenant-1
[400/1000] action=cross-tenant-access context=tenant-4-user@kubernetes operation=get resource=configmap namespace=tenant-5
[401/1000] action=cross-tenant-access context=tenant-4-user@kubernetes operation=patch resource=configmap namespace=tenant-5
[402/1000] action=cross-tenant-access context=tenant-2-user@kubernetes operation=watch resource=configmap namespace=tenant-3
[403/1000] action=delete-clusterrole name=dev
[404/1000] action=create-clusterrole name=dev resources=services verbs=deletecollection,watch,delete
[405/1000] action=cross-tenant-access context=tenant-9-user@kubernetes operation=watch resource=configmap namespace=tenant-8
[406/1000] action=create-rb ns=tenant-8 name=tenant-binding group=tenant-8 role=cluster-admin
[407/1000] action=create-crb name=foo-global-binding group=tenant-9 role=admin
[408/1000] action=delete-clusterrole name=dev
[409/1000] action=cross-tenant-access context=tenant-4-user@kubernetes operation=delete resource=configmap namespace=tenant-8
[410/1000] action=delete-rb ns=tenant-6 name=tenant-binding
[411/1000] action=create-crb name=foo-global-binding group=tenant-7 role=view
[412/1000] action=delete-rb ns=tenant-6 name=tenant-binding
[413/1000] action=create-crb name=foo-global-binding group=tenant-5 role=view
[414/1000] action=create-rb ns=tenant-1 name=tenant-binding group=tenant-1 role=edit
[415/1000] action=cross-tenant-access context=tenant-6-user@kubernetes operation=watch resource=configmap namespace=tenant-4
[416/1000] action=create-crb name=foo-global-binding group=tenant-2 role=admin
[417/1000] action=delete-rb ns=tenant-6 name=tenant-binding
[418/1000] action=create-clusterrole name=dev resources=secrets verbs=deletecollection,watch,list
[419/1000] action=cross-tenant-access context=tenant-5-user@kubernetes operation=patch resource=configmap namespace=tenant-7
[420/1000] action=delete-clusterrole name=dev
[421/1000] action=delete-crb name=foo-global-binding
[422/1000] action=create-crb name=foo-global-binding group=tenant-1 role=edit
[423/1000] action=delete-crb name=foo-global-binding
[424/1000] action=create-clusterrole name=dev resources=configmaps verbs=get,delete
[425/1000] action=create-crb name=foo-global-binding group=tenant-9 role=cluster-admin
[426/1000] action=create-rb ns=tenant-2 name=tenant-binding group=tenant-2 role=edit
[427/1000] action=delete-rb ns=tenant-10 name=tenant-binding
[428/1000] action=create-crb name=foo-global-binding group=tenant-8 role=admin
[429/1000] action=create-rb ns=tenant-8 name=tenant-binding group=tenant-8 role=view
[430/1000] action=create-rb ns=tenant-4 name=tenant-binding group=tenant-4 role=edit
[431/1000] action=create-crb name=foo-global-binding group=tenant-9 role=dev
[432/1000] action=delete-rb ns=tenant-2 name=tenant-binding
[433/1000] action=create-rb ns=tenant-5 name=tenant-binding group=tenant-5 role=edit
[434/1000] action=cross-tenant-access context=tenant-2-user@kubernetes operation=get resource=configmap namespace=tenant-7
[435/1000] action=cross-tenant-access context=tenant-4-user@kubernetes operation=patch resource=configmap namespace=tenant-5
[436/1000] action=create-clusterrole name=dev resources=configmaps,secrets verbs=delete
[437/1000] action=delete-clusterrole name=dev
[438/1000] action=create-rb ns=tenant-3 name=tenant-binding group=tenant-3 role=dev
[439/1000] action=create-clusterrole name=dev resources=services,configmaps verbs=watch,get,patch
[440/1000] action=cross-tenant-access context=tenant-9-user@kubernetes operation=get resource=configmap namespace=tenant-1
[441/1000] action=create-rb ns=tenant-9 name=tenant-binding group=tenant-9 role=edit
[442/1000] action=cross-tenant-access context=tenant-7-user@kubernetes operation=patch resource=configmap namespace=tenant-1
[443/1000] action=create-clusterrole name=dev resources=services,pods verbs=deletecollection,get,update
[444/1000] action=delete-crb name=foo-global-binding
[445/1000] action=delete-clusterrole name=dev
[446/1000] action=cross-tenant-access context=tenant-8-user@kubernetes operation=delete resource=configmap namespace=tenant-9
[447/1000] action=cross-tenant-access context=tenant-4-user@kubernetes operation=delete resource=configmap namespace=tenant-1
[448/1000] action=create-clusterrole name=dev resources=services,configmaps verbs=delete
[449/1000] action=delete-clusterrole name=dev
[450/1000] action=cross-tenant-access context=tenant-4-user@kubernetes operation=get resource=configmap namespace=tenant-3
[451/1000] action=cross-tenant-access context=tenant-8-user@kubernetes operation=watch resource=configmap namespace=tenant-6
[452/1000] action=create-rb ns=tenant-10 name=tenant-binding group=tenant-10 role=dev
[453/1000] action=cross-tenant-access context=tenant-3-user@kubernetes operation=watch resource=configmap namespace=tenant-7
[454/1000] action=create-crb name=foo-global-binding group=tenant-2 role=cluster-admin
[455/1000] action=delete-clusterrole name=dev
[456/1000] action=delete-rb ns=tenant-10 name=tenant-binding
[457/1000] action=create-rb ns=tenant-10 name=tenant-binding group=tenant-10 role=cluster-admin
[458/1000] action=create-rb ns=tenant-2 name=tenant-binding group=tenant-2 role=view
[459/1000] action=cross-tenant-access context=tenant-2-user@kubernetes operation=watch resource=configmap namespace=tenant-1
[460/1000] action=create-crb name=foo-global-binding group=tenant-8 role=dev
[461/1000] action=delete-clusterrole name=dev
[462/1000] action=create-clusterrole name=dev resources=configmaps verbs=deletecollection
[463/1000] action=create-clusterrole name=dev resources=services,secrets,pods verbs=list,get,create,patch,update
[464/1000] action=cross-tenant-access context=tenant-5-user@kubernetes operation=list resource=configmap namespace=tenant-2
[465/1000] action=delete-crb name=foo-global-binding
[466/1000] action=create-clusterrole name=dev resources=pods verbs=list,create,watch,delete
[467/1000] action=delete-clusterrole name=dev
[468/1000] action=cross-tenant-access context=tenant-7-user@kubernetes operation=get resource=configmap namespace=tenant-9
[469/1000] action=cross-tenant-access context=tenant-1-user@kubernetes operation=watch resource=configmap namespace=tenant-6
[470/1000] action=create-crb name=foo-global-binding group=tenant-2 role=admin
[471/1000] action=delete-crb name=foo-global-binding
[472/1000] action=create-crb name=foo-global-binding group=tenant-9 role=cluster-admin
[473/1000] action=cross-tenant-access context=tenant-3-user@kubernetes operation=patch resource=configmap namespace=tenant-10
[474/1000] action=cross-tenant-access context=tenant-7-user@kubernetes operation=list resource=configmap namespace=tenant-3
[475/1000] action=create-rb ns=tenant-7 name=tenant-binding group=tenant-7 role=admin
[476/1000] action=delete-clusterrole name=dev
[477/1000] action=delete-rb ns=tenant-7 name=tenant-binding
[478/1000] action=delete-crb name=foo-global-binding
[479/1000] action=create-crb name=foo-global-binding group=tenant-8 role=view
[480/1000] action=delete-clusterrole name=dev
[481/1000] action=delete-rb ns=tenant-7 name=tenant-binding
[482/1000] action=create-crb name=foo-global-binding group=tenant-4 role=admin
[483/1000] action=create-rb ns=tenant-7 name=tenant-binding group=tenant-7 role=view
[484/1000] action=create-rb ns=tenant-3 name=tenant-binding group=tenant-3 role=cluster-admin
[485/1000] action=cross-tenant-access context=tenant-8-user@kubernetes operation=list resource=configmap namespace=tenant-9
[486/1000] action=delete-clusterrole name=dev
[487/1000] action=cross-tenant-access context=tenant-9-user@kubernetes operation=watch resource=configmap namespace=tenant-4
[488/1000] action=cross-tenant-access context=tenant-9-user@kubernetes operation=patch resource=configmap namespace=tenant-3
[489/1000] action=create-crb name=foo-global-binding group=tenant-1 role=cluster-admin
[490/1000] action=cross-tenant-access context=tenant-2-user@kubernetes operation=delete resource=configmap namespace=tenant-9
[491/1000] action=delete-clusterrole name=dev
[492/1000] action=cross-tenant-access context=tenant-7-user@kubernetes operation=patch resource=configmap namespace=tenant-2
[493/1000] action=create-rb ns=tenant-4 name=tenant-binding group=tenant-4 role=dev
[494/1000] action=delete-rb ns=tenant-8 name=tenant-binding
[495/1000] action=delete-clusterrole name=dev
[496/1000] action=delete-rb ns=tenant-4 name=tenant-binding
[497/1000] action=delete-crb name=foo-global-binding
[498/1000] action=create-crb name=foo-global-binding group=tenant-4 role=admin
[499/1000] action=delete-rb ns=tenant-10 name=tenant-binding
[500/1000] action=cross-tenant-access context=tenant-4-user@kubernetes operation=watch resource=configmap namespace=tenant-10
[501/1000] action=create-rb ns=tenant-6 name=tenant-binding group=tenant-6 role=cluster-admin
[502/1000] action=cross-tenant-access context=tenant-10-user@kubernetes operation=delete resource=configmap namespace=tenant-5
[503/1000] action=delete-rb ns=tenant-5 name=tenant-binding
[504/1000] action=cross-tenant-access context=tenant-5-user@kubernetes operation=patch resource=configmap namespace=tenant-2
[505/1000] action=delete-rb ns=tenant-3 name=tenant-binding
[506/1000] action=cross-tenant-access context=tenant-6-user@kubernetes operation=patch resource=configmap namespace=tenant-2
[507/1000] action=create-rb ns=tenant-1 name=tenant-binding group=tenant-1 role=dev
[508/1000] action=delete-rb ns=tenant-8 name=tenant-binding
[509/1000] action=delete-rb ns=tenant-10 name=tenant-binding
[510/1000] action=cross-tenant-access context=tenant-2-user@kubernetes operation=watch resource=configmap namespace=tenant-10
[511/1000] action=cross-tenant-access context=tenant-9-user@kubernetes operation=delete resource=configmap namespace=tenant-8
[512/1000] action=delete-clusterrole name=dev
[513/1000] action=delete-rb ns=tenant-7 name=tenant-binding
[514/1000] action=create-crb name=foo-global-binding group=tenant-3 role=admin
[515/1000] action=cross-tenant-access context=tenant-7-user@kubernetes operation=list resource=configmap namespace=tenant-8
[516/1000] action=create-rb ns=tenant-5 name=tenant-binding group=tenant-5 role=cluster-admin
[517/1000] action=create-clusterrole name=dev resources=services verbs=create,patch,delete
[518/1000] action=delete-clusterrole name=dev
[519/1000] action=delete-clusterrole name=dev
[520/1000] action=cross-tenant-access context=tenant-9-user@kubernetes operation=delete resource=configmap namespace=tenant-10
[521/1000] action=cross-tenant-access context=tenant-2-user@kubernetes operation=patch resource=configmap namespace=tenant-10
[522/1000] action=cross-tenant-access context=tenant-8-user@kubernetes operation=get resource=configmap namespace=tenant-4
[523/1000] action=create-crb name=foo-global-binding group=tenant-3 role=admin
[524/1000] action=delete-crb name=foo-global-binding
[525/1000] action=delete-rb ns=tenant-8 name=tenant-binding
[526/1000] action=cross-tenant-access context=tenant-1-user@kubernetes operation=delete resource=configmap namespace=tenant-4
[527/1000] action=delete-rb ns=tenant-5 name=tenant-binding
[528/1000] action=create-crb name=foo-global-binding group=tenant-5 role=view
[529/1000] action=delete-rb ns=tenant-1 name=tenant-binding
[530/1000] action=cross-tenant-access context=tenant-8-user@kubernetes operation=get resource=configmap namespace=tenant-4
[531/1000] action=delete-rb ns=tenant-10 name=tenant-binding
[532/1000] action=cross-tenant-access context=tenant-9-user@kubernetes operation=list resource=configmap namespace=tenant-2
[533/1000] action=delete-rb ns=tenant-8 name=tenant-binding
[534/1000] action=cross-tenant-access context=tenant-1-user@kubernetes operation=list resource=configmap namespace=tenant-9
[535/1000] action=delete-rb ns=tenant-1 name=tenant-binding
[536/1000] action=cross-tenant-access context=tenant-6-user@kubernetes operation=list resource=configmap namespace=tenant-7
[537/1000] action=create-clusterrole name=dev resources=pods,services verbs=create,delete,list,patch
[538/1000] action=delete-rb ns=tenant-2 name=tenant-binding
[539/1000] action=cross-tenant-access context=tenant-5-user@kubernetes operation=list resource=configmap namespace=tenant-8
[540/1000] action=cross-tenant-access context=tenant-7-user@kubernetes operation=list resource=configmap namespace=tenant-6
[541/1000] action=delete-rb ns=tenant-3 name=tenant-binding
[542/1000] action=delete-clusterrole name=dev
[543/1000] action=create-crb name=foo-global-binding group=tenant-3 role=view
[544/1000] action=cross-tenant-access context=tenant-3-user@kubernetes operation=watch resource=configmap namespace=tenant-7
[545/1000] action=delete-rb ns=tenant-9 name=tenant-binding
[546/1000] action=cross-tenant-access context=tenant-3-user@kubernetes operation=patch resource=configmap namespace=tenant-2
[547/1000] action=create-rb ns=tenant-4 name=tenant-binding group=tenant-4 role=cluster-admin
[548/1000] action=cross-tenant-access context=tenant-10-user@kubernetes operation=list resource=configmap namespace=tenant-8
[549/1000] action=delete-clusterrole name=dev
[550/1000] action=cross-tenant-access context=tenant-6-user@kubernetes operation=watch resource=configmap namespace=tenant-9
[551/1000] action=delete-clusterrole name=dev
[552/1000] action=create-rb ns=tenant-5 name=tenant-binding group=tenant-5 role=cluster-admin
[553/1000] action=create-clusterrole name=dev resources=pods verbs=update,patch,create,deletecollection,get
[554/1000] action=cross-tenant-access context=tenant-9-user@kubernetes operation=list resource=configmap namespace=tenant-8
[555/1000] action=cross-tenant-access context=tenant-10-user@kubernetes operation=get resource=configmap namespace=tenant-5
[556/1000] action=delete-crb name=foo-global-binding
[557/1000] action=create-rb ns=tenant-6 name=tenant-binding group=tenant-6 role=dev
[558/1000] action=create-rb ns=tenant-5 name=tenant-binding group=tenant-5 role=cluster-admin
[559/1000] action=cross-tenant-access context=tenant-1-user@kubernetes operation=list resource=configmap namespace=tenant-10
[560/1000] action=delete-rb ns=tenant-3 name=tenant-binding
[561/1000] action=create-clusterrole name=dev resources=pods,configmaps,services verbs=get,watch,patch
[562/1000] action=cross-tenant-access context=tenant-4-user@kubernetes operation=delete resource=configmap namespace=tenant-9
[563/1000] action=create-crb name=foo-global-binding group=tenant-3 role=view
[564/1000] action=delete-rb ns=tenant-9 name=tenant-binding
[565/1000] action=cross-tenant-access context=tenant-8-user@kubernetes operation=get resource=configmap namespace=tenant-2
[566/1000] action=create-crb name=foo-global-binding group=tenant-6 role=edit
[567/1000] action=delete-rb ns=tenant-6 name=tenant-binding
[568/1000] action=create-clusterrole name=dev resources=services,secrets verbs=list,delete
[569/1000] action=cross-tenant-access context=tenant-2-user@kubernetes operation=list resource=configmap namespace=tenant-7
[570/1000] action=delete-clusterrole name=dev
[571/1000] action=create-clusterrole name=dev resources=secrets,services verbs=get,patch
[572/1000] action=create-crb name=foo-global-binding group=tenant-7 role=admin
[573/1000] action=create-rb ns=tenant-4 name=tenant-binding group=tenant-4 role=dev
[574/1000] action=cross-tenant-access context=tenant-7-user@kubernetes operation=get resource=configmap namespace=tenant-1
[575/1000] action=delete-crb name=foo-global-binding
[576/1000] action=delete-clusterrole name=dev
[577/1000] action=delete-clusterrole name=dev
[578/1000] action=cross-tenant-access context=tenant-7-user@kubernetes operation=delete resource=configmap namespace=tenant-9
[579/1000] action=delete-rb ns=tenant-9 name=tenant-binding
[580/1000] action=delete-clusterrole name=dev
[581/1000] action=cross-tenant-access context=tenant-8-user@kubernetes operation=delete resource=configmap namespace=tenant-7
[582/1000] action=cross-tenant-access context=tenant-9-user@kubernetes operation=get resource=configmap namespace=tenant-8
[583/1000] action=create-rb ns=tenant-6 name=tenant-binding group=tenant-6 role=dev
[584/1000] action=cross-tenant-access context=tenant-9-user@kubernetes operation=get resource=configmap namespace=tenant-7
[585/1000] action=cross-tenant-access context=tenant-1-user@kubernetes operation=delete resource=configmap namespace=tenant-10
[586/1000] action=cross-tenant-access context=tenant-4-user@kubernetes operation=delete resource=configmap namespace=tenant-10
[587/1000] action=cross-tenant-access context=tenant-8-user@kubernetes operation=patch resource=configmap namespace=tenant-10
[588/1000] action=delete-crb name=foo-global-binding
[589/1000] action=delete-crb name=foo-global-binding
[590/1000] action=cross-tenant-access context=tenant-8-user@kubernetes operation=delete resource=configmap namespace=tenant-7
[591/1000] action=create-rb ns=tenant-6 name=tenant-binding group=tenant-6 role=view
[592/1000] action=delete-clusterrole name=dev
[593/1000] action=delete-rb ns=tenant-8 name=tenant-binding
[594/1000] action=cross-tenant-access context=tenant-8-user@kubernetes operation=patch resource=configmap namespace=tenant-4
[595/1000] action=delete-rb ns=tenant-9 name=tenant-binding
[596/1000] action=cross-tenant-access context=tenant-8-user@kubernetes operation=list resource=configmap namespace=tenant-2
[597/1000] action=delete-crb name=foo-global-binding
[598/1000] action=cross-tenant-access context=tenant-8-user@kubernetes operation=get resource=configmap namespace=tenant-3
[599/1000] action=delete-rb ns=tenant-6 name=tenant-binding
[600/1000] action=cross-tenant-access context=tenant-7-user@kubernetes operation=list resource=configmap namespace=tenant-1
[601/1000] action=cross-tenant-access context=tenant-5-user@kubernetes operation=patch resource=configmap namespace=tenant-3
[602/1000] action=cross-tenant-access context=tenant-7-user@kubernetes operation=patch resource=configmap namespace=tenant-8
[603/1000] action=delete-rb ns=tenant-8 name=tenant-binding
[604/1000] action=delete-clusterrole name=dev
[605/1000] action=cross-tenant-access context=tenant-6-user@kubernetes operation=get resource=configmap namespace=tenant-7
[606/1000] action=delete-rb ns=tenant-9 name=tenant-binding
[607/1000] action=cross-tenant-access context=tenant-7-user@kubernetes operation=get resource=configmap namespace=tenant-2
[608/1000] action=create-rb ns=tenant-2 name=tenant-binding group=tenant-2 role=edit
[609/1000] action=create-rb ns=tenant-5 name=tenant-binding group=tenant-5 role=cluster-admin
[610/1000] action=delete-rb ns=tenant-9 name=tenant-binding
[611/1000] action=delete-crb name=foo-global-binding
[612/1000] action=create-rb ns=tenant-9 name=tenant-binding group=tenant-9 role=view
[613/1000] action=create-rb ns=tenant-2 name=tenant-binding group=tenant-2 role=cluster-admin
[614/1000] action=delete-rb ns=tenant-8 name=tenant-binding
[615/1000] action=create-clusterrole name=dev resources=services,configmaps verbs=patch,list,create
[616/1000] action=create-crb name=foo-global-binding group=tenant-10 role=dev
[617/1000] action=delete-crb name=foo-global-binding
[618/1000] action=create-clusterrole name=dev resources=configmaps,pods,secrets verbs=delete,update,get,create,watch
[619/1000] action=cross-tenant-access context=tenant-2-user@kubernetes operation=watch resource=configmap namespace=tenant-5
[620/1000] action=delete-clusterrole name=dev
[621/1000] action=delete-rb ns=tenant-6 name=tenant-binding
[622/1000] action=cross-tenant-access context=tenant-1-user@kubernetes operation=watch resource=configmap namespace=tenant-4
[623/1000] action=cross-tenant-access context=tenant-2-user@kubernetes operation=get resource=configmap namespace=tenant-9
[624/1000] action=delete-rb ns=tenant-6 name=tenant-binding
[625/1000] action=cross-tenant-access context=tenant-1-user@kubernetes operation=watch resource=configmap namespace=tenant-2
[626/1000] action=cross-tenant-access context=tenant-6-user@kubernetes operation=patch resource=configmap namespace=tenant-10
[627/1000] action=create-clusterrole name=dev resources=pods,services verbs=patch,create,deletecollection
[628/1000] action=create-clusterrole name=dev resources=secrets,pods verbs=create,delete,patch,get
[629/1000] action=cross-tenant-access context=tenant-6-user@kubernetes operation=patch resource=configmap namespace=tenant-1
[630/1000] action=cross-tenant-access context=tenant-9-user@kubernetes operation=patch resource=configmap namespace=tenant-6
[631/1000] action=cross-tenant-access context=tenant-5-user@kubernetes operation=get resource=configmap namespace=tenant-10
[632/1000] action=delete-rb ns=tenant-1 name=tenant-binding
[633/1000] action=create-clusterrole name=dev resources=secrets,pods,services verbs=get,patch,deletecollection,delete,create
[634/1000] action=create-rb ns=tenant-2 name=tenant-binding group=tenant-2 role=admin
[635/1000] action=cross-tenant-access context=tenant-4-user@kubernetes operation=get resource=configmap namespace=tenant-10
[636/1000] action=create-rb ns=tenant-10 name=tenant-binding group=tenant-10 role=view
[637/1000] action=delete-crb name=foo-global-binding
[638/1000] action=cross-tenant-access context=tenant-4-user@kubernetes operation=watch resource=configmap namespace=tenant-9
[639/1000] action=delete-rb ns=tenant-3 name=tenant-binding
[640/1000] action=cross-tenant-access context=tenant-1-user@kubernetes operation=watch resource=configmap namespace=tenant-2
[641/1000] action=cross-tenant-access context=tenant-3-user@kubernetes operation=list resource=configmap namespace=tenant-10
[642/1000] action=delete-rb ns=tenant-9 name=tenant-binding
[643/1000] action=cross-tenant-access context=tenant-3-user@kubernetes operation=patch resource=configmap namespace=tenant-9
[644/1000] action=cross-tenant-access context=tenant-9-user@kubernetes operation=get resource=configmap namespace=tenant-2
[645/1000] action=cross-tenant-access context=tenant-5-user@kubernetes operation=list resource=configmap namespace=tenant-1
[646/1000] action=cross-tenant-access context=tenant-10-user@kubernetes operation=delete resource=configmap namespace=tenant-1
[647/1000] action=cross-tenant-access context=tenant-7-user@kubernetes operation=watch resource=configmap namespace=tenant-4
[648/1000] action=cross-tenant-access context=tenant-2-user@kubernetes operation=get resource=configmap namespace=tenant-5
[649/1000] action=cross-tenant-access context=tenant-1-user@kubernetes operation=list resource=configmap namespace=tenant-9
[650/1000] action=create-clusterrole name=dev resources=secrets verbs=watch,patch
[651/1000] action=cross-tenant-access context=tenant-8-user@kubernetes operation=patch resource=configmap namespace=tenant-2
[652/1000] action=delete-rb ns=tenant-1 name=tenant-binding
[653/1000] action=create-clusterrole name=dev resources=pods,services verbs=delete,patch,create,list
[654/1000] action=delete-clusterrole name=dev
[655/1000] action=delete-crb name=foo-global-binding
[656/1000] action=cross-tenant-access context=tenant-3-user@kubernetes operation=list resource=configmap namespace=tenant-10
[657/1000] action=create-rb ns=tenant-6 name=tenant-binding group=tenant-6 role=edit
[658/1000] action=delete-rb ns=tenant-10 name=tenant-binding
[659/1000] action=cross-tenant-access context=tenant-5-user@kubernetes operation=patch resource=configmap namespace=tenant-9
[660/1000] action=cross-tenant-access context=tenant-4-user@kubernetes operation=get resource=configmap namespace=tenant-6
[661/1000] action=create-clusterrole name=dev resources=configmaps,pods,secrets verbs=deletecollection
[662/1000] action=delete-rb ns=tenant-8 name=tenant-binding
[663/1000] action=cross-tenant-access context=tenant-7-user@kubernetes operation=get resource=configmap namespace=tenant-8
[664/1000] action=create-rb ns=tenant-5 name=tenant-binding group=tenant-5 role=admin
[665/1000] action=create-rb ns=tenant-3 name=tenant-binding group=tenant-3 role=admin
[666/1000] action=cross-tenant-access context=tenant-5-user@kubernetes operation=get resource=configmap namespace=tenant-2
[667/1000] action=cross-tenant-access context=tenant-8-user@kubernetes operation=watch resource=configmap namespace=tenant-1
[668/1000] action=cross-tenant-access context=tenant-8-user@kubernetes operation=get resource=configmap namespace=tenant-1
[669/1000] action=create-rb ns=tenant-6 name=tenant-binding group=tenant-6 role=cluster-admin
[670/1000] action=create-clusterrole name=dev resources=pods,secrets verbs=patch,list
[671/1000] action=cross-tenant-access context=tenant-6-user@kubernetes operation=watch resource=configmap namespace=tenant-8
[672/1000] action=delete-rb ns=tenant-6 name=tenant-binding
[673/1000] action=cross-tenant-access context=tenant-1-user@kubernetes operation=delete resource=configmap namespace=tenant-2
[674/1000] action=cross-tenant-access context=tenant-10-user@kubernetes operation=list resource=configmap namespace=tenant-9
[675/1000] action=cross-tenant-access context=tenant-4-user@kubernetes operation=list resource=configmap namespace=tenant-9
[676/1000] action=cross-tenant-access context=tenant-6-user@kubernetes operation=delete resource=configmap namespace=tenant-5
[677/1000] action=cross-tenant-access context=tenant-6-user@kubernetes operation=patch resource=configmap namespace=tenant-10
[678/1000] action=delete-rb ns=tenant-9 name=tenant-binding
[679/1000] action=create-rb ns=tenant-9 name=tenant-binding group=tenant-9 role=admin
[680/1000] action=cross-tenant-access context=tenant-2-user@kubernetes operation=delete resource=configmap namespace=tenant-5
[681/1000] action=cross-tenant-access context=tenant-10-user@kubernetes operation=delete resource=configmap namespace=tenant-4
[682/1000] action=delete-clusterrole name=dev
[683/1000] action=create-clusterrole name=dev resources=secrets,configmaps,pods verbs=delete
[684/1000] action=create-rb ns=tenant-4 name=tenant-binding group=tenant-4 role=dev
[685/1000] action=cross-tenant-access context=tenant-2-user@kubernetes operation=patch resource=configmap namespace=tenant-10
[686/1000] action=create-crb name=foo-global-binding group=tenant-3 role=edit
[687/1000] action=delete-rb ns=tenant-8 name=tenant-binding
[688/1000] action=cross-tenant-access context=tenant-7-user@kubernetes operation=delete resource=configmap namespace=tenant-10
[689/1000] action=cross-tenant-access context=tenant-5-user@kubernetes operation=delete resource=configmap namespace=tenant-7
[690/1000] action=delete-rb ns=tenant-9 name=tenant-binding
[691/1000] action=cross-tenant-access context=tenant-3-user@kubernetes operation=delete resource=configmap namespace=tenant-2
[692/1000] action=delete-rb ns=tenant-5 name=tenant-binding
[693/1000] action=create-crb name=foo-global-binding group=tenant-6 role=admin
[694/1000] action=cross-tenant-access context=tenant-7-user@kubernetes operation=delete resource=configmap namespace=tenant-4
[695/1000] action=create-rb ns=tenant-1 name=tenant-binding group=tenant-1 role=view
[696/1000] action=cross-tenant-access context=tenant-8-user@kubernetes operation=watch resource=configmap namespace=tenant-7
[697/1000] action=cross-tenant-access context=tenant-2-user@kubernetes operation=get resource=configmap namespace=tenant-5
[698/1000] action=cross-tenant-access context=tenant-8-user@kubernetes operation=get resource=configmap namespace=tenant-7
[699/1000] action=cross-tenant-access context=tenant-10-user@kubernetes operation=get resource=configmap namespace=tenant-4
[700/1000] action=create-rb ns=tenant-6 name=tenant-binding group=tenant-6 role=view
[701/1000] action=create-rb ns=tenant-10 name=tenant-binding group=tenant-10 role=edit
[702/1000] action=delete-rb ns=tenant-7 name=tenant-binding
[703/1000] action=cross-tenant-access context=tenant-10-user@kubernetes operation=get resource=configmap namespace=tenant-3
[704/1000] action=delete-rb ns=tenant-2 name=tenant-binding
[705/1000] action=delete-crb name=foo-global-binding
[706/1000] action=create-rb ns=tenant-9 name=tenant-binding group=tenant-9 role=dev
[707/1000] action=delete-rb ns=tenant-2 name=tenant-binding
[708/1000] action=create-clusterrole name=dev resources=secrets,services verbs=get,delete,patch,list
[709/1000] action=delete-clusterrole name=dev
[710/1000] action=cross-tenant-access context=tenant-7-user@kubernetes operation=get resource=configmap namespace=tenant-9
[711/1000] action=delete-crb name=foo-global-binding
[712/1000] action=cross-tenant-access context=tenant-10-user@kubernetes operation=get resource=configmap namespace=tenant-2
[713/1000] action=create-clusterrole name=dev resources=configmaps,services,secrets verbs=get,patch,deletecollection,watch,delete
[714/1000] action=cross-tenant-access context=tenant-1-user@kubernetes operation=watch resource=configmap namespace=tenant-5
[715/1000] action=delete-rb ns=tenant-5 name=tenant-binding
[716/1000] action=cross-tenant-access context=tenant-5-user@kubernetes operation=patch resource=configmap namespace=tenant-8
[717/1000] action=cross-tenant-access context=tenant-5-user@kubernetes operation=list resource=configmap namespace=tenant-10
[718/1000] action=cross-tenant-access context=tenant-10-user@kubernetes operation=get resource=configmap namespace=tenant-3
[719/1000] action=create-rb ns=tenant-6 name=tenant-binding group=tenant-6 role=admin
[720/1000] action=cross-tenant-access context=tenant-4-user@kubernetes operation=delete resource=configmap namespace=tenant-1
[721/1000] action=create-rb ns=tenant-10 name=tenant-binding group=tenant-10 role=dev
[722/1000] action=cross-tenant-access context=tenant-9-user@kubernetes operation=patch resource=configmap namespace=tenant-3
[723/1000] action=cross-tenant-access context=tenant-7-user@kubernetes operation=patch resource=configmap namespace=tenant-8
[724/1000] action=delete-crb name=foo-global-binding
[725/1000] action=cross-tenant-access context=tenant-8-user@kubernetes operation=list resource=configmap namespace=tenant-7
[726/1000] action=cross-tenant-access context=tenant-9-user@kubernetes operation=get resource=configmap namespace=tenant-10
[727/1000] action=create-clusterrole name=dev resources=configmaps,pods,secrets verbs=create,list,get,delete
[728/1000] action=delete-clusterrole name=dev
[729/1000] action=create-clusterrole name=dev resources=configmaps,services,pods verbs=list,watch,patch
[730/1000] action=cross-tenant-access context=tenant-3-user@kubernetes operation=patch resource=configmap namespace=tenant-10
[731/1000] action=create-crb name=foo-global-binding group=tenant-3 role=cluster-admin
[732/1000] action=delete-rb ns=tenant-2 name=tenant-binding
[733/1000] action=delete-rb ns=tenant-7 name=tenant-binding
[734/1000] action=delete-crb name=foo-global-binding
[735/1000] action=cross-tenant-access context=tenant-4-user@kubernetes operation=get resource=configmap namespace=tenant-9
[736/1000] action=create-rb ns=tenant-8 name=tenant-binding group=tenant-8 role=view
[737/1000] action=delete-crb name=foo-global-binding
[738/1000] action=delete-clusterrole name=dev
[739/1000] action=create-rb ns=tenant-8 name=tenant-binding group=tenant-8 role=view
[740/1000] action=delete-rb ns=tenant-8 name=tenant-binding
[741/1000] action=cross-tenant-access context=tenant-9-user@kubernetes operation=delete resource=configmap namespace=tenant-2
[742/1000] action=cross-tenant-access context=tenant-3-user@kubernetes operation=get resource=configmap namespace=tenant-1
[743/1000] action=delete-rb ns=tenant-9 name=tenant-binding
[744/1000] action=create-rb ns=tenant-1 name=tenant-binding group=tenant-1 role=view
[745/1000] action=create-crb name=foo-global-binding group=tenant-5 role=cluster-admin
[746/1000] action=cross-tenant-access context=tenant-2-user@kubernetes operation=list resource=configmap namespace=tenant-4
[747/1000] action=cross-tenant-access context=tenant-4-user@kubernetes operation=delete resource=configmap namespace=tenant-9
[748/1000] action=cross-tenant-access context=tenant-6-user@kubernetes operation=watch resource=configmap namespace=tenant-2
[749/1000] action=cross-tenant-access context=tenant-4-user@kubernetes operation=delete resource=configmap namespace=tenant-10
[750/1000] action=create-rb ns=tenant-9 name=tenant-binding group=tenant-9 role=dev
[751/1000] action=cross-tenant-access context=tenant-9-user@kubernetes operation=patch resource=configmap namespace=tenant-1
[752/1000] action=create-rb ns=tenant-2 name=tenant-binding group=tenant-2 role=admin
[753/1000] action=cross-tenant-access context=tenant-7-user@kubernetes operation=list resource=configmap namespace=tenant-8
[754/1000] action=create-rb ns=tenant-3 name=tenant-binding group=tenant-3 role=cluster-admin
[755/1000] action=create-crb name=foo-global-binding group=tenant-9 role=edit
[756/1000] action=cross-tenant-access context=tenant-6-user@kubernetes operation=patch resource=configmap namespace=tenant-1
[757/1000] action=delete-crb name=foo-global-binding
[758/1000] action=cross-tenant-access context=tenant-2-user@kubernetes operation=watch resource=configmap namespace=tenant-8
[759/1000] action=create-crb name=foo-global-binding group=tenant-3 role=cluster-admin
[760/1000] action=create-rb ns=tenant-7 name=tenant-binding group=tenant-7 role=admin
[761/1000] action=cross-tenant-access context=tenant-1-user@kubernetes operation=delete resource=configmap namespace=tenant-3
[762/1000] action=delete-rb ns=tenant-8 name=tenant-binding
[763/1000] action=cross-tenant-access context=tenant-10-user@kubernetes operation=watch resource=configmap namespace=tenant-2
[764/1000] action=cross-tenant-access context=tenant-2-user@kubernetes operation=list resource=configmap namespace=tenant-8
[765/1000] action=cross-tenant-access context=tenant-3-user@kubernetes operation=get resource=configmap namespace=tenant-6
[766/1000] action=cross-tenant-access context=tenant-8-user@kubernetes operation=watch resource=configmap namespace=tenant-3
[767/1000] action=create-rb ns=tenant-8 name=tenant-binding group=tenant-8 role=admin
[768/1000] action=cross-tenant-access context=tenant-8-user@kubernetes operation=list resource=configmap namespace=tenant-2
[769/1000] action=cross-tenant-access context=tenant-3-user@kubernetes operation=patch resource=configmap namespace=tenant-5
[770/1000] action=create-rb ns=tenant-10 name=tenant-binding group=tenant-10 role=cluster-admin
[771/1000] action=cross-tenant-access context=tenant-3-user@kubernetes operation=list resource=configmap namespace=tenant-1
[772/1000] action=delete-rb ns=tenant-2 name=tenant-binding
[773/1000] action=delete-rb ns=tenant-3 name=tenant-binding
[774/1000] action=cross-tenant-access context=tenant-6-user@kubernetes operation=patch resource=configmap namespace=tenant-4
[775/1000] action=create-rb ns=tenant-7 name=tenant-binding group=tenant-7 role=view
[776/1000] action=delete-rb ns=tenant-5 name=tenant-binding
[777/1000] action=create-rb ns=tenant-9 name=tenant-binding group=tenant-9 role=admin
[778/1000] action=cross-tenant-access context=tenant-4-user@kubernetes operation=get resource=configmap namespace=tenant-10
[779/1000] action=delete-crb name=foo-global-binding
[780/1000] action=create-crb name=foo-global-binding group=tenant-1 role=edit
[781/1000] action=cross-tenant-access context=tenant-6-user@kubernetes operation=list resource=configmap namespace=tenant-5
[782/1000] action=delete-rb ns=tenant-7 name=tenant-binding
[783/1000] action=delete-crb name=foo-global-binding
[784/1000] action=cross-tenant-access context=tenant-10-user@kubernetes operation=watch resource=configmap namespace=tenant-5
[785/1000] action=delete-rb ns=tenant-1 name=tenant-binding
[786/1000] action=cross-tenant-access context=tenant-7-user@kubernetes operation=delete resource=configmap namespace=tenant-4
[787/1000] action=delete-crb name=foo-global-binding
[788/1000] action=delete-crb name=foo-global-binding
[789/1000] action=cross-tenant-access context=tenant-5-user@kubernetes operation=get resource=configmap namespace=tenant-3
[790/1000] action=delete-rb ns=tenant-5 name=tenant-binding
[791/1000] action=create-rb ns=tenant-8 name=tenant-binding group=tenant-8 role=admin
[792/1000] action=create-rb ns=tenant-5 name=tenant-binding group=tenant-5 role=edit
[793/1000] action=create-crb name=foo-global-binding group=tenant-1 role=cluster-admin
[794/1000] action=cross-tenant-access context=tenant-6-user@kubernetes operation=list resource=configmap namespace=tenant-1
[795/1000] action=cross-tenant-access context=tenant-9-user@kubernetes operation=list resource=configmap namespace=tenant-8
[796/1000] action=delete-clusterrole name=dev
[797/1000] action=cross-tenant-access context=tenant-9-user@kubernetes operation=patch resource=configmap namespace=tenant-10
[798/1000] action=cross-tenant-access context=tenant-5-user@kubernetes operation=get resource=configmap namespace=tenant-9
[799/1000] action=delete-rb ns=tenant-8 name=tenant-binding
[800/1000] action=cross-tenant-access context=tenant-4-user@kubernetes operation=get resource=configmap namespace=tenant-5
[801/1000] action=cross-tenant-access context=tenant-8-user@kubernetes operation=delete resource=configmap namespace=tenant-3
[802/1000] action=cross-tenant-access context=tenant-4-user@kubernetes operation=watch resource=configmap namespace=tenant-3
[803/1000] action=cross-tenant-access context=tenant-8-user@kubernetes operation=patch resource=configmap namespace=tenant-5
[804/1000] action=cross-tenant-access context=tenant-10-user@kubernetes operation=get resource=configmap namespace=tenant-1
[805/1000] action=cross-tenant-access context=tenant-8-user@kubernetes operation=get resource=configmap namespace=tenant-1
[806/1000] action=create-rb ns=tenant-4 name=tenant-binding group=tenant-4 role=cluster-admin
[807/1000] action=delete-crb name=foo-global-binding
[808/1000] action=create-crb name=foo-global-binding group=tenant-7 role=edit
[809/1000] action=delete-crb name=foo-global-binding
[810/1000] action=create-rb ns=tenant-8 name=tenant-binding group=tenant-8 role=dev
[811/1000] action=cross-tenant-access context=tenant-1-user@kubernetes operation=get resource=configmap namespace=tenant-2
[812/1000] action=cross-tenant-access context=tenant-9-user@kubernetes operation=list resource=configmap namespace=tenant-4
[813/1000] action=delete-rb ns=tenant-10 name=tenant-binding
[814/1000] action=cross-tenant-access context=tenant-1-user@kubernetes operation=watch resource=configmap namespace=tenant-8
[815/1000] action=create-rb ns=tenant-1 name=tenant-binding group=tenant-1 role=admin
[816/1000] action=cross-tenant-access context=tenant-9-user@kubernetes operation=patch resource=configmap namespace=tenant-8
[817/1000] action=create-clusterrole name=dev resources=configmaps,services verbs=deletecollection,update,list
[818/1000] action=delete-rb ns=tenant-5 name=tenant-binding
[819/1000] action=cross-tenant-access context=tenant-5-user@kubernetes operation=get resource=configmap namespace=tenant-1
[820/1000] action=create-crb name=foo-global-binding group=tenant-7 role=dev
[821/1000] action=cross-tenant-access context=tenant-8-user@kubernetes operation=patch resource=configmap namespace=tenant-6
[822/1000] action=cross-tenant-access context=tenant-3-user@kubernetes operation=patch resource=configmap namespace=tenant-2
[823/1000] action=cross-tenant-access context=tenant-7-user@kubernetes operation=get resource=configmap namespace=tenant-6
[824/1000] action=cross-tenant-access context=tenant-8-user@kubernetes operation=watch resource=configmap namespace=tenant-7
[825/1000] action=create-crb name=foo-global-binding group=tenant-2 role=cluster-admin
[826/1000] action=cross-tenant-access context=tenant-4-user@kubernetes operation=patch resource=configmap namespace=tenant-7
[827/1000] action=cross-tenant-access context=tenant-6-user@kubernetes operation=delete resource=configmap namespace=tenant-10
[828/1000] action=delete-rb ns=tenant-10 name=tenant-binding
[829/1000] action=cross-tenant-access context=tenant-4-user@kubernetes operation=delete resource=configmap namespace=tenant-2
[830/1000] action=cross-tenant-access context=tenant-3-user@kubernetes operation=watch resource=configmap namespace=tenant-10
[831/1000] action=delete-rb ns=tenant-6 name=tenant-binding
[832/1000] action=cross-tenant-access context=tenant-9-user@kubernetes operation=watch resource=configmap namespace=tenant-1
[833/1000] action=create-clusterrole name=dev resources=configmaps verbs=list,create,get,patch
[834/1000] action=cross-tenant-access context=tenant-2-user@kubernetes operation=get resource=configmap namespace=tenant-7
[835/1000] action=create-rb ns=tenant-10 name=tenant-binding group=tenant-10 role=dev
[836/1000] action=cross-tenant-access context=tenant-2-user@kubernetes operation=delete resource=configmap namespace=tenant-7
[837/1000] action=cross-tenant-access context=tenant-9-user@kubernetes operation=patch resource=configmap namespace=tenant-4
[838/1000] action=delete-rb ns=tenant-7 name=tenant-binding
[839/1000] action=cross-tenant-access context=tenant-10-user@kubernetes operation=patch resource=configmap namespace=tenant-6
[840/1000] action=delete-crb name=foo-global-binding
[841/1000] action=delete-crb name=foo-global-binding
[842/1000] action=create-rb ns=tenant-1 name=tenant-binding group=tenant-1 role=admin
[843/1000] action=cross-tenant-access context=tenant-5-user@kubernetes operation=watch resource=configmap namespace=tenant-1
[844/1000] action=delete-crb name=foo-global-binding
[845/1000] action=cross-tenant-access context=tenant-7-user@kubernetes operation=patch resource=configmap namespace=tenant-2
[846/1000] action=create-clusterrole name=dev resources=pods,services verbs=create
[847/1000] action=create-clusterrole name=dev resources=services verbs=list,deletecollection,get,update
[848/1000] action=create-crb name=foo-global-binding group=tenant-8 role=dev
[849/1000] action=create-crb name=foo-global-binding group=tenant-6 role=edit
[850/1000] action=cross-tenant-access context=tenant-6-user@kubernetes operation=watch resource=configmap namespace=tenant-7
[851/1000] action=cross-tenant-access context=tenant-10-user@kubernetes operation=watch resource=configmap namespace=tenant-1
[852/1000] action=cross-tenant-access context=tenant-3-user@kubernetes operation=delete resource=configmap namespace=tenant-10
[853/1000] action=create-rb ns=tenant-6 name=tenant-binding group=tenant-6 role=view
[854/1000] action=delete-crb name=foo-global-binding
[855/1000] action=create-crb name=foo-global-binding group=tenant-8 role=view
[856/1000] action=cross-tenant-access context=tenant-2-user@kubernetes operation=list resource=configmap namespace=tenant-4
[857/1000] action=create-clusterrole name=dev resources=configmaps,secrets,pods verbs=watch
[858/1000] action=delete-rb ns=tenant-3 name=tenant-binding
[859/1000] action=create-crb name=foo-global-binding group=tenant-5 role=dev
[860/1000] action=create-clusterrole name=dev resources=services verbs=get,delete,patch,deletecollection,list
[861/1000] action=create-clusterrole name=dev resources=secrets,configmaps verbs=patch,delete,create
[862/1000] action=create-rb ns=tenant-10 name=tenant-binding group=tenant-10 role=edit
[863/1000] action=create-rb ns=tenant-1 name=tenant-binding group=tenant-1 role=edit
[864/1000] action=cross-tenant-access context=tenant-6-user@kubernetes operation=delete resource=configmap namespace=tenant-9
[865/1000] action=delete-rb ns=tenant-3 name=tenant-binding
[866/1000] action=delete-rb ns=tenant-6 name=tenant-binding
[867/1000] action=cross-tenant-access context=tenant-3-user@kubernetes operation=watch resource=configmap namespace=tenant-10
[868/1000] action=delete-crb name=foo-global-binding
[869/1000] action=delete-rb ns=tenant-4 name=tenant-binding
[870/1000] action=cross-tenant-access context=tenant-2-user@kubernetes operation=watch resource=configmap namespace=tenant-7
[871/1000] action=create-clusterrole name=dev resources=secrets,configmaps,services verbs=patch,get,list,deletecollection,delete
[872/1000] action=create-rb ns=tenant-1 name=tenant-binding group=tenant-1 role=edit
[873/1000] action=cross-tenant-access context=tenant-7-user@kubernetes operation=list resource=configmap namespace=tenant-6
[874/1000] action=delete-crb name=foo-global-binding
[875/1000] action=delete-rb ns=tenant-7 name=tenant-binding
[876/1000] action=create-clusterrole name=dev resources=secrets verbs=get,deletecollection
[877/1000] action=delete-rb ns=tenant-10 name=tenant-binding
[878/1000] action=cross-tenant-access context=tenant-6-user@kubernetes operation=watch resource=configmap namespace=tenant-4
[879/1000] action=delete-clusterrole name=dev
[880/1000] action=delete-crb name=foo-global-binding
[881/1000] action=delete-rb ns=tenant-8 name=tenant-binding
[882/1000] action=create-rb ns=tenant-1 name=tenant-binding group=tenant-1 role=admin
[883/1000] action=create-rb ns=tenant-3 name=tenant-binding group=tenant-3 role=admin
[884/1000] action=cross-tenant-access context=tenant-6-user@kubernetes operation=list resource=configmap namespace=tenant-10
[885/1000] action=delete-rb ns=tenant-1 name=tenant-binding
[886/1000] action=delete-rb ns=tenant-6 name=tenant-binding
[887/1000] action=cross-tenant-access context=tenant-4-user@kubernetes operation=get resource=configmap namespace=tenant-3
[888/1000] action=create-clusterrole name=dev resources=services,pods verbs=delete,get
[889/1000] action=delete-crb name=foo-global-binding
[890/1000] action=cross-tenant-access context=tenant-1-user@kubernetes operation=patch resource=configmap namespace=tenant-8
[891/1000] action=cross-tenant-access context=tenant-7-user@kubernetes operation=watch resource=configmap namespace=tenant-9
[892/1000] action=delete-crb name=foo-global-binding
[893/1000] action=create-clusterrole name=dev resources=pods verbs=get,delete,deletecollection,create,update
[894/1000] action=create-rb ns=tenant-3 name=tenant-binding group=tenant-3 role=edit
[895/1000] action=cross-tenant-access context=tenant-9-user@kubernetes operation=patch resource=configmap namespace=tenant-4
[896/1000] action=cross-tenant-access context=tenant-10-user@kubernetes operation=list resource=configmap namespace=tenant-2
[897/1000] action=delete-rb ns=tenant-1 name=tenant-binding
[898/1000] action=delete-rb ns=tenant-3 name=tenant-binding
[899/1000] action=cross-tenant-access context=tenant-2-user@kubernetes operation=patch resource=configmap namespace=tenant-10
[900/1000] action=cross-tenant-access context=tenant-4-user@kubernetes operation=get resource=configmap namespace=tenant-7
[901/1000] action=cross-tenant-access context=tenant-1-user@kubernetes operation=watch resource=configmap namespace=tenant-10
[902/1000] action=cross-tenant-access context=tenant-4-user@kubernetes operation=delete resource=configmap namespace=tenant-6
[903/1000] action=create-crb name=foo-global-binding group=tenant-5 role=admin
[904/1000] action=cross-tenant-access context=tenant-8-user@kubernetes operation=get resource=configmap namespace=tenant-3
[905/1000] action=delete-clusterrole name=dev
[906/1000] action=cross-tenant-access context=tenant-2-user@kubernetes operation=get resource=configmap namespace=tenant-8
[907/1000] action=cross-tenant-access context=tenant-9-user@kubernetes operation=watch resource=configmap namespace=tenant-5
[908/1000] action=delete-clusterrole name=dev
[909/1000] action=delete-rb ns=tenant-10 name=tenant-binding
[910/1000] action=cross-tenant-access context=tenant-3-user@kubernetes operation=patch resource=configmap namespace=tenant-2
[911/1000] action=cross-tenant-access context=tenant-2-user@kubernetes operation=delete resource=configmap namespace=tenant-4
[912/1000] action=create-rb ns=tenant-1 name=tenant-binding group=tenant-1 role=dev
[913/1000] action=cross-tenant-access context=tenant-5-user@kubernetes operation=delete resource=configmap namespace=tenant-2
[914/1000] action=create-clusterrole name=dev resources=secrets verbs=deletecollection,update,list
[915/1000] action=delete-crb name=foo-global-binding
[916/1000] action=create-rb ns=tenant-2 name=tenant-binding group=tenant-2 role=edit
[917/1000] action=delete-crb name=foo-global-binding
[918/1000] action=create-rb ns=tenant-5 name=tenant-binding group=tenant-5 role=cluster-admin
[919/1000] action=cross-tenant-access context=tenant-9-user@kubernetes operation=patch resource=configmap namespace=tenant-7
[920/1000] action=delete-rb ns=tenant-6 name=tenant-binding
[921/1000] action=cross-tenant-access context=tenant-2-user@kubernetes operation=patch resource=configmap namespace=tenant-8
[922/1000] action=cross-tenant-access context=tenant-7-user@kubernetes operation=watch resource=configmap namespace=tenant-8
[923/1000] action=cross-tenant-access context=tenant-6-user@kubernetes operation=list resource=configmap namespace=tenant-8
[924/1000] action=cross-tenant-access context=tenant-6-user@kubernetes operation=delete resource=configmap namespace=tenant-10
[925/1000] action=cross-tenant-access context=tenant-9-user@kubernetes operation=list resource=configmap namespace=tenant-10
[926/1000] action=cross-tenant-access context=tenant-5-user@kubernetes operation=patch resource=configmap namespace=tenant-7
[927/1000] action=cross-tenant-access context=tenant-2-user@kubernetes operation=delete resource=configmap namespace=tenant-1
[928/1000] action=cross-tenant-access context=tenant-6-user@kubernetes operation=delete resource=configmap namespace=tenant-9
[929/1000] action=delete-crb name=foo-global-binding
[930/1000] action=delete-clusterrole name=dev
[931/1000] action=cross-tenant-access context=tenant-2-user@kubernetes operation=patch resource=configmap namespace=tenant-10
[932/1000] action=cross-tenant-access context=tenant-1-user@kubernetes operation=watch resource=configmap namespace=tenant-8
[933/1000] action=delete-clusterrole name=dev
[934/1000] action=cross-tenant-access context=tenant-6-user@kubernetes operation=get resource=configmap namespace=tenant-4
[935/1000] action=cross-tenant-access context=tenant-3-user@kubernetes operation=delete resource=configmap namespace=tenant-7
[936/1000] action=delete-clusterrole name=dev
[937/1000] action=delete-rb ns=tenant-4 name=tenant-binding
[938/1000] action=create-crb name=foo-global-binding group=tenant-6 role=admin
[939/1000] action=delete-crb name=foo-global-binding
[940/1000] action=cross-tenant-access context=tenant-5-user@kubernetes operation=patch resource=configmap namespace=tenant-2
[941/1000] action=create-rb ns=tenant-10 name=tenant-binding group=tenant-10 role=cluster-admin
[942/1000] action=cross-tenant-access context=tenant-4-user@kubernetes operation=patch resource=configmap namespace=tenant-2
[943/1000] action=create-rb ns=tenant-9 name=tenant-binding group=tenant-9 role=dev
[944/1000] action=cross-tenant-access context=tenant-1-user@kubernetes operation=patch resource=configmap namespace=tenant-9
[945/1000] action=delete-rb ns=tenant-10 name=tenant-binding
[946/1000] action=create-rb ns=tenant-6 name=tenant-binding group=tenant-6 role=edit
[947/1000] action=cross-tenant-access context=tenant-10-user@kubernetes operation=watch resource=configmap namespace=tenant-5
[948/1000] action=cross-tenant-access context=tenant-3-user@kubernetes operation=delete resource=configmap namespace=tenant-5
[949/1000] action=cross-tenant-access context=tenant-6-user@kubernetes operation=delete resource=configmap namespace=tenant-2
[950/1000] action=delete-crb name=foo-global-binding
[951/1000] action=cross-tenant-access context=tenant-6-user@kubernetes operation=delete resource=configmap namespace=tenant-3
[952/1000] action=delete-clusterrole name=dev
[953/1000] action=create-rb ns=tenant-9 name=tenant-binding group=tenant-9 role=dev
[954/1000] action=cross-tenant-access context=tenant-8-user@kubernetes operation=get resource=configmap namespace=tenant-10
[955/1000] action=cross-tenant-access context=tenant-8-user@kubernetes operation=get resource=configmap namespace=tenant-4
[956/1000] action=delete-rb ns=tenant-3 name=tenant-binding
[957/1000] action=create-rb ns=tenant-8 name=tenant-binding group=tenant-8 role=admin
[958/1000] action=delete-rb ns=tenant-3 name=tenant-binding
[959/1000] action=cross-tenant-access context=tenant-2-user@kubernetes operation=get resource=configmap namespace=tenant-6
[960/1000] action=create-rb ns=tenant-4 name=tenant-binding group=tenant-4 role=dev
[961/1000] action=cross-tenant-access context=tenant-5-user@kubernetes operation=watch resource=configmap namespace=tenant-1
[962/1000] action=cross-tenant-access context=tenant-8-user@kubernetes operation=patch resource=configmap namespace=tenant-5
[963/1000] action=delete-clusterrole name=dev
[964/1000] action=cross-tenant-access context=tenant-4-user@kubernetes operation=delete resource=configmap namespace=tenant-6
[965/1000] action=cross-tenant-access context=tenant-7-user@kubernetes operation=get resource=configmap namespace=tenant-1
[966/1000] action=delete-rb ns=tenant-8 name=tenant-binding
[967/1000] action=delete-rb ns=tenant-4 name=tenant-binding
[968/1000] action=create-rb ns=tenant-6 name=tenant-binding group=tenant-6 role=admin
[969/1000] action=cross-tenant-access context=tenant-9-user@kubernetes operation=patch resource=configmap namespace=tenant-8
[970/1000] action=create-rb ns=tenant-7 name=tenant-binding group=tenant-7 role=admin
[971/1000] action=cross-tenant-access context=tenant-2-user@kubernetes operation=get resource=configmap namespace=tenant-10
[972/1000] action=delete-rb ns=tenant-3 name=tenant-binding
[973/1000] action=cross-tenant-access context=tenant-7-user@kubernetes operation=delete resource=configmap namespace=tenant-5
[974/1000] action=cross-tenant-access context=tenant-2-user@kubernetes operation=list resource=configmap namespace=tenant-4
[975/1000] action=cross-tenant-access context=tenant-5-user@kubernetes operation=delete resource=configmap namespace=tenant-10
[976/1000] action=create-rb ns=tenant-4 name=tenant-binding group=tenant-4 role=view
[977/1000] action=delete-crb name=foo-global-binding
[978/1000] action=delete-rb ns=tenant-8 name=tenant-binding
[979/1000] action=cross-tenant-access context=tenant-4-user@kubernetes operation=list resource=configmap namespace=tenant-8
[980/1000] action=cross-tenant-access context=tenant-1-user@kubernetes operation=watch resource=configmap namespace=tenant-5
[981/1000] action=delete-rb ns=tenant-10 name=tenant-binding
[982/1000] action=delete-clusterrole name=dev
[983/1000] action=cross-tenant-access context=tenant-4-user@kubernetes operation=patch resource=configmap namespace=tenant-7
[984/1000] action=cross-tenant-access context=tenant-2-user@kubernetes operation=list resource=configmap namespace=tenant-8
[985/1000] action=create-rb ns=tenant-10 name=tenant-binding group=tenant-10 role=admin
[986/1000] action=create-rb ns=tenant-3 name=tenant-binding group=tenant-3 role=view
[987/1000] action=create-crb name=foo-global-binding group=tenant-7 role=cluster-admin
[988/1000] action=delete-clusterrole name=dev
[989/1000] action=delete-crb name=foo-global-binding
[990/1000] action=cross-tenant-access context=tenant-9-user@kubernetes operation=watch resource=configmap namespace=tenant-4
[991/1000] action=cross-tenant-access context=tenant-6-user@kubernetes operation=patch resource=configmap namespace=tenant-7
[992/1000] action=delete-rb ns=tenant-8 name=tenant-binding
[993/1000] action=create-clusterrole name=dev resources=secrets verbs=deletecollection,patch
[994/1000] action=create-clusterrole name=dev resources=services,secrets verbs=get,update,watch
[995/1000] action=cross-tenant-access context=tenant-7-user@kubernetes operation=get resource=configmap namespace=tenant-9
[996/1000] action=cross-tenant-access context=tenant-8-user@kubernetes operation=get resource=configmap namespace=tenant-3
[997/1000] action=create-rb ns=tenant-1 name=tenant-binding group=tenant-1 role=dev
[998/1000] action=cross-tenant-access context=tenant-10-user@kubernetes operation=watch resource=configmap namespace=tenant-9
[999/1000] action=cross-tenant-access context=tenant-9-user@kubernetes operation=watch resource=configmap namespace=tenant-2
[1000/1000] action=create-rb ns=tenant-10 name=tenant-binding group=tenant-10 role=admin
