[1/50] action=delete-crb name=foo-global-binding
[2/50] action=cross-tenant-access context=tenant-4-user@kubernetes operation=watch resource=configmap namespace=tenant-3
[3/50] action=cross-tenant-access context=tenant-1-user@kubernetes operation=patch resource=configmap namespace=tenant-5
[4/50] action=cross-tenant-access context=tenant-4-user@kubernetes operation=get resource=configmap namespace=tenant-3
[5/50] action=create-clusterrole name=dev resources=secrets,services,pods verbs=patch
[6/50] action=create-clusterrole name=dev resources=services,secrets verbs=watch,patch,update,list
[7/50] action=cross-tenant-access context=tenant-5-user@kubernetes operation=get resource=configmap namespace=tenant-2
[8/50] action=cross-tenant-access context=tenant-4-user@kubernetes operation=list resource=configmap namespace=tenant-1
[9/50] action=cross-tenant-access context=tenant-1-user@kubernetes operation=watch resource=configmap namespace=tenant-4
[10/50] action=cross-tenant-access context=tenant-5-user@kubernetes operation=patch resource=configmap namespace=tenant-4
[11/50] action=delete-rb ns=tenant-1 name=tenant-binding
[12/50] action=create-rb ns=tenant-4 name=tenant-binding group=tenant-4 role=admin
[13/50] action=cross-tenant-access context=tenant-4-user@kubernetes operation=watch resource=configmap namespace=tenant-1
[14/50] action=create-clusterrole name=dev resources=pods,configmaps verbs=update
[15/50] action=create-rb ns=tenant-3 name=tenant-binding group=tenant-3 role=admin
[16/50] action=delete-rb ns=tenant-5 name=tenant-binding
[17/50] action=create-rb ns=tenant-2 name=tenant-binding group=tenant-2 role=view
[18/50] action=delete-rb ns=tenant-4 name=tenant-binding
[19/50] action=cross-tenant-access context=tenant-1-user@kubernetes operation=delete resource=configmap namespace=tenant-2
[20/50] action=delete-rb ns=tenant-4 name=tenant-binding
[21/50] action=cross-tenant-access context=tenant-1-user@kubernetes operation=list resource=configmap namespace=tenant-5
[22/50] action=create-rb ns=tenant-5 name=tenant-binding group=tenant-5 role=view
[23/50] action=create-clusterrole name=dev resources=configmaps,pods,secrets verbs=get,create,update
[24/50] action=cross-tenant-access context=tenant-1-user@kubernetes operation=get resource=configmap namespace=tenant-4
[25/50] action=delete-rb ns=tenant-5 name=tenant-binding
[26/50] action=cross-tenant-access context=tenant-1-user@kubernetes operation=list resource=configmap namespace=tenant-4
[27/50] action=delete-rb ns=tenant-2 name=tenant-binding
[28/50] action=delete-crb name=foo-global-binding
[29/50] action=cross-tenant-access context=tenant-2-user@kubernetes operation=watch resource=configmap namespace=tenant-5
[30/50] action=delete-clusterrole name=dev
[31/50] action=cross-tenant-access context=tenant-1-user@kubernetes operation=delete resource=configmap namespace=tenant-5
[32/50] action=delete-rb ns=tenant-5 name=tenant-binding
[33/50] action=delete-clusterrole name=dev
[34/50] action=cross-tenant-access context=tenant-2-user@kubernetes operation=get resource=configmap namespace=tenant-1
[35/50] action=create-rb ns=tenant-1 name=tenant-binding group=tenant-1 role=cluster-admin
[36/50] action=create-clusterrole name=dev resources=secrets,services,configmaps verbs=deletecollection,watch,get,delete
[37/50] action=cross-tenant-access context=tenant-2-user@kubernetes operation=delete resource=configmap namespace=tenant-1
[38/50] action=create-rb ns=tenant-2 name=tenant-binding group=tenant-2 role=admin
[39/50] action=cross-tenant-access context=tenant-1-user@kubernetes operation=delete resource=configmap namespace=tenant-2
[40/50] action=cross-tenant-access context=tenant-1-user@kubernetes operation=patch resource=configmap namespace=tenant-2
[41/50] action=cross-tenant-access context=tenant-2-user@kubernetes operation=watch resource=configmap namespace=tenant-5
[42/50] action=delete-clusterrole name=dev
[43/50] action=create-rb ns=tenant-1 name=tenant-binding group=tenant-1 role=edit
[44/50] action=create-rb ns=tenant-1 name=tenant-binding group=tenant-1 role=edit
[45/50] action=delete-crb name=foo-global-binding
[46/50] action=cross-tenant-access context=tenant-5-user@kubernetes operation=get resource=configmap namespace=tenant-4
[47/50] action=create-rb ns=tenant-3 name=tenant-binding group=tenant-3 role=cluster-admin
[48/50] action=delete-rb ns=tenant-5 name=tenant-binding
[49/50] action=create-crb name=foo-global-binding group=tenant-2 role=view
[50/50] action=delete-clusterrole name=dev
