[1/1000] action=create-crb name=foo-global-binding group=tenant-4 role=view
[2/1000] action=delete-clusterrole name=dev
[3/1000] action=create-crb name=foo-global-binding group=tenant-5 role=cluster-admin
[4/1000] action=cross-tenant-access context=tenant-2-user@kubernetes operation=list resource=configmap namespace=tenant-4
[5/1000] action=delete-rb ns=tenant-3 name=tenant-binding
[6/1000] action=cross-tenant-access context=tenant-3-user@kubernetes operation=get resource=configmap namespace=tenant-2
[7/1000] action=cross-tenant-access context=tenant-2-user@kubernetes operation=patch resource=configmap namespace=tenant-3
[8/1000] action=cross-tenant-access context=tenant-5-user@kubernetes operation=list resource=configmap namespace=tenant-1
[9/1000] action=create-rb ns=tenant-4 name=tenant-binding group=tenant-4 role=dev
[10/1000] action=create-crb name=foo-global-binding group=tenant-5 role=dev
[11/1000] action=create-rb ns=tenant-2 name=tenant-binding group=tenant-2 role=dev
[12/1000] action=create-rb ns=tenant-1 name=tenant-binding group=tenant-1 role=edit
[13/1000] action=cross-tenant-access context=tenant-3-user@kubernetes operation=get resource=configmap namespace=tenant-1
[14/1000] action=cross-tenant-access context=tenant-4-user@kubernetes operation=list resource=configmap namespace=tenant-1
[15/1000] action=delete-rb ns=tenant-5 name=tenant-binding
[16/1000] action=create-rb ns=tenant-3 name=tenant-binding group=tenant-3 role=cluster-admin
[17/1000] action=cross-tenant-access context=tenant-3-user@kubernetes operation=patch resource=configmap namespace=tenant-2
[18/1000] action=delete-rb ns=tenant-1 name=tenant-binding
[19/1000] action=cross-tenant-access context=tenant-5-user@kubernetes operation=get resource=configmap namespace=tenant-1
[20/1000] action=create-crb name=foo-global-binding group=tenant-3 role=edit
[21/1000] action=cross-tenant-access context=tenant-2-user@kubernetes operation=get resource=configmap namespace=tenant-1
[22/1000] action=cross-tenant-access context=tenant-1-user@kubernetes operation=delete resource=configmap namespace=tenant-3
[23/1000] action=delete-rb ns=tenant-4 name=tenant-binding
[24/1000] action=cross-tenant-access context=tenant-4-user@kubernetes operation=watch resource=configmap namespace=tenant-1
[25/1000] action=create-clusterrole name=dev resources=pods,configmaps verbs=update,patch,list,get,watch
[26/1000] action=cross-tenant-access context=tenant-5-user@kubernetes operation=delete resource=configmap namespace=tenant-1
[27/1000] action=cross-tenant-access context=tenant-1-user@kubernetes operation=list resource=configmap namespace=tenant-2
[28/1000] action=cross-tenant-access context=tenant-2-user@kubernetes operation=get resource=configmap namespace=tenant-1
[29/1000] action=cross-tenant-access context=tenant-1-user@kubernetes operation=delete resource=configmap namespace=tenant-5
[30/1000] action=delete-rb ns=tenant-1 name=tenant-binding
[31/1000] action=delete-rb ns=tenant-4 name=tenant-binding
[32/1000] action=create-rb ns=tenant-1 name=tenant-binding group=tenant-1 role=view
[33/1000] action=delete-crb name=foo-global-binding
[34/1000] action=create-rb ns=tenant-4 name=tenant-binding group=tenant-4 role=dev
[35/1000] action=delete-rb ns=tenant-2 name=tenant-binding
[36/1000] action=delete-clusterrole name=dev
[37/1000] action=cross-tenant-access context=tenant-2-user@kubernetes operation=delete resource=configmap namespace=tenant-3
[38/1000] action=delete-rb ns=tenant-4 name=tenant-binding
[39/1000] action=delete-rb ns=tenant-2 name=tenant-binding
[40/1000] action=create-crb name=foo-global-binding group=tenant-1 role=admin
[41/1000] action=delete-crb name=foo-global-binding
[42/1000] action=cross-tenant-access context=tenant-1-user@kubernetes operation=watch resource=configmap namespace=tenant-5
[43/1000] action=create-rb ns=tenant-5 name=tenant-binding group=tenant-5 role=view
[44/1000] action=cross-tenant-access context=tenant-3-user@kubernetes operation=delete resource=configmap namespace=tenant-5
[45/1000] action=delete-crb name=foo-global-binding
[46/1000] action=delete-rb ns=tenant-2 name=tenant-binding
[47/1000] action=delete-crb name=foo-global-binding
[48/1000] action=cross-tenant-access context=tenant-4-user@kubernetes operation=watch resource=configmap namespace=tenant-2
[49/1000] action=delete-rb ns=tenant-1 name=tenant-binding
[50/1000] action=cross-tenant-access context=tenant-3-user@kubernetes operation=delete resource=configmap namespace=tenant-5
[51/1000] action=delete-rb ns=tenant-5 name=tenant-binding
[52/1000] action=create-rb ns=tenant-2 name=tenant-binding group=tenant-2 role=admin
[53/1000] action=cross-tenant-access context=tenant-3-user@kubernetes operation=patch resource=configmap namespace=tenant-1
[54/1000] action=cross-tenant-access context=tenant-3-user@kubernetes operation=patch resource=configmap namespace=tenant-2
[55/1000] action=delete-rb ns=tenant-4 name=tenant-binding
[56/1000] action=cross-tenant-access context=tenant-1-user@kubernetes operation=list resource=configmap namespace=tenant-3
[57/1000] action=cross-tenant-access context=tenant-3-user@kubernetes operation=watch resource=configmap namespace=tenant-2
[58/1000] action=delete-rb ns=tenant-5 name=tenant-binding
[59/1000] action=create-rb ns=tenant-5 name=tenant-binding group=tenant-5 role=view
[60/1000] action=delete-clusterrole name=dev
[61/1000] action=create-clusterrole name=dev resources=services,secrets,configmaps verbs=patch,list
[62/1000] action=create-clusterrole name=dev resources=pods verbs=patch,update
[63/1000] action=cross-tenant-access context=tenant-2-user@kubernetes operation=get resource=configmap namespace=tenant-5
[64/1000] action=create-rb ns=tenant-1 name=tenant-binding group=tenant-1 role=edit
[65/1000] action=cross-tenant-access context=tenant-3-user@kubernetes operation=list resource=configmap namespace=tenant-2
[66/1000] action=cross-tenant-access context=tenant-4-user@kubernetes operation=get resource=configmap namespace=tenant-5
[67/1000] action=cross-tenant-access context=tenant-2-user@kubernetes operation=get resource=configmap namespace=tenant-1
[68/1000] action=cross-tenant-access context=tenant-2-user@kubernetes operation=watch resource=configmap namespace=tenant-5
[69/1000] action=create-rb ns=tenant-5 name=tenant-binding group=tenant-5 role=cluster-admin
[70/1000] action=cross-tenant-access context=tenant-2-user@kubernetes operation=list resource=configmap namespace=tenant-5
[71/1000] action=cross-tenant-access context=tenant-3-user@kubernetes operation=list resource=configmap namespace=tenant-5
[72/1000] action=delete-clusterrole name=dev
[73/1000] action=delete-rb ns=tenant-2 name=tenant-binding
[74/1000] action=delete-clusterrole name=dev
[75/1000] action=cross-tenant-access context=tenant-3-user@kubernetes operation=list resource=configmap namespace=tenant-2
[76/1000] action=cross-tenant-access context=tenant-2-user@kubernetes operation=list resource=configmap namespace=tenant-1
[77/1000] action=create-clusterrole name=dev resources=configmaps,services verbs=list,watch
[78/1000] action=cross-tenant-access context=tenant-4-user@kubernetes operation=watch resource=configmap namespace=tenant-2
[79/1000] action=cross-tenant-access context=tenant-4-user@kubernetes operation=delete resource=configmap namespace=tenant-2
[80/1000] action=cross-tenant-access context=tenant-4-user@kubernetes operation=watch resource=configmap namespace=tenant-1
[81/1000] action=create-rb ns=tenant-5 name=tenant-binding group=tenant-5 role=view
[82/1000] action=cross-tenant-access context=tenant-2-user@kubernetes operation=delete resource=configmap namespace=tenant-5
[83/1000] action=cross-tenant-access context=tenant-4-user@kubernetes operation=patch resource=configmap namespace=tenant-1
[84/1000] action=cross-tenant-access context=tenant-2-user@kubernetes operation=list resource=configmap namespace=tenant-4
[85/1000] action=delete-rb ns=tenant-3 name=tenant-binding
[86/1000] action=create-crb name=foo-global-binding group=tenant-3 role=cluster-admin
[87/1000] action=delete-clusterrole name=dev
[88/1000] action=create-rb ns=tenant-1 name=tenant-binding group=tenant-1 role=cluster-admin
[89/1000] action=cross-tenant-access context=tenant-1-user@kubernetes operation=get resource=configmap namespace=tenant-4
[90/1000] action=create-rb ns=tenant-1 name=tenant-binding group=tenant-1 role=dev
[91/1000] action=cross-tenant-access context=tenant-2-user@kubernetes operation=get resource=configmap namespace=tenant-4
[92/1000] action=cross-tenant-access context=tenant-4-user@kubernetes operation=list resource=configmap namespace=tenant-2
[93/1000] action=delete-rb ns=tenant-4 name=tenant-binding
[94/1000] action=create-rb ns=tenant-5 name=tenant-binding group=tenant-5 role=dev
[95/1000] action=create-clusterrole name=dev resources=secrets verbs=list,get
[96/1000] action=delete-rb ns=tenant-5 name=tenant-binding
[97/1000] action=delete-rb ns=tenant-5 name=tenant-binding
[98/1000] action=delete-clusterrole name=dev
[99/1000] action=cross-tenant-access context=tenant-5-user@kubernetes operation=delete resource=configmap namespace=tenant-3
[100/1000] action=delete-rb ns=tenant-4 name=tenant-binding
[101/1000] action=create-clusterrole name=dev resources=pods verbs=update,deletecollection,delete,list,create
[102/1000] action=delete-crb name=foo-global-binding
[103/1000] action=cross-tenant-access context=tenant-2-user@kubernetes operation=patch resource=configmap namespace=tenant-5
[104/1000] action=delete-clusterrole name=dev
[105/1000] action=delete-rb ns=tenant-4 name=tenant-binding
[106/1000] action=cross-tenant-access context=tenant-3-user@kubernetes operation=list resource=configmap namespace=tenant-4
[107/1000] action=create-rb ns=tenant-4 name=tenant-binding group=tenant-4 role=dev
[108/1000] action=delete-clusterrole name=dev
[109/1000] action=cross-tenant-access context=tenant-1-user@kubernetes operation=delete resource=configmap namespace=tenant-3
[110/1000] action=create-rb ns=tenant-4 name=tenant-binding group=tenant-4 role=admin
[111/1000] action=cross-tenant-access context=tenant-5-user@kubernetes operation=patch resource=configmap namespace=tenant-2
[112/1000] action=cross-tenant-access context=tenant-2-user@kubernetes operation=get resource=configmap namespace=tenant-1
[113/1000] action=cross-tenant-access context=tenant-4-user@kubernetes operation=patch resource=configmap namespace=tenant-2
[114/1000] action=cross-tenant-access context=tenant-3-user@kubernetes operation=watch resource=configmap namespace=tenant-5
[115/1000] action=delete-crb name=foo-global-binding
[116/1000] action=cross-tenant-access context=tenant-3-user@kubernetes operation=get resource=configmap namespace=tenant-5
[117/1000] action=cross-tenant-access context=tenant-4-user@kubernetes operation=delete resource=configmap namespace=tenant-3
[118/1000] action=cross-tenant-access context=tenant-2-user@kubernetes operation=list resource=configmap namespace=tenant-3
[119/1000] action=create-rb ns=tenant-2 name=tenant-binding group=tenant-2 role=dev
[120/1000] action=cross-tenant-access context=tenant-4-user@kubernetes operation=get resource=configmap namespace=tenant-3
[121/1000] action=cross-tenant-access context=tenant-3-user@kubernetes operation=get resource=configmap namespace=tenant-4
[122/1000] action=delete-rb ns=tenant-2 name=tenant-binding
[123/1000] action=create-rb ns=tenant-4 name=tenant-binding group=tenant-4 role=dev
[124/1000] action=delete-clusterrole name=dev
[125/1000] action=cross-tenant-access context=tenant-5-user@kubernetes operation=get resource=configmap namespace=tenant-4
[126/1000] action=delete-crb name=foo-global-binding
[127/1000] action=cross-tenant-access context=tenant-3-user@kubernetes operation=delete resource=configmap namespace=tenant-5
[128/1000] action=delete-clusterrole name=dev
[129/1000] action=delete-rb ns=tenant-2 name=tenant-binding
[130/1000] action=delete-rb ns=tenant-3 name=tenant-binding
[131/1000] action=cross-tenant-access context=tenant-4-user@kubernetes operation=watch resource=configmap namespace=tenant-2
[132/1000] action=cross-tenant-access context=tenant-5-user@kubernetes operation=get resource=configmap namespace=tenant-4
[133/1000] action=delete-rb ns=tenant-4 name=tenant-binding
[134/1000] action=cross-tenant-access context=tenant-4-user@kubernetes operation=get resource=configmap namespace=tenant-5
[135/1000] action=delete-crb name=foo-global-binding
[136/1000] action=create-rb ns=tenant-2 name=tenant-binding group=tenant-2 role=edit
[137/1000] action=cross-tenant-access context=tenant-1-user@kubernetes operation=list resource=configmap namespace=tenant-4
[138/1000] action=create-rb ns=tenant-5 name=tenant-binding group=tenant-5 role=admin
[139/1000] action=cross-tenant-access context=tenant-4-user@kubernetes operation=patch resource=configmap namespace=tenant-5
[140/1000] action=cross-tenant-access context=tenant-1-user@kubernetes operation=patch resource=configmap namespace=tenant-5
[141/1000] action=create-rb ns=tenant-3 name=tenant-binding group=tenant-3 role=view
[142/1000] action=create-clusterrole name=dev resources=configmaps verbs=list,deletecollection,patch
[143/1000] action=create-crb name=foo-global-binding group=tenant-5 role=dev
[144/1000] action=delete-rb ns=tenant-2 name=tenant-binding
[145/1000] action=create-crb name=foo-global-binding group=tenant-3 role=dev
[146/1000] action=cross-tenant-access context=tenant-1-user@kubernetes operation=watch resource=configmap namespace=tenant-4
[147/1000] action=delete-crb name=foo-global-binding
[148/1000] action=create-rb ns=tenant-3 name=tenant-binding group=tenant-3 role=admin
[149/1000] action=cross-tenant-access context=tenant-2-user@kubernetes operation=watch resource=configmap namespace=tenant-5
[150/1000] action=cross-tenant-access context=tenant-5-user@kubernetes operation=get resource=configmap namespace=tenant-2
[151/1000] action=delete-clusterrole name=dev
[152/1000] action=cross-tenant-access context=tenant-1-user@kubernetes operation=watch resource=configmap namespace=tenant-4
[153/1000] action=cross-tenant-access context=tenant-5-user@kubernetes operation=delete resource=configmap namespace=tenant-1
[154/1000] action=delete-rb ns=tenant-1 name=tenant-binding
[155/1000] action=cross-tenant-access context=tenant-3-user@kubernetes operation=watch resource=configmap namespace=tenant-5
[156/1000] action=create-clusterrole name=dev resources=secrets,services,configmaps verbs=patch,update,deletecollection,delete
[157/1000] action=create-crb name=foo-global-binding group=tenant-5 role=edit
[158/1000] action=create-rb ns=tenant-4 name=tenant-binding group=tenant-4 role=view
[159/1000] action=cross-tenant-access context=tenant-5-user@kubernetes operation=watch resource=configmap namespace=tenant-1
[160/1000] action=create-rb ns=tenant-4 name=tenant-binding group=tenant-4 role=admin
[161/1000] action=create-rb ns=tenant-4 name=tenant-binding group=tenant-4 role=edit
[162/1000] action=delete-rb ns=tenant-5 name=tenant-binding
[163/1000] action=delete-crb name=foo-global-binding
[164/1000] action=cross-tenant-access context=tenant-2-user@kubernetes operation=list resource=configmap namespace=tenant-1
[165/1000] action=create-crb name=foo-global-binding group=tenant-1 role=edit
[166/1000] action=delete-clusterrole name=dev
[167/1000] action=cross-tenant-access context=tenant-2-user@kubernetes operation=watch resource=configmap namespace=tenant-3
[168/1000] action=create-clusterrole name=dev resources=secrets,configmaps,pods verbs=create,get
[169/1000] action=cross-tenant-access context=tenant-3-user@kubernetes operation=watch resource=configmap namespace=tenant-4
[170/1000] action=create-rb ns=tenant-4 name=tenant-binding group=tenant-4 role=dev
[171/1000] action=cross-tenant-access context=tenant-1-user@kubernetes operation=list resource=configmap namespace=tenant-5
[172/1000] action=delete-rb ns=tenant-4 name=tenant-binding
[173/1000] action=delete-crb name=foo-global-binding
[174/1000] action=cross-tenant-access context=tenant-5-user@kubernetes operation=get resource=configmap namespace=tenant-1
[175/1000] action=create-crb name=foo-global-binding group=tenant-2 role=cluster-admin
[176/1000] action=create-rb ns=tenant-3 name=tenant-binding group=tenant-3 role=cluster-admin
[177/1000] action=create-rb ns=tenant-2 name=tenant-binding group=tenant-2 role=admin
[178/1000] action=delete-crb name=foo-global-binding
[179/1000] action=delete-rb ns=tenant-5 name=tenant-binding
[180/1000] action=cross-tenant-access context=tenant-4-user@kubernetes operation=get resource=configmap namespace=tenant-1
[181/1000] action=delete-crb name=foo-global-binding
[182/1000] action=cross-tenant-access context=tenant-3-user@kubernetes operation=list resource=configmap namespace=tenant-2
[183/1000] action=cross-tenant-access context=tenant-4-user@kubernetes operation=delete resource=configmap namespace=tenant-1
[184/1000] action=delete-clusterrole name=dev
[185/1000] action=cross-tenant-access context=tenant-1-user@kubernetes operation=patch resource=configmap namespace=tenant-2
[186/1000] action=cross-tenant-access context=tenant-3-user@kubernetes operation=get resource=configmap namespace=tenant-1
[187/1000] action=delete-rb ns=tenant-2 name=tenant-binding
[188/1000] action=create-rb ns=tenant-5 name=tenant-binding group=tenant-5 role=dev
[189/1000] action=delete-rb ns=tenant-5 name=tenant-binding
[190/1000] action=create-rb ns=tenant-5 name=tenant-binding group=tenant-5 role=edit
[191/1000] action=cross-tenant-access context=tenant-2-user@kubernetes operation=get resource=configmap namespace=tenant-1
[192/1000] action=create-rb ns=tenant-2 name=tenant-binding group=tenant-2 role=view
[193/1000] action=cross-tenant-access context=tenant-2-user@kubernetes operation=list resource=configmap namespace=tenant-5
[194/1000] action=create-crb name=foo-global-binding group=tenant-3 role=cluster-admin
[195/1000] action=create-crb name=foo-global-binding group=tenant-4 role=cluster-admin
[196/1000] action=create-crb name=foo-global-binding group=tenant-3 role=admin
[197/1000] action=cross-tenant-access context=tenant-1-user@kubernetes operation=list resource=configmap namespace=tenant-4
[198/1000] action=cross-tenant-access context=tenant-3-user@kubernetes operation=watch resource=configmap namespace=tenant-4
[199/1000] action=cross-tenant-access context=tenant-1-user@kubernetes operation=delete resource=configmap namespace=tenant-4
[200/1000] action=cross-tenant-access context=tenant-3-user@kubernetes operation=get resource=configmap namespace=tenant-4
[201/1000] action=delete-crb name=foo-global-binding
[202/1000] action=cross-tenant-access context=tenant-3-user@kubernetes operation=delete resource=configmap namespace=tenant-5
[203/1000] action=cross-tenant-access context=tenant-2-user@kubernetes operation=watch resource=configmap namespace=tenant-1
[204/1000] action=cross-tenant-access context=tenant-1-user@kubernetes operation=list resource=configmap namespace=tenant-4
[205/1000] action=create-rb ns=tenant-4 name=tenant-binding group=tenant-4 role=admin
[206/1000] action=cross-tenant-access context=tenant-1-user@kubernetes operation=list resource=configmap namespace=tenant-3
[207/1000] action=cross-tenant-access context=tenant-3-user@kubernetes operation=delete resource=configmap namespace=tenant-2
[208/1000] action=create-clusterrole name=dev resources=services verbs=delete,watch,patch
[209/1000] action=cross-tenant-access context=tenant-4-user@kubernetes operation=patch resource=configmap namespace=tenant-2
[210/1000] action=create-clusterrole name=dev resources=pods,services verbs=create
[211/1000] action=delete-crb name=foo-global-binding
[212/1000] action=delete-rb ns=tenant-5 name=tenant-binding
[213/1000] action=create-crb name=foo-global-binding group=tenant-4 role=view
[214/1000] action=delete-rb ns=tenant-4 name=tenant-binding
[215/1000] action=create-rb ns=tenant-2 name=tenant-binding group=tenant-2 role=edit
[216/1000] action=create-crb name=foo-global-binding group=tenant-5 role=dev
[217/1000] action=delete-rb ns=tenant-1 name=tenant-binding
[218/1000] action=create-rb ns=tenant-4 name=tenant-binding group=tenant-4 role=edit
[219/1000] action=delete-rb ns=tenant-3 name=tenant-binding
[220/1000] action=delete-clusterrole name=dev
[221/1000] action=create-clusterrole name=dev resources=configmaps,services,secrets verbs=deletecollection
[222/1000] action=cross-tenant-access context=tenant-2-user@kubernetes operation=delete resource=configmap namespace=tenant-3
[223/1000] action=create-crb name=foo-global-binding group=tenant-2 role=cluster-admin
[224/1000] action=delete-clusterrole name=dev
[225/1000] action=create-crb name=foo-global-binding group=tenant-4 role=dev
[226/1000] action=create-clusterrole name=dev resources=services,pods verbs=list,deletecollection
[227/1000] action=delete-crb name=foo-global-binding
[228/1000] action=cross-tenant-access context=tenant-3-user@kubernetes operation=watch resource=configmap namespace=tenant-4
[229/1000] action=delete-clusterrole name=dev
[230/1000] action=create-clusterrole name=dev resources=services,secrets,pods verbs=create,list
[231/1000] action=delete-rb ns=tenant-4 name=tenant-binding
[232/1000] action=cross-tenant-access context=tenant-1-user@kubernetes operation=get resource=configmap namespace=tenant-5
[233/1000] action=cross-tenant-access context=tenant-2-user@kubernetes operation=watch resource=configmap namespace=tenant-4
[234/1000] action=cross-tenant-access context=tenant-1-user@kubernetes operation=list resource=configmap namespace=tenant-2
[235/1000] action=create-crb name=foo-global-binding group=tenant-3 role=dev
[236/1000] action=create-clusterrole name=dev resources=services,pods,configmaps verbs=update,delete,deletecollection,get
[237/1000] action=cross-tenant-access context=tenant-4-user@kubernetes operation=delete resource=configmap namespace=tenant-5
[238/1000] action=create-clusterrole name=dev resources=services,secrets verbs=patch,update
[239/1000] action=create-clusterrole name=dev resources=services verbs=get,list
[240/1000] action=delete-rb ns=tenant-4 name=tenant-binding
[241/1000] action=cross-tenant-access context=tenant-3-user@kubernetes operation=get resource=configmap namespace=tenant-4
[242/1000] action=cross-tenant-access context=tenant-2-user@kubernetes operation=list resource=configmap namespace=tenant-1
[243/1000] action=cross-tenant-access context=tenant-3-user@kubernetes operation=delete resource=configmap namespace=tenant-2
[244/1000] action=delete-rb ns=tenant-3 name=tenant-binding
[245/1000] action=cross-tenant-access context=tenant-1-user@kubernetes operation=watch resource=configmap namespace=tenant-3
[246/1000] action=cross-tenant-access context=tenant-1-user@kubernetes operation=get resource=configmap namespace=tenant-4
[247/1000] action=delete-rb ns=tenant-5 name=tenant-binding
[248/1000] action=create-rb ns=tenant-2 name=tenant-binding group=tenant-2 role=view
[249/1000] action=cross-tenant-access context=tenant-4-user@kubernetes operation=get resource=configmap namespace=tenant-2
[250/1000] action=cross-tenant-access context=tenant-1-user@kubernetes operation=get resource=configmap namespace=tenant-2
[251/1000] action=delete-rb ns=tenant-3 name=tenant-binding
[252/1000] action=cross-tenant-access context=tenant-4-user@kubernetes operation=delete resource=configmap namespace=tenant-5
[253/1000] action=create-rb ns=tenant-3 name=tenant-binding group=tenant-3 role=view
[254/1000] action=cross-tenant-access context=tenant-2-user@kubernetes operation=patch resource=configmap namespace=tenant-3
[255/1000] action=delete-clusterrole name=dev
[256/1000] action=create-rb ns=tenant-2 name=tenant-binding group=tenant-2 role=edit
[257/1000] action=create-clusterrole name=dev resources=services,secrets verbs=create
[258/1000] action=cross-tenant-access context=tenant-4-user@kubernetes operation=get resource=configmap namespace=tenant-2
[259/1000] action=cross-tenant-access context=tenant-1-user@kubernetes operation=get resource=configmap namespace=tenant-5
[260/1000] action=delete-crb name=foo-global-binding
[261/1000] action=cross-tenant-access context=tenant-5-user@kubernetes operation=patch resource=configmap namespace=tenant-2
[262/1000] action=create-rb ns=tenant-5 name=tenant-binding group=tenant-5 role=edit
[263/1000] action=cross-tenant-access context=tenant-4-user@kubernetes operation=patch resource=configmap namespace=tenant-2
[264/1000] action=cross-tenant-access context=tenant-3-user@kubernetes operation=patch resource=configmap namespace=tenant-4
[265/1000] action=create-crb name=foo-global-binding group=tenant-3 role=admin
[266/1000] action=create-clusterrole name=dev resources=secrets,pods,services verbs=get,watch,update,patch,create
[267/1000] action=create-rb ns=tenant-3 name=tenant-binding group=tenant-3 role=dev
[268/1000] action=delete-rb ns=tenant-1 name=tenant-binding
[269/1000] action=delete-rb ns=tenant-5 name=tenant-binding
[270/1000] action=create-clusterrole name=dev resources=pods,configmaps,services verbs=update,create,delete,watch,get
[271/1000] action=cross-tenant-access context=tenant-3-user@kubernetes operation=list resource=configmap namespace=tenant-1
[272/1000] action=delete-rb ns=tenant-3 name=tenant-binding
[273/1000] action=create-rb ns=tenant-2 name=tenant-binding group=tenant-2 role=cluster-admin
[274/1000] action=cross-tenant-access context=tenant-3-user@kubernetes operation=list resource=configmap namespace=tenant-2
[275/1000] action=create-clusterrole name=dev resources=secrets,services,pods verbs=list
[276/1000] action=create-rb ns=tenant-3 name=tenant-binding group=tenant-3 role=dev
[277/1000] action=cross-tenant-access context=tenant-2-user@kubernetes operation=watch resource=configmap namespace=tenant-3
[278/1000] action=create-clusterrole name=dev resources=pods,services,secrets verbs=list,update,watch
[279/1000] action=cross-tenant-access context=tenant-1-user@kubernetes operation=patch resource=configmap namespace=tenant-4
[280/1000] action=create-clusterrole name=dev resources=services,secrets,pods verbs=delete,update,list,deletecollection
[281/1000] action=create-crb name=foo-global-binding group=tenant-3 role=dev
[282/1000] action=cross-tenant-access context=tenant-4-user@kubernetes operation=patch resource=configmap namespace=tenant-3
[283/1000] action=create-rb ns=tenant-1 name=tenant-binding group=tenant-1 role=cluster-admin
[284/1000] action=delete-clusterrole name=dev
[285/1000] action=cross-tenant-access context=tenant-3-user@kubernetes operation=delete resource=configmap namespace=tenant-1
[286/1000] action=create-rb ns=tenant-5 name=tenant-binding group=tenant-5 role=edit
[287/1000] action=create-rb ns=tenant-1 name=tenant-binding group=tenant-1 role=edit
[288/1000] action=cross-tenant-access context=tenant-1-user@kubernetes operation=patch resource=configmap namespace=tenant-5
[289/1000] action=cross-tenant-access context=tenant-2-user@kubernetes operation=list resource=configmap namespace=tenant-1
[290/1000] action=create-rb ns=tenant-4 name=tenant-binding group=tenant-4 role=view
[291/1000] action=create-rb ns=tenant-3 name=tenant-binding group=tenant-3 role=edit
[292/1000] action=cross-tenant-access context=tenant-3-user@kubernetes operation=list resource=configmap namespace=tenant-4
[293/1000] action=delete-rb ns=tenant-2 name=tenant-binding
[294/1000] action=delete-rb ns=tenant-2 name=tenant-binding
[295/1000] action=delete-rb ns=tenant-2 name=tenant-binding
[296/1000] action=cross-tenant-access context=tenant-2-user@kubernetes operation=get resource=configmap namespace=tenant-1
[297/1000] action=delete-clusterrole name=dev
[298/1000] action=delete-crb name=foo-global-binding
[299/1000] action=cross-tenant-access context=tenant-5-user@kubernetes operation=delete resource=configmap namespace=tenant-4
[300/1000] action=create-crb name=foo-global-binding group=tenant-5 role=dev
[301/1000] action=delete-rb ns=tenant-1 name=tenant-binding
[302/1000] action=cross-tenant-access context=tenant-2-user@kubernetes operation=get resource=configmap namespace=tenant-4
[303/1000] action=cross-tenant-access context=tenant-1-user@kubernetes operation=list resource=configmap namespace=tenant-5
[304/1000] action=delete-crb name=foo-global-binding
[305/1000] action=create-rb ns=tenant-1 name=tenant-binding group=tenant-1 role=cluster-admin
[306/1000] action=cross-tenant-access context=tenant-2-user@kubernetes operation=patch resource=configmap namespace=tenant-4
[307/1000] action=cross-tenant-access context=tenant-5-user@kubernetes operation=delete resource=configmap namespace=tenant-3
[308/1000] action=cross-tenant-access context=tenant-2-user@kubernetes operation=list resource=configmap namespace=tenant-3
[309/1000] action=cross-tenant-access context=tenant-3-user@kubernetes operation=list resource=configmap namespace=tenant-5
[310/1000] action=cross-tenant-access context=tenant-3-user@kubernetes operation=get resource=configmap namespace=tenant-4
[311/1000] action=create-clusterrole name=dev resources=configmaps verbs=watch
[312/1000] action=create-rb ns=tenant-5 name=tenant-binding group=tenant-5 role=edit
[313/1000] action=create-crb name=foo-global-binding group=tenant-2 role=dev
[314/1000] action=create-crb name=foo-global-binding group=tenant-5 role=view
[315/1000] action=cross-tenant-access context=tenant-3-user@kubernetes operation=watch resource=configmap namespace=tenant-2
[316/1000] action=cross-tenant-access context=tenant-1-user@kubernetes operation=patch resource=configmap namespace=tenant-2
[317/1000] action=create-clusterrole name=dev resources=services verbs=patch,watch,deletecollection,delete
[318/1000] action=cross-tenant-access context=tenant-5-user@kubernetes operation=delete resource=configmap namespace=tenant-2
[319/1000] action=delete-clusterrole name=dev
[320/1000] action=cross-tenant-access context=tenant-5-user@kubernetes operation=delete resource=configmap namespace=tenant-3
[321/1000] action=cross-tenant-access context=tenant-1-user@kubernetes operation=delete resource=configmap namespace=tenant-2
[322/1000] action=cross-tenant-access context=tenant-3-user@kubernetes operation=patch resource=configmap namespace=tenant-1
[323/1000] action=cross-tenant-access context=tenant-3-user@kubernetes operation=patch resource=configmap namespace=tenant-2
[324/1000] action=delete-clusterrole name=dev
[325/1000] action=delete-rb ns=tenant-3 name=tenant-binding
[326/1000] action=create-crb name=foo-global-binding group=tenant-5 role=edit
[327/1000] action=cross-tenant-access context=tenant-4-user@kubernetes operation=patch resource=configmap namespace=tenant-1
[328/1000] action=cross-tenant-access context=tenant-3-user@kubernetes operation=get resource=configmap namespace=tenant-1
[329/1000] action=cross-tenant-access context=tenant-5-user@kubernetes operation=get resource=configmap namespace=tenant-4
[330/1000] action=delete-rb ns=tenant-5 name=tenant-binding
[331/1000] action=cross-tenant-access context=tenant-5-user@kubernetes operation=patch resource=configmap namespace=tenant-3
[332/1000] action=create-crb name=foo-global-binding group=tenant-1 role=cluster-admin
[333/1000] action=create-crb name=foo-global-binding group=tenant-5 role=view
[334/1000] action=delete-crb name=foo-global-binding
[335/1000] action=cross-tenant-access context=tenant-1-user@kubernetes operation=list resource=configmap namespace=tenant-3
[336/1000] action=cross-tenant-access context=tenant-1-user@kubernetes operation=watch resource=configmap namespace=tenant-4
[337/1000] action=create-clusterrole name=dev resources=pods,secrets verbs=get,update
[338/1000] action=create-crb name=foo-global-binding group=tenant-4 role=cluster-admin
[339/1000] action=delete-clusterrole name=dev
[340/1000] action=delete-crb name=foo-global-binding
[341/1000] action=delete-rb ns=tenant-4 name=tenant-binding
[342/1000] action=cross-tenant-access context=tenant-4-user@kubernetes operation=delete resource=configmap namespace=tenant-3
[343/1000] action=cross-tenant-access context=tenant-2-user@kubernetes operation=watch resource=configmap namespace=tenant-5
[344/1000] action=create-crb name=foo-global-binding group=tenant-1 role=edit
[345/1000] action=delete-rb ns=tenant-2 name=tenant-binding
[346/1000] action=create-clusterrole name=dev resources=configmaps verbs=delete,deletecollection,update
[347/1000] action=create-clusterrole name=dev resources=secrets verbs=list,deletecollection,watch,get,update
[348/1000] action=cross-tenant-access context=tenant-5-user@kubernetes operation=watch resource=configmap namespace=tenant-2
[349/1000] action=create-rb ns=tenant-4 name=tenant-binding group=tenant-4 role=dev
[350/1000] action=delete-rb ns=tenant-3 name=tenant-binding
[351/1000] action=create-crb name=foo-global-binding group=tenant-1 role=dev
[352/1000] action=create-crb name=foo-global-binding group=tenant-5 role=cluster-admin
[353/1000] action=cross-tenant-access context=tenant-5-user@kubernetes operation=delete resource=configmap namespace=tenant-1
[354/1000] action=delete-clusterrole name=dev
[355/1000] action=create-rb ns=tenant-3 name=tenant-binding group=tenant-3 role=dev
[356/1000] action=delete-crb name=foo-global-binding
[357/1000] action=cross-tenant-access context=tenant-4-user@kubernetes operation=delete resource=configmap namespace=tenant-3
[358/1000] action=cross-tenant-access context=tenant-1-user@kubernetes operation=list resource=configmap namespace=tenant-3
[359/1000] action=delete-clusterrole name=dev
[360/1000] action=cross-tenant-access context=tenant-2-user@kubernetes operation=patch resource=configmap namespace=tenant-3
[361/1000] action=cross-tenant-access context=tenant-5-user@kubernetes operation=list resource=configmap namespace=tenant-2
[362/1000] action=cross-tenant-access context=tenant-2-user@kubernetes operation=delete resource=configmap namespace=tenant-4
[363/1000] action=delete-rb ns=tenant-2 name=tenant-binding
[364/1000] action=create-rb ns=tenant-2 name=tenant-binding group=tenant-2 role=view
[365/1000] action=delete-rb ns=tenant-3 name=tenant-binding
[366/1000] action=cross-tenant-access context=tenant-2-user@kubernetes operation=patch resource=configmap namespace=tenant-5
[367/1000] action=create-clusterrole name=dev resources=pods verbs=create,update,deletecollection,patch
[368/1000] action=cross-tenant-access context=tenant-3-user@kubernetes operation=list resource=configmap namespace=tenant-2
[369/1000] action=cross-tenant-access context=tenant-5-user@kubernetes operation=watch resource=configmap namespace=tenant-4
[370/1000] action=cross-tenant-access context=tenant-3-user@kubernetes operation=get resource=configmap namespace=tenant-1
[371/1000] action=cross-tenant-access context=tenant-3-user@kubernetes operation=list resource=configmap namespace=tenant-1
[372/1000] action=cross-tenant-access context=tenant-2-user@kubernetes operation=watch resource=configmap namespace=tenant-4
[373/1000] action=delete-clusterrole name=dev
[374/1000] action=cross-tenant-access context=tenant-4-user@kubernetes operation=get resource=configmap namespace=tenant-5
[375/1000] action=create-clusterrole name=dev resources=secrets,services,pods verbs=get
[376/1000] action=create-rb ns=tenant-5 name=tenant-binding group=tenant-5 role=dev
[377/1000] action=create-clusterrole name=dev resources=services,secrets verbs=list,get,watch
[378/1000] action=cross-tenant-access context=tenant-4-user@kubernetes operation=delete resource=configmap namespace=tenant-3
[379/1000] action=create-rb ns=tenant-2 name=tenant-binding group=tenant-2 role=cluster-admin
[380/1000] action=create-rb ns=tenant-4 name=tenant-binding group=tenant-4 role=view
[381/1000] action=delete-rb ns=tenant-4 name=tenant-binding
[382/1000] action=create-crb name=foo-global-binding group=tenant-4 role=admin
[383/1000] action=delete-rb ns=tenant-3 name=tenant-binding
[384/1000] action=cross-tenant-access context=tenant-4-user@kubernetes operation=patch resource=configmap namespace=tenant-1
[385/1000] action=create-crb name=foo-global-binding group=tenant-1 role=edit
[386/1000] action=delete-rb ns=tenant-4 name=tenant-binding
[387/1000] action=delete-clusterrole name=dev
[388/1000] action=cross-tenant-access context=tenant-4-user@kubernetes operation=list resource=configmap namespace=tenant-3
[389/1000] action=delete-rb ns=tenant-2 name=tenant-binding
[390/1000] action=cross-tenant-access context=tenant-4-user@kubernetes operation=delete resource=configmap namespace=tenant-1
[391/1000] action=cross-tenant-access context=tenant-4-user@kubernetes operation=get resource=configmap namespace=tenant-5
[392/1000] action=create-clusterrole name=dev resources=pods,configmaps verbs=get,list,deletecollection,create,patch
[393/1000] action=delete-rb ns=tenant-3 name=tenant-binding
[394/1000] action=delete-rb ns=tenant-1 name=tenant-binding
[395/1000] action=cross-tenant-access context=tenant-3-user@kubernetes operation=get resource=configmap namespace=tenant-5
[396/1000] action=cross-tenant-access context=tenant-3-user@kubernetes operation=delete resource=configmap namespace=tenant-1
[397/1000] action=delete-rb ns=tenant-4 name=tenant-binding
[398/1000] action=create-rb ns=tenant-3 name=tenant-binding group=tenant-3 role=admin
[399/1000] action=create-clusterrole name=dev resources=secrets verbs=list,delete,create,patch
[400/1000] action=cross-tenant-access context=tenant-4-user@kubernetes operation=watch resource=configmap namespace=tenant-1
[401/1000] action=cross-tenant-access context=tenant-1-user@kubernetes operation=get resource=configmap namespace=tenant-5
[402/1000] action=cross-tenant-access context=tenant-2-user@kubernetes operation=get resource=configmap namespace=tenant-4
[403/1000] action=create-crb name=foo-global-binding group=tenant-1 role=admin
[404/1000] action=cross-tenant-access context=tenant-5-user@kubernetes operation=patch resource=configmap namespace=tenant-1
[405/1000] action=create-rb ns=tenant-2 name=tenant-binding group=tenant-2 role=cluster-admin
[406/1000] action=delete-clusterrole name=dev
[407/1000] action=create-rb ns=tenant-1 name=tenant-binding group=tenant-1 role=view
[408/1000] action=cross-tenant-access context=tenant-2-user@kubernetes operation=list resource=configmap namespace=tenant-5
[409/1000] action=create-rb ns=tenant-2 name=tenant-binding group=tenant-2 role=view
[410/1000] action=cross-tenant-access context=tenant-1-user@kubernetes operation=watch resource=configmap namespace=tenant-3
[411/1000] action=cross-tenant-access context=tenant-3-user@kubernetes operation=list resource=configmap namespace=tenant-5
[412/1000] action=cross-tenant-access context=tenant-2-user@kubernetes operation=list resource=configmap namespace=tenant-3
[413/1000] action=cross-tenant-access context=tenant-5-user@kubernetes operation=delete resource=configmap namespace=tenant-1
[414/1000] action=delete-clusterrole name=dev
[415/1000] action=cross-tenant-access context=tenant-2-user@kubernetes operation=patch resource=configmap namespace=tenant-4
[416/1000] action=delete-rb ns=tenant-3 name=tenant-binding
[417/1000] action=delete-rb ns=tenant-5 name=tenant-binding
[418/1000] action=create-rb ns=tenant-5 name=tenant-binding group=tenant-5 role=cluster-admin
[419/1000] action=create-clusterrole name=dev resources=configmaps verbs=get,update,watch,deletecollection,list
[420/1000] action=delete-clusterrole name=dev
[421/1000] action=create-clusterrole name=dev resources=services,pods,secrets verbs=patch,list,delete
[422/1000] action=cross-tenant-access context=tenant-5-user@kubernetes operation=list resource=configmap namespace=tenant-1
[423/1000] action=delete-rb ns=tenant-1 name=tenant-binding
[424/1000] action=cross-tenant-access context=tenant-4-user@kubernetes operation=patch resource=configmap namespace=tenant-1
[425/1000] action=cross-tenant-access context=tenant-3-user@kubernetes operation=list resource=configmap namespace=tenant-1
[426/1000] action=delete-clusterrole name=dev
[427/1000] action=create-rb ns=tenant-3 name=tenant-binding group=tenant-3 role=dev
[428/1000] action=cross-tenant-access context=tenant-2-user@kubernetes operation=list resource=configmap namespace=tenant-4
[429/1000] action=delete-clusterrole name=dev
[430/1000] action=create-rb ns=tenant-3 name=tenant-binding group=tenant-3 role=edit
[431/1000] action=cross-tenant-access context=tenant-3-user@kubernetes operation=get resource=configmap namespace=tenant-5
[432/1000] action=create-clusterrole name=dev resources=secrets,services,configmaps verbs=create
[433/1000] action=cross-tenant-access context=tenant-5-user@kubernetes operation=get resource=configmap namespace=tenant-2
[434/1000] action=delete-crb name=foo-global-binding
[435/1000] action=create-rb ns=tenant-5 name=tenant-binding group=tenant-5 role=cluster-admin
[436/1000] action=delete-clusterrole name=dev
[437/1000] action=delete-rb ns=tenant-2 name=tenant-binding
[438/1000] action=create-clusterrole name=dev resources=configmaps,secrets,pods verbs=update,delete
[439/1000] action=create-rb ns=tenant-2 name=tenant-binding group=tenant-2 role=view
[440/1000] action=delete-crb name=foo-global-binding
[441/1000] action=create-rb ns=tenant-1 name=tenant-binding group=tenant-1 role=dev
[442/1000] action=create-rb ns=tenant-2 name=tenant-binding group=tenant-2 role=view
[443/1000] action=cross-tenant-access context=tenant-2-user@kubernetes operation=patch resource=configmap namespace=tenant-5
[444/1000] action=cross-tenant-access context=tenant-1-user@kubernetes operation=list resource=configmap namespace=tenant-4
[445/1000] action=create-rb ns=tenant-2 name=tenant-binding group=tenant-2 role=admin
[446/1000] action=cross-tenant-access context=tenant-5-user@kubernetes operation=watch resource=configmap namespace=tenant-2
[447/1000] action=create-crb name=foo-global-binding group=tenant-2 role=admin
[448/1000] action=delete-clusterrole name=dev
[449/1000] action=cross-tenant-access context=tenant-5-user@kubernetes operation=delete resource=configmap namespace=tenant-3
[450/1000] action=create-rb ns=tenant-5 name=tenant-binding group=tenant-5 role=view
[451/1000] action=cross-tenant-access context=tenant-4-user@kubernetes operation=watch resource=configmap namespace=tenant-3
[452/1000] action=delete-clusterrole name=dev
[453/1000] action=delete-crb name=foo-global-binding
[454/1000] action=cross-tenant-access context=tenant-5-user@kubernetes operation=get resource=configmap namespace=tenant-2
[455/1000] action=delete-rb ns=tenant-3 name=tenant-binding
[456/1000] action=delete-clusterrole name=dev
[457/1000] action=create-crb name=foo-global-binding group=tenant-2 role=cluster-admin
[458/1000] action=cross-tenant-access context=tenant-5-user@kubernetes operation=delete resource=configmap namespace=tenant-1
[459/1000] action=delete-rb ns=tenant-4 name=tenant-binding
[460/1000] action=create-clusterrole name=dev resources=configmaps,pods,services verbs=get,patch
[461/1000] action=delete-rb ns=tenant-2 name=tenant-binding
[462/1000] action=cross-tenant-access context=tenant-5-user@kubernetes operation=list resource=configmap namespace=tenant-1
[463/1000] action=cross-tenant-access context=tenant-1-user@kubernetes operation=watch resource=configmap namespace=tenant-3
[464/1000] action=cross-tenant-access context=tenant-5-user@kubernetes operation=watch resource=configmap namespace=tenant-3
[465/1000] action=cross-tenant-access context=tenant-1-user@kubernetes operation=get resource=configmap namespace=tenant-4
[466/1000] action=delete-rb ns=tenant-5 name=tenant-binding
[467/1000] action=cross-tenant-access context=tenant-3-user@kubernetes operation=watch resource=configmap namespace=tenant-1
[468/1000] action=cross-tenant-access context=tenant-3-user@kubernetes operation=patch resource=configmap namespace=tenant-4
[469/1000] action=delete-clusterrole name=dev
[470/1000] action=delete-crb name=foo-global-binding
[471/1000] action=create-crb name=foo-global-binding group=tenant-2 role=cluster-admin
[472/1000] action=delete-clusterrole name=dev
[473/1000] action=delete-rb ns=tenant-5 name=tenant-binding
[474/1000] action=create-crb name=foo-global-binding group=tenant-4 role=edit
[475/1000] action=delete-crb name=foo-global-binding
[476/1000] action=delete-rb ns=tenant-5 name=tenant-binding
[477/1000] action=create-clusterrole name=dev resources=services,pods verbs=list,deletecollection
[478/1000] action=delete-rb ns=tenant-5 name=tenant-binding
[479/1000] action=cross-tenant-access context=tenant-1-user@kubernetes operation=delete resource=configmap namespace=tenant-5
[480/1000] action=delete-crb name=foo-global-binding
[481/1000] action=cross-tenant-access context=tenant-1-user@kubernetes operation=watch resource=configmap namespace=tenant-5
[482/1000] action=delete-rb ns=tenant-1 name=tenant-binding
[483/1000] action=create-rb ns=tenant-1 name=tenant-binding group=tenant-1 role=dev
[484/1000] action=create-rb ns=tenant-3 name=tenant-binding group=tenant-3 role=cluster-admin
[485/1000] action=delete-rb ns=tenant-1 name=tenant-binding
[486/1000] action=create-crb name=foo-global-binding group=tenant-3 role=cluster-admin
[487/1000] action=create-clusterrole name=dev resources=services,configmaps verbs=update,watch
[488/1000] action=delete-rb ns=tenant-5 name=tenant-binding
[489/1000] action=delete-clusterrole name=dev
[490/1000] action=cross-tenant-access context=tenant-1-user@kubernetes operation=patch resource=configmap namespace=tenant-3
[491/1000] action=delete-rb ns=tenant-2 name=tenant-binding
[492/1000] action=create-crb name=foo-global-binding group=tenant-3 role=cluster-admin
[493/1000] action=cross-tenant-access context=tenant-2-user@kubernetes operation=list resource=configmap namespace=tenant-4
[494/1000] action=create-rb ns=tenant-4 name=tenant-binding group=tenant-4 role=admin
[495/1000] action=cross-tenant-access context=tenant-4-user@kubernetes operation=list resource=configmap namespace=tenant-5
[496/1000] action=create-clusterrole name=dev resources=pods,configmaps verbs=get,list
[497/1000] action=create-clusterrole name=dev resources=configmaps,pods,secrets verbs=list,delete,patch
[498/1000] action=create-clusterrole name=dev resources=pods verbs=patch,get,update,delete,create
[499/1000] action=cross-tenant-access context=tenant-3-user@kubernetes operation=get resource=configmap namespace=tenant-1
[500/1000] action=create-crb name=foo-global-binding group=tenant-2 role=edit
[501/1000] action=delete-rb ns=tenant-4 name=tenant-binding
[502/1000] action=create-clusterrole name=dev resources=secrets,configmaps verbs=get,create
[503/1000] action=cross-tenant-access context=tenant-5-user@kubernetes operation=patch resource=configmap namespace=tenant-2
[504/1000] action=cross-tenant-access context=tenant-5-user@kubernetes operation=list resource=configmap namespace=tenant-3
[505/1000] action=create-crb name=foo-global-binding group=tenant-1 role=cluster-admin
[506/1000] action=delete-rb ns=tenant-5 name=tenant-binding
[507/1000] action=create-crb name=foo-global-binding group=tenant-4 role=dev
[508/1000] action=delete-rb ns=tenant-3 name=tenant-binding
[509/1000] action=cross-tenant-access context=tenant-5-user@kubernetes operation=watch resource=configmap namespace=tenant-4
[510/1000] action=cross-tenant-access context=tenant-3-user@kubernetes operation=watch resource=configmap namespace=tenant-5
[511/1000] action=delete-rb ns=tenant-1 name=tenant-binding
[512/1000] action=cross-tenant-access context=tenant-5-user@kubernetes operation=get resource=configmap namespace=tenant-3
[513/1000] action=create-rb ns=tenant-4 name=tenant-binding group=tenant-4 role=cluster-admin
[514/1000] action=cross-tenant-access context=tenant-2-user@kubernetes operation=list resource=configmap namespace=tenant-3
[515/1000] action=create-rb ns=tenant-5 name=tenant-binding group=tenant-5 role=edit
[516/1000] action=cross-tenant-access context=tenant-1-user@kubernetes operation=patch resource=configmap namespace=tenant-2
[517/1000] action=cross-tenant-access context=tenant-5-user@kubernetes operation=get resource=configmap namespace=tenant-4
[518/1000] action=cross-tenant-access context=tenant-3-user@kubernetes operation=get resource=configmap namespace=tenant-4
[519/1000] action=cross-tenant-access context=tenant-4-user@kubernetes operation=get resource=configmap namespace=tenant-3
[520/1000] action=create-crb name=foo-global-binding group=tenant-3 role=cluster-admin
[521/1000] action=delete-rb ns=tenant-3 name=tenant-binding
[522/1000] action=cross-tenant-access context=tenant-1-user@kubernetes operation=patch resource=configmap namespace=tenant-4
[523/1000] action=cross-tenant-access context=tenant-1-user@kubernetes operation=patch resource=configmap namespace=tenant-4
[524/1000] action=create-clusterrole name=dev resources=services,secrets verbs=list
[525/1000] action=create-clusterrole name=dev resources=services verbs=get
[526/1000] action=create-rb ns=tenant-1 name=tenant-binding group=tenant-1 role=cluster-admin
[527/1000] action=cross-tenant-access context=tenant-4-user@kubernetes operation=delete resource=configmap namespace=tenant-1
[528/1000] action=delete-rb ns=tenant-3 name=tenant-binding
[529/1000] action=create-clusterrole name=dev resources=configmaps,pods verbs=delete,create,deletecollection
[530/1000] action=delete-crb name=foo-global-binding
[531/1000] action=create-clusterrole name=dev resources=services,secrets,pods verbs=patch,create,watch
[532/1000] action=delete-clusterrole name=dev
[533/1000] action=cross-tenant-access context=tenant-1-user@kubernetes operation=get resource=configmap namespace=tenant-2
[534/1000] action=delete-rb ns=tenant-3 name=tenant-binding
[535/1000] action=cross-tenant-access context=tenant-2-user@kubernetes operation=watch resource=configmap namespace=tenant-3
[536/1000] action=delete-crb name=foo-global-binding
[537/1000] action=create-rb ns=tenant-4 name=tenant-binding group=tenant-4 role=admin
[538/1000] action=create-rb ns=tenant-1 name=tenant-binding group=tenant-1 role=cluster-admin
[539/1000] action=delete-crb name=foo-global-binding
[540/1000] action=cross-tenant-access context=tenant-5-user@kubernetes operation=list resource=configmap namespace=tenant-2
[541/1000] action=cross-tenant-access context=tenant-1-user@kubernetes operation=delete resource=configmap namespace=tenant-5
[542/1000] action=cross-tenant-access context=tenant-5-user@kubernetes operation=patch resource=configmap namespace=tenant-4
[543/1000] action=create-clusterrole name=dev resources=services,pods verbs=update,delete
[544/1000] action=create-crb name=foo-global-binding group=tenant-1 role=edit
[545/1000] action=delete-rb ns=tenant-1 name=tenant-binding
[546/1000] action=cross-tenant-access context=tenant-3-user@kubernetes operation=watch resource=configmap namespace=tenant-4
[547/1000] action=create-rb ns=tenant-4 name=tenant-binding group=tenant-4 role=admin
[548/1000] action=delete-rb ns=tenant-4 name=tenant-binding
[549/1000] action=create-crb name=foo-global-binding group=tenant-3 role=view
[550/1000] action=create-rb ns=tenant-5 name=tenant-binding group=tenant-5 role=dev
[551/1000] action=cross-tenant-access context=tenant-3-user@kubernetes operation=list resource=configmap namespace=tenant-1
[552/1000] action=delete-rb ns=tenant-3 name=tenant-binding
[553/1000] action=delete-clusterrole name=dev
[554/1000] action=cross-tenant-access context=tenant-5-user@kubernetes operation=patch resource=configmap namespace=tenant-4
[555/1000] action=cross-tenant-access context=tenant-4-user@kubernetes operation=delete resource=configmap namespace=tenant-2
[556/1000] action=cross-tenant-access context=tenant-4-user@kubernetes operation=watch resource=configmap namespace=tenant-1
[557/1000] action=delete-crb name=foo-global-binding
[558/1000] action=delete-clusterrole name=dev
[559/1000] action=create-crb name=foo-global-binding group=tenant-4 role=view
[560/1000] action=create-rb ns=tenant-4 name=tenant-binding group=tenant-4 role=edit
[561/1000] action=delete-rb ns=tenant-3 name=tenant-binding
[562/1000] action=delete-crb name=foo-global-binding
[563/1000] action=delete-crb name=foo-global-binding
[564/1000] action=delete-crb name=foo-global-binding
[565/1000] action=cross-tenant-access context=tenant-5-user@kubernetes operation=patch resource=configmap namespace=tenant-1
[566/1000] action=cross-tenant-access context=tenant-3-user@kubernetes operation=patch resource=configmap namespace=tenant-5
[567/1000] action=delete-crb name=foo-global-binding
[568/1000] action=create-rb ns=tenant-2 name=tenant-binding group=tenant-2 role=view
[569/1000] action=cross-tenant-access context=tenant-5-user@kubernetes operation=delete resource=configmap namespace=tenant-1
[570/1000] action=delete-crb name=foo-global-binding
[571/1000] action=delete-crb name=foo-global-binding
[572/1000] action=cross-tenant-access context=tenant-3-user@kubernetes operation=list resource=configmap namespace=tenant-2
[573/1000] action=create-rb ns=tenant-3 name=tenant-binding group=tenant-3 role=edit
[574/1000] action=cross-tenant-access context=tenant-2-user@kubernetes operation=watch resource=configmap namespace=tenant-5
[575/1000] action=create-crb name=foo-global-binding group=tenant-5 role=dev
[576/1000] action=cross-tenant-access context=tenant-5-user@kubernetes operation=delete resource=configmap namespace=tenant-4
[577/1000] action=delete-crb name=foo-global-binding
[578/1000] action=create-rb ns=tenant-2 name=tenant-binding group=tenant-2 role=admin
[579/1000] action=create-rb ns=tenant-3 name=tenant-binding group=tenant-3 role=view
[580/1000] action=cross-tenant-access context=tenant-3-user@kubernetes operation=get resource=configmap namespace=tenant-2
[581/1000] action=delete-rb ns=tenant-1 name=tenant-binding
[582/1000] action=create-rb ns=tenant-2 name=tenant-binding group=tenant-2 role=view
[583/1000] action=cross-tenant-access context=tenant-1-user@kubernetes operation=watch resource=configmap namespace=tenant-5
[584/1000] action=create-crb name=foo-global-binding group=tenant-4 role=cluster-admin
[585/1000] action=create-clusterrole name=dev resources=configmaps verbs=update,watch
[586/1000] action=create-clusterrole name=dev resources=services,secrets verbs=update,delete
[587/1000] action=delete-rb ns=tenant-1 name=tenant-binding
[588/1000] action=delete-crb name=foo-global-binding
[589/1000] action=cross-tenant-access context=tenant-5-user@kubernetes operation=patch resource=configmap namespace=tenant-2
[590/1000] action=cross-tenant-access context=tenant-4-user@kubernetes operation=delete resource=configmap namespace=tenant-5
[591/1000] action=cross-tenant-access context=tenant-4-user@kubernetes operation=list resource=configmap namespace=tenant-2
[592/1000] action=create-rb ns=tenant-5 name=tenant-binding group=tenant-5 role=dev
[593/1000] action=delete-rb ns=tenant-2 name=tenant-binding
[594/1000] action=delete-rb ns=tenant-3 name=tenant-binding
[595/1000] action=cross-tenant-access context=tenant-3-user@kubernetes operation=delete resource=configmap namespace=tenant-5
[596/1000] action=create-rb ns=tenant-2 name=tenant-binding group=tenant-2 role=dev
[597/1000] action=create-rb ns=tenant-3 name=tenant-binding group=tenant-3 role=admin
[598/1000] action=create-crb name=foo-global-binding group=tenant-4 role=edit
[599/1000] action=create-rb ns=tenant-2 name=tenant-binding group=tenant-2 role=edit
[600/1000] action=create-clusterrole name=dev resources=pods,configmaps,secrets verbs=watch,update,create
[601/1000] action=delete-crb name=foo-global-binding
[602/1000] action=delete-clusterrole name=dev
[603/1000] action=delete-rb ns=tenant-2 name=tenant-binding
[604/1000] action=cross-tenant-access context=tenant-1-user@kubernetes operation=watch resource=configmap namespace=tenant-2
[605/1000] action=delete-crb name=foo-global-binding
[606/1000] action=create-rb ns=tenant-5 name=tenant-binding group=tenant-5 role=edit
[607/1000] action=cross-tenant-access context=tenant-2-user@kubernetes operation=delete resource=configmap namespace=tenant-4
[608/1000] action=delete-crb name=foo-global-binding
[609/1000] action=cross-tenant-access context=tenant-1-user@kubernetes operation=watch resource=configmap namespace=tenant-2
[610/1000] action=delete-rb ns=tenant-4 name=tenant-binding
[611/1000] action=delete-rb ns=tenant-2 name=tenant-binding
[612/1000] action=cross-tenant-access context=tenant-4-user@kubernetes operation=delete resource=configmap namespace=tenant-1
[613/1000] action=create-rb ns=tenant-5 name=tenant-binding group=tenant-5 role=admin
[614/1000] action=create-rb ns=tenant-4 name=tenant-binding group=tenant-4 role=cluster-admin
[615/1000] action=delete-crb name=foo-global-binding
[616/1000] action=delete-crb name=foo-global-binding
[617/1000] action=delete-clusterrole name=dev
[618/1000] action=create-clusterrole name=dev resources=services,secrets verbs=list,get,update,deletecollection
[619/1000] action=delete-rb ns=tenant-3 name=tenant-binding
[620/1000] action=create-rb ns=tenant-4 name=tenant-binding group=tenant-4 role=edit
[621/1000] action=create-crb name=foo-global-binding group=tenant-1 role=cluster-admin
[622/1000] action=create-rb ns=tenant-1 name=tenant-binding group=tenant-1 role=dev
[623/1000] action=cross-tenant-access context=tenant-4-user@kubernetes operation=patch resource=configmap namespace=tenant-2
[624/1000] action=delete-crb name=foo-global-binding
[625/1000] action=create-rb ns=tenant-2 name=tenant-binding group=tenant-2 role=view
[626/1000] action=cross-tenant-access context=tenant-2-user@kubernetes operation=watch resource=configmap namespace=tenant-3
[627/1000] action=create-crb name=foo-global-binding group=tenant-3 role=admin
[628/1000] action=delete-crb name=foo-global-binding
[629/1000] action=create-crb name=foo-global-binding group=tenant-4 role=view
[630/1000] action=delete-clusterrole name=dev
[631/1000] action=create-clusterrole name=dev resources=configmaps verbs=create,watch,delete
[632/1000] action=cross-tenant-access context=tenant-2-user@kubernetes operation=delete resource=configmap namespace=tenant-1
[633/1000] action=create-rb ns=tenant-4 name=tenant-binding group=tenant-4 role=edit
[634/1000] action=delete-rb ns=tenant-1 name=tenant-binding
[635/1000] action=create-rb ns=tenant-5 name=tenant-binding group=tenant-5 role=view
[636/1000] action=create-rb ns=tenant-2 name=tenant-binding group=tenant-2 role=dev
[637/1000] action=cross-tenant-access context=tenant-4-user@kubernetes operation=watch resource=configmap namespace=tenant-3
[638/1000] action=create-crb name=foo-global-binding group=tenant-5 role=edit
[639/1000] action=delete-crb name=foo-global-binding
[640/1000] action=delete-crb name=foo-global-binding
[641/1000] action=delete-rb ns=tenant-4 name=tenant-binding
[642/1000] action=cross-tenant-access context=tenant-2-user@kubernetes operation=delete resource=configmap namespace=tenant-4
[643/1000] action=create-clusterrole name=dev resources=services verbs=delete
[644/1000] action=delete-rb ns=tenant-2 name=tenant-binding
[645/1000] action=delete-rb ns=tenant-2 name=tenant-binding
[646/1000] action=delete-rb ns=tenant-1 name=tenant-binding
[647/1000] action=delete-rb ns=tenant-1 name=tenant-binding
[648/1000] action=create-rb ns=tenant-2 name=tenant-binding group=tenant-2 role=admin
[649/1000] action=create-rb ns=tenant-1 name=tenant-binding group=tenant-1 role=edit
[650/1000] action=delete-rb ns=tenant-5 name=tenant-binding
[651/1000] action=delete-rb ns=tenant-3 name=tenant-binding
[652/1000] action=cross-tenant-access context=tenant-5-user@kubernetes operation=get resource=configmap namespace=tenant-4
[653/1000] action=cross-tenant-access context=tenant-4-user@kubernetes operation=delete resource=configmap namespace=tenant-1
[654/1000] action=create-rb ns=tenant-4 name=tenant-binding group=tenant-4 role=admin
[655/1000] action=create-rb ns=tenant-4 name=tenant-binding group=tenant-4 role=dev
[656/1000] action=cross-tenant-access context=tenant-4-user@kubernetes operation=get resource=configmap namespace=tenant-3
[657/1000] action=delete-rb ns=tenant-3 name=tenant-binding
[658/1000] action=delete-rb ns=tenant-3 name=tenant-binding
[659/1000] action=delete-crb name=foo-global-binding
[660/1000] action=delete-crb name=foo-global-binding
[661/1000] action=cross-tenant-access context=tenant-3-user@kubernetes operation=get resource=configmap namespace=tenant-1
[662/1000] action=delete-crb name=foo-global-binding
[663/1000] action=cross-tenant-access context=tenant-3-user@kubernetes operation=get resource=configmap namespace=tenant-5
[664/1000] action=create-rb ns=tenant-3 name=tenant-binding group=tenant-3 role=dev
[665/1000] action=delete-crb name=foo-global-binding
[666/1000] action=create-rb ns=tenant-1 name=tenant-binding group=tenant-1 role=admin
[667/1000] action=create-rb ns=tenant-5 name=tenant-binding group=tenant-5 role=view
[668/1000] action=cross-tenant-access context=tenant-5-user@kubernetes operation=patch resource=configmap namespace=tenant-3
[669/1000] action=delete-rb ns=tenant-2 name=tenant-binding
[670/1000] action=create-rb ns=tenant-1 name=tenant-binding group=tenant-1 role=admin
[671/1000] action=create-crb name=foo-global-binding group=tenant-5 role=edit
[672/1000] action=cross-tenant-access context=tenant-4-user@kubernetes operation=watch resource=configmap namespace=tenant-1
[673/1000] action=cross-tenant-access context=tenant-5-user@kubernetes operation=list resource=configmap namespace=tenant-1
[674/1000] action=delete-rb ns=tenant-2 name=tenant-binding
[675/1000] action=delete-rb ns=tenant-3 name=tenant-binding
[676/1000] action=cross-tenant-access context=tenant-5-user@kubernetes operation=watch resource=configmap namespace=tenant-3
[677/1000] action=delete-clusterrole name=dev
[678/1000] action=cross-tenant-access context=tenant-5-user@kubernetes operation=delete resource=configmap namespace=tenant-3
[679/1000] action=create-clusterrole name=dev resources=configmaps verbs=patch,get,create,update
[680/1000] action=delete-rb ns=tenant-3 name=tenant-binding
[681/1000] action=cross-tenant-access context=tenant-1-user@kubernetes operation=list resource=configmap namespace=tenant-2
[682/1000] action=cross-tenant-access context=tenant-2-user@kubernetes operation=list resource=configmap namespace=tenant-4
[683/1000] action=create-rb ns=tenant-5 name=tenant-binding group=tenant-5 role=view
[684/1000] action=create-crb name=foo-global-binding group=tenant-4 role=dev
[685/1000] action=create-clusterrole name=dev resources=secrets,configmaps,pods verbs=get,deletecollection,watch,delete
[686/1000] action=create-crb name=foo-global-binding group=tenant-4 role=cluster-admin
[687/1000] action=create-clusterrole name=dev resources=configmaps,pods verbs=create,list,watch,patch,update
[688/1000] action=create-clusterrole name=dev resources=secrets verbs=delete,list,watch
[689/1000] action=delete-crb name=foo-global-binding
[690/1000] action=create-crb name=foo-global-binding group=tenant-4 role=admin
[691/1000] action=cross-tenant-access context=tenant-5-user@kubernetes operation=list resource=configmap namespace=tenant-4
[692/1000] action=create-rb ns=tenant-4 name=tenant-binding group=tenant-4 role=view
[693/1000] action=create-crb name=foo-global-binding group=tenant-3 role=cluster-admin
[694/1000] action=delete-crb name=foo-global-binding
[695/1000] action=create-clusterrole name=dev resources=secrets,configmaps verbs=patch,list
[696/1000] action=cross-tenant-access context=tenant-2-user@kubernetes operation=list resource=configmap namespace=tenant-3
[697/1000] action=create-rb ns=tenant-4 name=tenant-binding group=tenant-4 role=edit
[698/1000] action=create-rb ns=tenant-4 name=tenant-binding group=tenant-4 role=dev
[699/1000] action=cross-tenant-access context=tenant-5-user@kubernetes operation=list resource=configmap namespace=tenant-1
[700/1000] action=cross-tenant-access context=tenant-4-user@kubernetes operation=watch resource=configmap namespace=tenant-2
[701/1000] action=delete-crb name=foo-global-binding
[702/1000] action=cross-tenant-access context=tenant-4-user@kubernetes operation=get resource=configmap namespace=tenant-1
[703/1000] action=create-crb name=foo-global-binding group=tenant-5 role=edit
[704/1000] action=delete-rb ns=tenant-4 name=tenant-binding
[705/1000] action=delete-rb ns=tenant-4 name=tenant-binding
[706/1000] action=delete-crb name=foo-global-binding
[707/1000] action=create-rb ns=tenant-2 name=tenant-binding group=tenant-2 role=dev
[708/1000] action=delete-rb ns=tenant-2 name=tenant-binding
[709/1000] action=create-crb name=foo-global-binding group=tenant-2 role=cluster-admin
[710/1000] action=create-clusterrole name=dev resources=configmaps,services,secrets verbs=delete,patch
[711/1000] action=delete-clusterrole name=dev
[712/1000] action=create-clusterrole name=dev resources=pods,secrets verbs=watch,get,create,update,delete
[713/1000] action=delete-clusterrole name=dev
[714/1000] action=create-crb name=foo-global-binding group=tenant-4 role=dev
[715/1000] action=create-rb ns=tenant-2 name=tenant-binding group=tenant-2 role=admin
[716/1000] action=cross-tenant-access context=tenant-3-user@kubernetes operation=get resource=configmap namespace=tenant-4
[717/1000] action=cross-tenant-access context=tenant-3-user@kubernetes operation=get resource=configmap namespace=tenant-1
[718/1000] action=create-rb ns=tenant-5 name=tenant-binding group=tenant-5 role=edit
[719/1000] action=delete-crb name=foo-global-binding
[720/1000] action=create-rb ns=tenant-2 name=tenant-binding group=tenant-2 role=dev
[721/1000] action=delete-rb ns=tenant-4 name=tenant-binding
[722/1000] action=delete-rb ns=tenant-4 name=tenant-binding
[723/1000] action=create-rb ns=tenant-1 name=tenant-binding group=tenant-1 role=cluster-admin
[724/1000] action=cross-tenant-access context=tenant-3-user@kubernetes operation=list resource=configmap namespace=tenant-1
[725/1000] action=create-clusterrole name=dev resources=pods,services verbs=deletecollection,delete
[726/1000] action=delete-rb ns=tenant-2 name=tenant-binding
[727/1000] action=create-rb ns=tenant-4 name=tenant-binding group=tenant-4 role=cluster-admin
[728/1000] action=cross-tenant-access context=tenant-4-user@kubernetes operation=watch resource=configmap namespace=tenant-3
[729/1000] action=cross-tenant-access context=tenant-5-user@kubernetes operation=patch resource=configmap namespace=tenant-3
[730/1000] action=delete-rb ns=tenant-1 name=tenant-binding
[731/1000] action=cross-tenant-access context=tenant-4-user@kubernetes operation=get resource=configmap namespace=tenant-2
[732/1000] action=cross-tenant-access context=tenant-1-user@kubernetes operation=list resource=configmap namespace=tenant-5
[733/1000] action=delete-rb ns=tenant-5 name=tenant-binding
[734/1000] action=delete-clusterrole name=dev
[735/1000] action=cross-tenant-access context=tenant-3-user@kubernetes operation=list resource=configmap namespace=tenant-1
[736/1000] action=create-crb name=foo-global-binding group=tenant-5 role=edit
[737/1000] action=cross-tenant-access context=tenant-1-user@kubernetes operation=delete resource=configmap namespace=tenant-3
[738/1000] action=create-rb ns=tenant-4 name=tenant-binding group=tenant-4 role=view
[739/1000] action=cross-tenant-access context=tenant-3-user@kubernetes operation=delete resource=configmap namespace=tenant-1
[740/1000] action=cross-tenant-access context=tenant-4-user@kubernetes operation=get resource=configmap namespace=tenant-2
[741/1000] action=cross-tenant-access context=tenant-2-user@kubernetes operation=delete resource=configmap namespace=tenant-1
[742/1000] action=cross-tenant-access context=tenant-3-user@kubernetes operation=delete resource=configmap namespace=tenant-5
[743/1000] action=create-crb name=foo-global-binding group=tenant-1 role=admin
[744/1000] action=cross-tenant-access context=tenant-1-user@kubernetes operation=patch resource=configmap namespace=tenant-4
[745/1000] action=delete-clusterrole name=dev
[746/1000] action=cross-tenant-access context=tenant-4-user@kubernetes operation=delete resource=configmap namespace=tenant-5
[747/1000] action=delete-clusterrole name=dev
[748/1000] action=create-clusterrole name=dev resources=services verbs=get
[749/1000] action=cross-tenant-access context=tenant-5-user@kubernetes operation=get resource=configmap namespace=tenant-3
[750/1000] action=cross-tenant-access context=tenant-2-user@kubernetes operation=delete resource=configmap namespace=tenant-1
[751/1000] action=delete-clusterrole name=dev
[752/1000] action=cross-tenant-access context=tenant-4-user@kubernetes operation=delete resource=configmap namespace=tenant-2
[753/1000] action=create-rb ns=tenant-3 name=tenant-binding group=tenant-3 role=dev
[754/1000] action=cross-tenant-access context=tenant-2-user@kubernetes operation=patch resource=configmap namespace=tenant-1
[755/1000] action=create-rb ns=tenant-1 name=tenant-binding group=tenant-1 role=cluster-admin
[756/1000] action=delete-rb ns=tenant-2 name=tenant-binding
[757/1000] action=create-clusterrole name=dev resources=pods,secrets,services verbs=delete,update,list,get
[758/1000] action=cross-tenant-access context=tenant-4-user@kubernetes operation=get resource=configmap namespace=tenant-5
[759/1000] action=create-rb ns=tenant-2 name=tenant-binding group=tenant-2 role=dev
[760/1000] action=create-rb ns=tenant-5 name=tenant-binding group=tenant-5 role=view
[761/1000] action=delete-crb name=foo-global-binding
[762/1000] action=cross-tenant-access context=tenant-5-user@kubernetes operation=list resource=configmap namespace=tenant-4
[763/1000] action=delete-clusterrole name=dev
[764/1000] action=create-crb name=foo-global-binding group=tenant-2 role=edit
[765/1000] action=cross-tenant-access context=tenant-2-user@kubernetes operation=list resource=configmap namespace=tenant-3
[766/1000] action=create-clusterrole name=dev resources=secrets verbs=deletecollection,get,patch,watch,update
[767/1000] action=cross-tenant-access context=tenant-5-user@kubernetes operation=get resource=configmap namespace=tenant-4
[768/1000] action=delete-crb name=foo-global-binding
[769/1000] action=delete-crb name=foo-global-binding
[770/1000] action=delete-rb ns=tenant-5 name=tenant-binding
[771/1000] action=cross-tenant-access context=tenant-4-user@kubernetes operation=list resource=configmap namespace=tenant-3
[772/1000] action=cross-tenant-access context=tenant-2-user@kubernetes operation=delete resource=configmap namespace=tenant-5
[773/1000] action=cross-tenant-access context=tenant-4-user@kubernetes operation=patch resource=configmap namespace=tenant-1
[774/1000] action=delete-crb name=foo-global-binding
[775/1000] action=delete-rb ns=tenant-5 name=tenant-binding
[776/1000] action=delete-rb ns=tenant-3 name=tenant-binding
[777/1000] action=create-crb name=foo-global-binding group=tenant-2 role=admin
[778/1000] action=create-clusterrole name=dev resources=pods,secrets,services verbs=delete,patch,list
[779/1000] action=cross-tenant-access context=tenant-1-user@kubernetes operation=delete resource=configmap namespace=tenant-4
[780/1000] action=cross-tenant-access context=tenant-2-user@kubernetes operation=watch resource=configmap namespace=tenant-3
[781/1000] action=delete-crb name=foo-global-binding
[782/1000] action=create-clusterrole name=dev resources=configmaps,secrets,pods verbs=get,create,list,deletecollection,update
[783/1000] action=cross-tenant-access context=tenant-2-user@kubernetes operation=list resource=configmap namespace=tenant-4
[784/1000] action=cross-tenant-access context=tenant-4-user@kubernetes operation=watch resource=configmap namespace=tenant-1
[785/1000] action=cross-tenant-access context=tenant-4-user@kubernetes operation=get resource=configmap namespace=tenant-2
[786/1000] action=cross-tenant-access context=tenant-2-user@kubernetes operation=patch resource=configmap namespace=tenant-4
[787/1000] action=create-rb ns=tenant-5 name=tenant-binding group=tenant-5 role=dev
[788/1000] action=create-rb ns=tenant-2 name=tenant-binding group=tenant-2 role=dev
[789/1000] action=delete-clusterrole name=dev
[790/1000] action=create-crb name=foo-global-binding group=tenant-3 role=dev
[791/1000] action=create-rb ns=tenant-4 name=tenant-binding group=tenant-4 role=edit
[792/1000] action=create-clusterrole name=dev resources=secrets,configmaps verbs=create,deletecollection,list,delete
[793/1000] action=cross-tenant-access context=tenant-3-user@kubernetes operation=delete resource=configmap namespace=tenant-2
[794/1000] action=cross-tenant-access context=tenant-2-user@kubernetes operation=get resource=configmap namespace=tenant-3
[795/1000] action=delete-clusterrole name=dev
[796/1000] action=create-rb ns=tenant-2 name=tenant-binding group=tenant-2 role=admin
[797/1000] action=delete-rb ns=tenant-3 name=tenant-binding
[798/1000] action=create-rb ns=tenant-2 name=tenant-binding group=tenant-2 role=view
[799/1000] action=create-rb ns=tenant-1 name=tenant-binding group=tenant-1 role=dev
[800/1000] action=cross-tenant-access context=tenant-1-user@kubernetes operation=patch resource=configmap namespace=tenant-4
[801/1000] action=delete-crb name=foo-global-binding
[802/1000] action=cross-tenant-access context=tenant-2-user@kubernetes operation=delete resource=configmap namespace=tenant-5
[803/1000] action=create-rb ns=tenant-2 name=tenant-binding group=tenant-2 role=admin
[804/1000] action=delete-rb ns=tenant-1 name=tenant-binding
[805/1000] action=cross-tenant-access context=tenant-2-user@kubernetes operation=delete resource=configmap namespace=tenant-4
[806/1000] action=create-crb name=foo-global-binding group=tenant-5 role=view
[807/1000] action=delete-crb name=foo-global-binding
[808/1000] action=delete-clusterrole name=dev
[809/1000] action=create-clusterrole name=dev resources=secrets verbs=create
[810/1000] action=create-crb name=foo-global-binding group=tenant-5 role=cluster-admin
[811/1000] action=delete-rb ns=tenant-5 name=tenant-binding
[812/1000] action=cross-tenant-access context=tenant-5-user@kubernetes operation=get resource=configmap namespace=tenant-2
[813/1000] action=cross-tenant-access context=tenant-3-user@kubernetes operation=get resource=configmap namespace=tenant-1
[814/1000] action=cross-tenant-access context=tenant-3-user@kubernetes operation=list resource=configmap namespace=tenant-5
[815/1000] action=cross-tenant-access context=tenant-5-user@kubernetes operation=list resource=configmap namespace=tenant-3
[816/1000] action=delete-crb name=foo-global-binding
[817/1000] action=cross-tenant-access context=tenant-5-user@kubernetes operation=list resource=configmap namespace=tenant-2
[818/1000] action=cross-tenant-access context=tenant-2-user@kubernetes operation=watch resource=configmap namespace=tenant-4
[819/1000] action=cross-tenant-access context=tenant-2-user@kubernetes operation=patch resource=configmap namespace=tenant-1
[820/1000] action=cross-tenant-access context=tenant-2-user@kubernetes operation=delete resource=configmap namespace=tenant-3
[821/1000] action=delete-rb ns=tenant-2 name=tenant-binding
[822/1000] action=delete-rb ns=tenant-1 name=tenant-binding
[823/1000] action=delete-rb ns=tenant-1 name=tenant-binding
[824/1000] action=create-rb ns=tenant-1 name=tenant-binding group=tenant-1 role=dev
[825/1000] action=delete-rb ns=tenant-5 name=tenant-binding
[826/1000] action=cross-tenant-access context=tenant-4-user@kubernetes operation=watch resource=configmap namespace=tenant-3
[827/1000] action=cross-tenant-access context=tenant-4-user@kubernetes operation=list resource=configmap namespace=tenant-1
[828/1000] action=cross-tenant-access context=tenant-5-user@kubernetes operation=get resource=configmap namespace=tenant-3
[829/1000] action=delete-rb ns=tenant-5 name=tenant-binding
[830/1000] action=create-clusterrole name=dev resources=services,secrets,configmaps verbs=delete,deletecollection,update,get
[831/1000] action=delete-clusterrole name=dev
[832/1000] action=cross-tenant-access context=tenant-3-user@kubernetes operation=patch resource=configmap namespace=tenant-5
[833/1000] action=cross-tenant-access context=tenant-5-user@kubernetes operation=delete resource=configmap namespace=tenant-1
[834/1000] action=delete-rb ns=tenant-3 name=tenant-binding
[835/1000] action=delete-rb ns=tenant-1 name=tenant-binding
[836/1000] action=cross-tenant-access context=tenant-3-user@kubernetes operation=watch resource=configmap namespace=tenant-4
[837/1000] action=delete-rb ns=tenant-4 name=tenant-binding
[838/1000] action=delete-rb ns=tenant-4 name=tenant-binding
[839/1000] action=create-clusterrole name=dev resources=configmaps verbs=watch
[840/1000] action=create-rb ns=tenant-1 name=tenant-binding group=tenant-1 role=admin
[841/1000] action=create-rb ns=tenant-4 name=tenant-binding group=tenant-4 role=edit
[842/1000] action=create-clusterrole name=dev resources=secrets verbs=get,watch
[843/1000] action=delete-clusterrole name=dev
[844/1000] action=cross-tenant-access context=tenant-2-user@kubernetes operation=get resource=configmap namespace=tenant-5
[845/1000] action=delete-rb ns=tenant-5 name=tenant-binding
[846/1000] action=cross-tenant-access context=tenant-2-user@kubernetes operation=list resource=configmap namespace=tenant-4
[847/1000] action=cross-tenant-access context=tenant-5-user@kubernetes operation=list resource=configmap namespace=tenant-3
[848/1000] action=cross-tenant-access context=tenant-3-user@kubernetes operation=get resource=configmap namespace=tenant-4
[849/1000] action=cross-tenant-access context=tenant-3-user@kubernetes operation=delete resource=configmap namespace=tenant-2
[850/1000] action=delete-crb name=foo-global-binding
[851/1000] action=create-clusterrole name=dev resources=services verbs=deletecollection,get,update,create
[852/1000] action=cross-tenant-access context=tenant-4-user@kubernetes operation=list resource=configmap namespace=tenant-5
[853/1000] action=delete-clusterrole name=dev
[854/1000] action=cross-tenant-access context=tenant-2-user@kubernetes operation=patch resource=configmap namespace=tenant-5
[855/1000] action=delete-rb ns=tenant-2 name=tenant-binding
[856/1000] action=create-clusterrole name=dev resources=pods,secrets verbs=list,patch,get,delete
[857/1000] action=cross-tenant-access context=tenant-2-user@kubernetes operation=delete resource=configmap namespace=tenant-5
[858/1000] action=create-rb ns=tenant-3 name=tenant-binding group=tenant-3 role=admin
[859/1000] action=create-rb ns=tenant-1 name=tenant-binding group=tenant-1 role=dev
[860/1000] action=cross-tenant-access context=tenant-3-user@kubernetes operation=get resource=configmap namespace=tenant-1
[861/1000] action=create-clusterrole name=dev resources=configmaps verbs=create,update,list,deletecollection
[862/1000] action=cross-tenant-access context=tenant-1-user@kubernetes operation=get resource=configmap namespace=tenant-5
[863/1000] action=create-rb ns=tenant-5 name=tenant-binding group=tenant-5 role=cluster-admin
[864/1000] action=cross-tenant-access context=tenant-3-user@kubernetes operation=get resource=configmap namespace=tenant-2
[865/1000] action=delete-rb ns=tenant-1 name=tenant-binding
[866/1000] action=cross-tenant-access context=tenant-2-user@kubernetes operation=watch resource=configmap namespace=tenant-1
[867/1000] action=cross-tenant-access context=tenant-2-user@kubernetes operation=list resource=configmap namespace=tenant-1
[868/1000] action=create-crb name=foo-global-binding group=tenant-2 role=dev
[869/1000] action=delete-rb ns=tenant-4 name=tenant-binding
[870/1000] action=create-rb ns=tenant-3 name=tenant-binding group=tenant-3 role=edit
[871/1000] action=delete-rb ns=tenant-4 name=tenant-binding
[872/1000] action=delete-rb ns=tenant-2 name=tenant-binding
[873/1000] action=cross-tenant-access context=tenant-4-user@kubernetes operation=get resource=configmap namespace=tenant-5
[874/1000] action=cross-tenant-access context=tenant-1-user@kubernetes operation=get resource=configmap namespace=tenant-2
[875/1000] action=delete-rb ns=tenant-3 name=tenant-binding
[876/1000] action=delete-clusterrole name=dev
[877/1000] action=create-rb ns=tenant-2 name=tenant-binding group=tenant-2 role=view
[878/1000] action=create-rb ns=tenant-4 name=tenant-binding group=tenant-4 role=cluster-admin
[879/1000] action=delete-rb ns=tenant-3 name=tenant-binding
[880/1000] action=create-crb name=foo-global-binding group=tenant-1 role=dev
[881/1000] action=create-rb ns=tenant-3 name=tenant-binding group=tenant-3 role=edit
[882/1000] action=cross-tenant-access context=tenant-2-user@kubernetes operation=patch resource=configmap namespace=tenant-3
[883/1000] action=delete-rb ns=tenant-1 name=tenant-binding
[884/1000] action=delete-clusterrole name=dev
[885/1000] action=cross-tenant-access context=tenant-1-user@kubernetes operation=get resource=configmap namespace=tenant-2
[886/1000] action=cross-tenant-access context=tenant-1-user@kubernetes operation=delete resource=configmap namespace=tenant-2
[887/1000] action=cross-tenant-access context=tenant-1-user@kubernetes operation=list resource=configmap namespace=tenant-2
[888/1000] action=delete-crb name=foo-global-binding
[889/1000] action=delete-rb ns=tenant-5 name=tenant-binding
[890/1000] action=cross-tenant-access context=tenant-3-user@kubernetes operation=delete resource=configmap namespace=tenant-2
[891/1000] action=delete-clusterrole name=dev
[892/1000] action=cross-tenant-access context=tenant-5-user@kubernetes operation=get resource=configmap namespace=tenant-3
[893/1000] action=delete-rb ns=tenant-2 name=tenant-binding
[894/1000] action=delete-clusterrole name=dev
[895/1000] action=create-clusterrole name=dev resources=secrets,configmaps,pods verbs=watch,deletecollection
[896/1000] action=create-rb ns=tenant-4 name=tenant-binding group=tenant-4 role=cluster-admin
[897/1000] action=create-crb name=foo-global-binding group=tenant-1 role=admin
[898/1000] action=cross-tenant-access context=tenant-1-user@kubernetes operation=patch resource=configmap namespace=tenant-4
[899/1000] action=cross-tenant-access context=tenant-1-user@kubernetes operation=get resource=configmap namespace=tenant-4
[900/1000] action=cross-tenant-access context=tenant-4-user@kubernetes operation=watch resource=configmap namespace=tenant-5
[901/1000] action=delete-clusterrole name=dev
[902/1000] action=cross-tenant-access context=tenant-1-user@kubernetes operation=patch resource=configmap namespace=tenant-2
[903/1000] action=cross-tenant-access context=tenant-5-user@kubernetes operation=patch resource=configmap namespace=tenant-4
[904/1000] action=create-rb ns=tenant-5 name=tenant-binding group=tenant-5 role=dev
[905/1000] action=create-rb ns=tenant-2 name=tenant-binding group=tenant-2 role=cluster-admin
[906/1000] action=cross-tenant-access context=tenant-5-user@kubernetes operation=get resource=configmap namespace=tenant-2
[907/1000] action=create-rb ns=tenant-1 name=tenant-binding group=tenant-1 role=cluster-admin
[908/1000] action=create-crb name=foo-global-binding group=tenant-4 role=view
[909/1000] action=delete-rb ns=tenant-5 name=tenant-binding
[910/1000] action=create-clusterrole name=dev resources=services,secrets,pods verbs=list,delete
[911/1000] action=delete-clusterrole name=dev
[912/1000] action=cross-tenant-access context=tenant-5-user@kubernetes operation=get resource=configmap namespace=tenant-4
[913/1000] action=create-crb name=foo-global-binding group=tenant-4 role=cluster-admin
[914/1000] action=delete-rb ns=tenant-5 name=tenant-binding
[915/1000] action=cross-tenant-access context=tenant-3-user@kubernetes operation=list resource=configmap namespace=tenant-1
[916/1000] action=cross-tenant-access context=tenant-3-user@kubernetes operation=list resource=configmap namespace=tenant-2
[917/1000] action=cross-tenant-access context=tenant-3-user@kubernetes operation=delete resource=configmap namespace=tenant-4
[918/1000] action=create-crb name=foo-global-binding group=tenant-4 role=edit
[919/1000] action=create-rb ns=tenant-4 name=tenant-binding group=tenant-4 role=dev
[920/1000] action=create-rb ns=tenant-5 name=tenant-binding group=tenant-5 role=view
[921/1000] action=create-rb ns=tenant-2 name=tenant-binding group=tenant-2 role=admin
[922/1000] action=cross-tenant-access context=tenant-2-user@kubernetes operation=list resource=configmap namespace=tenant-5
[923/1000] action=delete-rb ns=tenant-4 name=tenant-binding
[924/1000] action=create-rb ns=tenant-2 name=tenant-binding group=tenant-2 role=view
[925/1000] action=create-rb ns=tenant-4 name=tenant-binding group=tenant-4 role=admin
[926/1000] action=cross-tenant-access context=tenant-5-user@kubernetes operation=watch resource=configmap namespace=tenant-3
[927/1000] action=cross-tenant-access context=tenant-2-user@kubernetes operation=list resource=configmap namespace=tenant-5
[928/1000] action=cross-tenant-access context=tenant-3-user@kubernetes operation=list resource=configmap namespace=tenant-4
[929/1000] action=cross-tenant-access context=tenant-4-user@kubernetes operation=patch resource=configmap namespace=tenant-2
[930/1000] action=create-clusterrole name=dev resources=pods verbs=deletecollection,list,patch
[931/1000] action=cross-tenant-access context=tenant-2-user@kubernetes operation=watch resource=configmap namespace=tenant-1
[932/1000] action=delete-crb name=foo-global-binding
[933/1000] action=delete-clusterrole name=dev
[934/1000] action=cross-tenant-access context=tenant-4-user@kubernetes operation=get resource=configmap namespace=tenant-5
[935/1000] action=delete-clusterrole name=dev
[936/1000] action=create-rb ns=tenant-3 name=tenant-binding group=tenant-3 role=cluster-admin
[937/1000] action=create-rb ns=tenant-1 name=tenant-binding group=tenant-1 role=view
[938/1000] action=delete-crb name=foo-global-binding
[939/1000] action=delete-rb ns=tenant-5 name=tenant-binding
[940/1000] action=cross-tenant-access context=tenant-5-user@kubernetes operation=get resource=configmap namespace=tenant-4
[941/1000] action=delete-rb ns=tenant-5 name=tenant-binding
[942/1000] action=create-rb ns=tenant-4 name=tenant-binding group=tenant-4 role=admin
[943/1000] action=create-rb ns=tenant-3 name=tenant-binding group=tenant-3 role=view
[944/1000] action=cross-tenant-access context=tenant-5-user@kubernetes operation=get resource=configmap namespace=tenant-4
[945/1000] action=create-crb name=foo-global-binding group=tenant-3 role=dev
[946/1000] action=cross-tenant-access context=tenant-4-user@kubernetes operation=watch resource=configmap namespace=tenant-2
[947/1000] action=create-rb ns=tenant-1 name=tenant-binding group=tenant-1 role=cluster-admin
[948/1000] action=delete-rb ns=tenant-4 name=tenant-binding
[949/1000] action=create-rb ns=tenant-5 name=tenant-binding group=tenant-5 role=dev
[950/1000] action=create-rb ns=tenant-1 name=tenant-binding group=tenant-1 role=admin
[951/1000] action=cross-tenant-access context=tenant-5-user@kubernetes operation=watch resource=configmap namespace=tenant-4
[952/1000] action=delete-crb name=foo-global-binding
[953/1000] action=create-rb ns=tenant-1 name=tenant-binding group=tenant-1 role=dev
[954/1000] action=delete-clusterrole name=dev
[955/1000] action=cross-tenant-access context=tenant-2-user@kubernetes operation=patch resource=configmap namespace=tenant-4
[956/1000] action=create-crb name=foo-global-binding group=tenant-5 role=cluster-admin
[957/1000] action=cross-tenant-access context=tenant-2-user@kubernetes operation=patch resource=configmap namespace=tenant-3
[958/1000] action=cross-tenant-access context=tenant-4-user@kubernetes operation=list resource=configmap namespace=tenant-2
[959/1000] action=delete-clusterrole name=dev
[960/1000] action=create-crb name=foo-global-binding group=tenant-4 role=cluster-admin
[961/1000] action=delete-rb ns=tenant-2 name=tenant-binding
[962/1000] action=cross-tenant-access context=tenant-4-user@kubernetes operation=patch resource=configmap namespace=tenant-5
[963/1000] action=delete-rb ns=tenant-4 name=tenant-binding
[964/1000] action=delete-clusterrole name=dev
[965/1000] action=create-crb name=foo-global-binding group=tenant-1 role=admin
[966/1000] action=delete-clusterrole name=dev
[967/1000] action=create-crb name=foo-global-binding group=tenant-3 role=cluster-admin
[968/1000] action=delete-rb ns=tenant-3 name=tenant-binding
[969/1000] action=cross-tenant-access context=tenant-4-user@kubernetes operation=list resource=configmap namespace=tenant-5
[970/1000] action=cross-tenant-access context=tenant-1-user@kubernetes operation=watch resource=configmap namespace=tenant-4
[971/1000] action=create-rb ns=tenant-1 name=tenant-binding group=tenant-1 role=admin
[972/1000] action=delete-crb name=foo-global-binding
[973/1000] action=cross-tenant-access context=tenant-5-user@kubernetes operation=list resource=configmap namespace=tenant-1
[974/1000] action=cross-tenant-access context=tenant-4-user@kubernetes operation=watch resource=configmap namespace=tenant-3
[975/1000] action=delete-rb ns=tenant-2 name=tenant-binding
[976/1000] action=cross-tenant-access context=tenant-1-user@kubernetes operation=list resource=configmap namespace=tenant-3
[977/1000] action=cross-tenant-access context=tenant-5-user@kubernetes operation=delete resource=configmap namespace=tenant-4
[978/1000] action=delete-rb ns=tenant-3 name=tenant-binding
[979/1000] action=delete-rb ns=tenant-3 name=tenant-binding
[980/1000] action=delete-clusterrole name=dev
[981/1000] action=create-clusterrole name=dev resources=pods,services verbs=watch,patch,get
[982/1000] action=create-crb name=foo-global-binding group=tenant-2 role=admin
[983/1000] action=cross-tenant-access context=tenant-4-user@kubernetes operation=delete resource=configmap namespace=tenant-5
[984/1000] action=cross-tenant-access context=tenant-2-user@kubernetes operation=delete resource=configmap namespace=tenant-5
[985/1000] action=cross-tenant-access context=tenant-2-user@kubernetes operation=delete resource=configmap namespace=tenant-5
[986/1000] action=create-rb ns=tenant-2 name=tenant-binding group=tenant-2 role=edit
[987/1000] action=delete-rb ns=tenant-1 name=tenant-binding
[988/1000] action=delete-rb ns=tenant-4 name=tenant-binding
[989/1000] action=delete-crb name=foo-global-binding
[990/1000] action=create-clusterrole name=dev resources=configmaps verbs=delete
[991/1000] action=create-rb ns=tenant-3 name=tenant-binding group=tenant-3 role=dev
[992/1000] action=cross-tenant-access context=tenant-4-user@kubernetes operation=get resource=configmap namespace=tenant-2
[993/1000] action=create-rb ns=tenant-4 name=tenant-binding group=tenant-4 role=admin
[994/1000] action=cross-tenant-access context=tenant-3-user@kubernetes operation=delete resource=configmap namespace=tenant-2
[995/1000] action=cross-tenant-access context=tenant-4-user@kubernetes operation=list resource=configmap namespace=tenant-3
[996/1000] action=cross-tenant-access context=tenant-1-user@kubernetes operation=watch resource=configmap namespace=tenant-2
[997/1000] action=cross-tenant-access context=tenant-2-user@kubernetes operation=delete resource=configmap namespace=tenant-1
[998/1000] action=create-rb ns=tenant-5 name=tenant-binding group=tenant-5 role=cluster-admin
[999/1000] action=cross-tenant-access context=tenant-4-user@kubernetes operation=list resource=configmap namespace=tenant-2
[1000/1000] action=delete-clusterrole name=dev
