[1/100] action=create-rb ns=tenant-2 name=tenant-binding group=tenant-2 role=view
[2/100] action=create-rb ns=tenant-1 name=tenant-binding group=tenant-1 role=view
[3/100] action=delete-crb name=foo-global-binding
[4/100] action=create-rb ns=tenant-2 name=tenant-binding group=tenant-2 role=view
[5/100] action=cross-tenant-access context=tenant-1-user@kubernetes operation=patch resource=configmap namespace=tenant-2
[6/100] action=delete-clusterrole name=dev
[7/100] action=delete-rb ns=tenant-2 name=tenant-binding
[8/100] action=delete-rb ns=tenant-2 name=tenant-binding
[9/100] action=create-crb name=foo-global-binding group=tenant-1 role=view
[10/100] action=cross-tenant-access context=tenant-2-user@kubernetes operation=watch resource=configmap namespace=tenant-1
[11/100] action=cross-tenant-access context=tenant-1-user@kubernetes operation=delete resource=configmap namespace=tenant-2
[12/100] action=create-crb name=foo-global-binding group=tenant-1 role=edit
[13/100] action=delete-rb ns=tenant-1 name=tenant-binding
[14/100] action=cross-tenant-access context=tenant-1-user@kubernetes operation=patch resource=configmap namespace=tenant-2
[15/100] action=cross-tenant-access context=tenant-2-user@kubernetes operation=get resource=configmap namespace=tenant-1
[16/100] action=cross-tenant-access context=tenant-2-user@kubernetes operation=get resource=configmap namespace=tenant-1
[17/100] action=create-rb ns=tenant-2 name=tenant-binding group=tenant-2 role=cluster-admin
[18/100] action=create-rb ns=tenant-1 name=tenant-binding group=tenant-1 role=admin
[19/100] action=delete-rb ns=tenant-2 name=tenant-binding
[20/100] action=create-crb name=foo-global-binding group=tenant-2 role=dev
[21/100] action=delete-clusterrole name=dev
[22/100] action=delete-clusterrole name=dev
[23/100] action=create-rb ns=tenant-2 name=tenant-binding group=tenant-2 role=edit
[24/100] action=delete-rb ns=tenant-2 name=tenant-binding
[25/100] action=delete-crb name=foo-global-binding
[26/100] action=cross-tenant-access context=tenant-1-user@kubernetes operation=watch resource=configmap namespace=tenant-2
[27/100] action=create-rb ns=tenant-2 name=tenant-binding group=tenant-2 role=edit
[28/100] action=cross-tenant-access context=tenant-2-user@kubernetes operation=list resource=configmap namespace=tenant-1
[29/100] action=create-crb name=foo-global-binding group=tenant-2 role=edit
[30/100] action=create-rb ns=tenant-1 name=tenant-binding group=tenant-1 role=admin
[31/100] action=cross-tenant-access context=tenant-2-user@kubernetes operation=list resource=configmap namespace=tenant-1
[32/100] action=delete-rb ns=tenant-2 name=tenant-binding
[33/100] action=cross-tenant-access context=tenant-2-user@kubernetes operation=watch resource=configmap namespace=tenant-1
[34/100] action=cross-tenant-access context=tenant-1-user@kubernetes operation=watch resource=configmap namespace=tenant-2
[35/100] action=delete-rb ns=tenant-2 name=tenant-binding
[36/100] action=cross-tenant-access context=tenant-2-user@kubernetes operation=delete resource=configmap namespace=tenant-1
[37/100] action=create-rb ns=tenant-2 name=tenant-binding group=tenant-2 role=dev
[38/100] action=create-clusterrole name=dev resources=secrets verbs=list,deletecollection,update,patch
[39/100] action=create-rb ns=tenant-2 name=tenant-binding group=tenant-2 role=admin
[40/100] action=delete-rb ns=tenant-1 name=tenant-binding
[41/100] action=delete-clusterrole name=dev
[42/100] action=create-clusterrole name=dev resources=services,configmaps verbs=get
[43/100] action=delete-clusterrole name=dev
[44/100] action=delete-clusterrole name=dev
[45/100] action=delete-clusterrole name=dev
[46/100] action=cross-tenant-access context=tenant-1-user@kubernetes operation=get resource=configmap namespace=tenant-2
[47/100] action=create-rb ns=tenant-1 name=tenant-binding group=tenant-1 role=edit
[48/100] action=delete-rb ns=tenant-2 name=tenant-binding
[49/100] action=delete-rb ns=tenant-1 name=tenant-binding
[50/100] action=create-rb ns=tenant-1 name=tenant-binding group=tenant-1 role=view
[51/100] action=cross-tenant-access context=tenant-1-user@kubernetes operation=get resource=configmap namespace=tenant-2
[52/100] action=delete-clusterrole name=dev
[53/100] action=cross-tenant-access context=tenant-2-user@kubernetes operation=delete resource=configmap namespace=tenant-1
[54/100] action=create-crb name=foo-global-binding group=tenant-2 role=cluster-admin
[55/100] action=delete-crb name=foo-global-binding
[56/100] action=cross-tenant-access context=tenant-1-user@kubernetes operation=list resource=configmap namespace=tenant-2
[57/100] action=delete-clusterrole name=dev
[58/100] action=cross-tenant-access context=tenant-1-user@kubernetes operation=watch resource=configmap namespace=tenant-2
[59/100] action=create-rb ns=tenant-1 name=tenant-binding group=tenant-1 role=view
[60/100] action=cross-tenant-access context=tenant-2-user@kubernetes operation=watch resource=configmap namespace=tenant-1
[61/100] action=create-clusterrole name=dev resources=configmaps verbs=create,watch,get,delete
[62/100] action=create-clusterrole name=dev resources=secrets,services verbs=patch
[63/100] action=delete-crb name=foo-global-binding
[64/100] action=create-rb ns=tenant-1 name=tenant-binding group=tenant-1 role=cluster-admin
[65/100] action=cross-tenant-access context=tenant-2-user@kubernetes operation=get resource=configmap namespace=tenant-1
[66/100] action=cross-tenant-access context=tenant-2-user@kubernetes operation=list resource=configmap namespace=tenant-1
[67/100] action=create-rb ns=tenant-1 name=tenant-binding group=tenant-1 role=dev
[68/100] action=delete-rb ns=tenant-1 name=tenant-binding
[69/100] action=delete-crb name=foo-global-binding
[70/100] action=create-rb ns=tenant-2 name=tenant-binding group=tenant-2 role=view
[71/100] action=create-crb name=foo-global-binding group=tenant-1 role=view
[72/100] action=delete-rb ns=tenant-1 name=tenant-binding
[73/100] action=cross-tenant-access context=tenant-1-user@kubernetes operation=patch resource=configmap namespace=tenant-2
[74/100] action=cross-tenant-access context=tenant-1-user@kubernetes operation=list resource=configmap namespace=tenant-2
[75/100] action=create-rb ns=tenant-2 name=tenant-binding group=tenant-2 role=dev
[76/100] action=cross-tenant-access context=tenant-2-user@kubernetes operation=get resource=configmap namespace=tenant-1
[77/100] action=create-clusterrole name=dev resources=services verbs=deletecollection,delete,list,update
[78/100] action=cross-tenant-access context=tenant-1-user@kubernetes operation=patch resource=configmap namespace=tenant-2
[79/100] action=cross-tenant-access context=tenant-1-user@kubernetes operation=delete resource=configmap namespace=tenant-2
[80/100] action=cross-tenant-access context=tenant-1-user@kubernetes operation=patch resource=configmap namespace=tenant-2
[81/100] action=cross-tenant-access context=tenant-2-user@kubernetes operation=get resource=configmap namespace=tenant-1
[82/100] action=delete-rb ns=tenant-1 name=tenant-binding
[83/100] action=create-crb name=foo-global-binding group=tenant-1 role=view
[84/100] action=delete-clusterrole name=dev
[85/100] action=cross-tenant-access context=tenant-2-user@kubernetes operation=watch resource=configmap namespace=tenant-1
[86/100] action=create-crb name=foo-global-binding group=tenant-2 role=admin
[87/100] action=create-crb name=foo-global-binding group=tenant-1 role=cluster-admin
[88/100] action=cross-tenant-access context=tenant-1-user@kubernetes operation=watch resource=configmap namespace=tenant-2
[89/100] action=cross-tenant-access context=tenant-1-user@kubernetes operation=get resource=configmap namespace=tenant-2
[90/100] action=create-rb ns=tenant-1 name=tenant-binding group=tenant-1 role=cluster-admin
[91/100] action=cross-tenant-access context=tenant-1-user@kubernetes operation=watch resource=configmap namespace=tenant-2
[92/100] action=delete-crb name=foo-global-binding
[93/100] action=delete-clusterrole name=dev
[94/100] action=create-crb name=foo-global-binding group=tenant-1 role=edit
[95/100] action=cross-tenant-access context=tenant-2-user@kubernetes operation=list resource=configmap namespace=tenant-1
[96/100] action=delete-clusterrole name=dev
[97/100] action=delete-rb ns=tenant-2 name=tenant-binding
[98/100] action=create-clusterrole name=dev resources=services,configmaps verbs=update,delete,deletecollection
[99/100] action=cross-tenant-access context=tenant-1-user@kubernetes operation=list resource=configmap namespace=tenant-2
[100/100] action=create-crb name=foo-global-binding group=tenant-2 role=cluster-admin
