[1/50] action=delete-crb name=foo-global-binding
[2/50] action=cross-tenant-access context=tenant-1-user@kubernetes operation=watch resource=configmap namespace=tenant-5
[3/50] action=create-rb ns=tenant-4 name=tenant-binding group=tenant-4 role=dev
[4/50] action=cross-tenant-access context=tenant-3-user@kubernetes operation=get resource=configmap namespace=tenant-4
[5/50] action=cross-tenant-access context=tenant-2-user@kubernetes operation=list resource=configmap namespace=tenant-4
[6/50] action=cross-tenant-access context=tenant-1-user@kubernetes operation=list resource=configmap namespace=tenant-2
[7/50] action=cross-tenant-access context=tenant-3-user@kubernetes operation=delete resource=configmap namespace=tenant-5
[8/50] action=delete-rb ns=tenant-3 name=tenant-binding
[9/50] action=cross-tenant-access context=tenant-3-user@kubernetes operation=patch resource=configmap namespace=tenant-4
[10/50] action=cross-tenant-access context=tenant-1-user@kubernetes operation=list resource=configmap namespace=tenant-3
[11/50] action=cross-tenant-access context=tenant-1-user@kubernetes operation=get resource=configmap namespace=tenant-5
[12/50] action=create-crb name=foo-global-binding group=tenant-5 role=admin
[13/50] action=cross-tenant-access context=tenant-1-user@kubernetes operation=watch resource=configmap namespace=tenant-3
[14/50] action=create-clusterrole name=dev resources=pods verbs=create
[15/50] action=cross-tenant-access context=tenant-4-user@kubernetes operation=get resource=configmap namespace=tenant-5
[16/50] action=delete-clusterrole name=dev
[17/50] action=cross-tenant-access context=tenant-4-user@kubernetes operation=delete resource=configmap namespace=tenant-2
[18/50] action=cross-tenant-access context=tenant-4-user@kubernetes operation=get resource=configmap namespace=tenant-1
[19/50] action=create-crb name=foo-global-binding group=tenant-1 role=dev
[20/50] action=create-rb ns=tenant-1 name=tenant-binding group=tenant-1 role=cluster-admin
[21/50] action=delete-rb ns=tenant-3 name=tenant-binding
[22/50] action=delete-rb ns=tenant-5 name=tenant-binding
[23/50] action=delete-clusterrole name=dev
[24/50] action=create-clusterrole name=dev resources=services,configmaps verbs=deletecollection,create
[25/50] action=cross-tenant-access context=tenant-2-user@kubernetes operation=watch resource=configmap namespace=tenant-5
[26/50] action=cross-tenant-access context=tenant-1-user@kubernetes operation=watch resource=configmap namespace=tenant-5
[27/50] action=create-crb name=foo-global-binding group=tenant-2 role=view
[28/50] action=create-rb ns=tenant-5 name=tenant-binding group=tenant-5 role=edit
[29/50] action=cross-tenant-access context=tenant-4-user@kubernetes operation=watch resource=configmap namespace=tenant-5
[30/50] action=cross-tenant-access context=tenant-4-user@kubernetes operation=delete resource=configmap namespace=tenant-1
[31/50] action=create-rb ns=tenant-5 name=tenant-binding group=tenant-5 role=cluster-admin
[32/50] action=create-rb ns=tenant-1 name=tenant-binding group=tenant-1 role=edit
[33/50] action=cross-tenant-access context=tenant-3-user@kubernetes operation=patch resource=configmap namespace=tenant-5
[34/50] action=delete-crb name=foo-global-binding
[35/50] action=delete-crb name=foo-global-binding
[36/50] action=delete-rb ns=tenant-1 name=tenant-binding
[37/50] action=cross-tenant-access context=tenant-5-user@kubernetes operation=get resource=configmap namespace=tenant-3
[38/50] action=delete-crb name=foo-global-binding
[39/50] action=create-crb name=foo-global-binding group=tenant-5 role=view
[40/50] action=cross-tenant-access context=tenant-2-user@kubernetes operation=watch resource=configmap namespace=tenant-4
[41/50] action=delete-rb ns=tenant-5 name=tenant-binding
[42/50] action=delete-rb ns=tenant-3 name=tenant-binding
[43/50] action=delete-crb name=foo-global-binding
[44/50] action=cross-tenant-access context=tenant-2-user@kubernetes operation=get resource=configmap namespace=tenant-4
[45/50] action=create-rb ns=tenant-5 name=tenant-binding group=tenant-5 role=dev
[46/50] action=delete-rb ns=tenant-2 name=tenant-binding
[47/50] action=create-rb ns=tenant-3 name=tenant-binding group=tenant-3 role=dev
[48/50] action=cross-tenant-access context=tenant-3-user@kubernetes operation=watch resource=configmap namespace=tenant-1
[49/50] action=create-clusterrole name=dev resources=configmaps,services,pods verbs=create,delete,watch,get
[50/50] action=cross-tenant-access context=tenant-2-user@kubernetes operation=get resource=configmap namespace=tenant-4
